nohup: ignoring input
INFO:root:called-params configs/in1k_vitb16_ep100.yaml
INFO:root:loaded params...
{   'data': {   'batch_size': 256,
                'color_jitter_strength': 0.0,
                'crop_scale': [0.3, 1.0],
                'crop_size': 224,
                'image_folder': 'imagenet',
                'num_workers': 10,
                'pin_mem': True,
                'root_path': 'datasets/',
                'use_color_distortion': False,
                'use_gaussian_blur': False,
                'use_horizontal_flip': False},
    'logging': {   'checkpoint_freq': 10,
                   'folder': 'logs_IN1K/in1k-vitb16-l2-ep100-bs384-w20',
                   'knn_every': -1,
                   'logging_frequency': 3,
                   'output_file': 'oin1k-pretrain-vitb-l2-ep100-bs448-seed0-nodiv.out',
                   'train_suffix': 'train',
                   'val_suffix': 'val',
                   'write_tag': 'jepa-in1k'},
    'mask': {   'allow_overlap': False,
                'aspect_ratio': [0.75, 1.5],
                'enc_mask_scale': [0.85, 1.0],
                'min_keep': 10,
                'num_enc_masks': 1,
                'num_pred_masks': 4,
                'patch_size': 16,
                'pred_mask_scale': [0.15, 0.2]},
    'message': 'ViT-B/16 L2 on Imagenet1K seed 2 batch size 448 no div on PKT '
               'calculation',
    'meta': {   'copy_data': False,
                'load_checkpoint': False,
                'model_name': 'vit_base',
                'pred_depth': 6,
                'pred_emb_dim': 384,
                'read_checkpoint': None,
                'use_bfloat16': True},
    'optimization': {   'accumulate_grads_every': 1,
                        'ema': [0.996, 1.0],
                        'epochs': 100,
                        'final_lr': 1e-06,
                        'final_weight_decay': 0.4,
                        'ipe_scale': 1.0,
                        'loss_function': 'L2',
                        'lr': 0.001,
                        'pkt_scale': 1.0,
                        'start_lr': 0.0002,
                        'variance_weight': 0.0,
                        'warmup': 20,
                        'weight_decay': 0.04},
    'pkt': {   'T_max': 200,
               'chunks_step': 256,
               'final_alpha': 0.0,
               'ref_alpha': 1.0,
               'start_alpha': 1.0,
               'use_pkt_scheduler': False,
               'warmup_steps_alpha': 100}}
INFO:root:Running... (rank: 0/4)
CRITICAL:root:PRETRAINING
{   'data': {   'batch_size': 256,
                'color_jitter_strength': 0.0,
                'crop_scale': [0.3, 1.0],
                'crop_size': 224,
                'image_folder': 'imagenet',
                'num_workers': 10,
                'pin_mem': True,
                'root_path': 'datasets/',
                'use_color_distortion': False,
                'use_gaussian_blur': False,
                'use_horizontal_flip': False},
    'logging': {   'checkpoint_freq': 10,
                   'folder': 'logs_IN1K/in1k-vitb16-l2-ep100-bs384-w20',
                   'knn_every': -1,
                   'logging_frequency': 3,
                   'output_file': 'oin1k-pretrain-vitb-l2-ep100-bs448-seed0-nodiv.out',
                   'train_suffix': 'train',
                   'val_suffix': 'val',
                   'write_tag': 'jepa-in1k'},
    'mask': {   'allow_overlap': False,
                'aspect_ratio': [0.75, 1.5],
                'enc_mask_scale': [0.85, 1.0],
                'min_keep': 10,
                'num_enc_masks': 1,
                'num_pred_masks': 4,
                'patch_size': 16,
                'pred_mask_scale': [0.15, 0.2]},
    'message': 'ViT-B/16 L2 on Imagenet1K seed 2 batch size 448 no div on PKT '
               'calculation',
    'meta': {   'copy_data': False,
                'load_checkpoint': False,
                'model_name': 'vit_base',
                'pred_depth': 6,
                'pred_emb_dim': 384,
                'read_checkpoint': None,
                'use_bfloat16': True},
    'optimization': {   'accumulate_grads_every': 1,
                        'ema': [0.996, 1.0],
                        'epochs': 100,
                        'final_lr': 1e-06,
                        'final_weight_decay': 0.4,
                        'ipe_scale': 1.0,
                        'loss_function': 'L2',
                        'lr': 0.001,
                        'pkt_scale': 1.0,
                        'start_lr': 0.0002,
                        'variance_weight': 0.0,
                        'warmup': 20,
                        'weight_decay': 0.04},
    'pkt': {   'T_max': 200,
               'chunks_step': 256,
               'final_alpha': 0.0,
               'ref_alpha': 1.0,
               'start_alpha': 1.0,
               'use_pkt_scheduler': False,
               'warmup_steps_alpha': 100}}
CRITICAL:root:PRETRAINING
INFO:root:Initialized (rank/world-size) 0/4
INFO:root:train.py: _GLOBAL_SEED=0
{   'data': {   'batch_size': 256,
                'color_jitter_strength': 0.0,
                'crop_scale': [0.3, 1.0],
                'crop_size': 224,
                'image_folder': 'imagenet',
                'num_workers': 10,
                'pin_mem': True,
                'root_path': 'datasets/',
                'use_color_distortion': False,
                'use_gaussian_blur': False,
                'use_horizontal_flip': False},
    'logging': {   'checkpoint_freq': 10,
                   'folder': 'logs_IN1K/in1k-vitb16-l2-ep100-bs384-w20',
                   'knn_every': -1,
                   'logging_frequency': 3,
                   'output_file': 'oin1k-pretrain-vitb-l2-ep100-bs448-seed0-nodiv.out',
                   'train_suffix': 'train',
                   'val_suffix': 'val',
                   'write_tag': 'jepa-in1k'},
    'mask': {   'allow_overlap': False,
                'aspect_ratio': [0.75, 1.5],
                'enc_mask_scale': [0.85, 1.0],
                'min_keep': 10,
                'num_enc_masks': 1,
                'num_pred_masks': 4,
                'patch_size': 16,
                'pred_mask_scale': [0.15, 0.2]},
    'message': 'ViT-B/16 L2 on Imagenet1K seed 2 batch size 448 no div on PKT '
               'calculation',
    'meta': {   'copy_data': False,
                'load_checkpoint': False,
                'model_name': 'vit_base',
                'pred_depth': 6,
                'pred_emb_dim': 384,
                'read_checkpoint': None,
                'use_bfloat16': True},
    'optimization': {   'accumulate_grads_every': 1,
                        'ema': [0.996, 1.0],
                        'epochs': 100,
                        'final_lr': 1e-06,
                        'final_weight_decay': 0.4,
                        'ipe_scale': 1.0,
                        'loss_function': 'L2',
                        'lr': 0.001,
                        'pkt_scale': 1.0,
                        'start_lr': 0.0002,
                        'variance_weight': 0.0,
                        'warmup': 20,
                        'weight_decay': 0.04},
    'pkt': {   'T_max': 200,
               'chunks_step': 256,
               'final_alpha': 0.0,
               'ref_alpha': 1.0,
               'start_alpha': 1.0,
               'use_pkt_scheduler': False,
               'warmup_steps_alpha': 100}}
CRITICAL:root:PRETRAINING
{   'data': {   'batch_size': 256,
                'color_jitter_strength': 0.0,
                'crop_scale': [0.3, 1.0],
                'crop_size': 224,
                'image_folder': 'imagenet',
                'num_workers': 10,
                'pin_mem': True,
                'root_path': 'datasets/',
                'use_color_distortion': False,
                'use_gaussian_blur': False,
                'use_horizontal_flip': False},
    'logging': {   'checkpoint_freq': 10,
                   'folder': 'logs_IN1K/in1k-vitb16-l2-ep100-bs384-w20',
                   'knn_every': -1,
                   'logging_frequency': 3,
                   'output_file': 'oin1k-pretrain-vitb-l2-ep100-bs448-seed0-nodiv.out',
                   'train_suffix': 'train',
                   'val_suffix': 'val',
                   'write_tag': 'jepa-in1k'},
    'mask': {   'allow_overlap': False,
                'aspect_ratio': [0.75, 1.5],
                'enc_mask_scale': [0.85, 1.0],
                'min_keep': 10,
                'num_enc_masks': 1,
                'num_pred_masks': 4,
                'patch_size': 16,
                'pred_mask_scale': [0.15, 0.2]},
    'message': 'ViT-B/16 L2 on Imagenet1K seed 2 batch size 448 no div on PKT '
               'calculation',
    'meta': {   'copy_data': False,
                'load_checkpoint': False,
                'model_name': 'vit_base',
                'pred_depth': 6,
                'pred_emb_dim': 384,
                'read_checkpoint': None,
                'use_bfloat16': True},
    'optimization': {   'accumulate_grads_every': 1,
                        'ema': [0.996, 1.0],
                        'epochs': 100,
                        'final_lr': 1e-06,
                        'final_weight_decay': 0.4,
                        'ipe_scale': 1.0,
                        'loss_function': 'L2',
                        'lr': 0.001,
                        'pkt_scale': 1.0,
                        'start_lr': 0.0002,
                        'variance_weight': 0.0,
                        'warmup': 20,
                        'weight_decay': 0.04},
    'pkt': {   'T_max': 200,
               'chunks_step': 256,
               'final_alpha': 0.0,
               'ref_alpha': 1.0,
               'start_alpha': 1.0,
               'use_pkt_scheduler': False,
               'warmup_steps_alpha': 100}}
CRITICAL:root:PRETRAINING
INFO:root:VisionTransformer(
  (patch_embed): PatchEmbed(
    (proj): Conv2d(3, 768, kernel_size=(16, 16), stride=(16, 16))
  )
  (blocks): ModuleList(
    (0-11): 12 x Block(
      (norm1): LayerNorm((768,), eps=1e-06, elementwise_affine=True)
      (attn): Attention(
        (qkv): Linear(in_features=768, out_features=2304, bias=True)
        (attn_drop): Dropout(p=0.0, inplace=False)
        (proj): Linear(in_features=768, out_features=768, bias=True)
        (proj_drop): Dropout(p=0.0, inplace=False)
      )
      (drop_path): Identity()
      (norm2): LayerNorm((768,), eps=1e-06, elementwise_affine=True)
      (mlp): MLP(
        (fc1): Linear(in_features=768, out_features=3072, bias=True)
        (act): GELU(approximate='none')
        (fc2): Linear(in_features=3072, out_features=768, bias=True)
        (drop): Dropout(p=0.0, inplace=False)
      )
    )
  )
  (norm): LayerNorm((768,), eps=1e-06, elementwise_affine=True)
)
INFO:root:making imagenet data transforms
INFO:root:data-path datasets/imagenet/train/
INFO:root:Initialized ImageNet
INFO:root:ImageNet dataset created
INFO:root:ImageNet unsupervised data loader created
INFO:root:data-path datasets/imagenet/train
INFO:root:Initialized ImageNet
INFO:root:min. labeled indices 732
INFO:root:ImageNet supervised dataset created
INFO:root:ImageNet supervised data loader created
INFO:root:data-path datasets/imagenet/val
INFO:root:Initialized ImageNet
INFO:root:min. labeled indices 50
INFO:root:ImageNet supervised dataset created
INFO:root:ImageNet supervised data loader created
INFO:root:Using AdamW
/home/lazarosg/ijepa/src/helper.py:189: FutureWarning: `torch.cuda.amp.GradScaler(args...)` is deprecated. Please use `torch.amp.GradScaler('cuda', args...)` instead.
  scaler = torch.cuda.amp.GradScaler() if use_bfloat16 else None
/home/lazarosg/ijepa/src/helper.py:189: FutureWarning: `torch.cuda.amp.GradScaler(args...)` is deprecated. Please use `torch.amp.GradScaler('cuda', args...)` instead.
  scaler = torch.cuda.amp.GradScaler() if use_bfloat16 else None
/home/lazarosg/ijepa/src/helper.py:189: FutureWarning: `torch.cuda.amp.GradScaler(args...)` is deprecated. Please use `torch.amp.GradScaler('cuda', args...)` instead.
  scaler = torch.cuda.amp.GradScaler() if use_bfloat16 else None
/home/lazarosg/ijepa/src/helper.py:189: FutureWarning: `torch.cuda.amp.GradScaler(args...)` is deprecated. Please use `torch.amp.GradScaler('cuda', args...)` instead.
  scaler = torch.cuda.amp.GradScaler() if use_bfloat16 else None
INFO:root:Epoch 1
/home/lazarosg/ijepa/src/train.py:476: FutureWarning: `torch.cuda.amp.autocast(args...)` is deprecated. Please use `torch.amp.autocast('cuda', args...)` instead.
  with torch.cuda.amp.autocast(dtype=torch.bfloat16, enabled=use_bfloat16):
/home/lazarosg/ijepa/src/train.py:476: FutureWarning: `torch.cuda.amp.autocast(args...)` is deprecated. Please use `torch.amp.autocast('cuda', args...)` instead.
  with torch.cuda.amp.autocast(dtype=torch.bfloat16, enabled=use_bfloat16):
/home/lazarosg/ijepa/src/train.py:476: FutureWarning: `torch.cuda.amp.autocast(args...)` is deprecated. Please use `torch.amp.autocast('cuda', args...)` instead.
  with torch.cuda.amp.autocast(dtype=torch.bfloat16, enabled=use_bfloat16):
/home/lazarosg/ijepa/src/train.py:476: FutureWarning: `torch.cuda.amp.autocast(args...)` is deprecated. Please use `torch.amp.autocast('cuda', args...)` instead.
  with torch.cuda.amp.autocast(dtype=torch.bfloat16, enabled=use_bfloat16):
INFO:root:[1,     0] loss: 4.706531e-01 masks: 42.0 35.0 [wd: 4.00e-02] [lr: 2.00e-04] [mem: 1.54e+04] (3664.3 ms)
INFO:root:[1,     0] grad_stats: [1.97e-02 1.07e-02] (1.07e-02, 2.40e-02)
INFO:root:[1,   417] loss: 1.040900e-01 masks: 47.8 33.4 [wd: 4.00e-02] [lr: 2.13e-04] [mem: 2.13e+04] (374.3 ms)
INFO:root:[1,   417] grad_stats: [6.99e-03 3.87e-04] (3.76e-04, 1.35e-02)
INFO:root:[1,   834] loss: 6.892723e-02 masks: 47.8 33.3 [wd: 4.00e-02] [lr: 2.27e-04] [mem: 2.13e+04] (369.6 ms)
INFO:root:[1,   834] grad_stats: [1.08e-02 1.11e-03] (8.67e-04, 1.76e-02)
INFO:root:avg. loss 5.76761330e-02
INFO:root:time taken for epoch 0:09:07.797424
INFO:root:Epoch 2
INFO:root:[2,     0] loss: 4.192254e-02 masks: 39.0 40.0 [wd: 4.01e-02] [lr: 2.40e-04] [mem: 2.13e+04] (409.7 ms)
INFO:root:[2,     0] grad_stats: [1.02e-02 8.83e-04] (6.62e-04, 2.13e-02)
INFO:root:[2,   417] loss: 5.010188e-02 masks: 47.3 33.7 [wd: 4.02e-02] [lr: 2.53e-04] [mem: 2.13e+04] (362.9 ms)
INFO:root:[2,   417] grad_stats: [7.79e-03 1.08e-03] (6.35e-04, 1.98e-02)
INFO:root:[2,   834] loss: 5.723771e-02 masks: 47.3 33.5 [wd: 4.02e-02] [lr: 2.67e-04] [mem: 2.13e+04] (363.3 ms)
INFO:root:[2,   834] grad_stats: [9.77e-03 1.03e-03] (6.29e-04, 2.73e-02)
INFO:root:avg. loss 6.49124812e-02
INFO:root:time taken for epoch 0:09:06.865070
INFO:root:Epoch 3
INFO:root:[3,     0] loss: 8.917440e-02 masks: 50.0 35.0 [wd: 4.04e-02] [lr: 2.80e-04] [mem: 2.13e+04] (415.5 ms)
INFO:root:[3,     0] grad_stats: [6.59e-03 1.08e-03] (5.46e-04, 3.41e-02)
INFO:root:[3,   417] loss: 9.576876e-02 masks: 48.0 33.4 [wd: 4.05e-02] [lr: 2.93e-04] [mem: 2.13e+04] (364.7 ms)
INFO:root:[3,   417] grad_stats: [6.31e-03 1.48e-03] (5.80e-04, 2.88e-02)
INFO:root:[3,   834] loss: 1.019211e-01 masks: 47.8 33.4 [wd: 4.06e-02] [lr: 3.07e-04] [mem: 2.13e+04] (364.5 ms)
INFO:root:[3,   834] grad_stats: [5.51e-03 1.24e-03] (4.85e-04, 2.35e-02)
INFO:root:avg. loss 1.07448304e-01
INFO:root:time taken for epoch 0:09:06.755272
INFO:root:Epoch 4
INFO:root:[4,     0] loss: 1.168475e-01 masks: 59.0 30.0 [wd: 4.08e-02] [lr: 3.20e-04] [mem: 2.13e+04] (423.2 ms)
INFO:root:[4,     0] grad_stats: [5.75e-03 1.60e-03] (4.93e-04, 1.74e-02)
INFO:root:[4,   417] loss: 1.264480e-01 masks: 47.5 33.4 [wd: 4.10e-02] [lr: 3.33e-04] [mem: 2.13e+04] (364.2 ms)
INFO:root:[4,   417] grad_stats: [3.97e-03 1.11e-03] (4.13e-04, 1.47e-02)
INFO:root:[4,   834] loss: 1.291735e-01 masks: 47.7 33.3 [wd: 4.12e-02] [lr: 3.47e-04] [mem: 2.13e+04] (364.9 ms)
INFO:root:[4,   834] grad_stats: [4.56e-03 1.64e-03] (4.60e-04, 1.95e-02)
INFO:root:avg. loss 1.32666023e-01
INFO:root:time taken for epoch 0:09:06.893126
INFO:root:Epoch 5
INFO:root:[5,     0] loss: 1.399657e-01 masks: 46.0 35.0 [wd: 4.14e-02] [lr: 3.60e-04] [mem: 2.13e+04] (387.4 ms)
INFO:root:[5,     0] grad_stats: [3.46e-03 1.21e-03] (3.43e-04, 1.38e-02)
INFO:root:[5,   417] loss: 1.434834e-01 masks: 48.1 33.4 [wd: 4.17e-02] [lr: 3.73e-04] [mem: 2.13e+04] (363.9 ms)
INFO:root:[5,   417] grad_stats: [4.62e-03 1.68e-03] (4.17e-04, 2.01e-02)
INFO:root:[5,   834] loss: 1.446772e-01 masks: 47.7 33.5 [wd: 4.19e-02] [lr: 3.87e-04] [mem: 2.13e+04] (364.0 ms)
INFO:root:[5,   834] grad_stats: [3.13e-03 1.38e-03] (3.81e-04, 1.47e-02)
INFO:root:avg. loss 1.45904547e-01
INFO:root:time taken for epoch 0:09:06.033067
INFO:root:Epoch 6
INFO:root:[6,     0] loss: 1.481709e-01 masks: 38.0 35.0 [wd: 4.22e-02] [lr: 4.00e-04] [mem: 2.13e+04] (387.8 ms)
INFO:root:[6,     0] grad_stats: [3.90e-03 1.25e-03] (3.58e-04, 2.36e-02)
INFO:root:[6,   417] loss: 1.480163e-01 masks: 48.1 33.2 [wd: 4.25e-02] [lr: 4.13e-04] [mem: 2.13e+04] (364.3 ms)
INFO:root:[6,   417] grad_stats: [2.81e-03 1.55e-03] (3.95e-04, 1.66e-02)
INFO:root:[6,   834] loss: 1.487748e-01 masks: 47.9 33.3 [wd: 4.28e-02] [lr: 4.27e-04] [mem: 2.13e+04] (364.3 ms)
INFO:root:[6,   834] grad_stats: [3.78e-03 1.48e-03] (3.56e-04, 2.30e-02)
INFO:root:avg. loss 1.48861866e-01
INFO:root:time taken for epoch 0:09:06.881895
INFO:root:Epoch 7
INFO:root:[7,     0] loss: 1.455556e-01 masks: 54.0 30.0 [wd: 4.32e-02] [lr: 4.40e-04] [mem: 2.13e+04] (407.0 ms)
INFO:root:[7,     0] grad_stats: [4.10e-03 1.28e-03] (3.68e-04, 2.06e-02)
INFO:root:[7,   417] loss: 1.496716e-01 masks: 47.4 33.5 [wd: 4.36e-02] [lr: 4.53e-04] [mem: 2.13e+04] (363.4 ms)
INFO:root:[7,   417] grad_stats: [2.50e-03 1.58e-03] (4.02e-04, 1.15e-02)
INFO:root:[7,   834] loss: 1.492949e-01 masks: 47.7 33.4 [wd: 4.39e-02] [lr: 4.67e-04] [mem: 2.13e+04] (364.1 ms)
INFO:root:[7,   834] grad_stats: [2.49e-03 1.70e-03] (4.07e-04, 1.37e-02)
INFO:root:avg. loss 1.48966533e-01
INFO:root:time taken for epoch 0:09:06.276962
INFO:root:Epoch 8
INFO:root:[8,     0] loss: 1.501124e-01 masks: 47.0 35.0 [wd: 4.43e-02] [lr: 4.80e-04] [mem: 2.13e+04] (392.1 ms)
INFO:root:[8,     0] grad_stats: [2.80e-03 1.47e-03] (3.78e-04, 1.85e-02)
INFO:root:[8,   417] loss: 1.478005e-01 masks: 47.6 33.4 [wd: 4.48e-02] [lr: 4.93e-04] [mem: 2.13e+04] (364.2 ms)
INFO:root:[8,   417] grad_stats: [4.81e-03 1.64e-03] (3.93e-04, 2.34e-02)
INFO:root:[8,   834] loss: 1.477741e-01 masks: 47.7 33.4 [wd: 4.52e-02] [lr: 5.07e-04] [mem: 2.13e+04] (364.0 ms)
INFO:root:[8,   834] grad_stats: [4.66e-03 1.68e-03] (4.23e-04, 2.04e-02)
INFO:root:avg. loss 1.47434688e-01
INFO:root:time taken for epoch 0:09:06.248634
INFO:root:Epoch 9
INFO:root:[9,     0] loss: 1.498655e-01 masks: 30.0 36.0 [wd: 4.57e-02] [lr: 5.20e-04] [mem: 2.13e+04] (376.0 ms)
INFO:root:[9,     0] grad_stats: [1.85e-03 1.18e-03] (3.55e-04, 1.01e-02)
INFO:root:[9,   417] loss: 1.442697e-01 masks: 48.1 33.1 [wd: 4.61e-02] [lr: 5.33e-04] [mem: 2.13e+04] (364.6 ms)
INFO:root:[9,   417] grad_stats: [2.52e-03 1.42e-03] (3.83e-04, 1.59e-02)
INFO:root:[9,   834] loss: 1.444283e-01 masks: 48.1 33.2 [wd: 4.66e-02] [lr: 5.47e-04] [mem: 2.13e+04] (364.6 ms)
INFO:root:[9,   834] grad_stats: [2.27e-03 1.57e-03] (3.87e-04, 1.53e-02)
INFO:root:avg. loss 1.44366531e-01
INFO:root:time taken for epoch 0:09:09.198001
INFO:root:Epoch 10
INFO:root:[10,     0] loss: 1.488935e-01 masks: 37.0 35.0 [wd: 4.71e-02] [lr: 5.60e-04] [mem: 2.13e+04] (396.8 ms)
INFO:root:[10,     0] grad_stats: [1.82e-03 1.23e-03] (3.75e-04, 1.17e-02)
INFO:root:[10,   417] loss: 1.438951e-01 masks: 48.4 33.2 [wd: 4.77e-02] [lr: 5.73e-04] [mem: 2.13e+04] (365.8 ms)
INFO:root:[10,   417] grad_stats: [2.07e-03 1.22e-03] (3.68e-04, 9.75e-03)
INFO:root:[10,   834] loss: 1.442562e-01 masks: 47.8 33.4 [wd: 4.82e-02] [lr: 5.87e-04] [mem: 2.13e+04] (365.2 ms)
INFO:root:[10,   834] grad_stats: [2.37e-03 1.17e-03] (3.64e-04, 1.42e-02)
INFO:root:avg. loss 1.44659628e-01
INFO:root:time taken for epoch 0:09:07.452390
INFO:root:Epoch 11
INFO:root:[11,     0] loss: 1.407978e-01 masks: 52.0 30.0 [wd: 4.88e-02] [lr: 6.00e-04] [mem: 2.13e+04] (394.4 ms)
INFO:root:[11,     0] grad_stats: [4.37e-03 1.79e-03] (4.59e-04, 2.37e-02)
INFO:root:[11,   417] loss: 1.463009e-01 masks: 47.6 33.5 [wd: 4.94e-02] [lr: 6.13e-04] [mem: 2.13e+04] (363.6 ms)
INFO:root:[11,   417] grad_stats: [2.20e-03 1.10e-03] (3.65e-04, 1.18e-02)
INFO:root:[11,   834] loss: 1.464386e-01 masks: 47.5 33.5 [wd: 5.00e-02] [lr: 6.27e-04] [mem: 2.13e+04] (363.8 ms)
INFO:root:[11,   834] grad_stats: [2.62e-03 1.24e-03] (3.90e-04, 1.85e-02)
INFO:root:avg. loss 1.46642995e-01
INFO:root:time taken for epoch 0:09:06.616360
INFO:root:Epoch 12
INFO:root:[12,     0] loss: 1.455744e-01 masks: 45.0 35.0 [wd: 5.06e-02] [lr: 6.40e-04] [mem: 2.13e+04] (389.0 ms)
INFO:root:[12,     0] grad_stats: [2.11e-03 1.05e-03] (3.77e-04, 1.31e-02)
INFO:root:[12,   417] loss: 1.484249e-01 masks: 47.8 33.3 [wd: 5.13e-02] [lr: 6.53e-04] [mem: 2.13e+04] (364.1 ms)
INFO:root:[12,   417] grad_stats: [1.65e-03 1.03e-03] (3.69e-04, 1.32e-02)
INFO:root:[12,   834] loss: 1.493974e-01 masks: 47.6 33.4 [wd: 5.20e-02] [lr: 6.67e-04] [mem: 2.13e+04] (363.9 ms)
INFO:root:[12,   834] grad_stats: [3.80e-03 1.08e-03] (3.82e-04, 2.39e-02)
INFO:root:avg. loss 1.50169774e-01
INFO:root:time taken for epoch 0:09:06.776798
INFO:root:Epoch 13
INFO:root:[13,     0] loss: 1.528127e-01 masks: 56.0 30.0 [wd: 5.26e-02] [lr: 6.80e-04] [mem: 2.13e+04] (384.7 ms)
INFO:root:[13,     0] grad_stats: [2.33e-03 9.83e-04] (3.61e-04, 1.62e-02)
INFO:root:[13,   417] loss: 1.533896e-01 masks: 47.4 33.4 [wd: 5.33e-02] [lr: 6.93e-04] [mem: 2.13e+04] (363.7 ms)
INFO:root:[13,   417] grad_stats: [1.91e-03 9.78e-04] (3.72e-04, 1.15e-02)
INFO:root:[13,   834] loss: 1.541432e-01 masks: 47.5 33.3 [wd: 5.41e-02] [lr: 7.07e-04] [mem: 2.13e+04] (364.4 ms)
INFO:root:[13,   834] grad_stats: [1.36e-03 8.96e-04] (3.60e-04, 1.06e-02)
INFO:root:avg. loss 1.55161495e-01
INFO:root:time taken for epoch 0:09:07.007284
INFO:root:Epoch 14
INFO:root:[14,     0] loss: 1.538427e-01 masks: 49.0 30.0 [wd: 5.48e-02] [lr: 7.20e-04] [mem: 2.13e+04] (402.0 ms)
INFO:root:[14,     0] grad_stats: [1.75e-03 9.82e-04] (3.63e-04, 1.16e-02)
INFO:root:[14,   417] loss: 1.590145e-01 masks: 47.7 33.4 [wd: 5.56e-02] [lr: 7.33e-04] [mem: 2.13e+04] (363.7 ms)
INFO:root:[14,   417] grad_stats: [1.43e-03 8.26e-04] (3.57e-04, 1.12e-02)
INFO:root:[14,   834] loss: 1.599800e-01 masks: 48.0 33.2 [wd: 5.63e-02] [lr: 7.47e-04] [mem: 2.13e+04] (364.8 ms)
INFO:root:[14,   834] grad_stats: [1.53e-03 8.82e-04] (3.70e-04, 1.02e-02)
INFO:root:avg. loss 1.61328763e-01
INFO:root:time taken for epoch 0:09:07.205790
INFO:root:Epoch 15
INFO:root:[15,     0] loss: 1.695797e-01 masks: 35.0 36.0 [wd: 5.71e-02] [lr: 7.60e-04] [mem: 2.13e+04] (379.1 ms)
INFO:root:[15,     0] grad_stats: [1.59e-03 8.91e-04] (3.73e-04, 1.25e-02)
INFO:root:[15,   417] loss: 1.664313e-01 masks: 47.4 33.4 [wd: 5.79e-02] [lr: 7.73e-04] [mem: 2.13e+04] (364.6 ms)
INFO:root:[15,   417] grad_stats: [1.64e-03 7.98e-04] (3.62e-04, 1.16e-02)
INFO:root:[15,   834] loss: 1.675957e-01 masks: 47.5 33.4 [wd: 5.88e-02] [lr: 7.87e-04] [mem: 2.13e+04] (363.8 ms)
INFO:root:[15,   834] grad_stats: [3.63e-03 9.25e-04] (3.81e-04, 2.54e-02)
INFO:root:avg. loss 1.68583349e-01
INFO:root:time taken for epoch 0:09:07.165898
INFO:root:Epoch 16
INFO:root:[16,     0] loss: 1.707755e-01 masks: 47.0 36.0 [wd: 5.96e-02] [lr: 8.00e-04] [mem: 2.13e+04] (383.3 ms)
INFO:root:[16,     0] grad_stats: [1.33e-03 8.78e-04] (3.89e-04, 1.17e-02)
INFO:root:[16,   417] loss: 1.727647e-01 masks: 47.8 33.4 [wd: 6.05e-02] [lr: 8.13e-04] [mem: 2.13e+04] (364.8 ms)
INFO:root:[16,   417] grad_stats: [1.63e-03 7.64e-04] (3.83e-04, 1.36e-02)
INFO:root:[16,   834] loss: 1.739895e-01 masks: 47.7 33.4 [wd: 6.14e-02] [lr: 8.27e-04] [mem: 2.13e+04] (364.5 ms)
INFO:root:[16,   834] grad_stats: [1.58e-03 8.85e-04] (3.96e-04, 1.14e-02)
INFO:root:avg. loss 1.74853844e-01
INFO:root:time taken for epoch 0:09:06.550314
INFO:root:Epoch 17
INFO:root:[17,     0] loss: 1.812218e-01 masks: 55.0 30.0 [wd: 6.23e-02] [lr: 8.40e-04] [mem: 2.13e+04] (402.9 ms)
INFO:root:[17,     0] grad_stats: [2.90e-03 8.72e-04] (4.02e-04, 2.83e-02)
INFO:root:[17,   417] loss: 1.795619e-01 masks: 47.8 33.4 [wd: 6.32e-02] [lr: 8.53e-04] [mem: 2.13e+04] (364.7 ms)
INFO:root:[17,   417] grad_stats: [1.21e-03 7.72e-04] (4.03e-04, 1.31e-02)
INFO:root:[17,   834] loss: 1.799422e-01 masks: 47.8 33.3 [wd: 6.41e-02] [lr: 8.67e-04] [mem: 2.13e+04] (364.5 ms)
INFO:root:[17,   834] grad_stats: [2.47e-03 8.58e-04] (4.02e-04, 1.90e-02)
INFO:root:avg. loss 1.80976833e-01
INFO:root:time taken for epoch 0:09:06.958175
INFO:root:Epoch 18
INFO:root:[18,     0] loss: 1.854159e-01 masks: 48.0 35.0 [wd: 6.51e-02] [lr: 8.80e-04] [mem: 2.13e+04] (406.5 ms)
INFO:root:[18,     0] grad_stats: [1.10e-03 7.52e-04] (3.78e-04, 1.14e-02)
INFO:root:[18,   417] loss: 1.848862e-01 masks: 47.4 33.4 [wd: 6.60e-02] [lr: 8.93e-04] [mem: 2.13e+04] (363.7 ms)
INFO:root:[18,   417] grad_stats: [1.26e-03 8.82e-04] (4.02e-04, 1.77e-02)
INFO:root:[18,   834] loss: 1.855478e-01 masks: 47.4 33.4 [wd: 6.70e-02] [lr: 9.07e-04] [mem: 2.13e+04] (363.7 ms)
INFO:root:[18,   834] grad_stats: [1.48e-03 7.07e-04] (3.78e-04, 1.42e-02)
INFO:root:avg. loss 1.86715056e-01
INFO:root:time taken for epoch 0:09:05.352355
INFO:root:Epoch 19
INFO:root:[19,     0] loss: 1.872908e-01 masks: 53.0 35.0 [wd: 6.80e-02] [lr: 9.20e-04] [mem: 2.13e+04] (398.6 ms)
INFO:root:[19,     0] grad_stats: [1.64e-03 7.23e-04] (3.81e-04, 1.32e-02)
INFO:root:[19,   417] loss: 1.898508e-01 masks: 47.4 33.4 [wd: 6.90e-02] [lr: 9.33e-04] [mem: 2.13e+04] (363.3 ms)
INFO:root:[19,   417] grad_stats: [1.50e-03 7.57e-04] (4.05e-04, 1.56e-02)
INFO:root:[19,   834] loss: 1.906522e-01 masks: 47.5 33.3 [wd: 7.01e-02] [lr: 9.47e-04] [mem: 2.13e+04] (363.9 ms)
INFO:root:[19,   834] grad_stats: [1.45e-03 7.42e-04] (4.09e-04, 1.53e-02)
INFO:root:avg. loss 1.91536881e-01
INFO:root:time taken for epoch 0:09:08.321648
INFO:root:Epoch 20
INFO:root:[20,     0] loss: 1.919664e-01 masks: 54.0 30.0 [wd: 7.11e-02] [lr: 9.60e-04] [mem: 2.13e+04] (378.6 ms)
INFO:root:[20,     0] grad_stats: [1.57e-03 7.46e-04] (4.01e-04, 1.43e-02)
INFO:root:[20,   417] loss: 1.953304e-01 masks: 47.9 33.3 [wd: 7.22e-02] [lr: 9.73e-04] [mem: 2.13e+04] (363.0 ms)
INFO:root:[20,   417] grad_stats: [1.38e-03 7.65e-04] (3.96e-04, 1.17e-02)
INFO:root:[20,   834] loss: 1.963301e-01 masks: 47.5 33.4 [wd: 7.33e-02] [lr: 9.87e-04] [mem: 2.13e+04] (362.8 ms)
INFO:root:[20,   834] grad_stats: [1.32e-03 7.56e-04] (3.96e-04, 1.38e-02)
INFO:root:avg. loss 1.97119211e-01
INFO:root:time taken for epoch 0:09:04.872722
INFO:root:Epoch 21
INFO:root:[21,     0] loss: 1.978859e-01 masks: 47.0 35.0 [wd: 7.44e-02] [lr: 1.00e-03] [mem: 2.13e+04] (379.1 ms)
INFO:root:[21,     0] grad_stats: [1.65e-03 7.56e-04] (4.15e-04, 1.71e-02)
INFO:root:[21,   417] loss: 1.996740e-01 masks: 47.6 33.5 [wd: 7.55e-02] [lr: 1.00e-03] [mem: 2.13e+04] (364.5 ms)
INFO:root:[21,   417] grad_stats: [1.90e-03 7.42e-04] (4.15e-04, 1.81e-02)
INFO:root:[21,   834] loss: 2.005412e-01 masks: 47.7 33.5 [wd: 7.66e-02] [lr: 1.00e-03] [mem: 2.13e+04] (364.2 ms)
INFO:root:[21,   834] grad_stats: [2.36e-03 7.49e-04] (4.26e-04, 1.84e-02)
INFO:root:avg. loss 2.01434672e-01
INFO:root:time taken for epoch 0:09:06.527155
INFO:root:Epoch 22
INFO:root:[22,     0] loss: 2.045863e-01 masks: 37.0 40.0 [wd: 7.78e-02] [lr: 1.00e-03] [mem: 2.13e+04] (385.1 ms)
INFO:root:[22,     0] grad_stats: [1.27e-03 7.02e-04] (4.07e-04, 1.50e-02)
INFO:root:[22,   417] loss: 2.042581e-01 masks: 47.1 33.5 [wd: 7.89e-02] [lr: 9.99e-04] [mem: 2.13e+04] (363.2 ms)
INFO:root:[22,   417] grad_stats: [1.81e-03 7.49e-04] (4.32e-04, 1.68e-02)
INFO:root:[22,   834] loss: 2.044455e-01 masks: 47.2 33.4 [wd: 8.01e-02] [lr: 9.99e-04] [mem: 2.13e+04] (363.3 ms)
INFO:root:[22,   834] grad_stats: [1.57e-03 7.41e-04] (4.38e-04, 1.86e-02)
INFO:root:avg. loss 2.05114732e-01
INFO:root:time taken for epoch 0:09:04.989106
INFO:root:Epoch 23
INFO:root:[23,     0] loss: 2.173721e-01 masks: 40.0 40.0 [wd: 8.13e-02] [lr: 9.98e-04] [mem: 2.13e+04] (379.0 ms)
INFO:root:[23,     0] grad_stats: [1.35e-03 7.54e-04] (4.41e-04, 1.41e-02)
INFO:root:[23,   417] loss: 2.070104e-01 masks: 47.7 33.3 [wd: 8.25e-02] [lr: 9.98e-04] [mem: 2.13e+04] (363.4 ms)
INFO:root:[23,   417] grad_stats: [1.58e-03 7.46e-04] (4.47e-04, 1.99e-02)
INFO:root:[23,   834] loss: 2.079813e-01 masks: 47.4 33.4 [wd: 8.37e-02] [lr: 9.97e-04] [mem: 2.13e+04] (363.1 ms)
INFO:root:[23,   834] grad_stats: [1.62e-03 7.10e-04] (4.47e-04, 1.44e-02)
INFO:root:avg. loss 2.08725170e-01
INFO:root:time taken for epoch 0:09:05.778771
INFO:root:Epoch 24
INFO:root:[24,     0] loss: 2.060914e-01 masks: 61.0 30.0 [wd: 8.50e-02] [lr: 9.97e-04] [mem: 2.13e+04] (403.7 ms)
INFO:root:[24,     0] grad_stats: [1.71e-03 7.14e-04] (4.45e-04, 1.53e-02)
INFO:root:[24,   417] loss: 2.112061e-01 masks: 47.9 33.3 [wd: 8.62e-02] [lr: 9.96e-04] [mem: 2.13e+04] (364.3 ms)
INFO:root:[24,   417] grad_stats: [1.84e-03 7.45e-04] (4.60e-04, 1.43e-02)
INFO:root:[24,   834] loss: 2.116213e-01 masks: 48.1 33.3 [wd: 8.75e-02] [lr: 9.95e-04] [mem: 2.13e+04] (364.8 ms)
INFO:root:[24,   834] grad_stats: [1.82e-03 7.17e-04] (4.55e-04, 1.99e-02)
INFO:root:avg. loss 2.12645211e-01
INFO:root:time taken for epoch 0:09:06.158533
INFO:root:Epoch 25
INFO:root:[25,     0] loss: 2.083792e-01 masks: 58.0 30.0 [wd: 8.88e-02] [lr: 9.94e-04] [mem: 2.13e+04] (419.6 ms)
INFO:root:[25,     0] grad_stats: [1.20e-03 7.99e-04] (4.83e-04, 1.35e-02)
INFO:root:[25,   417] loss: 2.157235e-01 masks: 47.8 33.2 [wd: 9.01e-02] [lr: 9.93e-04] [mem: 2.13e+04] (364.0 ms)
INFO:root:[25,   417] grad_stats: [1.80e-03 7.63e-04] (4.79e-04, 1.50e-02)
INFO:root:[25,   834] loss: 2.163045e-01 masks: 47.7 33.4 [wd: 9.14e-02] [lr: 9.92e-04] [mem: 2.13e+04] (363.8 ms)
INFO:root:[25,   834] grad_stats: [1.45e-03 7.74e-04] (4.76e-04, 1.44e-02)
INFO:root:avg. loss 2.17210728e-01
INFO:root:time taken for epoch 0:09:04.778313
INFO:root:Epoch 26
INFO:root:[26,     0] loss: 2.235259e-01 masks: 32.0 36.0 [wd: 9.27e-02] [lr: 9.90e-04] [mem: 2.13e+04] (371.7 ms)
INFO:root:[26,     0] grad_stats: [1.78e-03 7.68e-04] (4.89e-04, 1.28e-02)
INFO:root:[26,   417] loss: 2.198931e-01 masks: 47.5 33.4 [wd: 9.41e-02] [lr: 9.89e-04] [mem: 2.13e+04] (363.3 ms)
INFO:root:[26,   417] grad_stats: [2.11e-03 8.72e-04] (5.40e-04, 1.90e-02)
INFO:root:[26,   834] loss: 2.203994e-01 masks: 47.7 33.4 [wd: 9.54e-02] [lr: 9.88e-04] [mem: 2.13e+04] (364.3 ms)
INFO:root:[26,   834] grad_stats: [1.39e-03 8.01e-04] (5.15e-04, 1.78e-02)
INFO:root:avg. loss 2.20857814e-01
INFO:root:time taken for epoch 0:09:06.329256
INFO:root:Epoch 27
INFO:root:[27,     0] loss: 2.206400e-01 masks: 48.0 36.0 [wd: 9.68e-02] [lr: 9.86e-04] [mem: 2.13e+04] (389.8 ms)
INFO:root:[27,     0] grad_stats: [1.58e-03 8.73e-04] (5.27e-04, 1.43e-02)
INFO:root:[27,   417] loss: 2.226435e-01 masks: 47.9 33.3 [wd: 9.82e-02] [lr: 9.85e-04] [mem: 2.13e+04] (364.4 ms)
INFO:root:[27,   417] grad_stats: [1.71e-03 8.34e-04] (5.41e-04, 1.42e-02)
INFO:root:[27,   834] loss: 2.225293e-01 masks: 48.3 33.2 [wd: 9.96e-02] [lr: 9.83e-04] [mem: 2.13e+04] (365.1 ms)
INFO:root:[27,   834] grad_stats: [1.66e-03 8.67e-04] (5.56e-04, 1.33e-02)
INFO:root:avg. loss 2.22893315e-01
INFO:root:time taken for epoch 0:09:06.917461
INFO:root:Epoch 28
INFO:root:[28,     0] loss: 2.314042e-01 masks: 30.0 36.0 [wd: 1.01e-01] [lr: 9.81e-04] [mem: 2.13e+04] (359.0 ms)
INFO:root:[28,     0] grad_stats: [1.85e-03 8.45e-04] (5.49e-04, 2.75e-02)
INFO:root:[28,   417] loss: 2.247305e-01 masks: 47.2 33.4 [wd: 1.02e-01] [lr: 9.79e-04] [mem: 2.13e+04] (362.6 ms)
INFO:root:[28,   417] grad_stats: [1.54e-03 8.55e-04] (5.45e-04, 1.47e-02)
INFO:root:[28,   834] loss: 2.253996e-01 masks: 47.3 33.5 [wd: 1.04e-01] [lr: 9.78e-04] [mem: 2.13e+04] (362.9 ms)
INFO:root:[28,   834] grad_stats: [1.74e-03 8.38e-04] (5.62e-04, 1.64e-02)
INFO:root:avg. loss 2.25732811e-01
INFO:root:time taken for epoch 0:09:05.045958
INFO:root:Epoch 29
INFO:root:[29,     0] loss: 2.282693e-01 masks: 47.0 35.0 [wd: 1.05e-01] [lr: 9.76e-04] [mem: 2.13e+04] (372.5 ms)
INFO:root:[29,     0] grad_stats: [2.00e-03 8.66e-04] (5.68e-04, 2.02e-02)
INFO:root:[29,   417] loss: 2.260679e-01 masks: 47.9 33.2 [wd: 1.07e-01] [lr: 9.73e-04] [mem: 2.13e+04] (363.9 ms)
INFO:root:[29,   417] grad_stats: [1.66e-03 9.00e-04] (5.90e-04, 1.69e-02)
INFO:root:[29,   834] loss: 2.265985e-01 masks: 47.9 33.2 [wd: 1.08e-01] [lr: 9.71e-04] [mem: 2.13e+04] (364.3 ms)
INFO:root:[29,   834] grad_stats: [1.50e-03 8.83e-04] (5.94e-04, 1.67e-02)
INFO:root:avg. loss 2.27443251e-01
INFO:root:time taken for epoch 0:09:08.240077
INFO:root:Epoch 30
INFO:root:[30,     0] loss: 2.187014e-01 masks: 56.0 30.0 [wd: 1.10e-01] [lr: 9.69e-04] [mem: 2.13e+04] (392.0 ms)
INFO:root:[30,     0] grad_stats: [1.85e-03 8.99e-04] (6.04e-04, 2.61e-02)
INFO:root:[30,   417] loss: 2.290339e-01 masks: 47.3 33.5 [wd: 1.11e-01] [lr: 9.67e-04] [mem: 2.13e+04] (363.4 ms)
INFO:root:[30,   417] grad_stats: [1.83e-03 8.99e-04] (6.12e-04, 1.98e-02)
INFO:root:[30,   834] loss: 2.287893e-01 masks: 47.5 33.4 [wd: 1.13e-01] [lr: 9.64e-04] [mem: 2.13e+04] (364.4 ms)
INFO:root:[30,   834] grad_stats: [1.58e-03 8.39e-04] (5.96e-04, 1.57e-02)
INFO:root:avg. loss 2.28878993e-01
INFO:root:time taken for epoch 0:09:05.872133
INFO:root:Epoch 31
INFO:root:[31,     0] loss: 2.191734e-01 masks: 60.0 30.0 [wd: 1.14e-01] [lr: 9.62e-04] [mem: 2.13e+04] (405.9 ms)
INFO:root:[31,     0] grad_stats: [1.85e-03 8.86e-04] (6.04e-04, 1.60e-02)
INFO:root:[31,   417] loss: 2.293063e-01 masks: 47.7 33.4 [wd: 1.16e-01] [lr: 9.59e-04] [mem: 2.13e+04] (364.1 ms)
INFO:root:[31,   417] grad_stats: [4.87e-03 9.12e-04] (6.33e-04, 3.28e-02)
INFO:root:[31,   834] loss: 2.298370e-01 masks: 47.4 33.5 [wd: 1.17e-01] [lr: 9.57e-04] [mem: 2.13e+04] (363.6 ms)
INFO:root:[31,   834] grad_stats: [1.62e-03 9.61e-04] (6.55e-04, 1.90e-02)
INFO:root:avg. loss 2.30028447e-01
INFO:root:time taken for epoch 0:09:05.333277
INFO:root:Epoch 32
INFO:root:[32,     0] loss: 2.260244e-01 masks: 54.0 30.0 [wd: 1.19e-01] [lr: 9.54e-04] [mem: 2.13e+04] (391.2 ms)
INFO:root:[32,     0] grad_stats: [3.53e-03 9.20e-04] (6.50e-04, 3.09e-02)
INFO:root:[32,   417] loss: 2.300432e-01 masks: 47.8 33.5 [wd: 1.20e-01] [lr: 9.51e-04] [mem: 2.13e+04] (362.7 ms)
INFO:root:[32,   417] grad_stats: [1.94e-03 9.71e-04] (6.78e-04, 1.84e-02)
INFO:root:[32,   834] loss: 2.300709e-01 masks: 47.8 33.4 [wd: 1.22e-01] [lr: 9.48e-04] [mem: 2.13e+04] (363.1 ms)
INFO:root:[32,   834] grad_stats: [1.72e-03 9.81e-04] (6.33e-04, 1.73e-02)
INFO:root:avg. loss 2.30354378e-01
INFO:root:time taken for epoch 0:09:05.287293
INFO:root:Epoch 33
INFO:root:[33,     0] loss: 2.423379e-01 masks: 49.0 30.0 [wd: 1.24e-01] [lr: 9.46e-04] [mem: 2.13e+04] (378.6 ms)
INFO:root:[33,     0] grad_stats: [1.85e-03 8.85e-04] (6.20e-04, 1.80e-02)
INFO:root:[33,   417] loss: 2.306850e-01 masks: 47.4 33.6 [wd: 1.25e-01] [lr: 9.43e-04] [mem: 2.13e+04] (362.1 ms)
INFO:root:[33,   417] grad_stats: [2.53e-03 9.58e-04] (5.99e-04, 2.04e-02)
INFO:root:[33,   834] loss: 2.310226e-01 masks: 47.5 33.6 [wd: 1.27e-01] [lr: 9.39e-04] [mem: 2.13e+04] (362.7 ms)
INFO:root:[33,   834] grad_stats: [2.09e-03 9.60e-04] (6.57e-04, 3.39e-02)
INFO:root:avg. loss 2.31219206e-01
INFO:root:time taken for epoch 0:09:04.671448
INFO:root:Epoch 34
INFO:root:[34,     0] loss: 2.307155e-01 masks: 58.0 30.0 [wd: 1.28e-01] [lr: 9.36e-04] [mem: 2.13e+04] (412.9 ms)
INFO:root:[34,     0] grad_stats: [1.84e-03 9.17e-04] (6.00e-04, 1.69e-02)
INFO:root:[34,   417] loss: 2.312311e-01 masks: 47.6 33.4 [wd: 1.30e-01] [lr: 9.33e-04] [mem: 2.13e+04] (362.6 ms)
INFO:root:[34,   417] grad_stats: [2.19e-03 9.28e-04] (6.42e-04, 1.70e-02)
INFO:root:[34,   834] loss: 2.315859e-01 masks: 47.4 33.5 [wd: 1.32e-01] [lr: 9.30e-04] [mem: 2.13e+04] (362.6 ms)
INFO:root:[34,   834] grad_stats: [3.13e-03 9.93e-04] (6.90e-04, 3.25e-02)
INFO:root:avg. loss 2.31582006e-01
INFO:root:time taken for epoch 0:09:04.675094
INFO:root:Epoch 35
INFO:root:[35,     0] loss: 2.317862e-01 masks: 41.0 35.0 [wd: 1.33e-01] [lr: 9.26e-04] [mem: 2.13e+04] (364.7 ms)
INFO:root:[35,     0] grad_stats: [2.01e-03 9.71e-04] (6.15e-04, 2.21e-02)
INFO:root:[35,   417] loss: 2.303852e-01 masks: 47.7 33.4 [wd: 1.35e-01] [lr: 9.23e-04] [mem: 2.13e+04] (363.7 ms)
INFO:root:[35,   417] grad_stats: [2.42e-03 1.01e-03] (6.22e-04, 3.05e-02)
INFO:root:[35,   834] loss: 2.304071e-01 masks: 48.1 33.2 [wd: 1.37e-01] [lr: 9.19e-04] [mem: 2.13e+04] (364.3 ms)
INFO:root:[35,   834] grad_stats: [2.55e-03 9.82e-04] (6.80e-04, 2.83e-02)
INFO:root:avg. loss 2.30948315e-01
INFO:root:time taken for epoch 0:09:05.323339
INFO:root:Epoch 36
INFO:root:[36,     0] loss: 2.263649e-01 masks: 45.0 35.0 [wd: 1.38e-01] [lr: 9.16e-04] [mem: 2.13e+04] (397.0 ms)
INFO:root:[36,     0] grad_stats: [2.01e-03 9.68e-04] (5.65e-04, 1.60e-02)
INFO:root:[36,   417] loss: 2.321036e-01 masks: 47.1 33.5 [wd: 1.40e-01] [lr: 9.12e-04] [mem: 2.13e+04] (362.6 ms)
INFO:root:[36,   417] grad_stats: [2.33e-03 1.00e-03] (6.44e-04, 1.80e-02)
INFO:root:[36,   834] loss: 2.327336e-01 masks: 46.8 33.6 [wd: 1.42e-01] [lr: 9.08e-04] [mem: 2.13e+04] (362.1 ms)
INFO:root:[36,   834] grad_stats: [2.07e-03 9.98e-04] (6.71e-04, 2.27e-02)
INFO:root:avg. loss 2.32280548e-01
INFO:root:time taken for epoch 0:09:04.226116
INFO:root:Epoch 37
INFO:root:[37,     0] loss: 2.351798e-01 masks: 53.0 30.0 [wd: 1.43e-01] [lr: 9.05e-04] [mem: 2.13e+04] (400.8 ms)
INFO:root:[37,     0] grad_stats: [2.42e-03 9.92e-04] (6.66e-04, 1.96e-02)
INFO:root:[37,   417] loss: 2.317795e-01 masks: 47.4 33.5 [wd: 1.45e-01] [lr: 9.01e-04] [mem: 2.13e+04] (363.4 ms)
INFO:root:[37,   417] grad_stats: [2.46e-03 1.04e-03] (6.93e-04, 1.60e-02)
INFO:root:[37,   834] loss: 2.319085e-01 masks: 47.6 33.4 [wd: 1.47e-01] [lr: 8.97e-04] [mem: 2.13e+04] (363.6 ms)
INFO:root:[37,   834] grad_stats: [1.99e-03 9.90e-04] (6.50e-04, 1.51e-02)
INFO:root:avg. loss 2.31891787e-01
INFO:root:time taken for epoch 0:09:05.689900
INFO:root:Epoch 38
INFO:root:[38,     0] loss: 2.377476e-01 masks: 42.0 35.0 [wd: 1.49e-01] [lr: 8.93e-04] [mem: 2.13e+04] (369.0 ms)
INFO:root:[38,     0] grad_stats: [2.12e-03 1.04e-03] (6.51e-04, 2.03e-02)
INFO:root:[38,   417] loss: 2.322378e-01 masks: 47.6 33.6 [wd: 1.50e-01] [lr: 8.89e-04] [mem: 2.13e+04] (363.1 ms)
INFO:root:[38,   417] grad_stats: [2.72e-03 1.11e-03] (7.39e-04, 2.76e-02)
INFO:root:[38,   834] loss: 2.324182e-01 masks: 47.7 33.5 [wd: 1.52e-01] [lr: 8.85e-04] [mem: 2.13e+04] (363.2 ms)
INFO:root:[38,   834] grad_stats: [2.21e-03 1.05e-03] (6.15e-04, 2.41e-02)
INFO:root:avg. loss 2.32473181e-01
INFO:root:time taken for epoch 0:09:04.848922
INFO:root:Epoch 39
INFO:root:[39,     0] loss: 2.314746e-01 masks: 47.0 35.0 [wd: 1.54e-01] [lr: 8.80e-04] [mem: 2.13e+04] (386.9 ms)
INFO:root:[39,     0] grad_stats: [2.45e-03 1.05e-03] (5.93e-04, 2.12e-02)
INFO:root:[39,   417] loss: 2.306589e-01 masks: 48.4 33.2 [wd: 1.55e-01] [lr: 8.76e-04] [mem: 2.13e+04] (363.9 ms)
INFO:root:[39,   417] grad_stats: [2.06e-03 1.12e-03] (5.99e-04, 1.67e-02)
INFO:root:[39,   834] loss: 2.313255e-01 masks: 47.9 33.3 [wd: 1.57e-01] [lr: 8.72e-04] [mem: 2.13e+04] (363.9 ms)
INFO:root:[39,   834] grad_stats: [3.15e-03 1.16e-03] (7.17e-04, 3.13e-02)
INFO:root:avg. loss 2.31462228e-01
INFO:root:time taken for epoch 0:09:07.579129
INFO:root:Epoch 40
INFO:root:[40,     0] loss: 2.391565e-01 masks: 55.0 30.0 [wd: 1.59e-01] [lr: 8.67e-04] [mem: 2.13e+04] (409.5 ms)
INFO:root:[40,     0] grad_stats: [2.62e-03 1.16e-03] (6.68e-04, 1.84e-02)
INFO:root:[40,   417] loss: 2.318933e-01 masks: 47.4 33.4 [wd: 1.61e-01] [lr: 8.63e-04] [mem: 2.13e+04] (362.8 ms)
INFO:root:[40,   417] grad_stats: [2.21e-03 1.19e-03] (7.11e-04, 1.92e-02)
INFO:root:[40,   834] loss: 2.310772e-01 masks: 47.7 33.3 [wd: 1.63e-01] [lr: 8.58e-04] [mem: 2.13e+04] (363.4 ms)
INFO:root:[40,   834] grad_stats: [2.20e-03 1.19e-03] (7.70e-04, 2.39e-02)
INFO:root:avg. loss 2.31202560e-01
INFO:root:time taken for epoch 0:09:04.808572
INFO:root:Epoch 41
INFO:root:[41,     0] loss: 2.428032e-01 masks: 37.0 36.0 [wd: 1.64e-01] [lr: 8.54e-04] [mem: 2.13e+04] (362.9 ms)
INFO:root:[41,     0] grad_stats: [2.67e-03 1.17e-03] (7.63e-04, 2.37e-02)
INFO:root:[41,   417] loss: 2.300965e-01 masks: 48.1 33.2 [wd: 1.66e-01] [lr: 8.49e-04] [mem: 2.13e+04] (364.9 ms)
INFO:root:[41,   417] grad_stats: [2.95e-03 1.21e-03] (8.25e-04, 3.51e-02)
INFO:root:[41,   834] loss: 2.305279e-01 masks: 48.0 33.2 [wd: 1.68e-01] [lr: 8.44e-04] [mem: 2.13e+04] (364.8 ms)
INFO:root:[41,   834] grad_stats: [3.03e-03 1.22e-03] (7.36e-04, 2.47e-02)
INFO:root:avg. loss 2.30889015e-01
INFO:root:time taken for epoch 0:09:06.828444
INFO:root:Epoch 42
INFO:root:[42,     0] loss: 2.267596e-01 masks: 54.0 30.0 [wd: 1.70e-01] [lr: 8.40e-04] [mem: 2.13e+04] (409.3 ms)
INFO:root:[42,     0] grad_stats: [2.96e-03 1.23e-03] (6.89e-04, 2.18e-02)
INFO:root:[42,   417] loss: 2.315863e-01 masks: 47.0 33.6 [wd: 1.72e-01] [lr: 8.35e-04] [mem: 2.13e+04] (362.2 ms)
INFO:root:[42,   417] grad_stats: [2.46e-03 1.26e-03] (7.17e-04, 2.62e-02)
INFO:root:[42,   834] loss: 2.317780e-01 masks: 47.0 33.6 [wd: 1.73e-01] [lr: 8.30e-04] [mem: 2.13e+04] (362.5 ms)
INFO:root:[42,   834] grad_stats: [2.79e-03 1.28e-03] (7.83e-04, 2.34e-02)
INFO:root:avg. loss 2.31641054e-01
INFO:root:time taken for epoch 0:09:04.373371
INFO:root:Epoch 43
INFO:root:[43,     0] loss: 2.272950e-01 masks: 49.0 30.0 [wd: 1.75e-01] [lr: 8.25e-04] [mem: 2.13e+04] (383.8 ms)
INFO:root:[43,     0] grad_stats: [2.90e-03 1.25e-03] (7.81e-04, 2.08e-02)
INFO:root:[43,   417] loss: 2.293315e-01 masks: 48.5 33.0 [wd: 1.77e-01] [lr: 8.20e-04] [mem: 2.13e+04] (364.3 ms)
INFO:root:[43,   417] grad_stats: [2.49e-03 1.35e-03] (8.25e-04, 3.80e-02)
INFO:root:[43,   834] loss: 2.300696e-01 masks: 48.1 33.2 [wd: 1.79e-01] [lr: 8.15e-04] [mem: 2.13e+04] (364.3 ms)
INFO:root:[43,   834] grad_stats: [2.64e-03 1.37e-03] (8.32e-04, 2.77e-02)
INFO:root:avg. loss 2.30319087e-01
INFO:root:time taken for epoch 0:09:06.045535
INFO:root:Epoch 44
INFO:root:[44,     0] loss: 2.357152e-01 masks: 46.0 36.0 [wd: 1.81e-01] [lr: 8.10e-04] [mem: 2.13e+04] (390.6 ms)
INFO:root:[44,     0] grad_stats: [5.05e-03 1.41e-03] (8.78e-04, 3.77e-02)
INFO:root:[44,   417] loss: 2.312653e-01 masks: 47.3 33.6 [wd: 1.83e-01] [lr: 8.05e-04] [mem: 2.13e+04] (362.5 ms)
INFO:root:[44,   417] grad_stats: [3.42e-03 1.34e-03] (9.32e-04, 4.12e-02)
INFO:root:[44,   834] loss: 2.307767e-01 masks: 47.7 33.4 [wd: 1.84e-01] [lr: 7.99e-04] [mem: 2.13e+04] (363.7 ms)
INFO:root:[44,   834] grad_stats: [2.33e-03 1.32e-03] (7.91e-04, 1.69e-02)
INFO:root:avg. loss 2.31066592e-01
INFO:root:time taken for epoch 0:09:05.250300
INFO:root:Epoch 45
INFO:root:[45,     0] loss: 2.384784e-01 masks: 32.0 36.0 [wd: 1.86e-01] [lr: 7.94e-04] [mem: 2.13e+04] (370.2 ms)
INFO:root:[45,     0] grad_stats: [3.37e-03 1.39e-03] (8.52e-04, 3.46e-02)
INFO:root:[45,   417] loss: 2.295073e-01 masks: 48.4 33.0 [wd: 1.88e-01] [lr: 7.89e-04] [mem: 2.13e+04] (364.6 ms)
INFO:root:[45,   417] grad_stats: [2.88e-03 1.43e-03] (9.18e-04, 3.37e-02)
INFO:root:[45,   834] loss: 2.299421e-01 masks: 48.2 33.1 [wd: 1.90e-01] [lr: 7.83e-04] [mem: 2.13e+04] (364.8 ms)
INFO:root:[45,   834] grad_stats: [2.81e-03 1.42e-03] (8.90e-04, 2.78e-02)
INFO:root:avg. loss 2.30144445e-01
INFO:root:time taken for epoch 0:09:07.258065
INFO:root:Epoch 46
INFO:root:[46,     0] loss: 2.245375e-01 masks: 45.0 35.0 [wd: 1.92e-01] [lr: 7.78e-04] [mem: 2.13e+04] (396.0 ms)
INFO:root:[46,     0] grad_stats: [3.10e-03 1.51e-03] (9.26e-04, 2.30e-02)
INFO:root:[46,   417] loss: 2.304970e-01 masks: 48.1 33.3 [wd: 1.94e-01] [lr: 7.73e-04] [mem: 2.13e+04] (364.7 ms)
INFO:root:[46,   417] grad_stats: [2.94e-03 1.50e-03] (9.22e-04, 2.72e-02)
INFO:root:[46,   834] loss: 2.306951e-01 masks: 47.9 33.3 [wd: 1.96e-01] [lr: 7.67e-04] [mem: 2.13e+04] (364.3 ms)
INFO:root:[46,   834] grad_stats: [3.82e-03 1.52e-03] (9.12e-04, 2.73e-02)
INFO:root:avg. loss 2.30785913e-01
INFO:root:time taken for epoch 0:09:05.492451
INFO:root:Epoch 47
INFO:root:[47,     0] loss: 2.251700e-01 masks: 43.0 35.0 [wd: 1.97e-01] [lr: 7.61e-04] [mem: 2.13e+04] (394.8 ms)
INFO:root:[47,     0] grad_stats: [2.63e-03 1.55e-03] (8.15e-04, 2.12e-02)
INFO:root:[47,   417] loss: 2.313091e-01 masks: 47.3 33.5 [wd: 1.99e-01] [lr: 7.56e-04] [mem: 2.13e+04] (362.2 ms)
INFO:root:[47,   417] grad_stats: [3.03e-03 1.57e-03] (1.05e-03, 2.25e-02)
INFO:root:[47,   834] loss: 2.307265e-01 masks: 47.6 33.4 [wd: 2.01e-01] [lr: 7.50e-04] [mem: 2.13e+04] (363.1 ms)
INFO:root:[47,   834] grad_stats: [2.85e-03 1.59e-03] (9.47e-04, 2.35e-02)
INFO:root:avg. loss 2.30797720e-01
INFO:root:time taken for epoch 0:09:04.962746
INFO:root:Epoch 48
INFO:root:[48,     0] loss: 2.287644e-01 masks: 49.0 30.0 [wd: 2.03e-01] [lr: 7.45e-04] [mem: 2.13e+04] (402.0 ms)
INFO:root:[48,     0] grad_stats: [2.64e-03 1.55e-03] (9.67e-04, 2.95e-02)
INFO:root:[48,   417] loss: 2.299328e-01 masks: 47.9 33.3 [wd: 2.05e-01] [lr: 7.39e-04] [mem: 2.13e+04] (363.5 ms)
INFO:root:[48,   417] grad_stats: [4.16e-03 1.62e-03] (9.23e-04, 2.57e-02)
INFO:root:[48,   834] loss: 2.303501e-01 masks: 47.7 33.3 [wd: 2.07e-01] [lr: 7.33e-04] [mem: 2.13e+04] (363.8 ms)
INFO:root:[48,   834] grad_stats: [3.16e-03 1.59e-03] (1.01e-03, 2.90e-02)
INFO:root:avg. loss 2.30524541e-01
INFO:root:time taken for epoch 0:09:05.185363
INFO:root:Epoch 49
INFO:root:[49,     0] loss: 2.439160e-01 masks: 42.0 36.0 [wd: 2.09e-01] [lr: 7.27e-04] [mem: 2.13e+04] (365.4 ms)
INFO:root:[49,     0] grad_stats: [4.02e-03 1.69e-03] (1.04e-03, 3.26e-02)
INFO:root:[49,   417] loss: 2.303859e-01 masks: 47.7 33.4 [wd: 2.11e-01] [lr: 7.21e-04] [mem: 2.13e+04] (363.5 ms)
INFO:root:[49,   417] grad_stats: [3.36e-03 1.62e-03] (9.28e-04, 2.61e-02)
INFO:root:[49,   834] loss: 2.305582e-01 masks: 47.6 33.4 [wd: 2.12e-01] [lr: 7.16e-04] [mem: 2.13e+04] (363.4 ms)
INFO:root:[49,   834] grad_stats: [6.70e-03 1.67e-03] (1.05e-03, 5.31e-02)
INFO:root:avg. loss 2.30473804e-01
INFO:root:time taken for epoch 0:09:06.402206
INFO:root:Epoch 50
INFO:root:[50,     0] loss: 2.249164e-01 masks: 40.0 36.0 [wd: 2.14e-01] [lr: 7.10e-04] [mem: 2.13e+04] (396.3 ms)
INFO:root:[50,     0] grad_stats: [2.94e-03 1.70e-03] (9.49e-04, 2.97e-02)
INFO:root:[50,   417] loss: 2.297020e-01 masks: 48.0 33.4 [wd: 2.16e-01] [lr: 7.04e-04] [mem: 2.13e+04] (363.7 ms)
INFO:root:[50,   417] grad_stats: [3.89e-03 1.79e-03] (1.12e-03, 3.11e-02)
INFO:root:[50,   834] loss: 2.305498e-01 masks: 47.5 33.5 [wd: 2.18e-01] [lr: 6.98e-04] [mem: 2.13e+04] (363.1 ms)
INFO:root:[50,   834] grad_stats: [3.68e-03 1.71e-03] (1.05e-03, 3.23e-02)
INFO:root:avg. loss 2.30346619e-01
INFO:root:time taken for epoch 0:09:05.472465
INFO:root:Epoch 51
INFO:root:[51,     0] loss: 2.255235e-01 masks: 50.0 30.0 [wd: 2.20e-01] [lr: 6.92e-04] [mem: 2.13e+04] (380.3 ms)
INFO:root:[51,     0] grad_stats: [3.02e-03 1.81e-03] (1.00e-03, 2.41e-02)
INFO:root:[51,   417] loss: 2.296875e-01 masks: 47.8 33.3 [wd: 2.22e-01] [lr: 6.86e-04] [mem: 2.13e+04] (364.2 ms)
INFO:root:[51,   417] grad_stats: [3.35e-03 1.72e-03] (9.85e-04, 3.73e-02)
INFO:root:[51,   834] loss: 2.301400e-01 masks: 47.7 33.3 [wd: 2.24e-01] [lr: 6.79e-04] [mem: 2.13e+04] (364.0 ms)
INFO:root:[51,   834] grad_stats: [3.85e-03 1.86e-03] (1.11e-03, 3.66e-02)
INFO:root:avg. loss 2.30141609e-01
INFO:root:time taken for epoch 0:09:06.178458
INFO:root:Epoch 52
INFO:root:[52,     0] loss: 2.345694e-01 masks: 43.0 36.0 [wd: 2.26e-01] [lr: 6.73e-04] [mem: 2.13e+04] (381.7 ms)
INFO:root:[52,     0] grad_stats: [3.09e-03 1.77e-03] (1.07e-03, 2.68e-02)
INFO:root:[52,   417] loss: 2.296174e-01 masks: 47.8 33.3 [wd: 2.28e-01] [lr: 6.67e-04] [mem: 2.13e+04] (363.9 ms)
INFO:root:[52,   417] grad_stats: [4.16e-03 1.89e-03] (1.12e-03, 3.84e-02)
INFO:root:[52,   834] loss: 2.299567e-01 masks: 47.7 33.4 [wd: 2.29e-01] [lr: 6.61e-04] [mem: 2.13e+04] (363.2 ms)
INFO:root:[52,   834] grad_stats: [4.01e-03 1.95e-03] (1.04e-03, 3.01e-02)
INFO:root:avg. loss 2.29920759e-01
INFO:root:time taken for epoch 0:09:04.927379
INFO:root:Epoch 53
INFO:root:[53,     0] loss: 2.324312e-01 masks: 49.0 30.0 [wd: 2.31e-01] [lr: 6.55e-04] [mem: 2.13e+04] (397.1 ms)
INFO:root:[53,     0] grad_stats: [4.80e-03 2.00e-03] (1.17e-03, 3.42e-02)
INFO:root:[53,   417] loss: 2.289154e-01 masks: 48.2 33.3 [wd: 2.33e-01] [lr: 6.49e-04] [mem: 2.13e+04] (364.5 ms)
INFO:root:[53,   417] grad_stats: [4.14e-03 1.85e-03] (1.01e-03, 3.87e-02)
INFO:root:[53,   834] loss: 2.296380e-01 masks: 47.8 33.4 [wd: 2.35e-01] [lr: 6.42e-04] [mem: 2.13e+04] (364.0 ms)
INFO:root:[53,   834] grad_stats: [3.45e-03 1.88e-03] (1.11e-03, 3.67e-02)
INFO:root:avg. loss 2.29427174e-01
INFO:root:time taken for epoch 0:09:06.008757
INFO:root:Epoch 54
INFO:root:[54,     0] loss: 2.344682e-01 masks: 35.0 36.0 [wd: 2.37e-01] [lr: 6.36e-04] [mem: 2.13e+04] (384.4 ms)
INFO:root:[54,     0] grad_stats: [4.73e-03 1.97e-03] (1.37e-03, 3.05e-02)
INFO:root:[54,   417] loss: 2.298996e-01 masks: 47.1 33.5 [wd: 2.39e-01] [lr: 6.30e-04] [mem: 2.13e+04] (362.4 ms)
INFO:root:[54,   417] grad_stats: [3.47e-03 2.02e-03] (1.27e-03, 3.01e-02)
INFO:root:[54,   834] loss: 2.293900e-01 masks: 47.5 33.4 [wd: 2.41e-01] [lr: 6.23e-04] [mem: 2.13e+04] (363.2 ms)
INFO:root:[54,   834] grad_stats: [4.54e-03 2.05e-03] (1.19e-03, 4.42e-02)
INFO:root:avg. loss 2.29469340e-01
INFO:root:time taken for epoch 0:09:04.869471
INFO:root:Epoch 55
INFO:root:[55,     0] loss: 2.394399e-01 masks: 48.0 35.0 [wd: 2.43e-01] [lr: 6.17e-04] [mem: 2.13e+04] (399.2 ms)
INFO:root:[55,     0] grad_stats: [3.77e-03 2.01e-03] (1.24e-03, 2.94e-02)
INFO:root:[55,   417] loss: 2.284216e-01 masks: 47.8 33.3 [wd: 2.44e-01] [lr: 6.11e-04] [mem: 2.13e+04] (363.4 ms)
INFO:root:[55,   417] grad_stats: [4.48e-03 2.02e-03] (1.31e-03, 3.80e-02)
INFO:root:[55,   834] loss: 2.289573e-01 masks: 47.6 33.4 [wd: 2.46e-01] [lr: 6.04e-04] [mem: 2.13e+04] (363.7 ms)
INFO:root:[55,   834] grad_stats: [3.68e-03 2.06e-03] (1.32e-03, 3.19e-02)
INFO:root:avg. loss 2.28743237e-01
INFO:root:time taken for epoch 0:09:05.581977
INFO:root:Epoch 56
INFO:root:[56,     0] loss: 2.143702e-01 masks: 57.0 30.0 [wd: 2.48e-01] [lr: 5.98e-04] [mem: 2.13e+04] (420.0 ms)
INFO:root:[56,     0] grad_stats: [3.03e-03 2.07e-03] (1.20e-03, 3.11e-02)
INFO:root:[56,   417] loss: 2.282065e-01 masks: 48.1 33.2 [wd: 2.50e-01] [lr: 5.92e-04] [mem: 2.13e+04] (363.8 ms)
INFO:root:[56,   417] grad_stats: [4.32e-03 2.13e-03] (1.38e-03, 3.45e-02)
INFO:root:[56,   834] loss: 2.291775e-01 masks: 47.5 33.3 [wd: 2.52e-01] [lr: 5.85e-04] [mem: 2.13e+04] (363.5 ms)
INFO:root:[56,   834] grad_stats: [3.88e-03 2.17e-03] (1.34e-03, 2.77e-02)
INFO:root:avg. loss 2.29248782e-01
INFO:root:time taken for epoch 0:09:05.427122
INFO:root:Epoch 57
INFO:root:[57,     0] loss: 2.363978e-01 masks: 47.0 35.0 [wd: 2.54e-01] [lr: 5.79e-04] [mem: 2.13e+04] (397.2 ms)
INFO:root:[57,     0] grad_stats: [4.16e-03 2.08e-03] (1.34e-03, 3.63e-02)
INFO:root:[57,   417] loss: 2.272290e-01 masks: 48.3 33.1 [wd: 2.56e-01] [lr: 5.72e-04] [mem: 2.13e+04] (365.0 ms)
INFO:root:[57,   417] grad_stats: [3.86e-03 2.21e-03] (1.30e-03, 3.40e-02)
INFO:root:[57,   834] loss: 2.284112e-01 masks: 47.9 33.3 [wd: 2.57e-01] [lr: 5.66e-04] [mem: 2.13e+04] (364.0 ms)
INFO:root:[57,   834] grad_stats: [3.70e-03 2.18e-03] (1.56e-03, 3.83e-02)
INFO:root:avg. loss 2.28881434e-01
INFO:root:time taken for epoch 0:09:05.298700
INFO:root:Epoch 58
INFO:root:[58,     0] loss: 2.298255e-01 masks: 42.0 36.0 [wd: 2.59e-01] [lr: 5.59e-04] [mem: 2.13e+04] (396.7 ms)
INFO:root:[58,     0] grad_stats: [9.12e-03 2.30e-03] (1.70e-03, 5.86e-02)
INFO:root:[58,   417] loss: 2.283572e-01 masks: 48.1 33.1 [wd: 2.61e-01] [lr: 5.53e-04] [mem: 2.13e+04] (363.6 ms)
INFO:root:[58,   417] grad_stats: [4.30e-03 2.33e-03] (1.45e-03, 3.74e-02)
INFO:root:[58,   834] loss: 2.285819e-01 masks: 47.9 33.3 [wd: 2.63e-01] [lr: 5.46e-04] [mem: 2.13e+04] (363.5 ms)
INFO:root:[58,   834] grad_stats: [3.03e-03 2.20e-03] (1.33e-03, 2.76e-02)
INFO:root:avg. loss 2.28965628e-01
INFO:root:time taken for epoch 0:09:05.122777
INFO:root:Epoch 59
INFO:root:[59,     0] loss: 2.209481e-01 masks: 54.0 30.0 [wd: 2.65e-01] [lr: 5.40e-04] [mem: 2.13e+04] (392.8 ms)
INFO:root:[59,     0] grad_stats: [3.24e-03 2.26e-03] (1.30e-03, 3.09e-02)
INFO:root:[59,   417] loss: 2.289219e-01 masks: 47.5 33.4 [wd: 2.67e-01] [lr: 5.33e-04] [mem: 2.13e+04] (362.6 ms)
INFO:root:[59,   417] grad_stats: [4.98e-03 2.33e-03] (1.55e-03, 4.04e-02)
INFO:root:[59,   834] loss: 2.289537e-01 masks: 47.6 33.3 [wd: 2.68e-01] [lr: 5.27e-04] [mem: 2.13e+04] (363.4 ms)
INFO:root:[59,   834] grad_stats: [3.42e-03 2.40e-03] (1.43e-03, 4.07e-02)
INFO:root:avg. loss 2.29269531e-01
INFO:root:time taken for epoch 0:09:06.214591
INFO:root:Epoch 60
INFO:root:[60,     0] loss: 2.209830e-01 masks: 57.0 30.0 [wd: 2.70e-01] [lr: 5.20e-04] [mem: 2.13e+04] (407.3 ms)
INFO:root:[60,     0] grad_stats: [4.43e-03 2.36e-03] (1.28e-03, 3.31e-02)
INFO:root:[60,   417] loss: 2.287417e-01 masks: 47.7 33.5 [wd: 2.72e-01] [lr: 5.14e-04] [mem: 2.13e+04] (363.5 ms)
INFO:root:[60,   417] grad_stats: [4.22e-03 2.42e-03] (1.44e-03, 5.07e-02)
INFO:root:[60,   834] loss: 2.288249e-01 masks: 47.8 33.3 [wd: 2.74e-01] [lr: 5.07e-04] [mem: 2.13e+04] (364.1 ms)
INFO:root:[60,   834] grad_stats: [4.48e-03 2.42e-03] (1.64e-03, 4.70e-02)
INFO:root:avg. loss 2.29345415e-01
INFO:root:time taken for epoch 0:09:04.023110
INFO:root:Epoch 61
INFO:root:[61,     0] loss: 2.351756e-01 masks: 53.0 30.0 [wd: 2.76e-01] [lr: 5.00e-04] [mem: 2.13e+04] (377.1 ms)
INFO:root:[61,     0] grad_stats: [4.83e-03 2.37e-03] (1.51e-03, 4.19e-02)
INFO:root:[61,   417] loss: 2.283922e-01 masks: 47.6 33.4 [wd: 2.77e-01] [lr: 4.94e-04] [mem: 2.13e+04] (363.6 ms)
INFO:root:[61,   417] grad_stats: [4.27e-03 2.46e-03] (1.71e-03, 4.09e-02)
INFO:root:[61,   834] loss: 2.279800e-01 masks: 48.2 33.2 [wd: 2.79e-01] [lr: 4.87e-04] [mem: 2.13e+04] (364.8 ms)
INFO:root:[61,   834] grad_stats: [1.00e-02 2.57e-03] (1.65e-03, 7.74e-02)
INFO:root:avg. loss 2.28512358e-01
INFO:root:time taken for epoch 0:09:05.885806
INFO:root:Epoch 62
INFO:root:[62,     0] loss: 2.291459e-01 masks: 43.0 35.0 [wd: 2.81e-01] [lr: 4.81e-04] [mem: 2.13e+04] (397.1 ms)
INFO:root:[62,     0] grad_stats: [6.18e-03 2.58e-03] (1.74e-03, 6.40e-02)
INFO:root:[62,   417] loss: 2.279452e-01 masks: 48.1 33.3 [wd: 2.83e-01] [lr: 4.74e-04] [mem: 2.13e+04] (363.5 ms)
INFO:root:[62,   417] grad_stats: [1.48e-02 2.58e-03] (1.56e-03, 1.07e-01)
INFO:root:[62,   834] loss: 2.281323e-01 masks: 48.0 33.3 [wd: 2.85e-01] [lr: 4.68e-04] [mem: 2.13e+04] (364.0 ms)
INFO:root:[62,   834] grad_stats: [4.54e-03 2.66e-03] (1.50e-03, 3.84e-02)
INFO:root:avg. loss 2.28595865e-01
INFO:root:time taken for epoch 0:09:05.519288
INFO:root:Epoch 63
INFO:root:[63,     0] loss: 2.397432e-01 masks: 35.0 36.0 [wd: 2.86e-01] [lr: 4.61e-04] [mem: 2.13e+04] (379.8 ms)
INFO:root:[63,     0] grad_stats: [7.47e-03 2.64e-03] (2.11e-03, 6.31e-02)
INFO:root:[63,   417] loss: 2.291160e-01 masks: 47.6 33.5 [wd: 2.88e-01] [lr: 4.55e-04] [mem: 2.13e+04] (363.6 ms)
INFO:root:[63,   417] grad_stats: [4.28e-03 2.66e-03] (1.92e-03, 5.55e-02)
INFO:root:[63,   834] loss: 2.288600e-01 masks: 47.7 33.4 [wd: 2.90e-01] [lr: 4.48e-04] [mem: 2.13e+04] (363.9 ms)
INFO:root:[63,   834] grad_stats: [3.69e-03 2.75e-03] (1.88e-03, 4.05e-02)
INFO:root:avg. loss 2.29037785e-01
INFO:root:time taken for epoch 0:09:06.142838
INFO:root:Epoch 64
INFO:root:[64,     0] loss: 2.286114e-01 masks: 53.0 30.0 [wd: 2.91e-01] [lr: 4.42e-04] [mem: 2.13e+04] (396.2 ms)
INFO:root:[64,     0] grad_stats: [4.94e-03 2.78e-03] (1.63e-03, 4.29e-02)
INFO:root:[64,   417] loss: 2.298361e-01 masks: 46.8 33.6 [wd: 2.93e-01] [lr: 4.35e-04] [mem: 2.13e+04] (362.0 ms)
INFO:root:[64,   417] grad_stats: [4.66e-03 2.89e-03] (1.88e-03, 4.12e-02)
INFO:root:[64,   834] loss: 2.293239e-01 masks: 47.3 33.5 [wd: 2.95e-01] [lr: 4.29e-04] [mem: 2.13e+04] (363.1 ms)
INFO:root:[64,   834] grad_stats: [5.17e-03 2.91e-03] (2.21e-03, 6.01e-02)
INFO:root:avg. loss 2.29672668e-01
INFO:root:time taken for epoch 0:09:03.634442
INFO:root:Epoch 65
INFO:root:[65,     0] loss: 2.266048e-01 masks: 52.0 30.0 [wd: 2.97e-01] [lr: 4.22e-04] [mem: 2.13e+04] (399.3 ms)
INFO:root:[65,     0] grad_stats: [6.06e-03 2.89e-03] (2.19e-03, 5.38e-02)
INFO:root:[65,   417] loss: 2.282956e-01 masks: 48.0 33.2 [wd: 2.98e-01] [lr: 4.16e-04] [mem: 2.13e+04] (362.8 ms)
INFO:root:[65,   417] grad_stats: [4.39e-03 2.86e-03] (1.87e-03, 4.32e-02)
INFO:root:[65,   834] loss: 2.284968e-01 masks: 47.9 33.3 [wd: 3.00e-01] [lr: 4.09e-04] [mem: 2.13e+04] (364.0 ms)
INFO:root:[65,   834] grad_stats: [5.37e-03 2.90e-03] (2.03e-03, 4.19e-02)
INFO:root:avg. loss 2.28735851e-01
INFO:root:time taken for epoch 0:09:05.743401
INFO:root:Epoch 66
INFO:root:[66,     0] loss: 2.352141e-01 masks: 44.0 35.0 [wd: 3.02e-01] [lr: 4.03e-04] [mem: 2.13e+04] (386.7 ms)
INFO:root:[66,     0] grad_stats: [4.39e-03 2.85e-03] (1.67e-03, 4.56e-02)
INFO:root:[66,   417] loss: 2.285897e-01 masks: 47.3 33.4 [wd: 3.03e-01] [lr: 3.97e-04] [mem: 2.13e+04] (362.7 ms)
INFO:root:[66,   417] grad_stats: [5.50e-03 3.05e-03] (2.19e-03, 4.48e-02)
INFO:root:[66,   834] loss: 2.288332e-01 masks: 47.4 33.4 [wd: 3.05e-01] [lr: 3.90e-04] [mem: 2.13e+04] (362.9 ms)
INFO:root:[66,   834] grad_stats: [4.67e-03 3.04e-03] (1.84e-03, 4.13e-02)
INFO:root:avg. loss 2.29181002e-01
INFO:root:time taken for epoch 0:09:04.569091
INFO:root:Epoch 67
INFO:root:[67,     0] loss: 2.390090e-01 masks: 39.0 36.0 [wd: 3.07e-01] [lr: 3.84e-04] [mem: 2.13e+04] (378.8 ms)
INFO:root:[67,     0] grad_stats: [8.85e-03 3.21e-03] (2.03e-03, 7.24e-02)
INFO:root:[67,   417] loss: 2.300920e-01 masks: 47.0 33.5 [wd: 3.08e-01] [lr: 3.78e-04] [mem: 2.13e+04] (362.1 ms)
INFO:root:[67,   417] grad_stats: [4.44e-03 3.20e-03] (1.88e-03, 4.15e-02)
INFO:root:[67,   834] loss: 2.289364e-01 masks: 47.7 33.4 [wd: 3.10e-01] [lr: 3.71e-04] [mem: 2.13e+04] (363.1 ms)
INFO:root:[67,   834] grad_stats: [4.43e-03 3.23e-03] (1.94e-03, 3.88e-02)
INFO:root:avg. loss 2.29041994e-01
INFO:root:time taken for epoch 0:09:04.594662
INFO:root:Epoch 68
INFO:root:[68,     0] loss: 2.346818e-01 masks: 54.0 30.0 [wd: 3.12e-01] [lr: 3.65e-04] [mem: 2.13e+04] (402.0 ms)
INFO:root:[68,     0] grad_stats: [4.76e-03 3.31e-03] (1.91e-03, 4.65e-02)
INFO:root:[68,   417] loss: 2.286832e-01 masks: 47.5 33.4 [wd: 3.13e-01] [lr: 3.59e-04] [mem: 2.13e+04] (364.3 ms)
INFO:root:[68,   417] grad_stats: [7.19e-03 3.27e-03] (1.95e-03, 6.41e-02)
INFO:root:[68,   834] loss: 2.288666e-01 masks: 47.6 33.4 [wd: 3.15e-01] [lr: 3.52e-04] [mem: 2.13e+04] (363.9 ms)
INFO:root:[68,   834] grad_stats: [5.31e-03 3.43e-03] (2.22e-03, 5.40e-02)
INFO:root:avg. loss 2.29443225e-01
INFO:root:time taken for epoch 0:09:04.572588
INFO:root:Epoch 69
INFO:root:[69,     0] loss: 2.163753e-01 masks: 60.0 30.0 [wd: 3.16e-01] [lr: 3.46e-04] [mem: 2.13e+04] (407.6 ms)
INFO:root:[69,     0] grad_stats: [5.68e-03 3.30e-03] (1.83e-03, 4.81e-02)
INFO:root:[69,   417] loss: 2.288349e-01 masks: 47.1 33.5 [wd: 3.18e-01] [lr: 3.40e-04] [mem: 2.13e+04] (363.2 ms)
INFO:root:[69,   417] grad_stats: [4.96e-03 3.46e-03] (2.13e-03, 4.88e-02)
INFO:root:[69,   834] loss: 2.286196e-01 masks: 47.5 33.4 [wd: 3.20e-01] [lr: 3.34e-04] [mem: 2.13e+04] (363.2 ms)
INFO:root:[69,   834] grad_stats: [4.62e-03 3.60e-03] (2.26e-03, 6.46e-02)
INFO:root:avg. loss 2.28967566e-01
INFO:root:time taken for epoch 0:09:06.744012
INFO:root:Epoch 70
INFO:root:[70,     0] loss: 2.257662e-01 masks: 58.0 30.0 [wd: 3.21e-01] [lr: 3.28e-04] [mem: 2.13e+04] (412.2 ms)
INFO:root:[70,     0] grad_stats: [6.16e-03 3.47e-03] (1.77e-03, 5.08e-02)
INFO:root:[70,   417] loss: 2.281310e-01 masks: 47.5 33.4 [wd: 3.23e-01] [lr: 3.21e-04] [mem: 2.13e+04] (363.5 ms)
INFO:root:[70,   417] grad_stats: [5.48e-03 3.90e-03] (1.98e-03, 5.89e-02)
INFO:root:[70,   834] loss: 2.281383e-01 masks: 47.6 33.4 [wd: 3.24e-01] [lr: 3.15e-04] [mem: 2.13e+04] (363.7 ms)
INFO:root:[70,   834] grad_stats: [5.18e-03 3.50e-03] (1.94e-03, 4.05e-02)
INFO:root:avg. loss 2.27892522e-01
INFO:root:time taken for epoch 0:09:06.078935
INFO:root:Epoch 71
INFO:root:[71,     0] loss: 2.333891e-01 masks: 54.0 30.0 [wd: 3.26e-01] [lr: 3.09e-04] [mem: 2.13e+04] (403.3 ms)
INFO:root:[71,     0] grad_stats: [5.01e-03 3.43e-03] (2.16e-03, 6.02e-02)
INFO:root:[71,   417] loss: 2.271403e-01 masks: 47.8 33.3 [wd: 3.27e-01] [lr: 3.03e-04] [mem: 2.13e+04] (364.8 ms)
INFO:root:[71,   417] grad_stats: [4.97e-03 3.86e-03] (2.38e-03, 5.36e-02)
INFO:root:[71,   834] loss: 2.275381e-01 masks: 47.8 33.3 [wd: 3.29e-01] [lr: 2.97e-04] [mem: 2.13e+04] (364.3 ms)
INFO:root:[71,   834] grad_stats: [6.73e-03 3.88e-03] (2.55e-03, 5.41e-02)
INFO:root:avg. loss 2.28089906e-01
INFO:root:time taken for epoch 0:09:04.709057
INFO:root:Epoch 72
INFO:root:[72,     0] loss: 2.285464e-01 masks: 41.0 36.0 [wd: 3.30e-01] [lr: 2.91e-04] [mem: 2.13e+04] (393.4 ms)
INFO:root:[72,     0] grad_stats: [5.56e-03 3.80e-03] (2.43e-03, 5.30e-02)
INFO:root:[72,   417] loss: 2.274350e-01 masks: 48.0 33.3 [wd: 3.32e-01] [lr: 2.85e-04] [mem: 2.13e+04] (364.1 ms)
INFO:root:[72,   417] grad_stats: [5.14e-03 3.77e-03] (2.24e-03, 5.17e-02)
INFO:root:[72,   834] loss: 2.278452e-01 masks: 47.7 33.3 [wd: 3.33e-01] [lr: 2.80e-04] [mem: 2.13e+04] (364.0 ms)
INFO:root:[72,   834] grad_stats: [5.94e-03 3.73e-03] (2.28e-03, 5.63e-02)
INFO:root:avg. loss 2.28080767e-01
INFO:root:time taken for epoch 0:09:04.924858
INFO:root:Epoch 73
INFO:root:[73,     0] loss: 2.295382e-01 masks: 39.0 36.0 [wd: 3.35e-01] [lr: 2.74e-04] [mem: 2.13e+04] (396.9 ms)
INFO:root:[73,     0] grad_stats: [6.49e-03 3.99e-03] (2.40e-03, 6.64e-02)
INFO:root:[73,   417] loss: 2.276523e-01 masks: 47.7 33.5 [wd: 3.36e-01] [lr: 2.68e-04] [mem: 2.13e+04] (363.7 ms)
INFO:root:[73,   417] grad_stats: [6.43e-03 4.00e-03] (2.55e-03, 7.18e-02)
INFO:root:[73,   834] loss: 2.272144e-01 masks: 47.9 33.3 [wd: 3.38e-01] [lr: 2.62e-04] [mem: 2.13e+04] (363.9 ms)
INFO:root:[73,   834] grad_stats: [4.49e-03 3.98e-03] (2.18e-03, 6.20e-02)
INFO:root:avg. loss 2.27417075e-01
INFO:root:time taken for epoch 0:09:05.740725
INFO:root:Epoch 74
INFO:root:[74,     0] loss: 2.275906e-01 masks: 43.0 35.0 [wd: 3.39e-01] [lr: 2.56e-04] [mem: 2.13e+04] (397.9 ms)
INFO:root:[74,     0] grad_stats: [4.96e-03 4.10e-03] (2.36e-03, 7.10e-02)
INFO:root:[74,   417] loss: 2.282866e-01 masks: 47.2 33.5 [wd: 3.40e-01] [lr: 2.51e-04] [mem: 2.13e+04] (362.2 ms)
INFO:root:[74,   417] grad_stats: [4.65e-03 4.11e-03] (2.34e-03, 5.15e-02)
INFO:root:[74,   834] loss: 2.278960e-01 masks: 47.4 33.4 [wd: 3.42e-01] [lr: 2.45e-04] [mem: 2.13e+04] (363.2 ms)
INFO:root:[74,   834] grad_stats: [5.18e-03 4.11e-03] (2.35e-03, 5.26e-02)
INFO:root:avg. loss 2.27660353e-01
INFO:root:time taken for epoch 0:09:05.024259
INFO:root:Epoch 75
INFO:root:[75,     0] loss: 2.323065e-01 masks: 49.0 30.0 [wd: 3.43e-01] [lr: 2.39e-04] [mem: 2.13e+04] (382.6 ms)
INFO:root:[75,     0] grad_stats: [5.21e-03 4.09e-03] (2.50e-03, 6.97e-02)
INFO:root:[75,   417] loss: 2.281371e-01 masks: 46.9 33.6 [wd: 3.45e-01] [lr: 2.34e-04] [mem: 2.13e+04] (362.4 ms)
INFO:root:[75,   417] grad_stats: [4.82e-03 4.27e-03] (2.21e-03, 5.74e-02)
INFO:root:[75,   834] loss: 2.283917e-01 masks: 46.7 33.7 [wd: 3.46e-01] [lr: 2.28e-04] [mem: 2.13e+04] (362.2 ms)
INFO:root:[75,   834] grad_stats: [4.79e-03 4.26e-03] (2.28e-03, 5.14e-02)
INFO:root:avg. loss 2.27937398e-01
INFO:root:time taken for epoch 0:09:04.388538
INFO:root:Epoch 76
INFO:root:[76,     0] loss: 2.251044e-01 masks: 59.0 30.0 [wd: 3.47e-01] [lr: 2.23e-04] [mem: 2.13e+04] (397.5 ms)
INFO:root:[76,     0] grad_stats: [5.82e-03 4.17e-03] (2.27e-03, 6.36e-02)
INFO:root:[76,   417] loss: 2.259557e-01 masks: 47.8 33.4 [wd: 3.49e-01] [lr: 2.18e-04] [mem: 2.13e+04] (364.0 ms)
INFO:root:[76,   417] grad_stats: [6.15e-03 4.29e-03] (2.89e-03, 8.30e-02)
INFO:root:[76,   834] loss: 2.267141e-01 masks: 47.6 33.5 [wd: 3.50e-01] [lr: 2.12e-04] [mem: 2.13e+04] (364.0 ms)
INFO:root:[76,   834] grad_stats: [5.03e-03 4.44e-03] (2.49e-03, 5.65e-02)
INFO:root:avg. loss 2.26760754e-01
INFO:root:time taken for epoch 0:09:04.910208
INFO:root:Epoch 77
INFO:root:[77,     0] loss: 2.256317e-01 masks: 49.0 30.0 [wd: 3.51e-01] [lr: 2.07e-04] [mem: 2.13e+04] (398.1 ms)
INFO:root:[77,     0] grad_stats: [4.90e-03 4.28e-03] (2.37e-03, 5.40e-02)
INFO:root:[77,   417] loss: 2.265696e-01 masks: 47.7 33.4 [wd: 3.53e-01] [lr: 2.02e-04] [mem: 2.13e+04] (363.3 ms)
INFO:root:[77,   417] grad_stats: [5.51e-03 4.51e-03] (2.50e-03, 5.88e-02)
INFO:root:[77,   834] loss: 2.269664e-01 masks: 47.6 33.4 [wd: 3.54e-01] [lr: 1.96e-04] [mem: 2.13e+04] (362.8 ms)
INFO:root:[77,   834] grad_stats: [6.94e-03 4.51e-03] (3.03e-03, 6.50e-02)
INFO:root:avg. loss 2.26954436e-01
INFO:root:time taken for epoch 0:09:04.799704
INFO:root:Epoch 78
INFO:root:[78,     0] loss: 2.281575e-01 masks: 42.0 35.0 [wd: 3.55e-01] [lr: 1.91e-04] [mem: 2.13e+04] (395.5 ms)
INFO:root:[78,     0] grad_stats: [5.84e-03 4.55e-03] (2.59e-03, 6.45e-02)
INFO:root:[78,   417] loss: 2.262353e-01 masks: 47.8 33.4 [wd: 3.56e-01] [lr: 1.86e-04] [mem: 2.13e+04] (363.1 ms)
INFO:root:[78,   417] grad_stats: [6.20e-03 4.67e-03] (2.47e-03, 6.77e-02)
INFO:root:[78,   834] loss: 2.265165e-01 masks: 47.7 33.4 [wd: 3.57e-01] [lr: 1.81e-04] [mem: 2.13e+04] (363.2 ms)
INFO:root:[78,   834] grad_stats: [6.76e-03 4.66e-03] (2.89e-03, 6.79e-02)
INFO:root:avg. loss 2.26798285e-01
INFO:root:time taken for epoch 0:09:04.424396
INFO:root:Epoch 79
INFO:root:[79,     0] loss: 2.243429e-01 masks: 55.0 30.0 [wd: 3.59e-01] [lr: 1.76e-04] [mem: 2.13e+04] (409.0 ms)
INFO:root:[79,     0] grad_stats: [6.16e-03 4.63e-03] (2.73e-03, 8.31e-02)
INFO:root:[79,   417] loss: 2.259061e-01 masks: 47.6 33.5 [wd: 3.60e-01] [lr: 1.71e-04] [mem: 2.13e+04] (363.1 ms)
INFO:root:[79,   417] grad_stats: [5.13e-03 4.72e-03] (2.70e-03, 6.03e-02)
INFO:root:[79,   834] loss: 2.265086e-01 masks: 47.2 33.6 [wd: 3.61e-01] [lr: 1.66e-04] [mem: 2.13e+04] (362.9 ms)
INFO:root:[79,   834] grad_stats: [5.73e-03 4.93e-03] (2.84e-03, 6.37e-02)
INFO:root:avg. loss 2.26030294e-01
INFO:root:time taken for epoch 0:09:06.935656
INFO:root:Epoch 80
INFO:root:[80,     0] loss: 2.216536e-01 masks: 48.0 35.0 [wd: 3.62e-01] [lr: 1.61e-04] [mem: 2.13e+04] (403.8 ms)
INFO:root:[80,     0] grad_stats: [6.21e-03 5.02e-03] (3.06e-03, 6.34e-02)
INFO:root:[80,   417] loss: 2.254091e-01 masks: 47.6 33.4 [wd: 3.63e-01] [lr: 1.57e-04] [mem: 2.13e+04] (362.8 ms)
INFO:root:[80,   417] grad_stats: [5.38e-03 4.84e-03] (2.82e-03, 5.14e-02)
INFO:root:[80,   834] loss: 2.250785e-01 masks: 47.8 33.3 [wd: 3.65e-01] [lr: 1.52e-04] [mem: 2.13e+04] (363.5 ms)
INFO:root:[80,   834] grad_stats: [6.25e-03 5.16e-03] (3.20e-03, 6.66e-02)
INFO:root:avg. loss 2.25406225e-01
INFO:root:time taken for epoch 0:09:05.194696
INFO:root:Epoch 81
INFO:root:[81,     0] loss: 2.152117e-01 masks: 58.0 30.0 [wd: 3.66e-01] [lr: 1.47e-04] [mem: 2.13e+04] (406.0 ms)
INFO:root:[81,     0] grad_stats: [5.51e-03 4.99e-03] (2.97e-03, 6.05e-02)
INFO:root:[81,   417] loss: 2.252519e-01 masks: 47.5 33.4 [wd: 3.67e-01] [lr: 1.43e-04] [mem: 2.13e+04] (362.6 ms)
INFO:root:[81,   417] grad_stats: [7.12e-03 5.05e-03] (3.03e-03, 7.07e-02)
INFO:root:[81,   834] loss: 2.248632e-01 masks: 47.9 33.3 [wd: 3.68e-01] [lr: 1.38e-04] [mem: 2.13e+04] (363.3 ms)
INFO:root:[81,   834] grad_stats: [5.95e-03 5.13e-03] (2.80e-03, 7.55e-02)
INFO:root:avg. loss 2.24854817e-01
INFO:root:time taken for epoch 0:09:05.373933
INFO:root:Epoch 82
INFO:root:[82,     0] loss: 2.105344e-01 masks: 57.0 30.0 [wd: 3.69e-01] [lr: 1.34e-04] [mem: 2.13e+04] (418.9 ms)
INFO:root:[82,     0] grad_stats: [4.91e-03 5.01e-03] (2.61e-03, 7.06e-02)
INFO:root:[82,   417] loss: 2.235735e-01 masks: 47.8 33.3 [wd: 3.70e-01] [lr: 1.29e-04] [mem: 2.13e+04] (364.0 ms)
INFO:root:[82,   417] grad_stats: [5.27e-03 5.30e-03] (2.80e-03, 7.75e-02)
INFO:root:[82,   834] loss: 2.240329e-01 masks: 47.6 33.3 [wd: 3.71e-01] [lr: 1.25e-04] [mem: 2.13e+04] (363.8 ms)
INFO:root:[82,   834] grad_stats: [5.55e-03 5.28e-03] (2.84e-03, 6.29e-02)
INFO:root:avg. loss 2.24290861e-01
INFO:root:time taken for epoch 0:09:05.147183
INFO:root:Epoch 83
INFO:root:[83,     0] loss: 2.152943e-01 masks: 54.0 30.0 [wd: 3.72e-01] [lr: 1.21e-04] [mem: 2.13e+04] (391.3 ms)
INFO:root:[83,     0] grad_stats: [5.64e-03 5.15e-03] (3.12e-03, 9.03e-02)
INFO:root:[83,   417] loss: 2.234157e-01 masks: 47.7 33.5 [wd: 3.73e-01] [lr: 1.16e-04] [mem: 2.13e+04] (362.7 ms)
INFO:root:[83,   417] grad_stats: [5.39e-03 5.43e-03] (2.86e-03, 9.07e-02)
INFO:root:[83,   834] loss: 2.236417e-01 masks: 47.6 33.4 [wd: 3.74e-01] [lr: 1.12e-04] [mem: 2.13e+04] (362.8 ms)
INFO:root:[83,   834] grad_stats: [5.21e-03 5.54e-03] (2.83e-03, 8.50e-02)
INFO:root:avg. loss 2.23783999e-01
INFO:root:time taken for epoch 0:09:04.146208
INFO:root:Epoch 84
INFO:root:[84,     0] loss: 2.162885e-01 masks: 48.0 35.0 [wd: 3.75e-01] [lr: 1.08e-04] [mem: 2.13e+04] (409.3 ms)
INFO:root:[84,     0] grad_stats: [6.24e-03 5.73e-03] (3.18e-03, 1.10e-01)
INFO:root:[84,   417] loss: 2.226096e-01 masks: 47.6 33.5 [wd: 3.76e-01] [lr: 1.04e-04] [mem: 2.13e+04] (363.9 ms)
INFO:root:[84,   417] grad_stats: [7.88e-03 5.87e-03] (3.48e-03, 1.04e-01)
INFO:root:[84,   834] loss: 2.222133e-01 masks: 48.0 33.3 [wd: 3.77e-01] [lr: 1.00e-04] [mem: 2.13e+04] (364.2 ms)
INFO:root:[84,   834] grad_stats: [6.41e-03 5.95e-03] (3.44e-03, 7.76e-02)
INFO:root:avg. loss 2.22625094e-01
INFO:root:time taken for epoch 0:09:05.031657
INFO:root:Epoch 85
INFO:root:[85,     0] loss: 2.169727e-01 masks: 39.0 35.0 [wd: 3.78e-01] [lr: 9.64e-05] [mem: 2.13e+04] (397.3 ms)
INFO:root:[85,     0] grad_stats: [6.62e-03 5.95e-03] (3.22e-03, 9.81e-02)
INFO:root:[85,   417] loss: 2.219247e-01 masks: 47.8 33.4 [wd: 3.79e-01] [lr: 9.26e-05] [mem: 2.13e+04] (363.8 ms)
INFO:root:[85,   417] grad_stats: [6.69e-03 5.67e-03] (3.29e-03, 7.95e-02)
INFO:root:[85,   834] loss: 2.220676e-01 masks: 47.6 33.4 [wd: 3.80e-01] [lr: 8.88e-05] [mem: 2.13e+04] (363.7 ms)
INFO:root:[85,   834] grad_stats: [5.41e-03 6.08e-03] (3.20e-03, 7.07e-02)
INFO:root:avg. loss 2.21681018e-01
INFO:root:time taken for epoch 0:09:04.825520
INFO:root:Epoch 86
INFO:root:[86,     0] loss: 2.188744e-01 masks: 57.0 30.0 [wd: 3.80e-01] [lr: 8.52e-05] [mem: 2.13e+04] (409.7 ms)
INFO:root:[86,     0] grad_stats: [6.33e-03 5.84e-03] (3.19e-03, 1.04e-01)
INFO:root:[86,   417] loss: 2.218276e-01 masks: 47.2 33.5 [wd: 3.81e-01] [lr: 8.16e-05] [mem: 2.13e+04] (362.2 ms)
INFO:root:[86,   417] grad_stats: [6.19e-03 6.10e-03] (3.36e-03, 8.13e-02)
INFO:root:[86,   834] loss: 2.213726e-01 masks: 47.5 33.5 [wd: 3.82e-01] [lr: 7.81e-05] [mem: 2.13e+04] (363.0 ms)
INFO:root:[86,   834] grad_stats: [5.54e-03 6.15e-03] (3.07e-03, 7.89e-02)
INFO:root:avg. loss 2.21099104e-01
INFO:root:time taken for epoch 0:09:04.340396
INFO:root:Epoch 87
INFO:root:[87,     0] loss: 2.271895e-01 masks: 37.0 36.0 [wd: 3.83e-01] [lr: 7.46e-05] [mem: 2.13e+04] (376.7 ms)
INFO:root:[87,     0] grad_stats: [6.57e-03 6.03e-03] (3.36e-03, 9.33e-02)
INFO:root:[87,   417] loss: 2.210273e-01 masks: 47.4 33.5 [wd: 3.84e-01] [lr: 7.12e-05] [mem: 2.13e+04] (362.6 ms)
INFO:root:[87,   417] grad_stats: [7.49e-03 6.02e-03] (3.62e-03, 8.42e-02)
INFO:root:[87,   834] loss: 2.212432e-01 masks: 47.2 33.6 [wd: 3.84e-01] [lr: 6.79e-05] [mem: 2.13e+04] (362.6 ms)
INFO:root:[87,   834] grad_stats: [5.11e-03 5.99e-03] (2.89e-03, 9.02e-02)
INFO:root:avg. loss 2.20919318e-01
INFO:root:time taken for epoch 0:09:04.077708
INFO:root:Epoch 88
INFO:root:[88,     0] loss: 2.140822e-01 masks: 55.0 30.0 [wd: 3.85e-01] [lr: 6.47e-05] [mem: 2.13e+04] (401.1 ms)
INFO:root:[88,     0] grad_stats: [6.06e-03 5.97e-03] (3.38e-03, 8.62e-02)
INFO:root:[88,   417] loss: 2.183700e-01 masks: 48.3 33.2 [wd: 3.86e-01] [lr: 6.15e-05] [mem: 2.13e+04] (363.8 ms)
INFO:root:[88,   417] grad_stats: [8.00e-03 6.25e-03] (3.70e-03, 1.25e-01)
INFO:root:[88,   834] loss: 2.188986e-01 masks: 47.9 33.4 [wd: 3.87e-01] [lr: 5.84e-05] [mem: 2.13e+04] (363.4 ms)
INFO:root:[88,   834] grad_stats: [6.47e-03 6.34e-03] (3.58e-03, 1.04e-01)
INFO:root:avg. loss 2.19000670e-01
INFO:root:time taken for epoch 0:09:05.658206
INFO:root:Epoch 89
INFO:root:[89,     0] loss: 2.151371e-01 masks: 51.0 30.0 [wd: 3.87e-01] [lr: 5.54e-05] [mem: 2.13e+04] (385.5 ms)
INFO:root:[89,     0] grad_stats: [6.22e-03 6.37e-03] (3.28e-03, 8.55e-02)
INFO:root:[89,   417] loss: 2.187235e-01 masks: 47.2 33.4 [wd: 3.88e-01] [lr: 5.25e-05] [mem: 2.13e+04] (363.3 ms)
INFO:root:[89,   417] grad_stats: [5.38e-03 6.18e-03] (3.05e-03, 7.59e-02)
INFO:root:[89,   834] loss: 2.188099e-01 masks: 47.2 33.3 [wd: 3.89e-01] [lr: 4.97e-05] [mem: 2.13e+04] (363.3 ms)
INFO:root:[89,   834] grad_stats: [5.68e-03 6.59e-03] (3.76e-03, 9.88e-02)
INFO:root:avg. loss 2.18647595e-01
INFO:root:time taken for epoch 0:09:06.791292
INFO:root:Epoch 90
INFO:root:[90,     0] loss: 2.167802e-01 masks: 41.0 36.0 [wd: 3.89e-01] [lr: 4.69e-05] [mem: 2.13e+04] (400.6 ms)
INFO:root:[90,     0] grad_stats: [6.35e-03 6.34e-03] (3.73e-03, 1.16e-01)
INFO:root:[90,   417] loss: 2.169386e-01 masks: 47.7 33.2 [wd: 3.90e-01] [lr: 4.42e-05] [mem: 2.13e+04] (364.8 ms)
INFO:root:[90,   417] grad_stats: [7.10e-03 6.57e-03] (4.07e-03, 9.80e-02)
INFO:root:[90,   834] loss: 2.177020e-01 masks: 47.4 33.4 [wd: 3.91e-01] [lr: 4.16e-05] [mem: 2.13e+04] (363.8 ms)
INFO:root:[90,   834] grad_stats: [5.21e-03 6.35e-03] (3.47e-03, 9.75e-02)
INFO:root:avg. loss 2.17546462e-01
INFO:root:time taken for epoch 0:09:04.832562
INFO:root:Epoch 91
INFO:root:[91,     0] loss: 2.123733e-01 masks: 52.0 30.0 [wd: 3.91e-01] [lr: 3.90e-05] [mem: 2.13e+04] (396.4 ms)
INFO:root:[91,     0] grad_stats: [5.86e-03 6.52e-03] (3.51e-03, 7.82e-02)
INFO:root:[91,   417] loss: 2.170312e-01 masks: 47.3 33.4 [wd: 3.92e-01] [lr: 3.66e-05] [mem: 2.13e+04] (362.5 ms)
INFO:root:[91,   417] grad_stats: [5.90e-03 6.64e-03] (3.60e-03, 8.80e-02)
INFO:root:[91,   834] loss: 2.166465e-01 masks: 47.7 33.3 [wd: 3.92e-01] [lr: 3.42e-05] [mem: 2.13e+04] (363.1 ms)
INFO:root:[91,   834] grad_stats: [5.51e-03 6.73e-03] (3.51e-03, 8.99e-02)
INFO:root:avg. loss 2.16526295e-01
INFO:root:time taken for epoch 0:09:05.098616
INFO:root:Epoch 92
INFO:root:[92,     0] loss: 2.341339e-01 masks: 46.0 35.0 [wd: 3.93e-01] [lr: 3.19e-05] [mem: 2.13e+04] (391.8 ms)
INFO:root:[92,     0] grad_stats: [6.77e-03 6.59e-03] (3.85e-03, 8.77e-02)
INFO:root:[92,   417] loss: 2.160121e-01 masks: 47.6 33.5 [wd: 3.93e-01] [lr: 2.96e-05] [mem: 2.13e+04] (363.2 ms)
INFO:root:[92,   417] grad_stats: [6.11e-03 6.79e-03] (3.76e-03, 1.03e-01)
INFO:root:[92,   834] loss: 2.159353e-01 masks: 47.5 33.5 [wd: 3.94e-01] [lr: 2.75e-05] [mem: 2.13e+04] (363.0 ms)
INFO:root:[92,   834] grad_stats: [5.89e-03 6.58e-03] (3.68e-03, 1.11e-01)
INFO:root:avg. loss 2.15702539e-01
INFO:root:time taken for epoch 0:09:04.998996
INFO:root:Epoch 93
INFO:root:[93,     0] loss: 2.217456e-01 masks: 37.0 35.0 [wd: 3.94e-01] [lr: 2.54e-05] [mem: 2.13e+04] (381.0 ms)
INFO:root:[93,     0] grad_stats: [5.74e-03 6.62e-03] (3.58e-03, 8.14e-02)
INFO:root:[93,   417] loss: 2.143191e-01 masks: 48.0 33.2 [wd: 3.95e-01] [lr: 2.35e-05] [mem: 2.13e+04] (364.5 ms)
INFO:root:[93,   417] grad_stats: [6.25e-03 6.83e-03] (3.91e-03, 1.07e-01)
INFO:root:[93,   834] loss: 2.149744e-01 masks: 47.6 33.4 [wd: 3.95e-01] [lr: 2.16e-05] [mem: 2.13e+04] (363.1 ms)
INFO:root:[93,   834] grad_stats: [5.95e-03 6.77e-03] (3.96e-03, 9.89e-02)
INFO:root:avg. loss 2.14686803e-01
INFO:root:time taken for epoch 0:09:05.310222
INFO:root:Epoch 94
INFO:root:[94,     0] loss: 2.214450e-01 masks: 41.0 36.0 [wd: 3.96e-01] [lr: 1.97e-05] [mem: 2.13e+04] (383.4 ms)
INFO:root:[94,     0] grad_stats: [5.52e-03 6.58e-03] (3.30e-03, 8.61e-02)
INFO:root:[94,   417] loss: 2.142032e-01 masks: 47.5 33.5 [wd: 3.96e-01] [lr: 1.80e-05] [mem: 2.13e+04] (363.3 ms)
INFO:root:[94,   417] grad_stats: [6.46e-03 6.82e-03] (3.74e-03, 9.93e-02)
INFO:root:[94,   834] loss: 2.140950e-01 masks: 47.4 33.5 [wd: 3.96e-01] [lr: 1.64e-05] [mem: 2.13e+04] (363.8 ms)
INFO:root:[94,   834] grad_stats: [7.30e-03 6.79e-03] (4.32e-03, 1.27e-01)
INFO:root:avg. loss 2.13827114e-01
INFO:root:time taken for epoch 0:09:06.478289
INFO:root:Epoch 95
INFO:root:[95,     0] loss: 2.178124e-01 masks: 55.0 30.0 [wd: 3.97e-01] [lr: 1.48e-05] [mem: 2.13e+04] (411.5 ms)
INFO:root:[95,     0] grad_stats: [5.91e-03 6.86e-03] (4.05e-03, 1.01e-01)
INFO:root:[95,   417] loss: 2.127899e-01 masks: 47.9 33.3 [wd: 3.97e-01] [lr: 1.33e-05] [mem: 2.13e+04] (363.5 ms)
INFO:root:[95,   417] grad_stats: [6.28e-03 7.04e-03] (4.07e-03, 1.08e-01)
INFO:root:[95,   834] loss: 2.133292e-01 masks: 47.5 33.5 [wd: 3.97e-01] [lr: 1.19e-05] [mem: 2.13e+04] (363.0 ms)
INFO:root:[95,   834] grad_stats: [6.31e-03 6.99e-03] (4.39e-03, 1.05e-01)
INFO:root:avg. loss 2.12917413e-01
INFO:root:time taken for epoch 0:09:06.950734
INFO:root:Epoch 96
INFO:root:[96,     0] loss: 1.953279e-01 masks: 57.0 30.0 [wd: 3.98e-01] [lr: 1.06e-05] [mem: 2.13e+04] (394.4 ms)
INFO:root:[96,     0] grad_stats: [5.60e-03 6.70e-03] (3.78e-03, 1.02e-01)
INFO:root:[96,   417] loss: 2.131387e-01 masks: 47.4 33.4 [wd: 3.98e-01] [lr: 9.36e-06] [mem: 2.13e+04] (362.8 ms)
INFO:root:[96,   417] grad_stats: [5.51e-03 6.62e-03] (3.73e-03, 8.62e-02)
INFO:root:[96,   834] loss: 2.130314e-01 masks: 47.2 33.5 [wd: 3.98e-01] [lr: 8.21e-06] [mem: 2.13e+04] (362.8 ms)
INFO:root:[96,   834] grad_stats: [5.51e-03 6.94e-03] (3.78e-03, 1.09e-01)
INFO:root:avg. loss 2.12542603e-01
INFO:root:time taken for epoch 0:09:06.365759
INFO:root:Epoch 97
INFO:root:[97,     0] loss: 2.052151e-01 masks: 49.0 35.0 [wd: 3.99e-01] [lr: 7.15e-06] [mem: 2.13e+04] (404.7 ms)
INFO:root:[97,     0] grad_stats: [5.02e-03 6.57e-03] (3.54e-03, 9.18e-02)
INFO:root:[97,   417] loss: 2.114692e-01 masks: 48.2 33.3 [wd: 3.99e-01] [lr: 6.17e-06] [mem: 2.13e+04] (363.5 ms)
INFO:root:[97,   417] grad_stats: [4.44e-03 6.52e-03] (3.26e-03, 7.96e-02)
INFO:root:[97,   834] loss: 2.113386e-01 masks: 48.1 33.3 [wd: 3.99e-01] [lr: 5.27e-06] [mem: 2.13e+04] (363.9 ms)
INFO:root:[97,   834] grad_stats: [6.96e-03 7.06e-03] (4.43e-03, 1.11e-01)
INFO:root:avg. loss 2.11496440e-01
INFO:root:time taken for epoch 0:09:06.014366
INFO:root:Epoch 98
INFO:root:[98,     0] loss: 2.128591e-01 masks: 38.0 35.0 [wd: 3.99e-01] [lr: 4.46e-06] [mem: 2.13e+04] (399.3 ms)
INFO:root:[98,     0] grad_stats: [5.89e-03 7.04e-03] (4.01e-03, 1.00e-01)
INFO:root:[98,   417] loss: 2.112624e-01 masks: 47.6 33.4 [wd: 3.99e-01] [lr: 3.73e-06] [mem: 2.13e+04] (363.0 ms)
INFO:root:[98,   417] grad_stats: [5.50e-03 6.90e-03] (4.17e-03, 8.74e-02)
INFO:root:[98,   834] loss: 2.112866e-01 masks: 47.8 33.4 [wd: 4.00e-01] [lr: 3.09e-06] [mem: 2.13e+04] (363.3 ms)
INFO:root:[98,   834] grad_stats: [5.99e-03 6.80e-03] (3.98e-03, 1.02e-01)
INFO:root:avg. loss 2.11241476e-01
INFO:root:time taken for epoch 0:09:05.732783
INFO:root:Epoch 99
INFO:root:[99,     0] loss: 2.150013e-01 masks: 46.0 36.0 [wd: 4.00e-01] [lr: 2.54e-06] [mem: 2.13e+04] (400.3 ms)
INFO:root:[99,     0] grad_stats: [5.99e-03 6.77e-03] (3.96e-03, 1.00e-01)
INFO:root:[99,   417] loss: 2.103815e-01 masks: 48.0 33.1 [wd: 4.00e-01] [lr: 2.07e-06] [mem: 2.13e+04] (364.0 ms)
INFO:root:[99,   417] grad_stats: [4.91e-03 6.47e-03] (3.50e-03, 8.07e-02)
INFO:root:[99,   834] loss: 2.108135e-01 masks: 48.0 33.3 [wd: 4.00e-01] [lr: 1.68e-06] [mem: 2.13e+04] (364.1 ms)
INFO:root:[99,   834] grad_stats: [4.12e-03 6.52e-03] (3.34e-03, 8.53e-02)
INFO:root:avg. loss 2.11097638e-01
INFO:root:time taken for epoch 0:09:08.830858
INFO:root:Epoch 100
INFO:root:[100,     0] loss: 2.190295e-01 masks: 31.0 36.0 [wd: 4.00e-01] [lr: 1.38e-06] [mem: 2.13e+04] (361.2 ms)
INFO:root:[100,     0] grad_stats: [5.99e-03 6.98e-03] (4.27e-03, 1.03e-01)
INFO:root:[100,   417] loss: 2.090134e-01 masks: 48.8 33.0 [wd: 4.00e-01] [lr: 1.17e-06] [mem: 2.13e+04] (365.3 ms)
INFO:root:[100,   417] grad_stats: [5.48e-03 6.63e-03] (3.66e-03, 9.51e-02)
INFO:root:[100,   834] loss: 2.101280e-01 masks: 48.0 33.3 [wd: 4.00e-01] [lr: 1.04e-06] [mem: 2.13e+04] (364.4 ms)
INFO:root:[100,   834] grad_stats: [6.19e-03 7.08e-03] (4.34e-03, 9.93e-02)
INFO:root:avg. loss 2.10121881e-01
[rank1]:[W327 10:00:05.852795060 ProcessGroupNCCL.cpp:1250] Warning: WARNING: process group has NOT been destroyed before we destruct ProcessGroupNCCL. On normal program exit, the application should call destroy_process_group to ensure that any pending NCCL operations have finished in this process. In rare cases this process can exit before this point and block the progress of another member of the process group. This constraint has always been present,  but this warning has only been added since PyTorch 2.4 (function operator())
[rank3]:[W327 10:00:05.863336630 ProcessGroupNCCL.cpp:1250] Warning: WARNING: process group has NOT been destroyed before we destruct ProcessGroupNCCL. On normal program exit, the application should call destroy_process_group to ensure that any pending NCCL operations have finished in this process. In rare cases this process can exit before this point and block the progress of another member of the process group. This constraint has always been present,  but this warning has only been added since PyTorch 2.4 (function operator())
[rank2]:[W327 10:00:05.872738483 ProcessGroupNCCL.cpp:1250] Warning: WARNING: process group has NOT been destroyed before we destruct ProcessGroupNCCL. On normal program exit, the application should call destroy_process_group to ensure that any pending NCCL operations have finished in this process. In rare cases this process can exit before this point and block the progress of another member of the process group. This constraint has always been present,  but this warning has only been added since PyTorch 2.4 (function operator())
INFO:root:time taken for epoch 0:09:08.179890
INFO:root:Total pretraining time 15:09:39.972463
[rank0]:[W327 10:00:10.916579865 ProcessGroupNCCL.cpp:1250] Warning: WARNING: process group has NOT been destroyed before we destruct ProcessGroupNCCL. On normal program exit, the application should call destroy_process_group to ensure that any pending NCCL operations have finished in this process. In rare cases this process can exit before this point and block the progress of another member of the process group. This constraint has always been present,  but this warning has only been added since PyTorch 2.4 (function operator())
