Directory logs_PKT_chunks/iic-train-l2-seed0-KNN-ep250/classifiers for saving the classifiers is now present
VisionTransformer(
  (patch_embed): PatchEmbed(
    (proj): Conv2d(3, 768, kernel_size=(15, 15), stride=(15, 15))
  )
  (blocks): ModuleList(
    (0-11): 12 x Block(
      (norm1): LayerNorm((768,), eps=1e-06, elementwise_affine=True)
      (attn): Attention(
        (qkv): Linear(in_features=768, out_features=2304, bias=True)
        (attn_drop): Dropout(p=0.0, inplace=False)
        (proj): Linear(in_features=768, out_features=768, bias=True)
        (proj_drop): Dropout(p=0.0, inplace=False)
      )
      (drop_path): Identity()
      (norm2): LayerNorm((768,), eps=1e-06, elementwise_affine=True)
      (mlp): MLP(
        (fc1): Linear(in_features=768, out_features=3072, bias=True)
        (act): GELU(approximate='none')
        (fc2): Linear(in_features=3072, out_features=768, bias=True)
        (drop): Dropout(p=0.0, inplace=False)
      )
    )
  )
  (norm): LayerNorm((768,), eps=1e-06, elementwise_affine=True)
)
Extracting features and saving them in memory..
Extracting features...
Time taken to extract features: 25.31136444400181
Epoch: 1/200 Train accuracy: 4.83112e-01 Validation accuracy: 6.47333e-01 Training loss 1.12766e-02 Validation loss 8.85995e-03 Time taken: 0.08 seconds 
Epoch: 2/200 Train accuracy: 6.95810e-01 Validation accuracy: 7.00667e-01 Training loss 7.56903e-03 Validation loss 7.21727e-03 Time taken: 0.08 seconds 
Epoch: 3/200 Train accuracy: 7.23814e-01 Validation accuracy: 7.19333e-01 Training loss 6.54767e-03 Validation loss 6.55775e-03 Time taken: 0.08 seconds 
Epoch: 4/200 Train accuracy: 7.34716e-01 Validation accuracy: 7.32333e-01 Training loss 6.06900e-03 Validation loss 6.23393e-03 Time taken: 0.08 seconds 
Epoch: 5/200 Train accuracy: 7.42269e-01 Validation accuracy: 7.44000e-01 Training loss 5.79436e-03 Validation loss 5.98586e-03 Time taken: 0.08 seconds 
Epoch: 6/200 Train accuracy: 7.43480e-01 Validation accuracy: 7.37000e-01 Training loss 5.61541e-03 Validation loss 5.81651e-03 Time taken: 0.08 seconds 
Epoch: 7/200 Train accuracy: 7.47898e-01 Validation accuracy: 7.44000e-01 Training loss 5.47769e-03 Validation loss 5.73967e-03 Time taken: 0.08 seconds 
Epoch: 8/200 Train accuracy: 7.51033e-01 Validation accuracy: 7.47000e-01 Training loss 5.38481e-03 Validation loss 5.61762e-03 Time taken: 0.08 seconds 
Epoch: 9/200 Train accuracy: 7.51247e-01 Validation accuracy: 7.52000e-01 Training loss 5.30907e-03 Validation loss 5.57111e-03 Time taken: 0.08 seconds 
Epoch: 10/200 Train accuracy: 7.54240e-01 Validation accuracy: 7.51333e-01 Training loss 5.24487e-03 Validation loss 5.50702e-03 Time taken: 0.08 seconds 
Epoch: 11/200 Train accuracy: 7.55095e-01 Validation accuracy: 7.59333e-01 Training loss 5.19793e-03 Validation loss 5.45513e-03 Time taken: 0.08 seconds 
Epoch: 12/200 Train accuracy: 7.58658e-01 Validation accuracy: 7.59000e-01 Training loss 5.15140e-03 Validation loss 5.42067e-03 Time taken: 0.08 seconds 
Epoch: 13/200 Train accuracy: 7.58729e-01 Validation accuracy: 7.55667e-01 Training loss 5.12228e-03 Validation loss 5.37454e-03 Time taken: 0.08 seconds 
Epoch: 14/200 Train accuracy: 7.62078e-01 Validation accuracy: 7.61000e-01 Training loss 5.08394e-03 Validation loss 5.38971e-03 Time taken: 0.09 seconds 
Epoch: 15/200 Train accuracy: 7.60439e-01 Validation accuracy: 7.62000e-01 Training loss 5.05964e-03 Validation loss 5.34004e-03 Time taken: 0.08 seconds 
Epoch: 16/200 Train accuracy: 7.62363e-01 Validation accuracy: 7.60000e-01 Training loss 5.03315e-03 Validation loss 5.29719e-03 Time taken: 0.08 seconds 
Epoch: 17/200 Train accuracy: 7.62363e-01 Validation accuracy: 7.62333e-01 Training loss 5.01016e-03 Validation loss 5.30285e-03 Time taken: 0.08 seconds 
Epoch: 18/200 Train accuracy: 7.64358e-01 Validation accuracy: 7.62000e-01 Training loss 4.99423e-03 Validation loss 5.28725e-03 Time taken: 0.08 seconds 
Epoch: 19/200 Train accuracy: 7.64857e-01 Validation accuracy: 7.62000e-01 Training loss 4.97396e-03 Validation loss 5.24678e-03 Time taken: 0.08 seconds 
Epoch: 20/200 Train accuracy: 7.65926e-01 Validation accuracy: 7.63000e-01 Training loss 4.95789e-03 Validation loss 5.23214e-03 Time taken: 0.08 seconds 
Epoch: 21/200 Train accuracy: 7.64786e-01 Validation accuracy: 7.62000e-01 Training loss 4.93936e-03 Validation loss 5.25624e-03 Time taken: 0.08 seconds 
Epoch: 22/200 Train accuracy: 7.66424e-01 Validation accuracy: 7.63667e-01 Training loss 4.92614e-03 Validation loss 5.21241e-03 Time taken: 0.08 seconds 
Epoch: 23/200 Train accuracy: 7.68063e-01 Validation accuracy: 7.62333e-01 Training loss 4.90960e-03 Validation loss 5.20295e-03 Time taken: 0.08 seconds 
Epoch: 24/200 Train accuracy: 7.67279e-01 Validation accuracy: 7.66000e-01 Training loss 4.89730e-03 Validation loss 5.20024e-03 Time taken: 0.08 seconds 
Epoch: 25/200 Train accuracy: 7.69061e-01 Validation accuracy: 7.64333e-01 Training loss 4.89600e-03 Validation loss 5.18893e-03 Time taken: 0.08 seconds 
Epoch: 26/200 Train accuracy: 7.69061e-01 Validation accuracy: 7.64000e-01 Training loss 4.88395e-03 Validation loss 5.17245e-03 Time taken: 0.08 seconds 
Epoch: 27/200 Train accuracy: 7.67351e-01 Validation accuracy: 7.63333e-01 Training loss 4.86589e-03 Validation loss 5.18217e-03 Time taken: 0.08 seconds 
Epoch: 28/200 Train accuracy: 7.69773e-01 Validation accuracy: 7.67333e-01 Training loss 4.85880e-03 Validation loss 5.16651e-03 Time taken: 0.08 seconds 
Epoch: 29/200 Train accuracy: 7.69061e-01 Validation accuracy: 7.64333e-01 Training loss 4.84514e-03 Validation loss 5.17884e-03 Time taken: 0.08 seconds 
Epoch: 30/200 Train accuracy: 7.70913e-01 Validation accuracy: 7.67667e-01 Training loss 4.84143e-03 Validation loss 5.16253e-03 Time taken: 0.08 seconds 
Epoch: 31/200 Train accuracy: 7.70343e-01 Validation accuracy: 7.63667e-01 Training loss 4.83563e-03 Validation loss 5.13395e-03 Time taken: 0.08 seconds 
Epoch: 32/200 Train accuracy: 7.69773e-01 Validation accuracy: 7.65333e-01 Training loss 4.82533e-03 Validation loss 5.16906e-03 Time taken: 0.08 seconds 
Epoch: 33/200 Train accuracy: 7.71412e-01 Validation accuracy: 7.68333e-01 Training loss 4.82506e-03 Validation loss 5.13503e-03 Time taken: 0.08 seconds 
Epoch: 34/200 Train accuracy: 7.70058e-01 Validation accuracy: 7.65333e-01 Training loss 4.81759e-03 Validation loss 5.11116e-03 Time taken: 0.08 seconds 
Epoch: 35/200 Train accuracy: 7.72909e-01 Validation accuracy: 7.68000e-01 Training loss 4.79890e-03 Validation loss 5.12412e-03 Time taken: 0.08 seconds 
Epoch: 36/200 Train accuracy: 7.72339e-01 Validation accuracy: 7.71333e-01 Training loss 4.79954e-03 Validation loss 5.11448e-03 Time taken: 0.08 seconds 
Epoch: 37/200 Train accuracy: 7.75545e-01 Validation accuracy: 7.67000e-01 Training loss 4.78753e-03 Validation loss 5.11501e-03 Time taken: 0.08 seconds 
Epoch: 38/200 Train accuracy: 7.73692e-01 Validation accuracy: 7.69000e-01 Training loss 4.78140e-03 Validation loss 5.10915e-03 Time taken: 0.08 seconds 
Epoch: 39/200 Train accuracy: 7.75046e-01 Validation accuracy: 7.68000e-01 Training loss 4.77623e-03 Validation loss 5.08500e-03 Time taken: 0.08 seconds 
Epoch: 40/200 Train accuracy: 7.73194e-01 Validation accuracy: 7.69667e-01 Training loss 4.77024e-03 Validation loss 5.10589e-03 Time taken: 0.08 seconds 
Epoch: 41/200 Train accuracy: 7.72339e-01 Validation accuracy: 7.69000e-01 Training loss 4.77361e-03 Validation loss 5.09423e-03 Time taken: 0.08 seconds 
Epoch: 42/200 Train accuracy: 7.75118e-01 Validation accuracy: 7.71000e-01 Training loss 4.75659e-03 Validation loss 5.10259e-03 Time taken: 0.08 seconds 
Epoch: 43/200 Train accuracy: 7.76756e-01 Validation accuracy: 7.69667e-01 Training loss 4.74807e-03 Validation loss 5.11106e-03 Time taken: 0.08 seconds 
Epoch: 44/200 Train accuracy: 7.75403e-01 Validation accuracy: 7.69667e-01 Training loss 4.74632e-03 Validation loss 5.06757e-03 Time taken: 0.08 seconds 
Epoch: 45/200 Train accuracy: 7.77041e-01 Validation accuracy: 7.68667e-01 Training loss 4.74708e-03 Validation loss 5.06168e-03 Time taken: 0.08 seconds 
Epoch: 46/200 Train accuracy: 7.76115e-01 Validation accuracy: 7.71333e-01 Training loss 4.73037e-03 Validation loss 5.08985e-03 Time taken: 0.08 seconds 
Epoch: 47/200 Train accuracy: 7.77825e-01 Validation accuracy: 7.68000e-01 Training loss 4.72966e-03 Validation loss 5.09391e-03 Time taken: 0.08 seconds 
Epoch: 48/200 Train accuracy: 7.76400e-01 Validation accuracy: 7.70000e-01 Training loss 4.72689e-03 Validation loss 5.05334e-03 Time taken: 0.08 seconds 
Epoch: 49/200 Train accuracy: 7.77825e-01 Validation accuracy: 7.69000e-01 Training loss 4.72369e-03 Validation loss 5.05266e-03 Time taken: 0.08 seconds 
Epoch: 50/200 Train accuracy: 7.79892e-01 Validation accuracy: 7.71667e-01 Training loss 4.71524e-03 Validation loss 5.05416e-03 Time taken: 0.08 seconds 
Epoch: 51/200 Train accuracy: 7.77825e-01 Validation accuracy: 7.68333e-01 Training loss 4.71520e-03 Validation loss 5.05328e-03 Time taken: 0.08 seconds 
Epoch: 52/200 Train accuracy: 7.77469e-01 Validation accuracy: 7.70000e-01 Training loss 4.71101e-03 Validation loss 5.06543e-03 Time taken: 0.08 seconds 
Epoch: 53/200 Train accuracy: 7.80105e-01 Validation accuracy: 7.70333e-01 Training loss 4.70285e-03 Validation loss 5.03418e-03 Time taken: 0.08 seconds 
Epoch: 54/200 Train accuracy: 7.77612e-01 Validation accuracy: 7.68000e-01 Training loss 4.70609e-03 Validation loss 5.04298e-03 Time taken: 0.08 seconds 
Epoch: 55/200 Train accuracy: 7.78110e-01 Validation accuracy: 7.72667e-01 Training loss 4.69250e-03 Validation loss 5.03345e-03 Time taken: 0.08 seconds 
Epoch: 56/200 Train accuracy: 7.79108e-01 Validation accuracy: 7.71667e-01 Training loss 4.68799e-03 Validation loss 5.02283e-03 Time taken: 0.08 seconds 
Epoch: 57/200 Train accuracy: 7.78253e-01 Validation accuracy: 7.71667e-01 Training loss 4.68737e-03 Validation loss 5.02244e-03 Time taken: 0.08 seconds 
Epoch: 58/200 Train accuracy: 7.80319e-01 Validation accuracy: 7.67667e-01 Training loss 4.67499e-03 Validation loss 5.03124e-03 Time taken: 0.08 seconds 
Epoch: 59/200 Train accuracy: 7.78965e-01 Validation accuracy: 7.70333e-01 Training loss 4.68051e-03 Validation loss 5.01937e-03 Time taken: 0.08 seconds 
Epoch: 60/200 Train accuracy: 7.81602e-01 Validation accuracy: 7.73000e-01 Training loss 4.68120e-03 Validation loss 5.03655e-03 Time taken: 0.08 seconds 
Epoch: 61/200 Train accuracy: 7.80604e-01 Validation accuracy: 7.65333e-01 Training loss 4.67516e-03 Validation loss 5.03023e-03 Time taken: 0.08 seconds 
Epoch: 62/200 Train accuracy: 7.79535e-01 Validation accuracy: 7.74667e-01 Training loss 4.67192e-03 Validation loss 5.01472e-03 Time taken: 0.08 seconds 
Epoch: 63/200 Train accuracy: 7.80818e-01 Validation accuracy: 7.73000e-01 Training loss 4.66759e-03 Validation loss 5.01619e-03 Time taken: 0.08 seconds 
Epoch: 64/200 Train accuracy: 7.79393e-01 Validation accuracy: 7.70667e-01 Training loss 4.66625e-03 Validation loss 5.01895e-03 Time taken: 0.10 seconds 
Epoch: 65/200 Train accuracy: 7.80248e-01 Validation accuracy: 7.71333e-01 Training loss 4.65597e-03 Validation loss 5.00852e-03 Time taken: 0.08 seconds 
Epoch: 66/200 Train accuracy: 7.82671e-01 Validation accuracy: 7.73667e-01 Training loss 4.65652e-03 Validation loss 4.99299e-03 Time taken: 0.08 seconds 
Epoch: 67/200 Train accuracy: 7.80390e-01 Validation accuracy: 7.72667e-01 Training loss 4.65346e-03 Validation loss 4.99468e-03 Time taken: 0.08 seconds 
Epoch: 68/200 Train accuracy: 7.80818e-01 Validation accuracy: 7.71000e-01 Training loss 4.65484e-03 Validation loss 4.99815e-03 Time taken: 0.08 seconds 
Epoch: 69/200 Train accuracy: 7.81887e-01 Validation accuracy: 7.75000e-01 Training loss 4.63950e-03 Validation loss 4.99239e-03 Time taken: 0.08 seconds 
Epoch: 70/200 Train accuracy: 7.79108e-01 Validation accuracy: 7.69333e-01 Training loss 4.64728e-03 Validation loss 4.98827e-03 Time taken: 0.08 seconds 
Epoch: 71/200 Train accuracy: 7.79749e-01 Validation accuracy: 7.71667e-01 Training loss 4.65925e-03 Validation loss 5.02264e-03 Time taken: 0.08 seconds 
Epoch: 72/200 Train accuracy: 7.83668e-01 Validation accuracy: 7.74333e-01 Training loss 4.63650e-03 Validation loss 5.00810e-03 Time taken: 0.08 seconds 
Epoch: 73/200 Train accuracy: 7.80961e-01 Validation accuracy: 7.71000e-01 Training loss 4.63283e-03 Validation loss 5.00291e-03 Time taken: 0.08 seconds 
Epoch: 74/200 Train accuracy: 7.82457e-01 Validation accuracy: 7.71667e-01 Training loss 4.63288e-03 Validation loss 4.99063e-03 Time taken: 0.08 seconds 
Epoch: 75/200 Train accuracy: 7.81816e-01 Validation accuracy: 7.76000e-01 Training loss 4.62917e-03 Validation loss 4.97848e-03 Time taken: 0.08 seconds 
Epoch: 76/200 Train accuracy: 7.81887e-01 Validation accuracy: 7.75000e-01 Training loss 4.62053e-03 Validation loss 4.98873e-03 Time taken: 0.08 seconds 
Epoch: 77/200 Train accuracy: 7.81887e-01 Validation accuracy: 7.73000e-01 Training loss 4.62722e-03 Validation loss 4.99397e-03 Time taken: 0.08 seconds 
Epoch: 78/200 Train accuracy: 7.82243e-01 Validation accuracy: 7.73000e-01 Training loss 4.61740e-03 Validation loss 4.97305e-03 Time taken: 0.08 seconds 
Epoch: 79/200 Train accuracy: 7.83312e-01 Validation accuracy: 7.76333e-01 Training loss 4.61361e-03 Validation loss 4.98510e-03 Time taken: 0.08 seconds 
Epoch: 80/200 Train accuracy: 7.81246e-01 Validation accuracy: 7.76000e-01 Training loss 4.62632e-03 Validation loss 4.96365e-03 Time taken: 0.08 seconds 
Epoch: 81/200 Train accuracy: 7.81602e-01 Validation accuracy: 7.74667e-01 Training loss 4.60945e-03 Validation loss 4.99427e-03 Time taken: 0.08 seconds 
Epoch: 82/200 Train accuracy: 7.83597e-01 Validation accuracy: 7.73667e-01 Training loss 4.60942e-03 Validation loss 4.97611e-03 Time taken: 0.08 seconds 
Epoch: 83/200 Train accuracy: 7.83027e-01 Validation accuracy: 7.76333e-01 Training loss 4.60351e-03 Validation loss 4.97767e-03 Time taken: 0.08 seconds 
Epoch: 84/200 Train accuracy: 7.82884e-01 Validation accuracy: 7.72000e-01 Training loss 4.60775e-03 Validation loss 4.98559e-03 Time taken: 0.08 seconds 
Epoch: 85/200 Train accuracy: 7.83597e-01 Validation accuracy: 7.76667e-01 Training loss 4.59994e-03 Validation loss 4.96720e-03 Time taken: 0.08 seconds 
Epoch: 86/200 Train accuracy: 7.83454e-01 Validation accuracy: 7.71333e-01 Training loss 4.60629e-03 Validation loss 4.94905e-03 Time taken: 0.08 seconds 
Epoch: 87/200 Train accuracy: 7.84452e-01 Validation accuracy: 7.74667e-01 Training loss 4.59453e-03 Validation loss 4.96872e-03 Time taken: 0.08 seconds 
Epoch: 88/200 Train accuracy: 7.85022e-01 Validation accuracy: 7.72000e-01 Training loss 4.59453e-03 Validation loss 4.97421e-03 Time taken: 0.08 seconds 
Epoch: 89/200 Train accuracy: 7.82671e-01 Validation accuracy: 7.72667e-01 Training loss 4.59545e-03 Validation loss 4.98384e-03 Time taken: 0.08 seconds 
Epoch: 90/200 Train accuracy: 7.84523e-01 Validation accuracy: 7.75333e-01 Training loss 4.58729e-03 Validation loss 4.96797e-03 Time taken: 0.09 seconds 
Epoch: 91/200 Train accuracy: 7.86020e-01 Validation accuracy: 7.71333e-01 Training loss 4.58558e-03 Validation loss 4.95134e-03 Time taken: 0.08 seconds 
Epoch: 92/200 Train accuracy: 7.84381e-01 Validation accuracy: 7.72667e-01 Training loss 4.58705e-03 Validation loss 4.94900e-03 Time taken: 0.08 seconds 
Epoch: 93/200 Train accuracy: 7.84951e-01 Validation accuracy: 7.71667e-01 Training loss 4.58202e-03 Validation loss 4.93989e-03 Time taken: 0.08 seconds 
Epoch: 94/200 Train accuracy: 7.84808e-01 Validation accuracy: 7.76000e-01 Training loss 4.57686e-03 Validation loss 4.95836e-03 Time taken: 0.08 seconds 
Epoch: 95/200 Train accuracy: 7.84951e-01 Validation accuracy: 7.76333e-01 Training loss 4.57326e-03 Validation loss 4.93980e-03 Time taken: 0.08 seconds 
Epoch: 96/200 Train accuracy: 7.85877e-01 Validation accuracy: 7.74667e-01 Training loss 4.58109e-03 Validation loss 4.94248e-03 Time taken: 0.08 seconds 
Epoch: 97/200 Train accuracy: 7.85236e-01 Validation accuracy: 7.77667e-01 Training loss 4.57136e-03 Validation loss 4.93390e-03 Time taken: 0.08 seconds 
Epoch: 98/200 Train accuracy: 7.85093e-01 Validation accuracy: 7.74333e-01 Training loss 4.57140e-03 Validation loss 4.92954e-03 Time taken: 0.08 seconds 
Epoch: 99/200 Train accuracy: 7.84880e-01 Validation accuracy: 7.74667e-01 Training loss 4.57468e-03 Validation loss 4.93318e-03 Time taken: 0.08 seconds 
Epoch: 100/200 Train accuracy: 7.85378e-01 Validation accuracy: 7.73333e-01 Training loss 4.57303e-03 Validation loss 4.95568e-03 Time taken: 0.08 seconds 
Epoch: 101/200 Train accuracy: 7.85877e-01 Validation accuracy: 7.76333e-01 Training loss 4.56484e-03 Validation loss 4.94142e-03 Time taken: 0.08 seconds 
Epoch: 102/200 Train accuracy: 7.85378e-01 Validation accuracy: 7.75000e-01 Training loss 4.56606e-03 Validation loss 4.98384e-03 Time taken: 0.08 seconds 
Epoch: 103/200 Train accuracy: 7.83526e-01 Validation accuracy: 7.72000e-01 Training loss 4.56609e-03 Validation loss 4.92357e-03 Time taken: 0.08 seconds 
Epoch: 104/200 Train accuracy: 7.86946e-01 Validation accuracy: 7.76000e-01 Training loss 4.56196e-03 Validation loss 4.92732e-03 Time taken: 0.08 seconds 
Epoch: 105/200 Train accuracy: 7.85806e-01 Validation accuracy: 7.73000e-01 Training loss 4.55878e-03 Validation loss 4.92547e-03 Time taken: 0.08 seconds 
Epoch: 106/200 Train accuracy: 7.86590e-01 Validation accuracy: 7.75333e-01 Training loss 4.55368e-03 Validation loss 4.92625e-03 Time taken: 0.08 seconds 
Epoch: 107/200 Train accuracy: 7.85450e-01 Validation accuracy: 7.76333e-01 Training loss 4.55628e-03 Validation loss 4.92773e-03 Time taken: 0.08 seconds 
Epoch: 108/200 Train accuracy: 7.87160e-01 Validation accuracy: 7.73667e-01 Training loss 4.55042e-03 Validation loss 4.94623e-03 Time taken: 0.08 seconds 
Epoch: 109/200 Train accuracy: 7.86091e-01 Validation accuracy: 7.74000e-01 Training loss 4.55746e-03 Validation loss 4.91425e-03 Time taken: 0.08 seconds 
Epoch: 110/200 Train accuracy: 7.87872e-01 Validation accuracy: 7.75333e-01 Training loss 4.54818e-03 Validation loss 4.93341e-03 Time taken: 0.08 seconds 
Epoch: 111/200 Train accuracy: 7.86875e-01 Validation accuracy: 7.74333e-01 Training loss 4.54929e-03 Validation loss 4.91139e-03 Time taken: 0.08 seconds 
Epoch: 112/200 Train accuracy: 7.86875e-01 Validation accuracy: 7.76000e-01 Training loss 4.54378e-03 Validation loss 4.91485e-03 Time taken: 0.08 seconds 
Epoch: 113/200 Train accuracy: 7.87302e-01 Validation accuracy: 7.76667e-01 Training loss 4.54053e-03 Validation loss 4.92598e-03 Time taken: 0.08 seconds 
Epoch: 114/200 Train accuracy: 7.87017e-01 Validation accuracy: 7.76333e-01 Training loss 4.54219e-03 Validation loss 4.90995e-03 Time taken: 0.08 seconds 
Epoch: 115/200 Train accuracy: 7.87088e-01 Validation accuracy: 7.77667e-01 Training loss 4.53767e-03 Validation loss 4.91826e-03 Time taken: 0.08 seconds 
Epoch: 116/200 Train accuracy: 7.87231e-01 Validation accuracy: 7.79667e-01 Training loss 4.54099e-03 Validation loss 4.92230e-03 Time taken: 0.08 seconds 
Epoch: 117/200 Train accuracy: 7.85877e-01 Validation accuracy: 7.76667e-01 Training loss 4.53266e-03 Validation loss 4.90980e-03 Time taken: 0.10 seconds 
Epoch: 118/200 Train accuracy: 7.86732e-01 Validation accuracy: 7.77000e-01 Training loss 4.53479e-03 Validation loss 4.90994e-03 Time taken: 0.08 seconds 
Epoch: 119/200 Train accuracy: 7.87944e-01 Validation accuracy: 7.75000e-01 Training loss 4.53174e-03 Validation loss 4.91068e-03 Time taken: 0.08 seconds 
Epoch: 120/200 Train accuracy: 7.87160e-01 Validation accuracy: 7.75000e-01 Training loss 4.52430e-03 Validation loss 4.90397e-03 Time taken: 0.08 seconds 
Epoch: 121/200 Train accuracy: 7.86305e-01 Validation accuracy: 7.75000e-01 Training loss 4.53597e-03 Validation loss 4.90131e-03 Time taken: 0.08 seconds 
Epoch: 122/200 Train accuracy: 7.87160e-01 Validation accuracy: 7.71333e-01 Training loss 4.52212e-03 Validation loss 4.91137e-03 Time taken: 0.08 seconds 
Epoch: 123/200 Train accuracy: 7.89369e-01 Validation accuracy: 7.74667e-01 Training loss 4.52025e-03 Validation loss 4.93282e-03 Time taken: 0.08 seconds 
Epoch: 124/200 Train accuracy: 7.87801e-01 Validation accuracy: 7.74667e-01 Training loss 4.52521e-03 Validation loss 4.89093e-03 Time taken: 0.08 seconds 
Epoch: 125/200 Train accuracy: 7.86661e-01 Validation accuracy: 7.79000e-01 Training loss 4.52123e-03 Validation loss 4.90172e-03 Time taken: 0.08 seconds 
Epoch: 126/200 Train accuracy: 7.89369e-01 Validation accuracy: 7.77667e-01 Training loss 4.51443e-03 Validation loss 4.90782e-03 Time taken: 0.08 seconds 
Epoch: 127/200 Train accuracy: 7.85378e-01 Validation accuracy: 7.78667e-01 Training loss 4.52827e-03 Validation loss 4.91783e-03 Time taken: 0.08 seconds 
Epoch: 128/200 Train accuracy: 7.88371e-01 Validation accuracy: 7.77333e-01 Training loss 4.51833e-03 Validation loss 4.90435e-03 Time taken: 0.08 seconds 
Epoch: 129/200 Train accuracy: 7.88870e-01 Validation accuracy: 7.74333e-01 Training loss 4.51846e-03 Validation loss 4.88167e-03 Time taken: 0.08 seconds 
Epoch: 130/200 Train accuracy: 7.90081e-01 Validation accuracy: 7.76667e-01 Training loss 4.51882e-03 Validation loss 4.88573e-03 Time taken: 0.08 seconds 
Epoch: 131/200 Train accuracy: 7.87730e-01 Validation accuracy: 7.75667e-01 Training loss 4.51421e-03 Validation loss 4.90803e-03 Time taken: 0.08 seconds 
Epoch: 132/200 Train accuracy: 7.87160e-01 Validation accuracy: 7.75333e-01 Training loss 4.50570e-03 Validation loss 4.88270e-03 Time taken: 0.08 seconds 
Epoch: 133/200 Train accuracy: 7.86946e-01 Validation accuracy: 7.77333e-01 Training loss 4.51473e-03 Validation loss 4.89757e-03 Time taken: 0.08 seconds 
Epoch: 134/200 Train accuracy: 7.89582e-01 Validation accuracy: 7.77667e-01 Training loss 4.51116e-03 Validation loss 4.91855e-03 Time taken: 0.08 seconds 
Epoch: 135/200 Train accuracy: 7.88870e-01 Validation accuracy: 7.77333e-01 Training loss 4.51061e-03 Validation loss 4.88949e-03 Time taken: 0.08 seconds 
Epoch: 136/200 Train accuracy: 7.88514e-01 Validation accuracy: 7.75000e-01 Training loss 4.50847e-03 Validation loss 4.88781e-03 Time taken: 0.08 seconds 
Epoch: 137/200 Train accuracy: 7.88941e-01 Validation accuracy: 7.77333e-01 Training loss 4.49952e-03 Validation loss 4.87663e-03 Time taken: 0.08 seconds 
Epoch: 138/200 Train accuracy: 7.89155e-01 Validation accuracy: 7.77667e-01 Training loss 4.50523e-03 Validation loss 4.88294e-03 Time taken: 0.08 seconds 
Epoch: 139/200 Train accuracy: 7.89939e-01 Validation accuracy: 7.79667e-01 Training loss 4.49964e-03 Validation loss 4.88503e-03 Time taken: 0.08 seconds 
Epoch: 140/200 Train accuracy: 7.88585e-01 Validation accuracy: 7.75000e-01 Training loss 4.49848e-03 Validation loss 4.87036e-03 Time taken: 0.08 seconds 
Epoch: 141/200 Train accuracy: 7.88371e-01 Validation accuracy: 7.78667e-01 Training loss 4.49880e-03 Validation loss 4.88404e-03 Time taken: 0.08 seconds 
Epoch: 142/200 Train accuracy: 7.88086e-01 Validation accuracy: 7.77333e-01 Training loss 4.49383e-03 Validation loss 4.86704e-03 Time taken: 0.09 seconds 
Epoch: 143/200 Train accuracy: 7.87872e-01 Validation accuracy: 7.75667e-01 Training loss 4.49580e-03 Validation loss 4.87109e-03 Time taken: 0.08 seconds 
Epoch: 144/200 Train accuracy: 7.89226e-01 Validation accuracy: 7.74667e-01 Training loss 4.50154e-03 Validation loss 4.86882e-03 Time taken: 0.08 seconds 
Epoch: 145/200 Train accuracy: 7.89012e-01 Validation accuracy: 7.75667e-01 Training loss 4.49096e-03 Validation loss 4.87183e-03 Time taken: 0.08 seconds 
Epoch: 146/200 Train accuracy: 7.88086e-01 Validation accuracy: 7.79333e-01 Training loss 4.49424e-03 Validation loss 4.87238e-03 Time taken: 0.08 seconds 
Epoch: 147/200 Train accuracy: 7.91150e-01 Validation accuracy: 7.77000e-01 Training loss 4.48950e-03 Validation loss 4.87626e-03 Time taken: 0.08 seconds 
Epoch: 148/200 Train accuracy: 7.88870e-01 Validation accuracy: 7.78000e-01 Training loss 4.49110e-03 Validation loss 4.86980e-03 Time taken: 0.08 seconds 
Epoch: 149/200 Train accuracy: 7.90438e-01 Validation accuracy: 7.77000e-01 Training loss 4.49394e-03 Validation loss 4.86807e-03 Time taken: 0.08 seconds 
Epoch: 150/200 Train accuracy: 7.89440e-01 Validation accuracy: 7.80667e-01 Training loss 4.49120e-03 Validation loss 4.87592e-03 Time taken: 0.09 seconds 
Epoch: 151/200 Train accuracy: 7.91008e-01 Validation accuracy: 7.74333e-01 Training loss 4.48644e-03 Validation loss 4.85598e-03 Time taken: 0.11 seconds 
Epoch: 152/200 Train accuracy: 7.88371e-01 Validation accuracy: 7.73333e-01 Training loss 4.49247e-03 Validation loss 4.85769e-03 Time taken: 0.12 seconds 
Epoch: 153/200 Train accuracy: 7.90651e-01 Validation accuracy: 7.75667e-01 Training loss 4.47847e-03 Validation loss 4.89122e-03 Time taken: 0.14 seconds 
Epoch: 154/200 Train accuracy: 7.89369e-01 Validation accuracy: 7.76333e-01 Training loss 4.48326e-03 Validation loss 4.85287e-03 Time taken: 0.14 seconds 
Epoch: 155/200 Train accuracy: 7.89582e-01 Validation accuracy: 7.77667e-01 Training loss 4.48523e-03 Validation loss 4.85681e-03 Time taken: 0.13 seconds 
Epoch: 156/200 Train accuracy: 7.88086e-01 Validation accuracy: 7.76667e-01 Training loss 4.47776e-03 Validation loss 4.87105e-03 Time taken: 0.13 seconds 
Epoch: 157/200 Train accuracy: 7.90580e-01 Validation accuracy: 7.77000e-01 Training loss 4.47826e-03 Validation loss 4.86996e-03 Time taken: 0.14 seconds 
Epoch: 158/200 Train accuracy: 7.90438e-01 Validation accuracy: 7.77333e-01 Training loss 4.47472e-03 Validation loss 4.87757e-03 Time taken: 0.16 seconds 
Epoch: 159/200 Train accuracy: 7.88799e-01 Validation accuracy: 7.77667e-01 Training loss 4.47887e-03 Validation loss 4.85552e-03 Time taken: 0.15 seconds 
Epoch: 160/200 Train accuracy: 7.87872e-01 Validation accuracy: 7.78333e-01 Training loss 4.47383e-03 Validation loss 4.86425e-03 Time taken: 0.15 seconds 
Epoch: 161/200 Train accuracy: 7.90366e-01 Validation accuracy: 7.75333e-01 Training loss 4.47863e-03 Validation loss 4.88900e-03 Time taken: 0.15 seconds 
Epoch: 162/200 Train accuracy: 7.90865e-01 Validation accuracy: 7.76333e-01 Training loss 4.47232e-03 Validation loss 4.89251e-03 Time taken: 0.15 seconds 
Epoch: 163/200 Train accuracy: 7.89725e-01 Validation accuracy: 7.78333e-01 Training loss 4.47188e-03 Validation loss 4.85141e-03 Time taken: 0.14 seconds 
Epoch: 164/200 Train accuracy: 7.90651e-01 Validation accuracy: 7.77667e-01 Training loss 4.46897e-03 Validation loss 4.85157e-03 Time taken: 0.14 seconds 
Epoch: 165/200 Train accuracy: 7.90081e-01 Validation accuracy: 7.78000e-01 Training loss 4.47133e-03 Validation loss 4.86688e-03 Time taken: 0.14 seconds 
Epoch: 166/200 Train accuracy: 7.92575e-01 Validation accuracy: 7.78000e-01 Training loss 4.46574e-03 Validation loss 4.85833e-03 Time taken: 0.15 seconds 
Epoch: 167/200 Train accuracy: 7.90794e-01 Validation accuracy: 7.77000e-01 Training loss 4.46591e-03 Validation loss 4.84713e-03 Time taken: 0.14 seconds 
Epoch: 168/200 Train accuracy: 7.89155e-01 Validation accuracy: 7.80000e-01 Training loss 4.47337e-03 Validation loss 4.86230e-03 Time taken: 0.14 seconds 
Epoch: 169/200 Train accuracy: 7.90295e-01 Validation accuracy: 7.71667e-01 Training loss 4.46705e-03 Validation loss 4.86722e-03 Time taken: 0.14 seconds 
Epoch: 170/200 Train accuracy: 7.91435e-01 Validation accuracy: 7.77000e-01 Training loss 4.46442e-03 Validation loss 4.84279e-03 Time taken: 0.14 seconds 
Epoch: 171/200 Train accuracy: 7.90723e-01 Validation accuracy: 7.72000e-01 Training loss 4.46600e-03 Validation loss 4.86456e-03 Time taken: 0.14 seconds 
Epoch: 172/200 Train accuracy: 7.92148e-01 Validation accuracy: 7.76333e-01 Training loss 4.46009e-03 Validation loss 4.84475e-03 Time taken: 0.15 seconds 
Epoch: 173/200 Train accuracy: 7.91863e-01 Validation accuracy: 7.74000e-01 Training loss 4.45456e-03 Validation loss 4.85287e-03 Time taken: 0.15 seconds 
Epoch: 174/200 Train accuracy: 7.90366e-01 Validation accuracy: 7.78000e-01 Training loss 4.45271e-03 Validation loss 4.84705e-03 Time taken: 0.15 seconds 
Epoch: 175/200 Train accuracy: 7.92148e-01 Validation accuracy: 7.77667e-01 Training loss 4.45840e-03 Validation loss 4.84741e-03 Time taken: 0.15 seconds 
Epoch: 176/200 Train accuracy: 7.90580e-01 Validation accuracy: 7.80667e-01 Training loss 4.46105e-03 Validation loss 4.88841e-03 Time taken: 0.14 seconds 
Epoch: 177/200 Train accuracy: 7.91791e-01 Validation accuracy: 7.80000e-01 Training loss 4.46003e-03 Validation loss 4.84811e-03 Time taken: 0.16 seconds 
Epoch: 178/200 Train accuracy: 7.91293e-01 Validation accuracy: 7.79000e-01 Training loss 4.45289e-03 Validation loss 4.84842e-03 Time taken: 0.16 seconds 
Epoch: 179/200 Train accuracy: 7.92789e-01 Validation accuracy: 7.79000e-01 Training loss 4.45782e-03 Validation loss 4.84006e-03 Time taken: 0.14 seconds 
Epoch: 180/200 Train accuracy: 7.90152e-01 Validation accuracy: 7.81000e-01 Training loss 4.45794e-03 Validation loss 4.84090e-03 Time taken: 0.16 seconds 
Epoch: 181/200 Train accuracy: 7.92076e-01 Validation accuracy: 7.77000e-01 Training loss 4.45989e-03 Validation loss 4.83841e-03 Time taken: 0.15 seconds 
Epoch: 182/200 Train accuracy: 7.90224e-01 Validation accuracy: 7.79333e-01 Training loss 4.46206e-03 Validation loss 4.87051e-03 Time taken: 0.14 seconds 
Epoch: 183/200 Train accuracy: 7.91435e-01 Validation accuracy: 7.78000e-01 Training loss 4.45074e-03 Validation loss 4.84485e-03 Time taken: 0.15 seconds 
Epoch: 184/200 Train accuracy: 7.91720e-01 Validation accuracy: 7.77667e-01 Training loss 4.44151e-03 Validation loss 4.83023e-03 Time taken: 0.14 seconds 
Epoch: 185/200 Train accuracy: 7.91293e-01 Validation accuracy: 7.78667e-01 Training loss 4.45102e-03 Validation loss 4.86685e-03 Time taken: 0.13 seconds 
Epoch: 186/200 Train accuracy: 7.92076e-01 Validation accuracy: 7.78000e-01 Training loss 4.44632e-03 Validation loss 4.82983e-03 Time taken: 0.08 seconds 
Epoch: 187/200 Train accuracy: 7.90509e-01 Validation accuracy: 7.78000e-01 Training loss 4.45078e-03 Validation loss 4.84055e-03 Time taken: 0.08 seconds 
Epoch: 188/200 Train accuracy: 7.91221e-01 Validation accuracy: 7.81000e-01 Training loss 4.44690e-03 Validation loss 4.84459e-03 Time taken: 0.08 seconds 
Epoch: 189/200 Train accuracy: 7.92646e-01 Validation accuracy: 7.78667e-01 Training loss 4.43825e-03 Validation loss 4.83950e-03 Time taken: 0.08 seconds 
Epoch: 190/200 Train accuracy: 7.92718e-01 Validation accuracy: 7.80333e-01 Training loss 4.44460e-03 Validation loss 4.82679e-03 Time taken: 0.08 seconds 
Epoch: 191/200 Train accuracy: 7.91079e-01 Validation accuracy: 7.82333e-01 Training loss 4.44218e-03 Validation loss 4.84650e-03 Time taken: 0.08 seconds 
Epoch: 192/200 Train accuracy: 7.92076e-01 Validation accuracy: 7.78667e-01 Training loss 4.44268e-03 Validation loss 4.83885e-03 Time taken: 0.08 seconds 
Epoch: 193/200 Train accuracy: 7.91791e-01 Validation accuracy: 7.76667e-01 Training loss 4.44041e-03 Validation loss 4.84028e-03 Time taken: 0.08 seconds 
Epoch: 194/200 Train accuracy: 7.90936e-01 Validation accuracy: 7.80667e-01 Training loss 4.44317e-03 Validation loss 4.82037e-03 Time taken: 0.08 seconds 
Epoch: 195/200 Train accuracy: 7.90366e-01 Validation accuracy: 7.79667e-01 Training loss 4.43493e-03 Validation loss 4.87278e-03 Time taken: 0.09 seconds 
Epoch: 196/200 Train accuracy: 7.93573e-01 Validation accuracy: 7.78667e-01 Training loss 4.44275e-03 Validation loss 4.83015e-03 Time taken: 0.08 seconds 
Epoch: 197/200 Train accuracy: 7.93145e-01 Validation accuracy: 7.76667e-01 Training loss 4.43021e-03 Validation loss 4.87878e-03 Time taken: 0.08 seconds 
Epoch: 198/200 Train accuracy: 7.92433e-01 Validation accuracy: 7.77667e-01 Training loss 4.42880e-03 Validation loss 4.84553e-03 Time taken: 0.08 seconds 
Epoch: 199/200 Train accuracy: 7.94713e-01 Validation accuracy: 7.73333e-01 Training loss 4.43706e-03 Validation loss 4.85305e-03 Time taken: 0.08 seconds 
Epoch: 200/200 Train accuracy: 7.92219e-01 Validation accuracy: 7.79667e-01 Training loss 4.43823e-03 Validation loss 4.83443e-03 Time taken: 0.08 seconds 
Total time taken 0:00:18.111406
Cleaning up intermediate feature (.pt) files
Done


working on file logs_PKT_chunks/iic-train-l2-seed0-KNN-ep750/jepa-iic-ep250.pth.tar ...
