Directory logs_PKT_chunks/iic-train-l2-pkt-chunks-seed0-KNN-ep250/classifiers for saving the classifiers is now present
VisionTransformer(
  (patch_embed): PatchEmbed(
    (proj): Conv2d(3, 768, kernel_size=(15, 15), stride=(15, 15))
  )
  (blocks): ModuleList(
    (0-11): 12 x Block(
      (norm1): LayerNorm((768,), eps=1e-06, elementwise_affine=True)
      (attn): Attention(
        (qkv): Linear(in_features=768, out_features=2304, bias=True)
        (attn_drop): Dropout(p=0.0, inplace=False)
        (proj): Linear(in_features=768, out_features=768, bias=True)
        (proj_drop): Dropout(p=0.0, inplace=False)
      )
      (drop_path): Identity()
      (norm2): LayerNorm((768,), eps=1e-06, elementwise_affine=True)
      (mlp): MLP(
        (fc1): Linear(in_features=768, out_features=3072, bias=True)
        (act): GELU(approximate='none')
        (fc2): Linear(in_features=3072, out_features=768, bias=True)
        (drop): Dropout(p=0.0, inplace=False)
      )
    )
  )
  (norm): LayerNorm((768,), eps=1e-06, elementwise_affine=True)
)
Directory logs_PKT_chunks/iic-train-l2-pkt-chunks-seed0-KNN-ep250/classifiers for saving the classifiers is now present
VisionTransformer(
  (patch_embed): PatchEmbed(
    (proj): Conv2d(3, 768, kernel_size=(15, 15), stride=(15, 15))
  )
  (blocks): ModuleList(
    (0-11): 12 x Block(
      (norm1): LayerNorm((768,), eps=1e-06, elementwise_affine=True)
      (attn): Attention(
        (qkv): Linear(in_features=768, out_features=2304, bias=True)
        (attn_drop): Dropout(p=0.0, inplace=False)
        (proj): Linear(in_features=768, out_features=768, bias=True)
        (proj_drop): Dropout(p=0.0, inplace=False)
      )
      (drop_path): Identity()
      (norm2): LayerNorm((768,), eps=1e-06, elementwise_affine=True)
      (mlp): MLP(
        (fc1): Linear(in_features=768, out_features=3072, bias=True)
        (act): GELU(approximate='none')
        (fc2): Linear(in_features=3072, out_features=768, bias=True)
        (drop): Dropout(p=0.0, inplace=False)
      )
    )
  )
  (norm): LayerNorm((768,), eps=1e-06, elementwise_affine=True)
)
Extracting features and saving them in memory..
Extracting features...
Time taken to extract features: 24.93641724900226
Epoch: 1/200 Train accuracy: 4.34089e-01 Validation accuracy: 6.51667e-01 Training loss 1.21308e-02 Validation loss 9.23072e-03 Time taken: 0.14 seconds 
Epoch: 2/200 Train accuracy: 6.92817e-01 Validation accuracy: 6.94333e-01 Training loss 7.84759e-03 Validation loss 7.47502e-03 Time taken: 0.14 seconds 
Epoch: 3/200 Train accuracy: 7.16332e-01 Validation accuracy: 7.08000e-01 Training loss 6.74500e-03 Validation loss 6.76372e-03 Time taken: 0.14 seconds 
Epoch: 4/200 Train accuracy: 7.28303e-01 Validation accuracy: 7.22667e-01 Training loss 6.22404e-03 Validation loss 6.40647e-03 Time taken: 0.15 seconds 
Epoch: 5/200 Train accuracy: 7.34858e-01 Validation accuracy: 7.32000e-01 Training loss 5.91511e-03 Validation loss 6.14614e-03 Time taken: 0.15 seconds 
Epoch: 6/200 Train accuracy: 7.41556e-01 Validation accuracy: 7.33667e-01 Training loss 5.71332e-03 Validation loss 6.01053e-03 Time taken: 0.13 seconds 
Epoch: 7/200 Train accuracy: 7.46473e-01 Validation accuracy: 7.38667e-01 Training loss 5.56706e-03 Validation loss 5.86891e-03 Time taken: 0.15 seconds 
Epoch: 8/200 Train accuracy: 7.49679e-01 Validation accuracy: 7.43000e-01 Training loss 5.45387e-03 Validation loss 5.74863e-03 Time taken: 0.14 seconds 
Epoch: 9/200 Train accuracy: 7.50962e-01 Validation accuracy: 7.44000e-01 Training loss 5.36934e-03 Validation loss 5.70689e-03 Time taken: 0.14 seconds 
Epoch: 10/200 Train accuracy: 7.53242e-01 Validation accuracy: 7.51000e-01 Training loss 5.30051e-03 Validation loss 5.61970e-03 Time taken: 0.12 seconds 
Epoch: 11/200 Train accuracy: 7.56021e-01 Validation accuracy: 7.49000e-01 Training loss 5.24640e-03 Validation loss 5.54354e-03 Time taken: 0.14 seconds 
Epoch: 12/200 Train accuracy: 7.57161e-01 Validation accuracy: 7.49333e-01 Training loss 5.18813e-03 Validation loss 5.50983e-03 Time taken: 0.14 seconds 
Epoch: 13/200 Train accuracy: 7.57660e-01 Validation accuracy: 7.51333e-01 Training loss 5.14709e-03 Validation loss 5.48799e-03 Time taken: 0.15 seconds 
Epoch: 14/200 Train accuracy: 7.60225e-01 Validation accuracy: 7.53333e-01 Training loss 5.12227e-03 Validation loss 5.43192e-03 Time taken: 0.14 seconds 
Epoch: 15/200 Train accuracy: 7.59085e-01 Validation accuracy: 7.57667e-01 Training loss 5.08062e-03 Validation loss 5.42954e-03 Time taken: 0.14 seconds 
Epoch: 16/200 Train accuracy: 7.64215e-01 Validation accuracy: 7.56333e-01 Training loss 5.05590e-03 Validation loss 5.37964e-03 Time taken: 0.14 seconds 
Epoch: 17/200 Train accuracy: 7.63075e-01 Validation accuracy: 7.59333e-01 Training loss 5.03628e-03 Validation loss 5.36463e-03 Time taken: 0.14 seconds 
Epoch: 18/200 Train accuracy: 7.64144e-01 Validation accuracy: 7.60000e-01 Training loss 5.01167e-03 Validation loss 5.33554e-03 Time taken: 0.15 seconds 
Epoch: 19/200 Train accuracy: 7.66068e-01 Validation accuracy: 7.59333e-01 Training loss 4.98936e-03 Validation loss 5.31519e-03 Time taken: 0.14 seconds 
Epoch: 20/200 Train accuracy: 7.65498e-01 Validation accuracy: 7.60667e-01 Training loss 4.97231e-03 Validation loss 5.35279e-03 Time taken: 0.14 seconds 
Epoch: 21/200 Train accuracy: 7.66139e-01 Validation accuracy: 7.60333e-01 Training loss 4.95718e-03 Validation loss 5.28521e-03 Time taken: 0.14 seconds 
Epoch: 22/200 Train accuracy: 7.68705e-01 Validation accuracy: 7.58000e-01 Training loss 4.93226e-03 Validation loss 5.27723e-03 Time taken: 0.14 seconds 
Epoch: 23/200 Train accuracy: 7.67636e-01 Validation accuracy: 7.59000e-01 Training loss 4.93021e-03 Validation loss 5.33446e-03 Time taken: 0.14 seconds 
Epoch: 24/200 Train accuracy: 7.69132e-01 Validation accuracy: 7.63667e-01 Training loss 4.91747e-03 Validation loss 5.27536e-03 Time taken: 0.12 seconds 
Epoch: 25/200 Train accuracy: 7.69488e-01 Validation accuracy: 7.60333e-01 Training loss 4.89832e-03 Validation loss 5.25453e-03 Time taken: 0.14 seconds 
Epoch: 26/200 Train accuracy: 7.70771e-01 Validation accuracy: 7.61667e-01 Training loss 4.89627e-03 Validation loss 5.26615e-03 Time taken: 0.15 seconds 
Epoch: 27/200 Train accuracy: 7.72125e-01 Validation accuracy: 7.62667e-01 Training loss 4.87861e-03 Validation loss 5.21086e-03 Time taken: 0.14 seconds 
Epoch: 28/200 Train accuracy: 7.70415e-01 Validation accuracy: 7.63000e-01 Training loss 4.86964e-03 Validation loss 5.21482e-03 Time taken: 0.14 seconds 
Epoch: 29/200 Train accuracy: 7.70842e-01 Validation accuracy: 7.65000e-01 Training loss 4.85562e-03 Validation loss 5.23263e-03 Time taken: 0.14 seconds 
Epoch: 30/200 Train accuracy: 7.71769e-01 Validation accuracy: 7.65333e-01 Training loss 4.84345e-03 Validation loss 5.18984e-03 Time taken: 0.15 seconds 
Epoch: 31/200 Train accuracy: 7.71199e-01 Validation accuracy: 7.62667e-01 Training loss 4.83651e-03 Validation loss 5.17678e-03 Time taken: 0.15 seconds 
Epoch: 32/200 Train accuracy: 7.71412e-01 Validation accuracy: 7.65000e-01 Training loss 4.83033e-03 Validation loss 5.18981e-03 Time taken: 0.14 seconds 
Epoch: 33/200 Train accuracy: 7.71697e-01 Validation accuracy: 7.66667e-01 Training loss 4.82240e-03 Validation loss 5.18407e-03 Time taken: 0.14 seconds 
Epoch: 34/200 Train accuracy: 7.71697e-01 Validation accuracy: 7.69667e-01 Training loss 4.80648e-03 Validation loss 5.15928e-03 Time taken: 0.17 seconds 
Epoch: 35/200 Train accuracy: 7.73835e-01 Validation accuracy: 7.68000e-01 Training loss 4.80472e-03 Validation loss 5.15519e-03 Time taken: 0.15 seconds 
Epoch: 36/200 Train accuracy: 7.73265e-01 Validation accuracy: 7.64667e-01 Training loss 4.80039e-03 Validation loss 5.13969e-03 Time taken: 0.15 seconds 
Epoch: 37/200 Train accuracy: 7.74405e-01 Validation accuracy: 7.69667e-01 Training loss 4.78867e-03 Validation loss 5.13124e-03 Time taken: 0.14 seconds 
Epoch: 38/200 Train accuracy: 7.73336e-01 Validation accuracy: 7.70333e-01 Training loss 4.77713e-03 Validation loss 5.12612e-03 Time taken: 0.14 seconds 
Epoch: 39/200 Train accuracy: 7.75260e-01 Validation accuracy: 7.66667e-01 Training loss 4.77103e-03 Validation loss 5.12192e-03 Time taken: 0.14 seconds 
Epoch: 40/200 Train accuracy: 7.74690e-01 Validation accuracy: 7.67333e-01 Training loss 4.76954e-03 Validation loss 5.10874e-03 Time taken: 0.15 seconds 
Epoch: 41/200 Train accuracy: 7.76258e-01 Validation accuracy: 7.70000e-01 Training loss 4.75686e-03 Validation loss 5.11480e-03 Time taken: 0.15 seconds 
Epoch: 42/200 Train accuracy: 7.75545e-01 Validation accuracy: 7.71000e-01 Training loss 4.75289e-03 Validation loss 5.11338e-03 Time taken: 0.11 seconds 
Epoch: 43/200 Train accuracy: 7.76400e-01 Validation accuracy: 7.70000e-01 Training loss 4.75773e-03 Validation loss 5.10494e-03 Time taken: 0.15 seconds 
Epoch: 44/200 Train accuracy: 7.76329e-01 Validation accuracy: 7.73667e-01 Training loss 4.74449e-03 Validation loss 5.09926e-03 Time taken: 0.14 seconds 
Epoch: 45/200 Train accuracy: 7.75830e-01 Validation accuracy: 7.70000e-01 Training loss 4.73959e-03 Validation loss 5.12366e-03 Time taken: 0.14 seconds 
Epoch: 46/200 Train accuracy: 7.78752e-01 Validation accuracy: 7.70000e-01 Training loss 4.73641e-03 Validation loss 5.09270e-03 Time taken: 0.15 seconds 
Epoch: 47/200 Train accuracy: 7.77897e-01 Validation accuracy: 7.71333e-01 Training loss 4.72094e-03 Validation loss 5.09140e-03 Time taken: 0.15 seconds 
Epoch: 48/200 Train accuracy: 7.78609e-01 Validation accuracy: 7.71333e-01 Training loss 4.72535e-03 Validation loss 5.09101e-03 Time taken: 0.11 seconds 
Epoch: 49/200 Train accuracy: 7.77469e-01 Validation accuracy: 7.66667e-01 Training loss 4.71417e-03 Validation loss 5.11807e-03 Time taken: 0.08 seconds 
Epoch: 50/200 Train accuracy: 7.76970e-01 Validation accuracy: 7.74333e-01 Training loss 4.71550e-03 Validation loss 5.07111e-03 Time taken: 0.08 seconds 
Epoch: 51/200 Train accuracy: 7.78395e-01 Validation accuracy: 7.73333e-01 Training loss 4.70189e-03 Validation loss 5.07737e-03 Time taken: 0.08 seconds 
Epoch: 52/200 Train accuracy: 7.81103e-01 Validation accuracy: 7.69333e-01 Training loss 4.70148e-03 Validation loss 5.07192e-03 Time taken: 0.10 seconds 
Epoch: 53/200 Train accuracy: 7.77540e-01 Validation accuracy: 7.73000e-01 Training loss 4.69560e-03 Validation loss 5.07378e-03 Time taken: 0.15 seconds 
Epoch: 54/200 Train accuracy: 7.79892e-01 Validation accuracy: 7.71333e-01 Training loss 4.69253e-03 Validation loss 5.09838e-03 Time taken: 0.14 seconds 
Epoch: 55/200 Train accuracy: 7.79464e-01 Validation accuracy: 7.71667e-01 Training loss 4.69053e-03 Validation loss 5.06468e-03 Time taken: 0.15 seconds 
Epoch: 56/200 Train accuracy: 7.79535e-01 Validation accuracy: 7.74000e-01 Training loss 4.68925e-03 Validation loss 5.03405e-03 Time taken: 0.14 seconds 
Epoch: 57/200 Train accuracy: 7.81602e-01 Validation accuracy: 7.72333e-01 Training loss 4.68793e-03 Validation loss 5.05326e-03 Time taken: 0.14 seconds 
Epoch: 58/200 Train accuracy: 7.80889e-01 Validation accuracy: 7.74000e-01 Training loss 4.67634e-03 Validation loss 5.03717e-03 Time taken: 0.16 seconds 
Epoch: 59/200 Train accuracy: 7.80961e-01 Validation accuracy: 7.73000e-01 Training loss 4.66885e-03 Validation loss 5.02516e-03 Time taken: 0.14 seconds 
Epoch: 60/200 Train accuracy: 7.80818e-01 Validation accuracy: 7.73333e-01 Training loss 4.66542e-03 Validation loss 5.03576e-03 Time taken: 0.14 seconds 
Epoch: 61/200 Train accuracy: 7.80961e-01 Validation accuracy: 7.74667e-01 Training loss 4.66013e-03 Validation loss 5.02758e-03 Time taken: 0.15 seconds 
Epoch: 62/200 Train accuracy: 7.80889e-01 Validation accuracy: 7.74000e-01 Training loss 4.65995e-03 Validation loss 5.03580e-03 Time taken: 0.14 seconds 
Epoch: 63/200 Train accuracy: 7.83169e-01 Validation accuracy: 7.72667e-01 Training loss 4.65776e-03 Validation loss 5.03509e-03 Time taken: 0.15 seconds 
Epoch: 64/200 Train accuracy: 7.79892e-01 Validation accuracy: 7.74667e-01 Training loss 4.64906e-03 Validation loss 5.00872e-03 Time taken: 0.13 seconds 
Epoch: 65/200 Train accuracy: 7.82671e-01 Validation accuracy: 7.74000e-01 Training loss 4.64297e-03 Validation loss 5.01387e-03 Time taken: 0.14 seconds 
Epoch: 66/200 Train accuracy: 7.81103e-01 Validation accuracy: 7.75667e-01 Training loss 4.64802e-03 Validation loss 5.02510e-03 Time taken: 0.15 seconds 
Epoch: 67/200 Train accuracy: 7.83098e-01 Validation accuracy: 7.74667e-01 Training loss 4.63722e-03 Validation loss 4.99728e-03 Time taken: 0.15 seconds 
Epoch: 68/200 Train accuracy: 7.81958e-01 Validation accuracy: 7.73000e-01 Training loss 4.64899e-03 Validation loss 5.00353e-03 Time taken: 0.15 seconds 
Epoch: 69/200 Train accuracy: 7.82813e-01 Validation accuracy: 7.74333e-01 Training loss 4.63173e-03 Validation loss 5.00161e-03 Time taken: 0.14 seconds 
Epoch: 70/200 Train accuracy: 7.83953e-01 Validation accuracy: 7.72000e-01 Training loss 4.63261e-03 Validation loss 5.03562e-03 Time taken: 0.14 seconds 
Epoch: 71/200 Train accuracy: 7.82599e-01 Validation accuracy: 7.76667e-01 Training loss 4.63386e-03 Validation loss 4.99492e-03 Time taken: 0.15 seconds 
Epoch: 72/200 Train accuracy: 7.83882e-01 Validation accuracy: 7.77667e-01 Training loss 4.62518e-03 Validation loss 4.98356e-03 Time taken: 0.14 seconds 
Epoch: 73/200 Train accuracy: 7.82528e-01 Validation accuracy: 7.74000e-01 Training loss 4.62218e-03 Validation loss 4.97854e-03 Time taken: 0.14 seconds 
Epoch: 74/200 Train accuracy: 7.84666e-01 Validation accuracy: 7.77333e-01 Training loss 4.62515e-03 Validation loss 4.98794e-03 Time taken: 0.17 seconds 
Epoch: 75/200 Train accuracy: 7.85307e-01 Validation accuracy: 7.74667e-01 Training loss 4.61638e-03 Validation loss 4.97827e-03 Time taken: 0.14 seconds 
Epoch: 76/200 Train accuracy: 7.82813e-01 Validation accuracy: 7.75333e-01 Training loss 4.61028e-03 Validation loss 4.98471e-03 Time taken: 0.14 seconds 
Epoch: 77/200 Train accuracy: 7.83312e-01 Validation accuracy: 7.78000e-01 Training loss 4.61684e-03 Validation loss 5.00936e-03 Time taken: 0.17 seconds 
Epoch: 78/200 Train accuracy: 7.82528e-01 Validation accuracy: 7.72000e-01 Training loss 4.61411e-03 Validation loss 4.99930e-03 Time taken: 0.13 seconds 
Epoch: 79/200 Train accuracy: 7.84025e-01 Validation accuracy: 7.77667e-01 Training loss 4.60099e-03 Validation loss 4.96614e-03 Time taken: 0.13 seconds 
Epoch: 80/200 Train accuracy: 7.84666e-01 Validation accuracy: 7.76667e-01 Training loss 4.60260e-03 Validation loss 4.96766e-03 Time taken: 0.14 seconds 
Epoch: 81/200 Train accuracy: 7.85307e-01 Validation accuracy: 7.76000e-01 Training loss 4.59568e-03 Validation loss 4.96350e-03 Time taken: 0.12 seconds 
Epoch: 82/200 Train accuracy: 7.82172e-01 Validation accuracy: 7.78000e-01 Training loss 4.59876e-03 Validation loss 4.97309e-03 Time taken: 0.13 seconds 
Epoch: 83/200 Train accuracy: 7.84167e-01 Validation accuracy: 7.73333e-01 Training loss 4.58937e-03 Validation loss 4.97996e-03 Time taken: 0.15 seconds 
Epoch: 84/200 Train accuracy: 7.85165e-01 Validation accuracy: 7.75667e-01 Training loss 4.59174e-03 Validation loss 4.98729e-03 Time taken: 0.15 seconds 
Epoch: 85/200 Train accuracy: 7.86946e-01 Validation accuracy: 7.76333e-01 Training loss 4.59634e-03 Validation loss 4.95533e-03 Time taken: 0.14 seconds 
Epoch: 86/200 Train accuracy: 7.82101e-01 Validation accuracy: 7.80000e-01 Training loss 4.59492e-03 Validation loss 4.96462e-03 Time taken: 0.15 seconds 
Epoch: 87/200 Train accuracy: 7.85093e-01 Validation accuracy: 7.77000e-01 Training loss 4.58455e-03 Validation loss 4.96366e-03 Time taken: 0.15 seconds 
Epoch: 88/200 Train accuracy: 7.84951e-01 Validation accuracy: 7.81000e-01 Training loss 4.58241e-03 Validation loss 4.94928e-03 Time taken: 0.15 seconds 
Epoch: 89/200 Train accuracy: 7.85592e-01 Validation accuracy: 7.78000e-01 Training loss 4.57859e-03 Validation loss 4.97915e-03 Time taken: 0.14 seconds 
Epoch: 90/200 Train accuracy: 7.84523e-01 Validation accuracy: 7.78667e-01 Training loss 4.57945e-03 Validation loss 4.94871e-03 Time taken: 0.14 seconds 
Epoch: 91/200 Train accuracy: 7.85806e-01 Validation accuracy: 7.77333e-01 Training loss 4.56937e-03 Validation loss 4.95983e-03 Time taken: 0.13 seconds 
Epoch: 92/200 Train accuracy: 7.82884e-01 Validation accuracy: 7.79000e-01 Training loss 4.57315e-03 Validation loss 4.95291e-03 Time taken: 0.14 seconds 
Epoch: 93/200 Train accuracy: 7.85307e-01 Validation accuracy: 7.76333e-01 Training loss 4.57074e-03 Validation loss 4.95420e-03 Time taken: 0.15 seconds 
Epoch: 94/200 Train accuracy: 7.85236e-01 Validation accuracy: 7.78000e-01 Training loss 4.56683e-03 Validation loss 4.93775e-03 Time taken: 0.14 seconds 
Epoch: 95/200 Train accuracy: 7.86803e-01 Validation accuracy: 7.78333e-01 Training loss 4.56623e-03 Validation loss 4.93814e-03 Time taken: 0.14 seconds 
Epoch: 96/200 Train accuracy: 7.85877e-01 Validation accuracy: 7.78000e-01 Training loss 4.55904e-03 Validation loss 4.93659e-03 Time taken: 0.14 seconds 
Epoch: 97/200 Train accuracy: 7.86376e-01 Validation accuracy: 7.76000e-01 Training loss 4.54986e-03 Validation loss 4.99923e-03 Time taken: 0.14 seconds 
Epoch: 98/200 Train accuracy: 7.87944e-01 Validation accuracy: 7.81000e-01 Training loss 4.55442e-03 Validation loss 4.93435e-03 Time taken: 0.15 seconds 
Epoch: 99/200 Train accuracy: 7.87160e-01 Validation accuracy: 7.79333e-01 Training loss 4.55114e-03 Validation loss 4.93831e-03 Time taken: 0.15 seconds 
Epoch: 100/200 Train accuracy: 7.87587e-01 Validation accuracy: 7.77667e-01 Training loss 4.54859e-03 Validation loss 4.93715e-03 Time taken: 0.14 seconds 
Epoch: 101/200 Train accuracy: 7.87160e-01 Validation accuracy: 7.77333e-01 Training loss 4.54856e-03 Validation loss 4.92068e-03 Time taken: 0.14 seconds 
Epoch: 102/200 Train accuracy: 7.87587e-01 Validation accuracy: 7.81333e-01 Training loss 4.55225e-03 Validation loss 4.91283e-03 Time taken: 0.14 seconds 
Epoch: 103/200 Train accuracy: 7.87374e-01 Validation accuracy: 7.79000e-01 Training loss 4.54341e-03 Validation loss 4.92460e-03 Time taken: 0.15 seconds 
Epoch: 104/200 Train accuracy: 7.86305e-01 Validation accuracy: 7.81333e-01 Training loss 4.54225e-03 Validation loss 4.94033e-03 Time taken: 0.14 seconds 
Epoch: 105/200 Train accuracy: 7.87587e-01 Validation accuracy: 7.79667e-01 Training loss 4.54256e-03 Validation loss 4.91970e-03 Time taken: 0.14 seconds 
Epoch: 106/200 Train accuracy: 7.87088e-01 Validation accuracy: 7.79667e-01 Training loss 4.54336e-03 Validation loss 4.94404e-03 Time taken: 0.12 seconds 
Epoch: 107/200 Train accuracy: 7.88585e-01 Validation accuracy: 7.81000e-01 Training loss 4.53816e-03 Validation loss 4.92391e-03 Time taken: 0.14 seconds 
Epoch: 108/200 Train accuracy: 7.87516e-01 Validation accuracy: 7.77333e-01 Training loss 4.53462e-03 Validation loss 4.91459e-03 Time taken: 0.14 seconds 
Epoch: 109/200 Train accuracy: 7.88157e-01 Validation accuracy: 7.79000e-01 Training loss 4.53768e-03 Validation loss 4.90536e-03 Time taken: 0.14 seconds 
Epoch: 110/200 Train accuracy: 7.86233e-01 Validation accuracy: 7.79333e-01 Training loss 4.52928e-03 Validation loss 4.91219e-03 Time taken: 0.08 seconds 
Epoch: 111/200 Train accuracy: 7.89440e-01 Validation accuracy: 7.79667e-01 Training loss 4.52556e-03 Validation loss 4.91073e-03 Time taken: 0.10 seconds 
Epoch: 112/200 Train accuracy: 7.86732e-01 Validation accuracy: 7.83000e-01 Training loss 4.52893e-03 Validation loss 4.90356e-03 Time taken: 0.14 seconds 
Epoch: 113/200 Train accuracy: 7.87017e-01 Validation accuracy: 7.77667e-01 Training loss 4.53289e-03 Validation loss 4.94552e-03 Time taken: 0.14 seconds 
Epoch: 114/200 Train accuracy: 7.88585e-01 Validation accuracy: 7.79667e-01 Training loss 4.52301e-03 Validation loss 4.92973e-03 Time taken: 0.14 seconds 
Epoch: 115/200 Train accuracy: 7.88514e-01 Validation accuracy: 7.80000e-01 Training loss 4.52103e-03 Validation loss 4.91357e-03 Time taken: 0.16 seconds 
Epoch: 116/200 Train accuracy: 7.87374e-01 Validation accuracy: 7.82333e-01 Training loss 4.51997e-03 Validation loss 4.91240e-03 Time taken: 0.15 seconds 
Epoch: 117/200 Train accuracy: 7.88442e-01 Validation accuracy: 7.78000e-01 Training loss 4.51192e-03 Validation loss 4.88935e-03 Time taken: 0.13 seconds 
Epoch: 118/200 Train accuracy: 7.89297e-01 Validation accuracy: 7.79000e-01 Training loss 4.52231e-03 Validation loss 4.90440e-03 Time taken: 0.14 seconds 
Epoch: 119/200 Train accuracy: 7.89440e-01 Validation accuracy: 7.78333e-01 Training loss 4.51519e-03 Validation loss 4.88696e-03 Time taken: 0.16 seconds 
Epoch: 120/200 Train accuracy: 7.89867e-01 Validation accuracy: 7.84667e-01 Training loss 4.51423e-03 Validation loss 4.88481e-03 Time taken: 0.15 seconds 
Epoch: 121/200 Train accuracy: 7.88799e-01 Validation accuracy: 7.78667e-01 Training loss 4.51146e-03 Validation loss 4.91750e-03 Time taken: 0.14 seconds 
Epoch: 122/200 Train accuracy: 7.89939e-01 Validation accuracy: 7.81667e-01 Training loss 4.51220e-03 Validation loss 4.88295e-03 Time taken: 0.15 seconds 
Epoch: 123/200 Train accuracy: 7.90152e-01 Validation accuracy: 7.83333e-01 Training loss 4.51086e-03 Validation loss 4.90662e-03 Time taken: 0.15 seconds 
Epoch: 124/200 Train accuracy: 7.89012e-01 Validation accuracy: 7.82333e-01 Training loss 4.50562e-03 Validation loss 4.88150e-03 Time taken: 0.14 seconds 
Epoch: 125/200 Train accuracy: 7.88157e-01 Validation accuracy: 7.82000e-01 Training loss 4.50566e-03 Validation loss 4.89653e-03 Time taken: 0.14 seconds 
Epoch: 126/200 Train accuracy: 7.89511e-01 Validation accuracy: 7.80000e-01 Training loss 4.50656e-03 Validation loss 4.90568e-03 Time taken: 0.15 seconds 
Epoch: 127/200 Train accuracy: 7.88015e-01 Validation accuracy: 7.84333e-01 Training loss 4.51135e-03 Validation loss 4.87819e-03 Time taken: 0.17 seconds 
Epoch: 128/200 Train accuracy: 7.88870e-01 Validation accuracy: 7.83333e-01 Training loss 4.50141e-03 Validation loss 4.88650e-03 Time taken: 0.15 seconds 
Epoch: 129/200 Train accuracy: 7.90438e-01 Validation accuracy: 7.81000e-01 Training loss 4.49389e-03 Validation loss 4.89452e-03 Time taken: 0.11 seconds 
Epoch: 130/200 Train accuracy: 7.89796e-01 Validation accuracy: 7.84000e-01 Training loss 4.49613e-03 Validation loss 4.87951e-03 Time taken: 0.09 seconds 
Epoch: 131/200 Train accuracy: 7.91934e-01 Validation accuracy: 7.80667e-01 Training loss 4.49250e-03 Validation loss 4.87696e-03 Time taken: 0.08 seconds 
Epoch: 132/200 Train accuracy: 7.89369e-01 Validation accuracy: 7.83000e-01 Training loss 4.49435e-03 Validation loss 4.87430e-03 Time taken: 0.08 seconds 
Epoch: 133/200 Train accuracy: 7.89297e-01 Validation accuracy: 7.78667e-01 Training loss 4.49508e-03 Validation loss 4.90350e-03 Time taken: 0.08 seconds 
Epoch: 134/200 Train accuracy: 7.89440e-01 Validation accuracy: 7.82333e-01 Training loss 4.50009e-03 Validation loss 4.88427e-03 Time taken: 0.13 seconds 
Epoch: 135/200 Train accuracy: 7.90936e-01 Validation accuracy: 7.81000e-01 Training loss 4.49207e-03 Validation loss 4.87854e-03 Time taken: 0.14 seconds 
Epoch: 136/200 Train accuracy: 7.91293e-01 Validation accuracy: 7.84333e-01 Training loss 4.49019e-03 Validation loss 4.86115e-03 Time taken: 0.14 seconds 
Epoch: 137/200 Train accuracy: 7.90865e-01 Validation accuracy: 7.84000e-01 Training loss 4.48432e-03 Validation loss 4.88293e-03 Time taken: 0.15 seconds 
Epoch: 138/200 Train accuracy: 7.89155e-01 Validation accuracy: 7.80667e-01 Training loss 4.48684e-03 Validation loss 4.85606e-03 Time taken: 0.14 seconds 
Epoch: 139/200 Train accuracy: 7.90651e-01 Validation accuracy: 7.79667e-01 Training loss 4.48789e-03 Validation loss 4.86311e-03 Time taken: 0.16 seconds 
Epoch: 140/200 Train accuracy: 7.91150e-01 Validation accuracy: 7.82000e-01 Training loss 4.48337e-03 Validation loss 4.89091e-03 Time taken: 0.14 seconds 
Epoch: 141/200 Train accuracy: 7.90224e-01 Validation accuracy: 7.83000e-01 Training loss 4.48316e-03 Validation loss 4.85164e-03 Time taken: 0.14 seconds 
Epoch: 142/200 Train accuracy: 7.90509e-01 Validation accuracy: 7.83333e-01 Training loss 4.48280e-03 Validation loss 4.87183e-03 Time taken: 0.15 seconds 
Epoch: 143/200 Train accuracy: 7.90152e-01 Validation accuracy: 7.80333e-01 Training loss 4.47268e-03 Validation loss 4.86058e-03 Time taken: 0.15 seconds 
Epoch: 144/200 Train accuracy: 7.89939e-01 Validation accuracy: 7.77000e-01 Training loss 4.47426e-03 Validation loss 4.86125e-03 Time taken: 0.14 seconds 
Epoch: 145/200 Train accuracy: 7.89226e-01 Validation accuracy: 7.84333e-01 Training loss 4.48557e-03 Validation loss 4.84513e-03 Time taken: 0.15 seconds 
Epoch: 146/200 Train accuracy: 7.90651e-01 Validation accuracy: 7.80000e-01 Training loss 4.48096e-03 Validation loss 4.86562e-03 Time taken: 0.15 seconds 
Epoch: 147/200 Train accuracy: 7.92504e-01 Validation accuracy: 7.85667e-01 Training loss 4.46851e-03 Validation loss 4.84745e-03 Time taken: 0.15 seconds 
Epoch: 148/200 Train accuracy: 7.91293e-01 Validation accuracy: 7.86000e-01 Training loss 4.46466e-03 Validation loss 4.84645e-03 Time taken: 0.14 seconds 
Epoch: 149/200 Train accuracy: 7.90865e-01 Validation accuracy: 7.83000e-01 Training loss 4.46802e-03 Validation loss 4.86214e-03 Time taken: 0.15 seconds 
Epoch: 150/200 Train accuracy: 7.91364e-01 Validation accuracy: 7.82333e-01 Training loss 4.46358e-03 Validation loss 4.86076e-03 Time taken: 0.15 seconds 
Epoch: 151/200 Train accuracy: 7.91506e-01 Validation accuracy: 7.84667e-01 Training loss 4.47034e-03 Validation loss 4.85277e-03 Time taken: 0.14 seconds 
Epoch: 152/200 Train accuracy: 7.91150e-01 Validation accuracy: 7.83000e-01 Training loss 4.47986e-03 Validation loss 4.84392e-03 Time taken: 0.14 seconds 
Epoch: 153/200 Train accuracy: 7.91079e-01 Validation accuracy: 7.80667e-01 Training loss 4.46803e-03 Validation loss 4.85772e-03 Time taken: 0.16 seconds 
Epoch: 154/200 Train accuracy: 7.92789e-01 Validation accuracy: 7.84333e-01 Training loss 4.46561e-03 Validation loss 4.84545e-03 Time taken: 0.14 seconds 
Epoch: 155/200 Train accuracy: 7.91293e-01 Validation accuracy: 7.82333e-01 Training loss 4.45499e-03 Validation loss 4.83702e-03 Time taken: 0.14 seconds 
Epoch: 156/200 Train accuracy: 7.90509e-01 Validation accuracy: 7.85000e-01 Training loss 4.46144e-03 Validation loss 4.85289e-03 Time taken: 0.15 seconds 
Epoch: 157/200 Train accuracy: 7.92575e-01 Validation accuracy: 7.85667e-01 Training loss 4.45652e-03 Validation loss 4.83986e-03 Time taken: 0.15 seconds 
Epoch: 158/200 Train accuracy: 7.91934e-01 Validation accuracy: 7.85000e-01 Training loss 4.45667e-03 Validation loss 4.84121e-03 Time taken: 0.12 seconds 
Epoch: 159/200 Train accuracy: 7.91150e-01 Validation accuracy: 7.81333e-01 Training loss 4.47165e-03 Validation loss 4.85924e-03 Time taken: 0.13 seconds 
Epoch: 160/200 Train accuracy: 7.92219e-01 Validation accuracy: 7.82000e-01 Training loss 4.45327e-03 Validation loss 4.84443e-03 Time taken: 0.13 seconds 
Epoch: 161/200 Train accuracy: 7.93858e-01 Validation accuracy: 7.80000e-01 Training loss 4.45466e-03 Validation loss 4.85702e-03 Time taken: 0.14 seconds 
Epoch: 162/200 Train accuracy: 7.92219e-01 Validation accuracy: 7.84333e-01 Training loss 4.45551e-03 Validation loss 4.85825e-03 Time taken: 0.15 seconds 
Epoch: 163/200 Train accuracy: 7.93145e-01 Validation accuracy: 7.80667e-01 Training loss 4.45068e-03 Validation loss 4.83931e-03 Time taken: 0.15 seconds 
Epoch: 164/200 Train accuracy: 7.91079e-01 Validation accuracy: 7.85333e-01 Training loss 4.45461e-03 Validation loss 4.83444e-03 Time taken: 0.15 seconds 
Epoch: 165/200 Train accuracy: 7.90865e-01 Validation accuracy: 7.84000e-01 Training loss 4.44817e-03 Validation loss 4.84879e-03 Time taken: 0.15 seconds 
Epoch: 166/200 Train accuracy: 7.91934e-01 Validation accuracy: 7.86667e-01 Training loss 4.45110e-03 Validation loss 4.82830e-03 Time taken: 0.15 seconds 
Epoch: 167/200 Train accuracy: 7.91435e-01 Validation accuracy: 7.84333e-01 Training loss 4.44272e-03 Validation loss 4.81880e-03 Time taken: 0.13 seconds 
Epoch: 168/200 Train accuracy: 7.92931e-01 Validation accuracy: 7.83667e-01 Training loss 4.44352e-03 Validation loss 4.82723e-03 Time taken: 0.15 seconds 
Epoch: 169/200 Train accuracy: 7.93288e-01 Validation accuracy: 7.83000e-01 Training loss 4.44206e-03 Validation loss 4.84261e-03 Time taken: 0.14 seconds 
Epoch: 170/200 Train accuracy: 7.92860e-01 Validation accuracy: 7.84000e-01 Training loss 4.44090e-03 Validation loss 4.82123e-03 Time taken: 0.15 seconds 
Epoch: 171/200 Train accuracy: 7.93288e-01 Validation accuracy: 7.85667e-01 Training loss 4.44312e-03 Validation loss 4.82511e-03 Time taken: 0.15 seconds 
Epoch: 172/200 Train accuracy: 7.95069e-01 Validation accuracy: 7.84333e-01 Training loss 4.43600e-03 Validation loss 4.82249e-03 Time taken: 0.14 seconds 
Epoch: 173/200 Train accuracy: 7.93430e-01 Validation accuracy: 7.85333e-01 Training loss 4.43259e-03 Validation loss 4.81952e-03 Time taken: 0.14 seconds 
Epoch: 174/200 Train accuracy: 7.93929e-01 Validation accuracy: 7.86000e-01 Training loss 4.44159e-03 Validation loss 4.81942e-03 Time taken: 0.14 seconds 
Epoch: 175/200 Train accuracy: 7.92361e-01 Validation accuracy: 7.83000e-01 Training loss 4.43331e-03 Validation loss 4.81538e-03 Time taken: 0.15 seconds 
Epoch: 176/200 Train accuracy: 7.91720e-01 Validation accuracy: 7.85000e-01 Training loss 4.43398e-03 Validation loss 4.85921e-03 Time taken: 0.14 seconds 
Epoch: 177/200 Train accuracy: 7.93430e-01 Validation accuracy: 7.83667e-01 Training loss 4.43934e-03 Validation loss 4.82046e-03 Time taken: 0.15 seconds 
Epoch: 178/200 Train accuracy: 7.93929e-01 Validation accuracy: 7.84667e-01 Training loss 4.42857e-03 Validation loss 4.81549e-03 Time taken: 0.14 seconds 
Epoch: 179/200 Train accuracy: 7.91435e-01 Validation accuracy: 7.80000e-01 Training loss 4.43916e-03 Validation loss 4.85663e-03 Time taken: 0.16 seconds 
Epoch: 180/200 Train accuracy: 7.92718e-01 Validation accuracy: 7.83000e-01 Training loss 4.43653e-03 Validation loss 4.83018e-03 Time taken: 0.14 seconds 
Epoch: 181/200 Train accuracy: 7.94214e-01 Validation accuracy: 7.83667e-01 Training loss 4.42897e-03 Validation loss 4.82730e-03 Time taken: 0.14 seconds 
Epoch: 182/200 Train accuracy: 7.92361e-01 Validation accuracy: 7.84667e-01 Training loss 4.43243e-03 Validation loss 4.86676e-03 Time taken: 0.15 seconds 
Epoch: 183/200 Train accuracy: 7.92148e-01 Validation accuracy: 7.84000e-01 Training loss 4.43321e-03 Validation loss 4.83563e-03 Time taken: 0.14 seconds 
Epoch: 184/200 Train accuracy: 7.92718e-01 Validation accuracy: 7.85667e-01 Training loss 4.42850e-03 Validation loss 4.81138e-03 Time taken: 0.15 seconds 
Epoch: 185/200 Train accuracy: 7.93858e-01 Validation accuracy: 7.87000e-01 Training loss 4.42597e-03 Validation loss 4.80938e-03 Time taken: 0.15 seconds 
Epoch: 186/200 Train accuracy: 7.93644e-01 Validation accuracy: 7.84333e-01 Training loss 4.42152e-03 Validation loss 4.81919e-03 Time taken: 0.14 seconds 
Epoch: 187/200 Train accuracy: 7.93359e-01 Validation accuracy: 7.82000e-01 Training loss 4.42599e-03 Validation loss 4.82837e-03 Time taken: 0.15 seconds 
Epoch: 188/200 Train accuracy: 7.94285e-01 Validation accuracy: 7.86333e-01 Training loss 4.42587e-03 Validation loss 4.82465e-03 Time taken: 0.14 seconds 
Epoch: 189/200 Train accuracy: 7.93573e-01 Validation accuracy: 7.85667e-01 Training loss 4.41681e-03 Validation loss 4.83426e-03 Time taken: 0.15 seconds 
Epoch: 190/200 Train accuracy: 7.93430e-01 Validation accuracy: 7.87333e-01 Training loss 4.42488e-03 Validation loss 4.80750e-03 Time taken: 0.14 seconds 
Epoch: 191/200 Train accuracy: 7.96067e-01 Validation accuracy: 7.82000e-01 Training loss 4.41947e-03 Validation loss 4.82765e-03 Time taken: 0.14 seconds 
Epoch: 192/200 Train accuracy: 7.94214e-01 Validation accuracy: 7.87000e-01 Training loss 4.41250e-03 Validation loss 4.79891e-03 Time taken: 0.15 seconds 
Epoch: 193/200 Train accuracy: 7.93501e-01 Validation accuracy: 7.81667e-01 Training loss 4.41946e-03 Validation loss 4.82572e-03 Time taken: 0.14 seconds 
Epoch: 194/200 Train accuracy: 7.94570e-01 Validation accuracy: 7.87667e-01 Training loss 4.41799e-03 Validation loss 4.83140e-03 Time taken: 0.14 seconds 
Epoch: 195/200 Train accuracy: 7.94000e-01 Validation accuracy: 7.86333e-01 Training loss 4.42033e-03 Validation loss 4.80576e-03 Time taken: 0.13 seconds 
Epoch: 196/200 Train accuracy: 7.94927e-01 Validation accuracy: 7.87000e-01 Training loss 4.41236e-03 Validation loss 4.79795e-03 Time taken: 0.15 seconds 
Epoch: 197/200 Train accuracy: 7.95639e-01 Validation accuracy: 7.89667e-01 Training loss 4.40952e-03 Validation loss 4.80022e-03 Time taken: 0.14 seconds 
Epoch: 198/200 Train accuracy: 7.95568e-01 Validation accuracy: 7.82000e-01 Training loss 4.41801e-03 Validation loss 4.82548e-03 Time taken: 0.14 seconds 
Epoch: 199/200 Train accuracy: 7.93359e-01 Validation accuracy: 7.84667e-01 Training loss 4.42632e-03 Validation loss 4.81152e-03 Time taken: 0.15 seconds 
Epoch: 200/200 Train accuracy: 7.93573e-01 Validation accuracy: 7.86333e-01 Training loss 4.41341e-03 Validation loss 4.80207e-03 Time taken: 0.14 seconds 
Total time taken 0:00:28.088273
Cleaning up intermediate feature (.pt) files
Done


working on file logs_PKT_chunks/iic-train-l2-pkt-chunks-seed0-KNN-ep750/jepa-iic-ep250.pth.tar ...
