VisionTransformer(
  (patch_embed): PatchEmbed(
    (proj): Conv2d(3, 768, kernel_size=(15, 15), stride=(15, 15))
  )
  (blocks): ModuleList(
    (0-11): 12 x Block(
      (norm1): LayerNorm((768,), eps=1e-06, elementwise_affine=True)
      (attn): Attention(
        (qkv): Linear(in_features=768, out_features=2304, bias=True)
        (attn_drop): Dropout(p=0.0, inplace=False)
        (proj): Linear(in_features=768, out_features=768, bias=True)
        (proj_drop): Dropout(p=0.0, inplace=False)
      )
      (drop_path): Identity()
      (norm2): LayerNorm((768,), eps=1e-06, elementwise_affine=True)
      (mlp): MLP(
        (fc1): Linear(in_features=768, out_features=3072, bias=True)
        (act): GELU(approximate='none')
        (fc2): Linear(in_features=3072, out_features=768, bias=True)
        (drop): Dropout(p=0.0, inplace=False)
      )
    )
  )
  (norm): LayerNorm((768,), eps=1e-06, elementwise_affine=True)
)
making imagenet data transforms
data-path datasets/iic/train/
Initialized ImageNet
ImageNet dataset created
ImageNet unsupervised data loader created
Using AdamW
Encountered exception when loading checkpoint [Errno 2] No such file or directory: 'logs_PKT_chunks/iic-train-l2-pkt-chunks-seed0-KNN-ep1000/jepa-iic'
Starting
Iteration: 0
Iteration: 1
Iteration: 2
Iteration: 3
Iteration: 4
Iteration: 5
Iteration: 6
Iteration: 7
Iteration: 8
Iteration: 9
Iteration: 10
Iteration: 11
Iteration: 12
Iteration: 13
Iteration: 14
Iteration: 15
Iteration: 16
Iteration: 17
Iteration: 18
Iteration: 19
Iteration: 20
Context Encoder: VNE=1.9947 NormVNE=0.3002 EffRank=7.3503 NormEffRank=0.0096
Target Encoder: VNE=3.1698 NormVNE=0.4771 EffRank=23.8037 NormEffRank=0.0310
time taken for epoch 0:00:03.505733
Total pretraining time 0:00:03.505764
VisionTransformer(
  (patch_embed): PatchEmbed(
    (proj): Conv2d(3, 768, kernel_size=(15, 15), stride=(15, 15))
  )
  (blocks): ModuleList(
    (0-11): 12 x Block(
      (norm1): LayerNorm((768,), eps=1e-06, elementwise_affine=True)
      (attn): Attention(
        (qkv): Linear(in_features=768, out_features=2304, bias=True)
        (attn_drop): Dropout(p=0.0, inplace=False)
        (proj): Linear(in_features=768, out_features=768, bias=True)
        (proj_drop): Dropout(p=0.0, inplace=False)
      )
      (drop_path): Identity()
      (norm2): LayerNorm((768,), eps=1e-06, elementwise_affine=True)
      (mlp): MLP(
        (fc1): Linear(in_features=768, out_features=3072, bias=True)
        (act): GELU(approximate='none')
        (fc2): Linear(in_features=3072, out_features=768, bias=True)
        (drop): Dropout(p=0.0, inplace=False)
      )
    )
  )
  (norm): LayerNorm((768,), eps=1e-06, elementwise_affine=True)
)
making imagenet data transforms
data-path datasets/iic/train/
Initialized ImageNet
ImageNet dataset created
ImageNet unsupervised data loader created
Using AdamW
Encountered exception when loading checkpoint [Errno 2] No such file or directory: 'logs_PKT_chunks/iic-train-l2-pkt-chunks-seed0-KNN-ep1000/jepa-iic'
Starting
Iteration: 0
Iteration: 1
Iteration: 2
Iteration: 3
Iteration: 4
Iteration: 5
Iteration: 6
Iteration: 7
Iteration: 8
Iteration: 9
Iteration: 10
Iteration: 11
Iteration: 12
Iteration: 13
Iteration: 14
Iteration: 15
Iteration: 16
Iteration: 17
Iteration: 18
Iteration: 19
Iteration: 20
Iteration: 21
Iteration: 22
Iteration: 23
Iteration: 24
Iteration: 25
Iteration: 26
Iteration: 27
Iteration: 28
Iteration: 29
Iteration: 30
Iteration: 31
Iteration: 32
Iteration: 33
Iteration: 34
Iteration: 35
Iteration: 36
Iteration: 37
Iteration: 38
Iteration: 39
Iteration: 40
Iteration: 41
Iteration: 42
Iteration: 43
Iteration: 44
Iteration: 45
Iteration: 46
Iteration: 47
Iteration: 48
Iteration: 49
Iteration: 50
Context Encoder: VNE=2.0144 NormVNE=0.3032 EffRank=7.4963 NormEffRank=0.0098
Target Encoder: VNE=3.1753 NormVNE=0.4779 EffRank=23.9348 NormEffRank=0.0312
time taken for epoch 0:00:08.848951
Total pretraining time 0:00:08.848976
VisionTransformer(
  (patch_embed): PatchEmbed(
    (proj): Conv2d(3, 768, kernel_size=(15, 15), stride=(15, 15))
  )
  (blocks): ModuleList(
    (0-11): 12 x Block(
      (norm1): LayerNorm((768,), eps=1e-06, elementwise_affine=True)
      (attn): Attention(
        (qkv): Linear(in_features=768, out_features=2304, bias=True)
        (attn_drop): Dropout(p=0.0, inplace=False)
        (proj): Linear(in_features=768, out_features=768, bias=True)
        (proj_drop): Dropout(p=0.0, inplace=False)
      )
      (drop_path): Identity()
      (norm2): LayerNorm((768,), eps=1e-06, elementwise_affine=True)
      (mlp): MLP(
        (fc1): Linear(in_features=768, out_features=3072, bias=True)
        (act): GELU(approximate='none')
        (fc2): Linear(in_features=3072, out_features=768, bias=True)
        (drop): Dropout(p=0.0, inplace=False)
      )
    )
  )
  (norm): LayerNorm((768,), eps=1e-06, elementwise_affine=True)
)
making imagenet data transforms
data-path datasets/iic/train/
Initialized ImageNet
ImageNet dataset created
ImageNet unsupervised data loader created
Using AdamW
loaded pretrained encoder from epoch 999 with msg: <All keys matched successfully>
loaded pretrained encoder from epoch 999 with msg: <All keys matched successfully>
loaded pretrained encoder from epoch 999 with msg: <All keys matched successfully>
loaded optimizers from epoch 999
read-path: logs_PKT_chunks/iic-train-l2-pkt-chunks-seed0-KNN-ep1000/jepa-iic-ep1000.pth.tar
Starting
Iteration: 0
Iteration: 1
Iteration: 2
Iteration: 3
Iteration: 4
Iteration: 5
Iteration: 6
Iteration: 7
Iteration: 8
Iteration: 9
Iteration: 10
Iteration: 11
Iteration: 12
Iteration: 13
Iteration: 14
Iteration: 15
Iteration: 16
Iteration: 17
Iteration: 18
Iteration: 19
Iteration: 20
Z shape: torch.Size([87040, 768])
Context Encoder: VNE=2.0764 NormVNE=0.3125 EffRank=7.9756 NormEffRank=0.0104
Target Encoder: VNE=2.6651 NormVNE=0.4011 EffRank=14.3692 NormEffRank=0.0187
time taken for epoch 0:00:03.381150
Total pretraining time 0:00:03.381186
VisionTransformer(
  (patch_embed): PatchEmbed(
    (proj): Conv2d(3, 768, kernel_size=(15, 15), stride=(15, 15))
  )
  (blocks): ModuleList(
    (0-11): 12 x Block(
      (norm1): LayerNorm((768,), eps=1e-06, elementwise_affine=True)
      (attn): Attention(
        (qkv): Linear(in_features=768, out_features=2304, bias=True)
        (attn_drop): Dropout(p=0.0, inplace=False)
        (proj): Linear(in_features=768, out_features=768, bias=True)
        (proj_drop): Dropout(p=0.0, inplace=False)
      )
      (drop_path): Identity()
      (norm2): LayerNorm((768,), eps=1e-06, elementwise_affine=True)
      (mlp): MLP(
        (fc1): Linear(in_features=768, out_features=3072, bias=True)
        (act): GELU(approximate='none')
        (fc2): Linear(in_features=3072, out_features=768, bias=True)
        (drop): Dropout(p=0.0, inplace=False)
      )
    )
  )
  (norm): LayerNorm((768,), eps=1e-06, elementwise_affine=True)
)
making imagenet data transforms
data-path datasets/iic/train/
Initialized ImageNet
ImageNet dataset created
ImageNet unsupervised data loader created
Using AdamW
loaded pretrained encoder from epoch 999 with msg: <All keys matched successfully>
loaded pretrained encoder from epoch 999 with msg: <All keys matched successfully>
loaded pretrained encoder from epoch 999 with msg: <All keys matched successfully>
loaded optimizers from epoch 999
read-path: logs_PKT_chunks/iic-train-l2-pkt-chunks-seed0-KNN-ep1000/jepa-iic-ep1000.pth.tar
Starting
Iteration: 0
Iteration: 1
Iteration: 2
Iteration: 3
Iteration: 4
Iteration: 5
Iteration: 6
Iteration: 7
Iteration: 8
Iteration: 9
Iteration: 10
Iteration: 11
Iteration: 12
Iteration: 13
Iteration: 14
Iteration: 15
Iteration: 16
Iteration: 17
Iteration: 18
Iteration: 19
Iteration: 20
Iteration: 21
Iteration: 22
Iteration: 23
Iteration: 24
Iteration: 25
Iteration: 26
Iteration: 27
Iteration: 28
Iteration: 29
Iteration: 30
Iteration: 31
Iteration: 32
Iteration: 33
Iteration: 34
Iteration: 35
Iteration: 36
Iteration: 37
Iteration: 38
Iteration: 39
Iteration: 40
Iteration: 41
Iteration: 42
Iteration: 43
Iteration: 44
Iteration: 45
Iteration: 46
Iteration: 47
Iteration: 48
Iteration: 49
Iteration: 50
Iteration: 51
Iteration: 52
Iteration: 53
Iteration: 54
Iteration: 55
Iteration: 56
Iteration: 57
Iteration: 58
Iteration: 59
Iteration: 60
Iteration: 61
Iteration: 62
Iteration: 63
Iteration: 64
Iteration: 65
Iteration: 66
Iteration: 67
Iteration: 68
Iteration: 69
Iteration: 70
Iteration: 71
Iteration: 72
Iteration: 73
Iteration: 74
Iteration: 75
Iteration: 76
Iteration: 77
Iteration: 78
Iteration: 79
Iteration: 80
Iteration: 81
Iteration: 82
Iteration: 83
Iteration: 84
Iteration: 85
Iteration: 86
Iteration: 87
Iteration: 88
Iteration: 89
Iteration: 90
Iteration: 91
Iteration: 92
Iteration: 93
Iteration: 94
Iteration: 95
Iteration: 96
Iteration: 97
Iteration: 98
Iteration: 99
Iteration: 100
Iteration: 101
Iteration: 102
Iteration: 103
Iteration: 104
Iteration: 105
Iteration: 106
Iteration: 107
Iteration: 108
Iteration: 109
Iteration: 110
Iteration: 111
Iteration: 112
Iteration: 113
Iteration: 114
Iteration: 115
Iteration: 116
Iteration: 117
Iteration: 118
Iteration: 119
Iteration: 120
Iteration: 121
Iteration: 122
Iteration: 123
Iteration: 124
Iteration: 125
Iteration: 126
Iteration: 127
Iteration: 128
Iteration: 129
Iteration: 130
Iteration: 131
Iteration: 132
Iteration: 133
Iteration: 134
Iteration: 135
Iteration: 136
Iteration: 137
Iteration: 138
Iteration: 139
Iteration: 140
Iteration: 141
Iteration: 142
Iteration: 143
Iteration: 144
Iteration: 145
Iteration: 146
Iteration: 147
Iteration: 148
Iteration: 149
Iteration: 150
Iteration: 151
Iteration: 152
Iteration: 153
Iteration: 154
Iteration: 155
Iteration: 156
Iteration: 157
Iteration: 158
Iteration: 159
Iteration: 160
Iteration: 161
Iteration: 162
Iteration: 163
Iteration: 164
Iteration: 165
Iteration: 166
Iteration: 167
Iteration: 168
Iteration: 169
Iteration: 170
Iteration: 171
Iteration: 172
Iteration: 173
Iteration: 174
Iteration: 175
Iteration: 176
Iteration: 177
Iteration: 178
Iteration: 179
Iteration: 180
Iteration: 181
Iteration: 182
Iteration: 183
Iteration: 184
Iteration: 185
Iteration: 186
Iteration: 187
Iteration: 188
Iteration: 189
Iteration: 190
Iteration: 191
Iteration: 192
Iteration: 193
Iteration: 194
Iteration: 195
Iteration: 196
Iteration: 197
Iteration: 198
Iteration: 199
Iteration: 200
Z shape: torch.Size([886784, 768])
Context Encoder: VNE=2.0007 NormVNE=0.3011 EffRank=7.3942 NormEffRank=0.0096
Target Encoder: VNE=2.5040 NormVNE=0.3769 EffRank=12.2314 NormEffRank=0.0159
time taken for epoch 0:00:33.411998
Total pretraining time 0:00:33.412037
VisionTransformer(
  (patch_embed): PatchEmbed(
    (proj): Conv2d(3, 768, kernel_size=(15, 15), stride=(15, 15))
  )
  (blocks): ModuleList(
    (0-11): 12 x Block(
      (norm1): LayerNorm((768,), eps=1e-06, elementwise_affine=True)
      (attn): Attention(
        (qkv): Linear(in_features=768, out_features=2304, bias=True)
        (attn_drop): Dropout(p=0.0, inplace=False)
        (proj): Linear(in_features=768, out_features=768, bias=True)
        (proj_drop): Dropout(p=0.0, inplace=False)
      )
      (drop_path): Identity()
      (norm2): LayerNorm((768,), eps=1e-06, elementwise_affine=True)
      (mlp): MLP(
        (fc1): Linear(in_features=768, out_features=3072, bias=True)
        (act): GELU(approximate='none')
        (fc2): Linear(in_features=3072, out_features=768, bias=True)
        (drop): Dropout(p=0.0, inplace=False)
      )
    )
  )
  (norm): LayerNorm((768,), eps=1e-06, elementwise_affine=True)
)
making imagenet data transforms
data-path datasets/iic/train/
Initialized ImageNet
ImageNet dataset created
ImageNet unsupervised data loader created
Using AdamW
loaded pretrained encoder from epoch 999 with msg: <All keys matched successfully>
loaded pretrained encoder from epoch 999 with msg: <All keys matched successfully>
loaded pretrained encoder from epoch 999 with msg: <All keys matched successfully>
loaded optimizers from epoch 999
read-path: logs_PKT_chunks/iic-train-l2-pkt-chunks-seed0-KNN-ep1000/jepa-iic-ep1000.pth.tar
Starting
Iteration: 0
Iteration: 1
Iteration: 2
Iteration: 3
Iteration: 4
Iteration: 5
Iteration: 6
Iteration: 7
Iteration: 8
Iteration: 9
Iteration: 10
Iteration: 11
Iteration: 12
Iteration: 13
Iteration: 14
Iteration: 15
Iteration: 16
Iteration: 17
Iteration: 18
Iteration: 19
Iteration: 20
Iteration: 21
Iteration: 22
Iteration: 23
Iteration: 24
Iteration: 25
Iteration: 26
Iteration: 27
Iteration: 28
Iteration: 29
Iteration: 30
Iteration: 31
Iteration: 32
Iteration: 33
Iteration: 34
Iteration: 35
Iteration: 36
Iteration: 37
Iteration: 38
Iteration: 39
Iteration: 40
Iteration: 41
Iteration: 42
Iteration: 43
Iteration: 44
Iteration: 45
Iteration: 46
Iteration: 47
Iteration: 48
Iteration: 49
Iteration: 50
Iteration: 51
Iteration: 52
Iteration: 53
Iteration: 54
Iteration: 55
Iteration: 56
Iteration: 57
Iteration: 58
Iteration: 59
Iteration: 60
Iteration: 61
Iteration: 62
Iteration: 63
Iteration: 64
Iteration: 65
Iteration: 66
Iteration: 67
Iteration: 68
Iteration: 69
Iteration: 70
Iteration: 71
Iteration: 72
Iteration: 73
Iteration: 74
Iteration: 75
Iteration: 76
Iteration: 77
Iteration: 78
Iteration: 79
Iteration: 80
Iteration: 81
Iteration: 82
Iteration: 83
Iteration: 84
Iteration: 85
Iteration: 86
Iteration: 87
Iteration: 88
Iteration: 89
Iteration: 90
Iteration: 91
Iteration: 92
Iteration: 93
Iteration: 94
Iteration: 95
Iteration: 96
Iteration: 97
Iteration: 98
Iteration: 99
Iteration: 100
Iteration: 101
Iteration: 102
Iteration: 103
Iteration: 104
Iteration: 105
Iteration: 106
Iteration: 107
Iteration: 108
Iteration: 109
Iteration: 110
Iteration: 111
Iteration: 112
Iteration: 113
Iteration: 114
Iteration: 115
Iteration: 116
Iteration: 117
Iteration: 118
Iteration: 119
Iteration: 120
Iteration: 121
Iteration: 122
Iteration: 123
Iteration: 124
Iteration: 125
Iteration: 126
Iteration: 127
Iteration: 128
Iteration: 129
Iteration: 130
Iteration: 131
Iteration: 132
Iteration: 133
Iteration: 134
Iteration: 135
Iteration: 136
Iteration: 137
Iteration: 138
Iteration: 139
Iteration: 140
Iteration: 141
Iteration: 142
Iteration: 143
Iteration: 144
Iteration: 145
Iteration: 146
Iteration: 147
Iteration: 148
Iteration: 149
Iteration: 150
Iteration: 151
Iteration: 152
Iteration: 153
Iteration: 154
Iteration: 155
Iteration: 156
Iteration: 157
Iteration: 158
Iteration: 159
Iteration: 160
Iteration: 161
Iteration: 162
Iteration: 163
Iteration: 164
Iteration: 165
Iteration: 166
Iteration: 167
Iteration: 168
Iteration: 169
Iteration: 170
Iteration: 171
Iteration: 172
Iteration: 173
Iteration: 174
Iteration: 175
Iteration: 176
Iteration: 177
Iteration: 178
Iteration: 179
Iteration: 180
Iteration: 181
Iteration: 182
Iteration: 183
Iteration: 184
Iteration: 185
Iteration: 186
Iteration: 187
Iteration: 188
Iteration: 189
Iteration: 190
Iteration: 191
Iteration: 192
Iteration: 193
Iteration: 194
Iteration: 195
Iteration: 196
Iteration: 197
Iteration: 198
Iteration: 199
Iteration: 200
Iteration: 201
Iteration: 202
Iteration: 203
Iteration: 204
Iteration: 205
Iteration: 206
Iteration: 207
Iteration: 208
Iteration: 209
Iteration: 210
Iteration: 211
Iteration: 212
Iteration: 213
Iteration: 214
Iteration: 215
Iteration: 216
Iteration: 217
Iteration: 218
Z shape: torch.Size([968704, 768])
Context Encoder: VNE=2.0058 NormVNE=0.3019 EffRank=7.4317 NormEffRank=0.0097
Target Encoder: VNE=2.5182 NormVNE=0.3790 EffRank=12.4063 NormEffRank=0.0162
time taken for epoch 0:00:35.040047
Total pretraining time 0:00:35.040073
VisionTransformer(
  (patch_embed): PatchEmbed(
    (proj): Conv2d(3, 768, kernel_size=(15, 15), stride=(15, 15))
  )
  (blocks): ModuleList(
    (0-11): 12 x Block(
      (norm1): LayerNorm((768,), eps=1e-06, elementwise_affine=True)
      (attn): Attention(
        (qkv): Linear(in_features=768, out_features=2304, bias=True)
        (attn_drop): Dropout(p=0.0, inplace=False)
        (proj): Linear(in_features=768, out_features=768, bias=True)
        (proj_drop): Dropout(p=0.0, inplace=False)
      )
      (drop_path): Identity()
      (norm2): LayerNorm((768,), eps=1e-06, elementwise_affine=True)
      (mlp): MLP(
        (fc1): Linear(in_features=768, out_features=3072, bias=True)
        (act): GELU(approximate='none')
        (fc2): Linear(in_features=3072, out_features=768, bias=True)
        (drop): Dropout(p=0.0, inplace=False)
      )
    )
  )
  (norm): LayerNorm((768,), eps=1e-06, elementwise_affine=True)
)
making imagenet data transforms
data-path datasets/iic/train/
Initialized ImageNet
ImageNet dataset created
ImageNet unsupervised data loader created
Using AdamW
loaded pretrained encoder from epoch 999 with msg: <All keys matched successfully>
loaded pretrained encoder from epoch 999 with msg: <All keys matched successfully>
loaded pretrained encoder from epoch 999 with msg: <All keys matched successfully>
loaded optimizers from epoch 999
read-path: logs_PKT_chunks/iic-train-l2-pkt-chunks-seed0-KNN-ep1000/jepa-iic-ep1000.pth.tar
Starting
Iteration: 0
Iteration: 1
Iteration: 2
Iteration: 3
Iteration: 4
Iteration: 5
Iteration: 6
Iteration: 7
Iteration: 8
Iteration: 9
Iteration: 10
Iteration: 11
Iteration: 12
Iteration: 13
Iteration: 14
Iteration: 15
Iteration: 16
Iteration: 17
Iteration: 18
Iteration: 19
Iteration: 20
Iteration: 21
Iteration: 22
Iteration: 23
Iteration: 24
Iteration: 25
Iteration: 26
Iteration: 27
Iteration: 28
Iteration: 29
Iteration: 30
Iteration: 31
Iteration: 32
Iteration: 33
Iteration: 34
Iteration: 35
Iteration: 36
Iteration: 37
Iteration: 38
Iteration: 39
Iteration: 40
Iteration: 41
Iteration: 42
Iteration: 43
Iteration: 44
Iteration: 45
Iteration: 46
Iteration: 47
Iteration: 48
Iteration: 49
Iteration: 50
Iteration: 51
Iteration: 52
Iteration: 53
Iteration: 54
Iteration: 55
Iteration: 56
Iteration: 57
Iteration: 58
Iteration: 59
Iteration: 60
Iteration: 61
Iteration: 62
Iteration: 63
Iteration: 64
Iteration: 65
Iteration: 66
Iteration: 67
Iteration: 68
Iteration: 69
Iteration: 70
Iteration: 71
Iteration: 72
Iteration: 73
Iteration: 74
Iteration: 75
Iteration: 76
Iteration: 77
Iteration: 78
Iteration: 79
Iteration: 80
Iteration: 81
Iteration: 82
Iteration: 83
Iteration: 84
Iteration: 85
Iteration: 86
Iteration: 87
Iteration: 88
Iteration: 89
Iteration: 90
Iteration: 91
Iteration: 92
Iteration: 93
Iteration: 94
Iteration: 95
Iteration: 96
Iteration: 97
Iteration: 98
Iteration: 99
Iteration: 100
Iteration: 101
Iteration: 102
Iteration: 103
Iteration: 104
Iteration: 105
Iteration: 106
Iteration: 107
Iteration: 108
Iteration: 109
Iteration: 110
Iteration: 111
Iteration: 112
Iteration: 113
Iteration: 114
Iteration: 115
Iteration: 116
Iteration: 117
Iteration: 118
Iteration: 119
Iteration: 120
Iteration: 121
Iteration: 122
Iteration: 123
Iteration: 124
Iteration: 125
Iteration: 126
Iteration: 127
Iteration: 128
Iteration: 129
Iteration: 130
Iteration: 131
Iteration: 132
Iteration: 133
Iteration: 134
Iteration: 135
Iteration: 136
Iteration: 137
Iteration: 138
Iteration: 139
Iteration: 140
Iteration: 141
Iteration: 142
Iteration: 143
Iteration: 144
Iteration: 145
Iteration: 146
Iteration: 147
Iteration: 148
Iteration: 149
Iteration: 150
Iteration: 151
Iteration: 152
Iteration: 153
Iteration: 154
Iteration: 155
Iteration: 156
Iteration: 157
Iteration: 158
Iteration: 159
Iteration: 160
Iteration: 161
Iteration: 162
Iteration: 163
Iteration: 164
Iteration: 165
Iteration: 166
Iteration: 167
Iteration: 168
Iteration: 169
Iteration: 170
Iteration: 171
Iteration: 172
Iteration: 173
Iteration: 174
Iteration: 175
Iteration: 176
Iteration: 177
Iteration: 178
Iteration: 179
Iteration: 180
Iteration: 181
Iteration: 182
Iteration: 183
Iteration: 184
Iteration: 185
Iteration: 186
Iteration: 187
Iteration: 188
Iteration: 189
Iteration: 190
Iteration: 191
Iteration: 192
Iteration: 193
Iteration: 194
Iteration: 195
Iteration: 196
Iteration: 197
Iteration: 198
Iteration: 199
Iteration: 200
Iteration: 201
Iteration: 202
Iteration: 203
Iteration: 204
Iteration: 205
Iteration: 206
Iteration: 207
Iteration: 208
Iteration: 209
Iteration: 210
Iteration: 211
Iteration: 212
Iteration: 213
Iteration: 214
Iteration: 215
Iteration: 216
Iteration: 217
Iteration: 218
Z shape: torch.Size([306560, 768])
Context Encoder: VNE=2.2180 NormVNE=0.3339 EffRank=9.1893 NormEffRank=0.0120
Target Encoder: VNE=2.5182 NormVNE=0.3790 EffRank=12.4063 NormEffRank=0.0162
time taken for epoch 0:00:30.120740
Total pretraining time 0:00:30.120765
VisionTransformer(
  (patch_embed): PatchEmbed(
    (proj): Conv2d(3, 768, kernel_size=(15, 15), stride=(15, 15))
  )
  (blocks): ModuleList(
    (0-11): 12 x Block(
      (norm1): LayerNorm((768,), eps=1e-06, elementwise_affine=True)
      (attn): Attention(
        (qkv): Linear(in_features=768, out_features=2304, bias=True)
        (attn_drop): Dropout(p=0.0, inplace=False)
        (proj): Linear(in_features=768, out_features=768, bias=True)
        (proj_drop): Dropout(p=0.0, inplace=False)
      )
      (drop_path): Identity()
      (norm2): LayerNorm((768,), eps=1e-06, elementwise_affine=True)
      (mlp): MLP(
        (fc1): Linear(in_features=768, out_features=3072, bias=True)
        (act): GELU(approximate='none')
        (fc2): Linear(in_features=3072, out_features=768, bias=True)
        (drop): Dropout(p=0.0, inplace=False)
      )
    )
  )
  (norm): LayerNorm((768,), eps=1e-06, elementwise_affine=True)
)
making imagenet data transforms
data-path datasets/iic/train/
Initialized ImageNet
ImageNet dataset created
ImageNet unsupervised data loader created
Using AdamW
loaded pretrained encoder from epoch 999 with msg: <All keys matched successfully>
loaded pretrained encoder from epoch 999 with msg: <All keys matched successfully>
loaded pretrained encoder from epoch 999 with msg: <All keys matched successfully>
loaded optimizers from epoch 999
read-path: logs_PKT_chunks/iic-train-l2-pkt-chunks-seed0-KNN-ep1000/jepa-iic-ep1000.pth.tar
Starting
Iteration: 0
VisionTransformer(
  (patch_embed): PatchEmbed(
    (proj): Conv2d(3, 768, kernel_size=(15, 15), stride=(15, 15))
  )
  (blocks): ModuleList(
    (0-11): 12 x Block(
      (norm1): LayerNorm((768,), eps=1e-06, elementwise_affine=True)
      (attn): Attention(
        (qkv): Linear(in_features=768, out_features=2304, bias=True)
        (attn_drop): Dropout(p=0.0, inplace=False)
        (proj): Linear(in_features=768, out_features=768, bias=True)
        (proj_drop): Dropout(p=0.0, inplace=False)
      )
      (drop_path): Identity()
      (norm2): LayerNorm((768,), eps=1e-06, elementwise_affine=True)
      (mlp): MLP(
        (fc1): Linear(in_features=768, out_features=3072, bias=True)
        (act): GELU(approximate='none')
        (fc2): Linear(in_features=3072, out_features=768, bias=True)
        (drop): Dropout(p=0.0, inplace=False)
      )
    )
  )
  (norm): LayerNorm((768,), eps=1e-06, elementwise_affine=True)
)
making imagenet data transforms
data-path datasets/iic/train/
Initialized ImageNet
ImageNet dataset created
ImageNet unsupervised data loader created
Using AdamW
loaded pretrained encoder from epoch 999 with msg: <All keys matched successfully>
loaded pretrained encoder from epoch 999 with msg: <All keys matched successfully>
loaded pretrained encoder from epoch 999 with msg: <All keys matched successfully>
loaded optimizers from epoch 999
read-path: logs_PKT_chunks/iic-train-l2-pkt-chunks-seed0-KNN-ep1000/jepa-iic-ep1000.pth.tar
Starting
Iteration: 0
Iteration: 1
Iteration: 2
Iteration: 3
Iteration: 4
Iteration: 5
Iteration: 6
Iteration: 7
Iteration: 8
Iteration: 9
Iteration: 10
Iteration: 11
Iteration: 12
Iteration: 13
Iteration: 14
Iteration: 15
Iteration: 16
Iteration: 17
Iteration: 18
Iteration: 19
Iteration: 20
Iteration: 21
Iteration: 22
Iteration: 23
Iteration: 24
Iteration: 25
Iteration: 26
Iteration: 27
Iteration: 28
Iteration: 29
Iteration: 30
Iteration: 31
Iteration: 32
Iteration: 33
Iteration: 34
Iteration: 35
Iteration: 36
Iteration: 37
Iteration: 38
Iteration: 39
Iteration: 40
Iteration: 41
Iteration: 42
Iteration: 43
Iteration: 44
Iteration: 45
Iteration: 46
Iteration: 47
Iteration: 48
Iteration: 49
Iteration: 50
Iteration: 51
Iteration: 52
Iteration: 53
Iteration: 54
Iteration: 55
Iteration: 56
Iteration: 57
Iteration: 58
Iteration: 59
Iteration: 60
Iteration: 61
Iteration: 62
Iteration: 63
Iteration: 64
Iteration: 65
Iteration: 66
Iteration: 67
Iteration: 68
Iteration: 69
Iteration: 70
Iteration: 71
Iteration: 72
Iteration: 73
Iteration: 74
Iteration: 75
Iteration: 76
Iteration: 77
Iteration: 78
Iteration: 79
Iteration: 80
Iteration: 81
Iteration: 82
Iteration: 83
Iteration: 84
Iteration: 85
Iteration: 86
Iteration: 87
Iteration: 88
Iteration: 89
Iteration: 90
Iteration: 91
Iteration: 92
Iteration: 93
Iteration: 94
Iteration: 95
Iteration: 96
Iteration: 97
Iteration: 98
Iteration: 99
Iteration: 100
Iteration: 101
Iteration: 102
Iteration: 103
Iteration: 104
Iteration: 105
Iteration: 106
Iteration: 107
Iteration: 108
Iteration: 109
Iteration: 110
Iteration: 111
Iteration: 112
Iteration: 113
Iteration: 114
Iteration: 115
Iteration: 116
Iteration: 117
Iteration: 118
Iteration: 119
Iteration: 120
Iteration: 121
Iteration: 122
Iteration: 123
Iteration: 124
Iteration: 125
Iteration: 126
Iteration: 127
Iteration: 128
Iteration: 129
Iteration: 130
Iteration: 131
Iteration: 132
Iteration: 133
Iteration: 134
Iteration: 135
Iteration: 136
Iteration: 137
Iteration: 138
Iteration: 139
Iteration: 140
Iteration: 141
Iteration: 142
Iteration: 143
Iteration: 144
Iteration: 145
Iteration: 146
Iteration: 147
Iteration: 148
Iteration: 149
Iteration: 150
Iteration: 151
Iteration: 152
Iteration: 153
Iteration: 154
Iteration: 155
Iteration: 156
Iteration: 157
Iteration: 158
Iteration: 159
Iteration: 160
Iteration: 161
Iteration: 162
Iteration: 163
Iteration: 164
Iteration: 165
Iteration: 166
Iteration: 167
Iteration: 168
Iteration: 169
Iteration: 170
Iteration: 171
Iteration: 172
Iteration: 173
Iteration: 174
Iteration: 175
Iteration: 176
Iteration: 177
Iteration: 178
Iteration: 179
Iteration: 180
Iteration: 181
Iteration: 182
Iteration: 183
Iteration: 184
Iteration: 185
Iteration: 186
Iteration: 187
Iteration: 188
Iteration: 189
Iteration: 190
Iteration: 191
Iteration: 192
Iteration: 193
Iteration: 194
Iteration: 195
Iteration: 196
Iteration: 197
Iteration: 198
Iteration: 199
Iteration: 200
Iteration: 201
Iteration: 202
Iteration: 203
Iteration: 204
Iteration: 205
Iteration: 206
Iteration: 207
Iteration: 208
Iteration: 209
Iteration: 210
Iteration: 211
Iteration: 212
Iteration: 213
Iteration: 214
Iteration: 215
Iteration: 216
Iteration: 217
Iteration: 218
Per-patch MSE tail analysis:
num_patches: 968704
total_loss: 311544.21875
mean_loss: 0.3216093182563782
median_loss: 0.2124771773815155
max_loss: 3.396157741546631
top_1pct_loss_share: 0.057525234680269606
top_5pct_loss_share: 0.20245102144910207
top_10pct_loss_share: 0.334517421533761
time taken for epoch 0:00:32.989158
Total pretraining time 0:00:32.989179
VisionTransformer(
  (patch_embed): PatchEmbed(
    (proj): Conv2d(3, 768, kernel_size=(15, 15), stride=(15, 15))
  )
  (blocks): ModuleList(
    (0-11): 12 x Block(
      (norm1): LayerNorm((768,), eps=1e-06, elementwise_affine=True)
      (attn): Attention(
        (qkv): Linear(in_features=768, out_features=2304, bias=True)
        (attn_drop): Dropout(p=0.0, inplace=False)
        (proj): Linear(in_features=768, out_features=768, bias=True)
        (proj_drop): Dropout(p=0.0, inplace=False)
      )
      (drop_path): Identity()
      (norm2): LayerNorm((768,), eps=1e-06, elementwise_affine=True)
      (mlp): MLP(
        (fc1): Linear(in_features=768, out_features=3072, bias=True)
        (act): GELU(approximate='none')
        (fc2): Linear(in_features=3072, out_features=768, bias=True)
        (drop): Dropout(p=0.0, inplace=False)
      )
    )
  )
  (norm): LayerNorm((768,), eps=1e-06, elementwise_affine=True)
)
making imagenet data transforms
data-path datasets/iic/train/
Initialized ImageNet
ImageNet dataset created
ImageNet unsupervised data loader created
Using AdamW
loaded pretrained encoder from epoch 999 with msg: <All keys matched successfully>
loaded pretrained encoder from epoch 999 with msg: <All keys matched successfully>
loaded pretrained encoder from epoch 999 with msg: <All keys matched successfully>
loaded optimizers from epoch 999
read-path: logs_PKT_chunks/iic-train-l2-pkt-chunks-seed0-KNN-ep1000/jepa-iic-ep1000.pth.tar
Starting
Iteration: 0
Per-patch MSE tail analysis:
num_patches: 219
total_loss: 0.0014075407525524497
mean_loss: 6.427126663766103e-06
median_loss: 6.176921033329563e-06
max_loss: 1.2815580703318119e-05
top_1pct_loss_share: 0.017505633263232522
top_5pct_loss_share: 0.07661788006517084
top_10pct_loss_share: 0.15261799105972756
time taken for epoch 0:01:25.523417
Total pretraining time 0:01:25.523435
VisionTransformer(
  (patch_embed): PatchEmbed(
    (proj): Conv2d(3, 768, kernel_size=(15, 15), stride=(15, 15))
  )
  (blocks): ModuleList(
    (0-11): 12 x Block(
      (norm1): LayerNorm((768,), eps=1e-06, elementwise_affine=True)
      (attn): Attention(
        (qkv): Linear(in_features=768, out_features=2304, bias=True)
        (attn_drop): Dropout(p=0.0, inplace=False)
        (proj): Linear(in_features=768, out_features=768, bias=True)
        (proj_drop): Dropout(p=0.0, inplace=False)
      )
      (drop_path): Identity()
      (norm2): LayerNorm((768,), eps=1e-06, elementwise_affine=True)
      (mlp): MLP(
        (fc1): Linear(in_features=768, out_features=3072, bias=True)
        (act): GELU(approximate='none')
        (fc2): Linear(in_features=3072, out_features=768, bias=True)
        (drop): Dropout(p=0.0, inplace=False)
      )
    )
  )
  (norm): LayerNorm((768,), eps=1e-06, elementwise_affine=True)
)
making imagenet data transforms
data-path datasets/iic/train/
Initialized ImageNet
ImageNet dataset created
ImageNet unsupervised data loader created
Using AdamW
loaded pretrained encoder from epoch 999 with msg: <All keys matched successfully>
loaded pretrained encoder from epoch 999 with msg: <All keys matched successfully>
loaded pretrained encoder from epoch 999 with msg: <All keys matched successfully>
loaded optimizers from epoch 999
read-path: logs_PKT_chunks/iic-train-l2-pkt-chunks-seed0-KNN-ep1000/jepa-iic-ep1000.pth.tar
Starting
Iteration: 0
VisionTransformer(
  (patch_embed): PatchEmbed(
    (proj): Conv2d(3, 768, kernel_size=(15, 15), stride=(15, 15))
  )
  (blocks): ModuleList(
    (0-11): 12 x Block(
      (norm1): LayerNorm((768,), eps=1e-06, elementwise_affine=True)
      (attn): Attention(
        (qkv): Linear(in_features=768, out_features=2304, bias=True)
        (attn_drop): Dropout(p=0.0, inplace=False)
        (proj): Linear(in_features=768, out_features=768, bias=True)
        (proj_drop): Dropout(p=0.0, inplace=False)
      )
      (drop_path): Identity()
      (norm2): LayerNorm((768,), eps=1e-06, elementwise_affine=True)
      (mlp): MLP(
        (fc1): Linear(in_features=768, out_features=3072, bias=True)
        (act): GELU(approximate='none')
        (fc2): Linear(in_features=3072, out_features=768, bias=True)
        (drop): Dropout(p=0.0, inplace=False)
      )
    )
  )
  (norm): LayerNorm((768,), eps=1e-06, elementwise_affine=True)
)
making imagenet data transforms
data-path datasets/iic/train/
Initialized ImageNet
ImageNet dataset created
ImageNet unsupervised data loader created
Using AdamW
loaded pretrained encoder from epoch 999 with msg: <All keys matched successfully>
loaded pretrained encoder from epoch 999 with msg: <All keys matched successfully>
loaded pretrained encoder from epoch 999 with msg: <All keys matched successfully>
loaded optimizers from epoch 999
read-path: logs_PKT_chunks/iic-train-l2-pkt-chunks-seed0-KNN-ep1000/jepa-iic-ep1000.pth.tar
Starting
Iteration: 0
Iteration: 44
Iteration: 88
Iteration: 132
Iteration: 176
Per-patch MSE tail analysis:
num_patches: 219
total_loss: 0.0014075407525524497
mean_loss: 6.427126663766103e-06
median_loss: 6.176921033329563e-06
max_loss: 1.2815580703318119e-05
top_1pct_loss_share: 0.017505633263232522
top_5pct_loss_share: 0.07661788006517084
top_10pct_loss_share: 0.15261799105972756
Per-patch representation-gradient-norm tail analysis:
grad_norm_num_patches: 968704
grad_norm_total_loss: 35135.58984375
grad_norm_mean_loss: 0.03627071902155876
grad_norm_median_loss: 0.03326638042926788
grad_norm_max_loss: 0.13299745321273804
grad_norm_top_1pct_loss_share: 0.02697655461081518
grad_norm_top_5pct_loss_share: 0.11272682218472611
grad_norm_top_10pct_loss_share: 0.20435926179284694
time taken for epoch 0:01:27.859523
Total pretraining time 0:01:27.859543
VisionTransformer(
  (patch_embed): PatchEmbed(
    (proj): Conv2d(3, 768, kernel_size=(15, 15), stride=(15, 15))
  )
  (blocks): ModuleList(
    (0-11): 12 x Block(
      (norm1): LayerNorm((768,), eps=1e-06, elementwise_affine=True)
      (attn): Attention(
        (qkv): Linear(in_features=768, out_features=2304, bias=True)
        (attn_drop): Dropout(p=0.0, inplace=False)
        (proj): Linear(in_features=768, out_features=768, bias=True)
        (proj_drop): Dropout(p=0.0, inplace=False)
      )
      (drop_path): Identity()
      (norm2): LayerNorm((768,), eps=1e-06, elementwise_affine=True)
      (mlp): MLP(
        (fc1): Linear(in_features=768, out_features=3072, bias=True)
        (act): GELU(approximate='none')
        (fc2): Linear(in_features=3072, out_features=768, bias=True)
        (drop): Dropout(p=0.0, inplace=False)
      )
    )
  )
  (norm): LayerNorm((768,), eps=1e-06, elementwise_affine=True)
)
making imagenet data transforms
data-path datasets/iic/train/
Initialized ImageNet
ImageNet dataset created
ImageNet unsupervised data loader created
Using AdamW
loaded pretrained encoder from epoch 999 with msg: <All keys matched successfully>
loaded pretrained encoder from epoch 999 with msg: <All keys matched successfully>
loaded pretrained encoder from epoch 999 with msg: <All keys matched successfully>
loaded optimizers from epoch 999
read-path: logs_PKT_chunks/iic-train-l2-pkt-chunks-seed0-KNN-ep1000/jepa-iic-ep1000.pth.tar
Starting
Iteration: 0
Iteration: 44
Iteration: 88
Iteration: 132
Iteration: 176
VisionTransformer(
  (patch_embed): PatchEmbed(
    (proj): Conv2d(3, 768, kernel_size=(15, 15), stride=(15, 15))
  )
  (blocks): ModuleList(
    (0-11): 12 x Block(
      (norm1): LayerNorm((768,), eps=1e-06, elementwise_affine=True)
      (attn): Attention(
        (qkv): Linear(in_features=768, out_features=2304, bias=True)
        (attn_drop): Dropout(p=0.0, inplace=False)
        (proj): Linear(in_features=768, out_features=768, bias=True)
        (proj_drop): Dropout(p=0.0, inplace=False)
      )
      (drop_path): Identity()
      (norm2): LayerNorm((768,), eps=1e-06, elementwise_affine=True)
      (mlp): MLP(
        (fc1): Linear(in_features=768, out_features=3072, bias=True)
        (act): GELU(approximate='none')
        (fc2): Linear(in_features=3072, out_features=768, bias=True)
        (drop): Dropout(p=0.0, inplace=False)
      )
    )
  )
  (norm): LayerNorm((768,), eps=1e-06, elementwise_affine=True)
)
making imagenet data transforms
data-path datasets/iic/train/
Initialized ImageNet
ImageNet dataset created
ImageNet unsupervised data loader created
Using AdamW
loaded pretrained encoder from epoch 999 with msg: <All keys matched successfully>
loaded pretrained encoder from epoch 999 with msg: <All keys matched successfully>
loaded pretrained encoder from epoch 999 with msg: <All keys matched successfully>
loaded optimizers from epoch 999
read-path: logs_PKT_chunks/iic-train-l2-pkt-chunks-seed0-KNN-ep1000/jepa-iic-ep1000.pth.tar
Starting
Iteration: 0
Iteration: 44
Iteration: 88
Iteration: 132
Iteration: 176
VisionTransformer(
  (patch_embed): PatchEmbed(
    (proj): Conv2d(3, 768, kernel_size=(15, 15), stride=(15, 15))
  )
  (blocks): ModuleList(
    (0-11): 12 x Block(
      (norm1): LayerNorm((768,), eps=1e-06, elementwise_affine=True)
      (attn): Attention(
        (qkv): Linear(in_features=768, out_features=2304, bias=True)
        (attn_drop): Dropout(p=0.0, inplace=False)
        (proj): Linear(in_features=768, out_features=768, bias=True)
        (proj_drop): Dropout(p=0.0, inplace=False)
      )
      (drop_path): Identity()
      (norm2): LayerNorm((768,), eps=1e-06, elementwise_affine=True)
      (mlp): MLP(
        (fc1): Linear(in_features=768, out_features=3072, bias=True)
        (act): GELU(approximate='none')
        (fc2): Linear(in_features=3072, out_features=768, bias=True)
        (drop): Dropout(p=0.0, inplace=False)
      )
    )
  )
  (norm): LayerNorm((768,), eps=1e-06, elementwise_affine=True)
)
making imagenet data transforms
data-path datasets/iic/train/
Initialized ImageNet
ImageNet dataset created
ImageNet unsupervised data loader created
Using AdamW
loaded pretrained encoder from epoch 999 with msg: <All keys matched successfully>
loaded pretrained encoder from epoch 999 with msg: <All keys matched successfully>
loaded pretrained encoder from epoch 999 with msg: <All keys matched successfully>
loaded optimizers from epoch 999
read-path: logs_PKT_chunks/iic-train-l2-pkt-chunks-seed0-KNN-ep1000/jepa-iic-ep1000.pth.tar
Starting
Iteration: 0
Iteration: 44
Iteration: 88
Iteration: 132
Iteration: 176
VisionTransformer(
  (patch_embed): PatchEmbed(
    (proj): Conv2d(3, 768, kernel_size=(15, 15), stride=(15, 15))
  )
  (blocks): ModuleList(
    (0-11): 12 x Block(
      (norm1): LayerNorm((768,), eps=1e-06, elementwise_affine=True)
      (attn): Attention(
        (qkv): Linear(in_features=768, out_features=2304, bias=True)
        (attn_drop): Dropout(p=0.0, inplace=False)
        (proj): Linear(in_features=768, out_features=768, bias=True)
        (proj_drop): Dropout(p=0.0, inplace=False)
      )
      (drop_path): Identity()
      (norm2): LayerNorm((768,), eps=1e-06, elementwise_affine=True)
      (mlp): MLP(
        (fc1): Linear(in_features=768, out_features=3072, bias=True)
        (act): GELU(approximate='none')
        (fc2): Linear(in_features=3072, out_features=768, bias=True)
        (drop): Dropout(p=0.0, inplace=False)
      )
    )
  )
  (norm): LayerNorm((768,), eps=1e-06, elementwise_affine=True)
)
making imagenet data transforms
data-path datasets/iic/train/
Initialized ImageNet
ImageNet dataset created
ImageNet unsupervised data loader created
Using AdamW
loaded pretrained encoder from epoch 999 with msg: <All keys matched successfully>
loaded pretrained encoder from epoch 999 with msg: <All keys matched successfully>
loaded pretrained encoder from epoch 999 with msg: <All keys matched successfully>
loaded optimizers from epoch 999
read-path: logs_PKT_chunks/iic-train-l2-pkt-chunks-seed0-KNN-ep1000/jepa-iic-ep1000.pth.tar
Starting
Iteration: 0
Iteration: 4
Iteration: 8
Iteration: 12
Iteration: 16
Iteration: 20
Per-patch MSE tail analysis:
num_patches: 384827392
total_loss: 3236.78955078125
mean_loss: 8.411016096943058e-06
median_loss: 1.2152212320870603e-06
max_loss: 0.0012675112811848521
top_1pct_loss_share: 0.3436286618760602
top_5pct_loss_share: 1.0806952690058524
top_10pct_loss_share: 1.6624218484238442
Per-patch representation-gradient-norm tail analysis:
grad_norm_num_patches: 87040
grad_norm_total_loss: 3595.62939453125
grad_norm_mean_loss: 0.04131007939577103
grad_norm_median_loss: 0.03993900865316391
grad_norm_max_loss: 0.13299745321273804
grad_norm_top_1pct_loss_share: 0.02428353662262765
grad_norm_top_5pct_loss_share: 0.10225667140920462
grad_norm_top_10pct_loss_share: 0.18715832236646895
time taken for epoch 0:00:42.322819
Total pretraining time 0:00:42.322837
VisionTransformer(
  (patch_embed): PatchEmbed(
    (proj): Conv2d(3, 768, kernel_size=(15, 15), stride=(15, 15))
  )
  (blocks): ModuleList(
    (0-11): 12 x Block(
      (norm1): LayerNorm((768,), eps=1e-06, elementwise_affine=True)
      (attn): Attention(
        (qkv): Linear(in_features=768, out_features=2304, bias=True)
        (attn_drop): Dropout(p=0.0, inplace=False)
        (proj): Linear(in_features=768, out_features=768, bias=True)
        (proj_drop): Dropout(p=0.0, inplace=False)
      )
      (drop_path): Identity()
      (norm2): LayerNorm((768,), eps=1e-06, elementwise_affine=True)
      (mlp): MLP(
        (fc1): Linear(in_features=768, out_features=3072, bias=True)
        (act): GELU(approximate='none')
        (fc2): Linear(in_features=3072, out_features=768, bias=True)
        (drop): Dropout(p=0.0, inplace=False)
      )
    )
  )
  (norm): LayerNorm((768,), eps=1e-06, elementwise_affine=True)
)
making imagenet data transforms
data-path datasets/iic/train/
Initialized ImageNet
ImageNet dataset created
ImageNet unsupervised data loader created
Using AdamW
loaded pretrained encoder from epoch 999 with msg: <All keys matched successfully>
loaded pretrained encoder from epoch 999 with msg: <All keys matched successfully>
loaded pretrained encoder from epoch 999 with msg: <All keys matched successfully>
loaded optimizers from epoch 999
read-path: logs_PKT_chunks/iic-train-l2-pkt-chunks-seed0-KNN-ep1000/jepa-iic-ep1000.pth.tar
Starting
Iteration: 0
VisionTransformer(
  (patch_embed): PatchEmbed(
    (proj): Conv2d(3, 768, kernel_size=(15, 15), stride=(15, 15))
  )
  (blocks): ModuleList(
    (0-11): 12 x Block(
      (norm1): LayerNorm((768,), eps=1e-06, elementwise_affine=True)
      (attn): Attention(
        (qkv): Linear(in_features=768, out_features=2304, bias=True)
        (attn_drop): Dropout(p=0.0, inplace=False)
        (proj): Linear(in_features=768, out_features=768, bias=True)
        (proj_drop): Dropout(p=0.0, inplace=False)
      )
      (drop_path): Identity()
      (norm2): LayerNorm((768,), eps=1e-06, elementwise_affine=True)
      (mlp): MLP(
        (fc1): Linear(in_features=768, out_features=3072, bias=True)
        (act): GELU(approximate='none')
        (fc2): Linear(in_features=3072, out_features=768, bias=True)
        (drop): Dropout(p=0.0, inplace=False)
      )
    )
  )
  (norm): LayerNorm((768,), eps=1e-06, elementwise_affine=True)
)
making imagenet data transforms
data-path datasets/iic/train/
Initialized ImageNet
ImageNet dataset created
ImageNet unsupervised data loader created
Using AdamW
loaded pretrained encoder from epoch 999 with msg: <All keys matched successfully>
loaded pretrained encoder from epoch 999 with msg: <All keys matched successfully>
loaded pretrained encoder from epoch 999 with msg: <All keys matched successfully>
loaded optimizers from epoch 999
read-path: logs_PKT_chunks/iic-train-l2-pkt-chunks-seed0-KNN-ep1000/jepa-iic-ep1000.pth.tar
Starting
Iteration: 0
Iteration: 20
Iteration: 40
Iteration: 60
Iteration: 80
Iteration: 100
Iteration: 120
Iteration: 140
Iteration: 160
Iteration: 180
Iteration: 200
VisionTransformer(
  (patch_embed): PatchEmbed(
    (proj): Conv2d(3, 768, kernel_size=(15, 15), stride=(15, 15))
  )
  (blocks): ModuleList(
    (0-11): 12 x Block(
      (norm1): LayerNorm((768,), eps=1e-06, elementwise_affine=True)
      (attn): Attention(
        (qkv): Linear(in_features=768, out_features=2304, bias=True)
        (attn_drop): Dropout(p=0.0, inplace=False)
        (proj): Linear(in_features=768, out_features=768, bias=True)
        (proj_drop): Dropout(p=0.0, inplace=False)
      )
      (drop_path): Identity()
      (norm2): LayerNorm((768,), eps=1e-06, elementwise_affine=True)
      (mlp): MLP(
        (fc1): Linear(in_features=768, out_features=3072, bias=True)
        (act): GELU(approximate='none')
        (fc2): Linear(in_features=3072, out_features=768, bias=True)
        (drop): Dropout(p=0.0, inplace=False)
      )
    )
  )
  (norm): LayerNorm((768,), eps=1e-06, elementwise_affine=True)
)
making imagenet data transforms
data-path datasets/iic/train/
Initialized ImageNet
ImageNet dataset created
ImageNet unsupervised data loader created
Using AdamW
loaded pretrained encoder from epoch 999 with msg: <All keys matched successfully>
loaded pretrained encoder from epoch 999 with msg: <All keys matched successfully>
loaded pretrained encoder from epoch 999 with msg: <All keys matched successfully>
loaded optimizers from epoch 999
read-path: logs_PKT_chunks/iic-train-l2-pkt-chunks-seed0-KNN-ep1000/jepa-iic-ep1000.pth.tar
Starting
Iteration: 0
Iteration: 18
Iteration: 36
Iteration: 54
Iteration: 72
Iteration: 90
Iteration: 108
Iteration: 126
Iteration: 144
Iteration: 162
Iteration: 180
VisionTransformer(
  (patch_embed): PatchEmbed(
    (proj): Conv2d(3, 768, kernel_size=(15, 15), stride=(15, 15))
  )
  (blocks): ModuleList(
    (0-11): 12 x Block(
      (norm1): LayerNorm((768,), eps=1e-06, elementwise_affine=True)
      (attn): Attention(
        (qkv): Linear(in_features=768, out_features=2304, bias=True)
        (attn_drop): Dropout(p=0.0, inplace=False)
        (proj): Linear(in_features=768, out_features=768, bias=True)
        (proj_drop): Dropout(p=0.0, inplace=False)
      )
      (drop_path): Identity()
      (norm2): LayerNorm((768,), eps=1e-06, elementwise_affine=True)
      (mlp): MLP(
        (fc1): Linear(in_features=768, out_features=3072, bias=True)
        (act): GELU(approximate='none')
        (fc2): Linear(in_features=3072, out_features=768, bias=True)
        (drop): Dropout(p=0.0, inplace=False)
      )
    )
  )
  (norm): LayerNorm((768,), eps=1e-06, elementwise_affine=True)
)
making imagenet data transforms
data-path datasets/iic/train/
Initialized ImageNet
ImageNet dataset created
ImageNet unsupervised data loader created
Using AdamW
loaded pretrained encoder from epoch 999 with msg: <All keys matched successfully>
loaded pretrained encoder from epoch 999 with msg: <All keys matched successfully>
loaded pretrained encoder from epoch 999 with msg: <All keys matched successfully>
loaded optimizers from epoch 999
read-path: logs_PKT_chunks/iic-train-l2-pkt-chunks-seed0-KNN-ep1000/jepa-iic-ep1000.pth.tar
Starting
Iteration: 0
Iteration: 15
Iteration: 30
Iteration: 45
Iteration: 60
Iteration: 75
Iteration: 90
Iteration: 105
Iteration: 120
Iteration: 135
Iteration: 150
VisionTransformer(
  (patch_embed): PatchEmbed(
    (proj): Conv2d(3, 768, kernel_size=(15, 15), stride=(15, 15))
  )
  (blocks): ModuleList(
    (0-11): 12 x Block(
      (norm1): LayerNorm((768,), eps=1e-06, elementwise_affine=True)
      (attn): Attention(
        (qkv): Linear(in_features=768, out_features=2304, bias=True)
        (attn_drop): Dropout(p=0.0, inplace=False)
        (proj): Linear(in_features=768, out_features=768, bias=True)
        (proj_drop): Dropout(p=0.0, inplace=False)
      )
      (drop_path): Identity()
      (norm2): LayerNorm((768,), eps=1e-06, elementwise_affine=True)
      (mlp): MLP(
        (fc1): Linear(in_features=768, out_features=3072, bias=True)
        (act): GELU(approximate='none')
        (fc2): Linear(in_features=3072, out_features=768, bias=True)
        (drop): Dropout(p=0.0, inplace=False)
      )
    )
  )
  (norm): LayerNorm((768,), eps=1e-06, elementwise_affine=True)
)
making imagenet data transforms
data-path datasets/iic/train/
Initialized ImageNet
ImageNet dataset created
ImageNet unsupervised data loader created
Using AdamW
loaded pretrained encoder from epoch 999 with msg: <All keys matched successfully>
loaded pretrained encoder from epoch 999 with msg: <All keys matched successfully>
loaded pretrained encoder from epoch 999 with msg: <All keys matched successfully>
loaded optimizers from epoch 999
read-path: logs_PKT_chunks/iic-train-l2-pkt-chunks-seed0-KNN-ep1000/jepa-iic-ep1000.pth.tar
Starting
Iteration: 0
Iteration: 5
Iteration: 10
Iteration: 15
Iteration: 20
Iteration: 25
Iteration: 30
Iteration: 35
Iteration: 40
Iteration: 45
Iteration: 50
Per-patch MSE tail analysis:
num_patches: 988807168
total_loss: 6781.2861328125
mean_loss: 6.85804707245552e-06
median_loss: 1.6596981140537537e-06
max_loss: 0.0018152648117393255
top_1pct_loss_share: 0.38531750334855647
top_5pct_loss_share: 1.18701455651806
top_10pct_loss_share: 1.7989971827627071


Per-patch representation-gradient-norm tail analysis:
grad_norm_num_patches: 220160
grad_norm_total_loss: 8653.552734375
grad_norm_mean_loss: 0.03930574283003807
grad_norm_median_loss: 0.03678206354379654
grad_norm_max_loss: 0.13299745321273804
grad_norm_top_1pct_loss_share: 0.02497607064046807
grad_norm_top_5pct_loss_share: 0.10502827736936983
grad_norm_top_10pct_loss_share: 0.19184209926423373
time taken for epoch 0:01:47.385355
Total pretraining time 0:01:47.385385
