nohup: ignoring input
INFO:root:called-params configs/in1k_vitb16_ep100.yaml
INFO:root:loaded params...
{   'data': {   'batch_size': 448,
                'color_jitter_strength': 0.0,
                'crop_scale': [0.3, 1.0],
                'crop_size': 224,
                'image_folder': 'imagenet',
                'num_workers': 10,
                'pin_mem': True,
                'root_path': 'datasets/',
                'use_color_distortion': False,
                'use_gaussian_blur': False,
                'use_horizontal_flip': False},
    'logging': {   'checkpoint_freq': 150,
                   'folder': 'logs_IN1K/in1k-vitb16-l2-ep100-bs448-w10',
                   'knn_every': 20,
                   'logging_frequency': 3,
                   'output_file': 'oin1k-pretrain-vitb-l2-ep100-bs448-seed0-nodiv.out',
                   'train_suffix': 'train',
                   'val_suffix': 'val',
                   'write_tag': 'jepa-in100'},
    'mask': {   'allow_overlap': False,
                'aspect_ratio': [0.75, 1.5],
                'enc_mask_scale': [0.85, 1.0],
                'min_keep': 10,
                'num_enc_masks': 1,
                'num_pred_masks': 4,
                'patch_size': 16,
                'pred_mask_scale': [0.15, 0.2]},
    'message': 'ViT-B/16 L2 on Imagenet1K seed 2 batch size 448 no div on PKT '
               'calculation',
    'meta': {   'copy_data': False,
                'load_checkpoint': False,
                'model_name': 'vit_base',
                'pred_depth': 6,
                'pred_emb_dim': 384,
                'read_checkpoint': None,
                'use_bfloat16': True},
    'optimization': {   'accumulate_grads_every': 1,
                        'ema': [0.996, 1.0],
                        'epochs': 100,
                        'final_lr': 1e-06,
                        'final_weight_decay': 0.4,
                        'ipe_scale': 1.0,
                        'loss_function': 'L2',
                        'lr': 0.001,
                        'pkt_scale': 1.0,
                        'start_lr': 0.0002,
                        'variance_weight': 0.0,
                        'warmup': 20,
                        'weight_decay': 0.04},
    'pkt': {   'T_max': 200,
               'chunks_step': 256,
               'final_alpha': 0.0,
               'ref_alpha': 1.0,
               'start_alpha': 1.0,
               'use_pkt_scheduler': False,
               'warmup_steps_alpha': 100}}
INFO:root:distributed training not available The server socket has failed to listen on any local network address. port: 40113, useIpv6: 0, code: -98, name: EADDRINUSE, message: address already in use
INFO:root:Running... (rank: 0/1)
CRITICAL:root:PRETRAINING
[W325 19:10:36.303101925 CUDAAllocatorConfig.h:28] Warning: expandable_segments not supported on this platform (function operator())
{   'data': {   'batch_size': 448,
                'color_jitter_strength': 0.0,
                'crop_scale': [0.3, 1.0],
                'crop_size': 224,
                'image_folder': 'imagenet',
                'num_workers': 10,
                'pin_mem': True,
                'root_path': 'datasets/',
                'use_color_distortion': False,
                'use_gaussian_blur': False,
                'use_horizontal_flip': False},
    'logging': {   'checkpoint_freq': 150,
                   'folder': 'logs_IN1K/in1k-vitb16-l2-ep100-bs448-w10',
                   'knn_every': 20,
                   'logging_frequency': 3,
                   'output_file': 'oin1k-pretrain-vitb-l2-ep100-bs448-seed0-nodiv.out',
                   'train_suffix': 'train',
                   'val_suffix': 'val',
                   'write_tag': 'jepa-in100'},
    'mask': {   'allow_overlap': False,
                'aspect_ratio': [0.75, 1.5],
                'enc_mask_scale': [0.85, 1.0],
                'min_keep': 10,
                'num_enc_masks': 1,
                'num_pred_masks': 4,
                'patch_size': 16,
                'pred_mask_scale': [0.15, 0.2]},
    'message': 'ViT-B/16 L2 on Imagenet1K seed 2 batch size 448 no div on PKT '
               'calculation',
    'meta': {   'copy_data': False,
                'load_checkpoint': False,
                'model_name': 'vit_base',
                'pred_depth': 6,
                'pred_emb_dim': 384,
                'read_checkpoint': None,
                'use_bfloat16': True},
    'optimization': {   'accumulate_grads_every': 1,
                        'ema': [0.996, 1.0],
                        'epochs': 100,
                        'final_lr': 1e-06,
                        'final_weight_decay': 0.4,
                        'ipe_scale': 1.0,
                        'loss_function': 'L2',
                        'lr': 0.001,
                        'pkt_scale': 1.0,
                        'start_lr': 0.0002,
                        'variance_weight': 0.0,
                        'warmup': 20,
                        'weight_decay': 0.04},
    'pkt': {   'T_max': 200,
               'chunks_step': 256,
               'final_alpha': 0.0,
               'ref_alpha': 1.0,
               'start_alpha': 1.0,
               'use_pkt_scheduler': False,
               'warmup_steps_alpha': 100}}
CRITICAL:root:PRETRAINING
[W325 19:10:36.304824324 CUDAAllocatorConfig.h:28] Warning: expandable_segments not supported on this platform (function operator())
{   'data': {   'batch_size': 448,
                'color_jitter_strength': 0.0,
                'crop_scale': [0.3, 1.0],
                'crop_size': 224,
                'image_folder': 'imagenet',
                'num_workers': 10,
                'pin_mem': True,
                'root_path': 'datasets/',
                'use_color_distortion': False,
                'use_gaussian_blur': False,
                'use_horizontal_flip': False},
    'logging': {   'checkpoint_freq': 150,
                   'folder': 'logs_IN1K/in1k-vitb16-l2-ep100-bs448-w10',
                   'knn_every': 20,
                   'logging_frequency': 3,
                   'output_file': 'oin1k-pretrain-vitb-l2-ep100-bs448-seed0-nodiv.out',
                   'train_suffix': 'train',
                   'val_suffix': 'val',
                   'write_tag': 'jepa-in100'},
    'mask': {   'allow_overlap': False,
                'aspect_ratio': [0.75, 1.5],
                'enc_mask_scale': [0.85, 1.0],
                'min_keep': 10,
                'num_enc_masks': 1,
                'num_pred_masks': 4,
                'patch_size': 16,
                'pred_mask_scale': [0.15, 0.2]},
    'message': 'ViT-B/16 L2 on Imagenet1K seed 2 batch size 448 no div on PKT '
               'calculation',
    'meta': {   'copy_data': False,
                'load_checkpoint': False,
                'model_name': 'vit_base',
                'pred_depth': 6,
                'pred_emb_dim': 384,
                'read_checkpoint': None,
                'use_bfloat16': True},
    'optimization': {   'accumulate_grads_every': 1,
                        'ema': [0.996, 1.0],
                        'epochs': 100,
                        'final_lr': 1e-06,
                        'final_weight_decay': 0.4,
                        'ipe_scale': 1.0,
                        'loss_function': 'L2',
                        'lr': 0.001,
                        'pkt_scale': 1.0,
                        'start_lr': 0.0002,
                        'variance_weight': 0.0,
                        'warmup': 20,
                        'weight_decay': 0.04},
    'pkt': {   'T_max': 200,
               'chunks_step': 256,
               'final_alpha': 0.0,
               'ref_alpha': 1.0,
               'start_alpha': 1.0,
               'use_pkt_scheduler': False,
               'warmup_steps_alpha': 100}}
CRITICAL:root:PRETRAINING
[W325 19:10:36.315255295 CUDAAllocatorConfig.h:28] Warning: expandable_segments not supported on this platform (function operator())
{   'data': {   'batch_size': 448,
                'color_jitter_strength': 0.0,
                'crop_scale': [0.3, 1.0],
                'crop_size': 224,
                'image_folder': 'imagenet',
                'num_workers': 10,
                'pin_mem': True,
                'root_path': 'datasets/',
                'use_color_distortion': False,
                'use_gaussian_blur': False,
                'use_horizontal_flip': False},
    'logging': {   'checkpoint_freq': 150,
                   'folder': 'logs_IN1K/in1k-vitb16-l2-ep100-bs448-w10',
                   'knn_every': 20,
                   'logging_frequency': 3,
                   'output_file': 'oin1k-pretrain-vitb-l2-ep100-bs448-seed0-nodiv.out',
                   'train_suffix': 'train',
                   'val_suffix': 'val',
                   'write_tag': 'jepa-in100'},
    'mask': {   'allow_overlap': False,
                'aspect_ratio': [0.75, 1.5],
                'enc_mask_scale': [0.85, 1.0],
                'min_keep': 10,
                'num_enc_masks': 1,
                'num_pred_masks': 4,
                'patch_size': 16,
                'pred_mask_scale': [0.15, 0.2]},
    'message': 'ViT-B/16 L2 on Imagenet1K seed 2 batch size 448 no div on PKT '
               'calculation',
    'meta': {   'copy_data': False,
                'load_checkpoint': False,
                'model_name': 'vit_base',
                'pred_depth': 6,
                'pred_emb_dim': 384,
                'read_checkpoint': None,
                'use_bfloat16': True},
    'optimization': {   'accumulate_grads_every': 1,
                        'ema': [0.996, 1.0],
                        'epochs': 100,
                        'final_lr': 1e-06,
                        'final_weight_decay': 0.4,
                        'ipe_scale': 1.0,
                        'loss_function': 'L2',
                        'lr': 0.001,
                        'pkt_scale': 1.0,
                        'start_lr': 0.0002,
                        'variance_weight': 0.0,
                        'warmup': 20,
                        'weight_decay': 0.04},
    'pkt': {   'T_max': 200,
               'chunks_step': 256,
               'final_alpha': 0.0,
               'ref_alpha': 1.0,
               'start_alpha': 1.0,
               'use_pkt_scheduler': False,
               'warmup_steps_alpha': 100}}
CRITICAL:root:PRETRAINING
INFO:root:SLURM vars not set (distributed training not available)
INFO:root:Initialized (rank/world-size) 0/1
INFO:root:train.py: _GLOBAL_SEED=0
Process Process-1:
Traceback (most recent call last):
  File "/opt/conda/envs/ijepa/lib/python3.12/multiprocessing/process.py", line 314, in _bootstrap
    self.run()
  File "/opt/conda/envs/ijepa/lib/python3.12/multiprocessing/process.py", line 108, in run
    self._target(*self._args, **self._kwargs)
  File "/home/lazarosg/ijepa/main.py", line 101, in process_main
    app_main(args=params)
  File "/home/lazarosg/ijepa/src/train.py", line 253, in main
    encoder, predictor = init_model(
                         ^^^^^^^^^^^
  File "/home/lazarosg/ijepa/src/helper.py", line 104, in init_model
    encoder.to(device)
  File "/opt/conda/envs/ijepa/lib/python3.12/site-packages/torch/nn/modules/module.py", line 1340, in to
    return self._apply(convert)
           ^^^^^^^^^^^^^^^^^^^^
  File "/opt/conda/envs/ijepa/lib/python3.12/site-packages/torch/nn/modules/module.py", line 900, in _apply
    module._apply(fn)
  File "/opt/conda/envs/ijepa/lib/python3.12/site-packages/torch/nn/modules/module.py", line 900, in _apply
    module._apply(fn)
  File "/opt/conda/envs/ijepa/lib/python3.12/site-packages/torch/nn/modules/module.py", line 900, in _apply
    module._apply(fn)
  [Previous line repeated 1 more time]
  File "/opt/conda/envs/ijepa/lib/python3.12/site-packages/torch/nn/modules/module.py", line 927, in _apply
    param_applied = fn(param)
                    ^^^^^^^^^
  File "/opt/conda/envs/ijepa/lib/python3.12/site-packages/torch/nn/modules/module.py", line 1326, in convert
    return t.to(
           ^^^^^
torch.OutOfMemoryError: CUDA out of memory. Tried to allocate 20.00 MiB. GPU 0 has a total capacity of 39.38 GiB of which 19.81 MiB is free. Process 904492 has 38.85 GiB memory in use. Including non-PyTorch memory, this process has 496.00 MiB memory in use. Of the allocated memory 74.36 MiB is allocated by PyTorch, and 7.64 MiB is reserved by PyTorch but unallocated. If reserved but unallocated memory is large try setting PYTORCH_CUDA_ALLOC_CONF=expandable_segments:True to avoid fragmentation.  See documentation for Memory Management  (https://pytorch.org/docs/stable/notes/cuda.html#environment-variables)
Process Process-3:
Traceback (most recent call last):
  File "/opt/conda/envs/ijepa/lib/python3.12/multiprocessing/process.py", line 314, in _bootstrap
    self.run()
  File "/opt/conda/envs/ijepa/lib/python3.12/multiprocessing/process.py", line 108, in run
    self._target(*self._args, **self._kwargs)
  File "/home/lazarosg/ijepa/main.py", line 101, in process_main
    app_main(args=params)
  File "/home/lazarosg/ijepa/src/train.py", line 253, in main
    encoder, predictor = init_model(
                         ^^^^^^^^^^^
  File "/home/lazarosg/ijepa/src/helper.py", line 104, in init_model
    encoder.to(device)
  File "/opt/conda/envs/ijepa/lib/python3.12/site-packages/torch/nn/modules/module.py", line 1340, in to
    return self._apply(convert)
           ^^^^^^^^^^^^^^^^^^^^
  File "/opt/conda/envs/ijepa/lib/python3.12/site-packages/torch/nn/modules/module.py", line 900, in _apply
    module._apply(fn)
  File "/opt/conda/envs/ijepa/lib/python3.12/site-packages/torch/nn/modules/module.py", line 900, in _apply
    module._apply(fn)
  File "/opt/conda/envs/ijepa/lib/python3.12/site-packages/torch/nn/modules/module.py", line 900, in _apply
    module._apply(fn)
  [Previous line repeated 1 more time]
  File "/opt/conda/envs/ijepa/lib/python3.12/site-packages/torch/nn/modules/module.py", line 927, in _apply
    param_applied = fn(param)
                    ^^^^^^^^^
  File "/opt/conda/envs/ijepa/lib/python3.12/site-packages/torch/nn/modules/module.py", line 1326, in convert
    return t.to(
           ^^^^^
torch.OutOfMemoryError: CUDA out of memory. Tried to allocate 20.00 MiB. GPU 0 has a total capacity of 39.38 GiB of which 11.81 MiB is free. Process 904494 has 38.83 GiB memory in use. Including non-PyTorch memory, this process has 516.00 MiB memory in use. Of the allocated memory 92.39 MiB is allocated by PyTorch, and 9.61 MiB is reserved by PyTorch but unallocated. If reserved but unallocated memory is large try setting PYTORCH_CUDA_ALLOC_CONF=expandable_segments:True to avoid fragmentation.  See documentation for Memory Management  (https://pytorch.org/docs/stable/notes/cuda.html#environment-variables)
[rank2]:[W325 19:10:42.763900898 ProcessGroupNCCL.cpp:1250] Warning: WARNING: process group has NOT been destroyed before we destruct ProcessGroupNCCL. On normal program exit, the application should call destroy_process_group to ensure that any pending NCCL operations have finished in this process. In rare cases this process can exit before this point and block the progress of another member of the process group. This constraint has always been present,  but this warning has only been added since PyTorch 2.4 (function operator())
/home/lazarosg/ijepa/src/helper.py:189: FutureWarning: `torch.cuda.amp.GradScaler(args...)` is deprecated. Please use `torch.amp.GradScaler('cuda', args...)` instead.
  scaler = torch.cuda.amp.GradScaler() if use_bfloat16 else None
Process Process-4:
Traceback (most recent call last):
  File "/opt/conda/envs/ijepa/lib/python3.12/multiprocessing/process.py", line 314, in _bootstrap
    self.run()
  File "/opt/conda/envs/ijepa/lib/python3.12/multiprocessing/process.py", line 108, in run
    self._target(*self._args, **self._kwargs)
  File "/home/lazarosg/ijepa/main.py", line 101, in process_main
    app_main(args=params)
  File "/home/lazarosg/ijepa/src/train.py", line 345, in main
    encoder = DistributedDataParallel(encoder, static_graph=True)
              ^^^^^^^^^^^^^^^^^^^^^^^^^^^^^^^^^^^^^^^^^^^^^^^^^^^
  File "/opt/conda/envs/ijepa/lib/python3.12/site-packages/torch/nn/parallel/distributed.py", line 825, in __init__
    _verify_param_shape_across_processes(self.process_group, parameters)
  File "/opt/conda/envs/ijepa/lib/python3.12/site-packages/torch/distributed/utils.py", line 288, in _verify_param_shape_across_processes
    return dist._verify_params_across_processes(process_group, tensors, logger)
           ^^^^^^^^^^^^^^^^^^^^^^^^^^^^^^^^^^^^^^^^^^^^^^^^^^^^^^^^^^^^^^^^^^^^
torch.distributed.DistBackendError: NCCL error in: /opt/conda/conda-bld/pytorch_1729647329220/work/torch/csrc/distributed/c10d/NCCLUtils.hpp:317, unhandled system error (run with NCCL_DEBUG=INFO for details), NCCL version 2.21.5
ncclSystemError: System call (e.g. socket, malloc) or external library call failed or device error. 
Last error:
socketStartConnect: Connect to 10.128.15.237<40539> failed : Software caused connection abort
/home/lazarosg/ijepa/src/helper.py:189: FutureWarning: `torch.cuda.amp.GradScaler(args...)` is deprecated. Please use `torch.amp.GradScaler('cuda', args...)` instead.
  scaler = torch.cuda.amp.GradScaler() if use_bfloat16 else None
[rank3]:[W325 19:10:49.923430898 ProcessGroupNCCL.cpp:1250] Warning: WARNING: process group has NOT been destroyed before we destruct ProcessGroupNCCL. On normal program exit, the application should call destroy_process_group to ensure that any pending NCCL operations have finished in this process. In rare cases this process can exit before this point and block the progress of another member of the process group. This constraint has always been present,  but this warning has only been added since PyTorch 2.4 (function operator())
Process Process-2:
Traceback (most recent call last):
  File "/opt/conda/envs/ijepa/lib/python3.12/multiprocessing/process.py", line 314, in _bootstrap
    self.run()
  File "/opt/conda/envs/ijepa/lib/python3.12/multiprocessing/process.py", line 108, in run
    self._target(*self._args, **self._kwargs)
  File "/home/lazarosg/ijepa/main.py", line 101, in process_main
    app_main(args=params)
  File "/home/lazarosg/ijepa/src/train.py", line 345, in main
    encoder = DistributedDataParallel(encoder, static_graph=True)
              ^^^^^^^^^^^^^^^^^^^^^^^^^^^^^^^^^^^^^^^^^^^^^^^^^^^
  File "/opt/conda/envs/ijepa/lib/python3.12/site-packages/torch/nn/parallel/distributed.py", line 825, in __init__
    _verify_param_shape_across_processes(self.process_group, parameters)
  File "/opt/conda/envs/ijepa/lib/python3.12/site-packages/torch/distributed/utils.py", line 288, in _verify_param_shape_across_processes
    return dist._verify_params_across_processes(process_group, tensors, logger)
           ^^^^^^^^^^^^^^^^^^^^^^^^^^^^^^^^^^^^^^^^^^^^^^^^^^^^^^^^^^^^^^^^^^^^
torch.distributed.DistBackendError: NCCL error in: /opt/conda/conda-bld/pytorch_1729647329220/work/torch/csrc/distributed/c10d/NCCLUtils.hpp:317, unhandled system error (run with NCCL_DEBUG=INFO for details), NCCL version 2.21.5
ncclSystemError: System call (e.g. socket, malloc) or external library call failed or device error. 
Last error:
socketStartConnect: Connect to 10.128.15.237<40539> failed : Software caused connection abort
[rank1]:[W325 19:10:50.996275484 ProcessGroupNCCL.cpp:1250] Warning: WARNING: process group has NOT been destroyed before we destruct ProcessGroupNCCL. On normal program exit, the application should call destroy_process_group to ensure that any pending NCCL operations have finished in this process. In rare cases this process can exit before this point and block the progress of another member of the process group. This constraint has always been present,  but this warning has only been added since PyTorch 2.4 (function operator())
