nohup: ignoring input
INFO:root:called-params configs/in1k_vitb16_ep100.yaml
INFO:root:loaded params...
{   'data': {   'batch_size': 256,
                'color_jitter_strength': 0.0,
                'crop_scale': [0.3, 1.0],
                'crop_size': 224,
                'image_folder': 'imagenet',
                'num_workers': 10,
                'pin_mem': True,
                'root_path': 'datasets/',
                'use_color_distortion': False,
                'use_gaussian_blur': False,
                'use_horizontal_flip': False},
    'logging': {   'checkpoint_freq': 10,
                   'folder': 'logs_IN1K/in1k-vitb16-l2-pkt-chunks-ep100-bs256-w20-unscaled',
                   'knn_every': -1,
                   'logging_frequency': 3,
                   'output_file': 'oin1k-pretrain-vitb-l2-pkt-chunks-ep100-bs256-w20-unscaled.out',
                   'train_suffix': 'train',
                   'val_suffix': 'val',
                   'write_tag': 'jepa-in1k'},
    'mask': {   'allow_overlap': False,
                'aspect_ratio': [0.75, 1.5],
                'enc_mask_scale': [0.85, 1.0],
                'min_keep': 10,
                'num_enc_masks': 1,
                'num_pred_masks': 4,
                'patch_size': 16,
                'pred_mask_scale': [0.15, 0.2]},
    'message': 'ViT-B/16 L2+PKT on Imagenet1K seed 0 batch size 256 no div on '
               'PKT calculation, unscaled',
    'meta': {   'copy_data': False,
                'load_checkpoint': False,
                'model_name': 'vit_base',
                'pred_depth': 6,
                'pred_emb_dim': 384,
                'read_checkpoint': None,
                'use_bfloat16': True},
    'optimization': {   'accumulate_grads_every': 1,
                        'ema': [0.996, 1.0],
                        'epochs': 100,
                        'final_lr': 1e-06,
                        'final_weight_decay': 0.4,
                        'ipe_scale': 1.0,
                        'loss_function': 'L2_PKT_chunks',
                        'lr': 0.001,
                        'pkt_scale': 1.0,
                        'start_lr': 0.0002,
                        'variance_weight': 0.0,
                        'warmup': 20,
                        'weight_decay': 0.04},
    'pkt': {   'T_max': 200,
               'chunks_step': 256,
               'final_alpha': 0.0,
               'ref_alpha': 1.0,
               'start_alpha': 1.0,
               'use_pkt_scheduler': False,
               'warmup_steps_alpha': 100}}
CRITICAL:root:PRETRAINING
{   'data': {   'batch_size': 256,
                'color_jitter_strength': 0.0,
                'crop_scale': [0.3, 1.0],
                'crop_size': 224,
                'image_folder': 'imagenet',
                'num_workers': 10,
                'pin_mem': True,
                'root_path': 'datasets/',
                'use_color_distortion': False,
                'use_gaussian_blur': False,
                'use_horizontal_flip': False},
    'logging': {   'checkpoint_freq': 10,
                   'folder': 'logs_IN1K/in1k-vitb16-l2-pkt-chunks-ep100-bs256-w20-unscaled',
                   'knn_every': -1,
                   'logging_frequency': 3,
                   'output_file': 'oin1k-pretrain-vitb-l2-pkt-chunks-ep100-bs256-w20-unscaled.out',
                   'train_suffix': 'train',
                   'val_suffix': 'val',
                   'write_tag': 'jepa-in1k'},
    'mask': {   'allow_overlap': False,
                'aspect_ratio': [0.75, 1.5],
                'enc_mask_scale': [0.85, 1.0],
                'min_keep': 10,
                'num_enc_masks': 1,
                'num_pred_masks': 4,
                'patch_size': 16,
                'pred_mask_scale': [0.15, 0.2]},
    'message': 'ViT-B/16 L2+PKT on Imagenet1K seed 0 batch size 256 no div on '
               'PKT calculation, unscaled',
    'meta': {   'copy_data': False,
                'load_checkpoint': False,
                'model_name': 'vit_base',
                'pred_depth': 6,
                'pred_emb_dim': 384,
                'read_checkpoint': None,
                'use_bfloat16': True},
    'optimization': {   'accumulate_grads_every': 1,
                        'ema': [0.996, 1.0],
                        'epochs': 100,
                        'final_lr': 1e-06,
                        'final_weight_decay': 0.4,
                        'ipe_scale': 1.0,
                        'loss_function': 'L2_PKT_chunks',
                        'lr': 0.001,
                        'pkt_scale': 1.0,
                        'start_lr': 0.0002,
                        'variance_weight': 0.0,
                        'warmup': 20,
                        'weight_decay': 0.04},
    'pkt': {   'T_max': 200,
               'chunks_step': 256,
               'final_alpha': 0.0,
               'ref_alpha': 1.0,
               'start_alpha': 1.0,
               'use_pkt_scheduler': False,
               'warmup_steps_alpha': 100}}
CRITICAL:root:PRETRAINING
{   'data': {   'batch_size': 256,
                'color_jitter_strength': 0.0,
                'crop_scale': [0.3, 1.0],
                'crop_size': 224,
                'image_folder': 'imagenet',
                'num_workers': 10,
                'pin_mem': True,
                'root_path': 'datasets/',
                'use_color_distortion': False,
                'use_gaussian_blur': False,
                'use_horizontal_flip': False},
    'logging': {   'checkpoint_freq': 10,
                   'folder': 'logs_IN1K/in1k-vitb16-l2-pkt-chunks-ep100-bs256-w20-unscaled',
                   'knn_every': -1,
                   'logging_frequency': 3,
                   'output_file': 'oin1k-pretrain-vitb-l2-pkt-chunks-ep100-bs256-w20-unscaled.out',
                   'train_suffix': 'train',
                   'val_suffix': 'val',
                   'write_tag': 'jepa-in1k'},
    'mask': {   'allow_overlap': False,
                'aspect_ratio': [0.75, 1.5],
                'enc_mask_scale': [0.85, 1.0],
                'min_keep': 10,
                'num_enc_masks': 1,
                'num_pred_masks': 4,
                'patch_size': 16,
                'pred_mask_scale': [0.15, 0.2]},
    'message': 'ViT-B/16 L2+PKT on Imagenet1K seed 0 batch size 256 no div on '
               'PKT calculation, unscaled',
    'meta': {   'copy_data': False,
                'load_checkpoint': False,
                'model_name': 'vit_base',
                'pred_depth': 6,
                'pred_emb_dim': 384,
                'read_checkpoint': None,
                'use_bfloat16': True},
    'optimization': {   'accumulate_grads_every': 1,
                        'ema': [0.996, 1.0],
                        'epochs': 100,
                        'final_lr': 1e-06,
                        'final_weight_decay': 0.4,
                        'ipe_scale': 1.0,
                        'loss_function': 'L2_PKT_chunks',
                        'lr': 0.001,
                        'pkt_scale': 1.0,
                        'start_lr': 0.0002,
                        'variance_weight': 0.0,
                        'warmup': 20,
                        'weight_decay': 0.04},
    'pkt': {   'T_max': 200,
               'chunks_step': 256,
               'final_alpha': 0.0,
               'ref_alpha': 1.0,
               'start_alpha': 1.0,
               'use_pkt_scheduler': False,
               'warmup_steps_alpha': 100}}
CRITICAL:root:PRETRAINING
{   'data': {   'batch_size': 256,
                'color_jitter_strength': 0.0,
                'crop_scale': [0.3, 1.0],
                'crop_size': 224,
                'image_folder': 'imagenet',
                'num_workers': 10,
                'pin_mem': True,
                'root_path': 'datasets/',
                'use_color_distortion': False,
                'use_gaussian_blur': False,
                'use_horizontal_flip': False},
    'logging': {   'checkpoint_freq': 10,
                   'folder': 'logs_IN1K/in1k-vitb16-l2-pkt-chunks-ep100-bs256-w20-unscaled',
                   'knn_every': -1,
                   'logging_frequency': 3,
                   'output_file': 'oin1k-pretrain-vitb-l2-pkt-chunks-ep100-bs256-w20-unscaled.out',
                   'train_suffix': 'train',
                   'val_suffix': 'val',
                   'write_tag': 'jepa-in1k'},
    'mask': {   'allow_overlap': False,
                'aspect_ratio': [0.75, 1.5],
                'enc_mask_scale': [0.85, 1.0],
                'min_keep': 10,
                'num_enc_masks': 1,
                'num_pred_masks': 4,
                'patch_size': 16,
                'pred_mask_scale': [0.15, 0.2]},
    'message': 'ViT-B/16 L2+PKT on Imagenet1K seed 0 batch size 256 no div on '
               'PKT calculation, unscaled',
    'meta': {   'copy_data': False,
                'load_checkpoint': False,
                'model_name': 'vit_base',
                'pred_depth': 6,
                'pred_emb_dim': 384,
                'read_checkpoint': None,
                'use_bfloat16': True},
    'optimization': {   'accumulate_grads_every': 1,
                        'ema': [0.996, 1.0],
                        'epochs': 100,
                        'final_lr': 1e-06,
                        'final_weight_decay': 0.4,
                        'ipe_scale': 1.0,
                        'loss_function': 'L2_PKT_chunks',
                        'lr': 0.001,
                        'pkt_scale': 1.0,
                        'start_lr': 0.0002,
                        'variance_weight': 0.0,
                        'warmup': 20,
                        'weight_decay': 0.04},
    'pkt': {   'T_max': 200,
               'chunks_step': 256,
               'final_alpha': 0.0,
               'ref_alpha': 1.0,
               'start_alpha': 1.0,
               'use_pkt_scheduler': False,
               'warmup_steps_alpha': 100}}
INFO:root:Running... (rank: 0/4)
CRITICAL:root:PRETRAINING
INFO:root:Initialized (rank/world-size) 0/4
INFO:root:train.py: _GLOBAL_SEED=0
INFO:root:VisionTransformer(
  (patch_embed): PatchEmbed(
    (proj): Conv2d(3, 768, kernel_size=(16, 16), stride=(16, 16))
  )
  (blocks): ModuleList(
    (0-11): 12 x Block(
      (norm1): LayerNorm((768,), eps=1e-06, elementwise_affine=True)
      (attn): Attention(
        (qkv): Linear(in_features=768, out_features=2304, bias=True)
        (attn_drop): Dropout(p=0.0, inplace=False)
        (proj): Linear(in_features=768, out_features=768, bias=True)
        (proj_drop): Dropout(p=0.0, inplace=False)
      )
      (drop_path): Identity()
      (norm2): LayerNorm((768,), eps=1e-06, elementwise_affine=True)
      (mlp): MLP(
        (fc1): Linear(in_features=768, out_features=3072, bias=True)
        (act): GELU(approximate='none')
        (fc2): Linear(in_features=3072, out_features=768, bias=True)
        (drop): Dropout(p=0.0, inplace=False)
      )
    )
  )
  (norm): LayerNorm((768,), eps=1e-06, elementwise_affine=True)
)
INFO:root:making imagenet data transforms
INFO:root:data-path datasets/imagenet/train/
INFO:root:Initialized ImageNet
INFO:root:ImageNet dataset created
INFO:root:ImageNet unsupervised data loader created
INFO:root:data-path datasets/imagenet/train
INFO:root:Initialized ImageNet
/home/lazarosg/ijepa/src/helper.py:189: FutureWarning: `torch.cuda.amp.GradScaler(args...)` is deprecated. Please use `torch.amp.GradScaler('cuda', args...)` instead.
  scaler = torch.cuda.amp.GradScaler() if use_bfloat16 else None
/home/lazarosg/ijepa/src/helper.py:189: FutureWarning: `torch.cuda.amp.GradScaler(args...)` is deprecated. Please use `torch.amp.GradScaler('cuda', args...)` instead.
  scaler = torch.cuda.amp.GradScaler() if use_bfloat16 else None
/home/lazarosg/ijepa/src/helper.py:189: FutureWarning: `torch.cuda.amp.GradScaler(args...)` is deprecated. Please use `torch.amp.GradScaler('cuda', args...)` instead.
  scaler = torch.cuda.amp.GradScaler() if use_bfloat16 else None
INFO:root:min. labeled indices 732
INFO:root:ImageNet supervised dataset created
INFO:root:ImageNet supervised data loader created
INFO:root:data-path datasets/imagenet/val
INFO:root:Initialized ImageNet
INFO:root:min. labeled indices 50
INFO:root:ImageNet supervised dataset created
INFO:root:ImageNet supervised data loader created
INFO:root:Using AdamW
/home/lazarosg/ijepa/src/helper.py:189: FutureWarning: `torch.cuda.amp.GradScaler(args...)` is deprecated. Please use `torch.amp.GradScaler('cuda', args...)` instead.
  scaler = torch.cuda.amp.GradScaler() if use_bfloat16 else None
INFO:root:Epoch 1
/home/lazarosg/ijepa/src/train.py:476: FutureWarning: `torch.cuda.amp.autocast(args...)` is deprecated. Please use `torch.amp.autocast('cuda', args...)` instead.
  with torch.cuda.amp.autocast(dtype=torch.bfloat16, enabled=use_bfloat16):
/home/lazarosg/ijepa/src/train.py:476: FutureWarning: `torch.cuda.amp.autocast(args...)` is deprecated. Please use `torch.amp.autocast('cuda', args...)` instead.
  with torch.cuda.amp.autocast(dtype=torch.bfloat16, enabled=use_bfloat16):
/home/lazarosg/ijepa/src/train.py:476: FutureWarning: `torch.cuda.amp.autocast(args...)` is deprecated. Please use `torch.amp.autocast('cuda', args...)` instead.
  with torch.cuda.amp.autocast(dtype=torch.bfloat16, enabled=use_bfloat16):
/home/lazarosg/ijepa/src/train.py:476: FutureWarning: `torch.cuda.amp.autocast(args...)` is deprecated. Please use `torch.amp.autocast('cuda', args...)` instead.
  with torch.cuda.amp.autocast(dtype=torch.bfloat16, enabled=use_bfloat16):
INFO:root:[1,     0] loss: 4.706517e-01 masks: 52.0 30.0 [wd: 4.00e-02] [lr: 2.00e-04] [mem: 1.77e+04] (4185.4 ms)
INFO:root:[1,     0] grad_stats: [1.97e-02 1.07e-02] (1.07e-02, 2.40e-02)
INFO:root:[1,   417] loss: 1.077838e-01 masks: 47.8 33.4 [wd: 4.00e-02] [lr: 2.13e-04] [mem: 2.18e+04] (634.0 ms)
INFO:root:[1,   417] grad_stats: [7.80e-03 5.95e-04] (5.50e-04, 1.39e-02)
INFO:root:[1,   834] loss: 7.107321e-02 masks: 47.8 33.3 [wd: 4.00e-02] [lr: 2.27e-04] [mem: 2.18e+04] (627.7 ms)
INFO:root:[1,   834] grad_stats: [1.04e-02 1.02e-03] (8.30e-04, 1.98e-02)
INFO:root:avg. loss 5.85254680e-02
INFO:root:time taken for epoch 0:14:33.627866
INFO:root:Epoch 2
INFO:root:[2,     0] loss: 4.045729e-02 masks: 45.0 35.0 [wd: 4.01e-02] [lr: 2.40e-04] [mem: 2.18e+04] (641.6 ms)
INFO:root:[2,     0] grad_stats: [1.03e-02 8.51e-04] (6.05e-04, 2.17e-02)
INFO:root:[2,   417] loss: 4.647014e-02 masks: 47.2 33.7 [wd: 4.02e-02] [lr: 2.53e-04] [mem: 2.18e+04] (626.1 ms)
INFO:root:[2,   417] grad_stats: [9.50e-03 1.19e-03] (7.65e-04, 2.14e-02)
INFO:root:[2,   834] loss: 5.351278e-02 masks: 47.2 33.5 [wd: 4.02e-02] [lr: 2.67e-04] [mem: 2.18e+04] (624.2 ms)
INFO:root:[2,   834] grad_stats: [7.26e-03 9.55e-04] (6.03e-04, 2.27e-02)
INFO:root:avg. loss 6.09026188e-02
INFO:root:time taken for epoch 0:14:33.562997
INFO:root:Epoch 3
INFO:root:[3,     0] loss: 8.734909e-02 masks: 50.0 35.0 [wd: 4.04e-02] [lr: 2.80e-04] [mem: 2.18e+04] (632.3 ms)
INFO:root:[3,     0] grad_stats: [8.13e-03 1.33e-03] (7.15e-04, 2.96e-02)
INFO:root:[3,   417] loss: 8.978034e-02 masks: 48.1 33.4 [wd: 4.05e-02] [lr: 2.93e-04] [mem: 2.18e+04] (619.4 ms)
INFO:root:[3,   417] grad_stats: [6.40e-03 1.14e-03] (5.60e-04, 2.13e-02)
INFO:root:[3,   834] loss: 9.538164e-02 masks: 47.8 33.4 [wd: 4.06e-02] [lr: 3.07e-04] [mem: 2.18e+04] (621.2 ms)
INFO:root:[3,   834] grad_stats: [4.23e-03 1.23e-03] (4.97e-04, 1.62e-02)
INFO:root:avg. loss 1.00242024e-01
INFO:root:time taken for epoch 0:14:31.712443
INFO:root:Epoch 4
INFO:root:[4,     0] loss: 1.093966e-01 masks: 59.0 30.0 [wd: 4.08e-02] [lr: 3.20e-04] [mem: 2.18e+04] (623.3 ms)
INFO:root:[4,     0] grad_stats: [4.39e-03 1.63e-03] (4.66e-04, 1.61e-02)
INFO:root:[4,   417] loss: 1.170841e-01 masks: 47.5 33.4 [wd: 4.10e-02] [lr: 3.33e-04] [mem: 2.18e+04] (621.1 ms)
INFO:root:[4,   417] grad_stats: [4.31e-03 1.21e-03] (3.96e-04, 1.59e-02)
INFO:root:[4,   834] loss: 1.204494e-01 masks: 47.7 33.3 [wd: 4.12e-02] [lr: 3.47e-04] [mem: 2.18e+04] (620.9 ms)
INFO:root:[4,   834] grad_stats: [4.43e-03 1.45e-03] (4.11e-04, 1.93e-02)
INFO:root:avg. loss 1.24125591e-01
INFO:root:time taken for epoch 0:14:31.218551
INFO:root:Epoch 5
INFO:root:[5,     0] loss: 1.264305e-01 masks: 55.0 30.0 [wd: 4.14e-02] [lr: 3.60e-04] [mem: 2.18e+04] (614.8 ms)
INFO:root:[5,     0] grad_stats: [3.80e-03 1.25e-03] (3.59e-04, 2.27e-02)
INFO:root:[5,   417] loss: 1.355848e-01 masks: 48.1 33.4 [wd: 4.17e-02] [lr: 3.73e-04] [mem: 2.18e+04] (621.2 ms)
INFO:root:[5,   417] grad_stats: [4.74e-03 2.11e-03] (4.80e-04, 2.05e-02)
INFO:root:[5,   834] loss: 1.378717e-01 masks: 47.7 33.5 [wd: 4.19e-02] [lr: 3.87e-04] [mem: 2.18e+04] (620.3 ms)
INFO:root:[5,   834] grad_stats: [6.25e-03 1.71e-03] (3.93e-04, 3.47e-02)
INFO:root:avg. loss 1.38955689e-01
INFO:root:time taken for epoch 0:14:30.978623
INFO:root:Epoch 6
INFO:root:[6,     0] loss: 1.389436e-01 masks: 38.0 35.0 [wd: 4.22e-02] [lr: 4.00e-04] [mem: 2.18e+04] (656.7 ms)
INFO:root:[6,     0] grad_stats: [4.91e-03 1.62e-03] (3.66e-04, 2.44e-02)
INFO:root:[6,   417] loss: 1.405061e-01 masks: 48.2 33.2 [wd: 4.25e-02] [lr: 4.13e-04] [mem: 2.18e+04] (617.3 ms)
INFO:root:[6,   417] grad_stats: [2.71e-03 1.66e-03] (3.63e-04, 1.66e-02)
INFO:root:[6,   834] loss: 1.417796e-01 masks: 48.0 33.3 [wd: 4.28e-02] [lr: 4.27e-04] [mem: 2.18e+04] (617.9 ms)
INFO:root:[6,   834] grad_stats: [3.80e-03 1.70e-03] (3.50e-04, 2.12e-02)
INFO:root:avg. loss 1.42465529e-01
INFO:root:time taken for epoch 0:14:26.426315
INFO:root:Epoch 7
INFO:root:[7,     0] loss: 1.406332e-01 masks: 41.0 36.0 [wd: 4.32e-02] [lr: 4.40e-04] [mem: 2.18e+04] (626.5 ms)
INFO:root:[7,     0] grad_stats: [3.36e-03 1.11e-03] (3.24e-04, 1.79e-02)
INFO:root:[7,   417] loss: 1.447686e-01 masks: 47.3 33.5 [wd: 4.36e-02] [lr: 4.53e-04] [mem: 2.18e+04] (620.5 ms)
INFO:root:[7,   417] grad_stats: [2.43e-03 1.63e-03] (3.59e-04, 1.53e-02)
INFO:root:[7,   834] loss: 1.445772e-01 masks: 47.6 33.4 [wd: 4.39e-02] [lr: 4.67e-04] [mem: 2.18e+04] (622.0 ms)
INFO:root:[7,   834] grad_stats: [2.72e-03 1.91e-03] (3.89e-04, 1.77e-02)
INFO:root:avg. loss 1.44303523e-01
INFO:root:time taken for epoch 0:14:32.834085
INFO:root:Epoch 8
INFO:root:[8,     0] loss: 1.419654e-01 masks: 47.0 35.0 [wd: 4.43e-02] [lr: 4.80e-04] [mem: 2.18e+04] (694.4 ms)
INFO:root:[8,     0] grad_stats: [3.54e-03 1.59e-03] (3.31e-04, 2.30e-02)
INFO:root:[8,   417] loss: 1.425358e-01 masks: 47.7 33.4 [wd: 4.48e-02] [lr: 4.93e-04] [mem: 2.18e+04] (622.3 ms)
INFO:root:[8,   417] grad_stats: [3.22e-03 1.48e-03] (3.33e-04, 3.10e-02)
INFO:root:[8,   834] loss: 1.421255e-01 masks: 47.7 33.4 [wd: 4.52e-02] [lr: 5.07e-04] [mem: 2.18e+04] (621.1 ms)
INFO:root:[8,   834] grad_stats: [3.38e-03 1.82e-03] (3.90e-04, 2.06e-02)
INFO:root:avg. loss 1.41826644e-01
INFO:root:time taken for epoch 0:14:29.697721
INFO:root:Epoch 9
INFO:root:[9,     0] loss: 1.485980e-01 masks: 30.0 36.0 [wd: 4.57e-02] [lr: 5.20e-04] [mem: 2.18e+04] (653.4 ms)
INFO:root:[9,     0] grad_stats: [2.84e-03 1.45e-03] (3.29e-04, 1.52e-02)
INFO:root:[9,   417] loss: 1.397511e-01 masks: 48.1 33.1 [wd: 4.61e-02] [lr: 5.33e-04] [mem: 2.18e+04] (622.4 ms)
INFO:root:[9,   417] grad_stats: [2.13e-03 1.29e-03] (3.32e-04, 1.26e-02)
INFO:root:[9,   834] loss: 1.401588e-01 masks: 48.2 33.2 [wd: 4.66e-02] [lr: 5.47e-04] [mem: 2.18e+04] (618.9 ms)
INFO:root:[9,   834] grad_stats: [1.77e-03 1.36e-03] (3.43e-04, 1.13e-02)
INFO:root:avg. loss 1.39991218e-01
INFO:root:time taken for epoch 0:14:30.624949
INFO:root:Epoch 10
INFO:root:[10,     0] loss: 1.439614e-01 masks: 37.0 35.0 [wd: 4.71e-02] [lr: 5.60e-04] [mem: 2.18e+04] (604.7 ms)
INFO:root:[10,     0] grad_stats: [1.90e-03 1.33e-03] (3.56e-04, 1.07e-02)
INFO:root:[10,   417] loss: 1.393709e-01 masks: 48.3 33.2 [wd: 4.77e-02] [lr: 5.73e-04] [mem: 2.18e+04] (620.5 ms)
INFO:root:[10,   417] grad_stats: [2.13e-03 1.34e-03] (3.43e-04, 1.24e-02)
INFO:root:[10,   834] loss: 1.396778e-01 masks: 47.8 33.4 [wd: 4.82e-02] [lr: 5.87e-04] [mem: 2.18e+04] (621.7 ms)
INFO:root:[10,   834] grad_stats: [2.11e-03 1.34e-03] (3.43e-04, 1.29e-02)
INFO:root:avg. loss 1.39796383e-01
INFO:root:time taken for epoch 0:14:30.326792
INFO:root:Epoch 11
INFO:root:[11,     0] loss: 1.323241e-01 masks: 52.0 30.0 [wd: 4.88e-02] [lr: 6.00e-04] [mem: 2.18e+04] (657.3 ms)
INFO:root:[11,     0] grad_stats: [2.52e-03 1.31e-03] (3.63e-04, 2.06e-02)
INFO:root:[11,   417] loss: 1.407358e-01 masks: 47.6 33.5 [wd: 4.94e-02] [lr: 6.13e-04] [mem: 2.18e+04] (621.9 ms)
INFO:root:[11,   417] grad_stats: [1.94e-03 1.18e-03] (3.41e-04, 1.18e-02)
INFO:root:[11,   834] loss: 1.411174e-01 masks: 47.5 33.5 [wd: 5.00e-02] [lr: 6.27e-04] [mem: 2.18e+04] (621.9 ms)
INFO:root:[11,   834] grad_stats: [2.36e-03 1.49e-03] (3.95e-04, 1.77e-02)
INFO:root:avg. loss 1.41184828e-01
INFO:root:time taken for epoch 0:14:29.438854
INFO:root:Epoch 12
INFO:root:[12,     0] loss: 1.393156e-01 masks: 49.0 30.0 [wd: 5.06e-02] [lr: 6.40e-04] [mem: 2.18e+04] (678.5 ms)
INFO:root:[12,     0] grad_stats: [2.03e-03 1.22e-03] (3.73e-04, 1.20e-02)
INFO:root:[12,   417] loss: 1.428272e-01 masks: 47.8 33.3 [wd: 5.13e-02] [lr: 6.53e-04] [mem: 2.18e+04] (622.1 ms)
INFO:root:[12,   417] grad_stats: [1.73e-03 1.21e-03] (3.77e-04, 1.25e-02)
INFO:root:[12,   834] loss: 1.433732e-01 masks: 47.6 33.4 [wd: 5.20e-02] [lr: 6.67e-04] [mem: 2.18e+04] (620.9 ms)
INFO:root:[12,   834] grad_stats: [1.60e-03 1.32e-03] (3.93e-04, 1.25e-02)
INFO:root:avg. loss 1.44026198e-01
INFO:root:time taken for epoch 0:14:30.502419
INFO:root:Epoch 13
INFO:root:[13,     0] loss: 1.423936e-01 masks: 56.0 30.0 [wd: 5.26e-02] [lr: 6.80e-04] [mem: 2.18e+04] (622.9 ms)
INFO:root:[13,     0] grad_stats: [1.63e-03 1.17e-03] (3.97e-04, 1.17e-02)
INFO:root:[13,   417] loss: 1.472646e-01 masks: 47.5 33.4 [wd: 5.33e-02] [lr: 6.93e-04] [mem: 2.18e+04] (623.2 ms)
INFO:root:[13,   417] grad_stats: [1.75e-03 1.16e-03] (4.12e-04, 1.21e-02)
INFO:root:[13,   834] loss: 1.478098e-01 masks: 47.5 33.3 [wd: 5.41e-02] [lr: 7.07e-04] [mem: 2.18e+04] (618.2 ms)
INFO:root:[13,   834] grad_stats: [1.75e-03 1.07e-03] (3.97e-04, 1.44e-02)
INFO:root:avg. loss 1.48448668e-01
INFO:root:time taken for epoch 0:14:24.378845
INFO:root:Epoch 14
INFO:root:[14,     0] loss: 1.553946e-01 masks: 46.0 36.0 [wd: 5.48e-02] [lr: 7.20e-04] [mem: 2.18e+04] (633.7 ms)
INFO:root:[14,     0] grad_stats: [1.62e-03 1.08e-03] (3.90e-04, 1.26e-02)
INFO:root:[14,   417] loss: 1.518029e-01 masks: 47.7 33.4 [wd: 5.56e-02] [lr: 7.33e-04] [mem: 2.18e+04] (618.1 ms)
INFO:root:[14,   417] grad_stats: [1.31e-03 1.13e-03] (4.35e-04, 9.87e-03)
INFO:root:[14,   834] loss: 1.524290e-01 masks: 48.0 33.2 [wd: 5.63e-02] [lr: 7.47e-04] [mem: 2.18e+04] (618.1 ms)
INFO:root:[14,   834] grad_stats: [1.35e-03 1.15e-03] (4.28e-04, 1.12e-02)
INFO:root:avg. loss 1.53399354e-01
INFO:root:time taken for epoch 0:14:26.443588
INFO:root:Epoch 15
INFO:root:[15,     0] loss: 1.580794e-01 masks: 35.0 36.0 [wd: 5.71e-02] [lr: 7.60e-04] [mem: 2.18e+04] (636.6 ms)
INFO:root:[15,     0] grad_stats: [1.38e-03 1.11e-03] (4.20e-04, 1.10e-02)
INFO:root:[15,   417] loss: 1.576073e-01 masks: 47.5 33.4 [wd: 5.79e-02] [lr: 7.73e-04] [mem: 2.18e+04] (620.9 ms)
INFO:root:[15,   417] grad_stats: [1.62e-03 9.92e-04] (4.19e-04, 1.38e-02)
INFO:root:[15,   834] loss: 1.586036e-01 masks: 47.6 33.4 [wd: 5.88e-02] [lr: 7.87e-04] [mem: 2.18e+04] (620.6 ms)
INFO:root:[15,   834] grad_stats: [1.59e-03 9.62e-04] (4.24e-04, 1.38e-02)
INFO:root:avg. loss 1.59170824e-01
INFO:root:time taken for epoch 0:14:29.621358
INFO:root:Epoch 16
INFO:root:[16,     0] loss: 1.628149e-01 masks: 47.0 36.0 [wd: 5.96e-02] [lr: 8.00e-04] [mem: 2.18e+04] (646.3 ms)
INFO:root:[16,     0] grad_stats: [1.75e-03 9.43e-04] (4.09e-04, 1.57e-02)
INFO:root:[16,   417] loss: 1.621749e-01 masks: 47.9 33.4 [wd: 6.05e-02] [lr: 8.13e-04] [mem: 2.18e+04] (621.8 ms)
INFO:root:[16,   417] grad_stats: [1.68e-03 9.47e-04] (4.17e-04, 1.43e-02)
INFO:root:[16,   834] loss: 1.635192e-01 masks: 47.7 33.4 [wd: 6.14e-02] [lr: 8.27e-04] [mem: 2.18e+04] (621.8 ms)
INFO:root:[16,   834] grad_stats: [2.14e-03 9.10e-04] (4.16e-04, 1.77e-02)
INFO:root:avg. loss 1.64361108e-01
INFO:root:time taken for epoch 0:14:30.563781
INFO:root:Epoch 17
INFO:root:[17,     0] loss: 1.606312e-01 masks: 55.0 30.0 [wd: 6.23e-02] [lr: 8.40e-04] [mem: 2.18e+04] (625.8 ms)
INFO:root:[17,     0] grad_stats: [1.53e-03 1.01e-03] (4.21e-04, 1.26e-02)
INFO:root:[17,   417] loss: 1.679664e-01 masks: 47.7 33.4 [wd: 6.32e-02] [lr: 8.53e-04] [mem: 2.18e+04] (619.5 ms)
INFO:root:[17,   417] grad_stats: [2.23e-03 8.75e-04] (4.09e-04, 2.63e-02)
INFO:root:[17,   834] loss: 1.685790e-01 masks: 47.8 33.3 [wd: 6.41e-02] [lr: 8.67e-04] [mem: 2.18e+04] (618.4 ms)
INFO:root:[17,   834] grad_stats: [1.54e-03 9.39e-04] (4.15e-04, 1.28e-02)
INFO:root:avg. loss 1.69794934e-01
INFO:root:time taken for epoch 0:14:28.741333
INFO:root:Epoch 18
INFO:root:[18,     0] loss: 1.685567e-01 masks: 45.0 36.0 [wd: 6.51e-02] [lr: 8.80e-04] [mem: 2.18e+04] (675.2 ms)
INFO:root:[18,     0] grad_stats: [1.90e-03 7.98e-04] (3.91e-04, 1.43e-02)
INFO:root:[18,   417] loss: 1.749735e-01 masks: 47.4 33.4 [wd: 6.60e-02] [lr: 8.93e-04] [mem: 2.18e+04] (620.6 ms)
INFO:root:[18,   417] grad_stats: [1.69e-03 8.66e-04] (4.07e-04, 2.37e-02)
INFO:root:[18,   834] loss: 1.762510e-01 masks: 47.4 33.4 [wd: 6.70e-02] [lr: 9.07e-04] [mem: 2.18e+04] (619.7 ms)
INFO:root:[18,   834] grad_stats: [1.31e-03 7.99e-04] (3.85e-04, 1.64e-02)
INFO:root:avg. loss 1.77637797e-01
INFO:root:time taken for epoch 0:14:29.805052
INFO:root:Epoch 19
INFO:root:[19,     0] loss: 1.787123e-01 masks: 53.0 35.0 [wd: 6.80e-02] [lr: 9.20e-04] [mem: 2.18e+04] (647.6 ms)
INFO:root:[19,     0] grad_stats: [1.37e-03 7.67e-04] (3.89e-04, 1.30e-02)
INFO:root:[19,   417] loss: 1.814128e-01 masks: 47.5 33.4 [wd: 6.90e-02] [lr: 9.33e-04] [mem: 2.18e+04] (621.1 ms)
INFO:root:[19,   417] grad_stats: [1.39e-03 7.71e-04] (4.07e-04, 1.54e-02)
INFO:root:[19,   834] loss: 1.823465e-01 masks: 47.6 33.3 [wd: 7.01e-02] [lr: 9.47e-04] [mem: 2.18e+04] (619.7 ms)
INFO:root:[19,   834] grad_stats: [1.75e-03 7.63e-04] (3.99e-04, 1.73e-02)
INFO:root:avg. loss 1.83487467e-01
INFO:root:time taken for epoch 0:14:30.380189
INFO:root:Epoch 20
INFO:root:[20,     0] loss: 1.867235e-01 masks: 54.0 30.0 [wd: 7.11e-02] [lr: 9.60e-04] [mem: 2.18e+04] (640.1 ms)
INFO:root:[20,     0] grad_stats: [1.70e-03 7.58e-04] (4.17e-04, 1.85e-02)
INFO:root:[20,   417] loss: 1.879792e-01 masks: 48.0 33.3 [wd: 7.22e-02] [lr: 9.73e-04] [mem: 2.18e+04] (616.5 ms)
INFO:root:[20,   417] grad_stats: [1.97e-03 7.94e-04] (4.19e-04, 1.55e-02)
INFO:root:[20,   834] loss: 1.898536e-01 masks: 47.5 33.4 [wd: 7.33e-02] [lr: 9.87e-04] [mem: 2.18e+04] (618.5 ms)
INFO:root:[20,   834] grad_stats: [1.37e-03 7.53e-04] (4.03e-04, 1.58e-02)
INFO:root:avg. loss 1.91247495e-01
INFO:root:time taken for epoch 0:14:28.125443
INFO:root:Epoch 21
INFO:root:[21,     0] loss: 1.898068e-01 masks: 47.0 35.0 [wd: 7.44e-02] [lr: 1.00e-03] [mem: 2.18e+04] (621.1 ms)
INFO:root:[21,     0] grad_stats: [1.52e-03 7.31e-04] (4.20e-04, 1.19e-02)
INFO:root:[21,   417] loss: 1.956200e-01 masks: 47.6 33.5 [wd: 7.55e-02] [lr: 1.00e-03] [mem: 2.18e+04] (619.5 ms)
INFO:root:[21,   417] grad_stats: [2.03e-03 7.85e-04] (4.40e-04, 1.97e-02)
INFO:root:[21,   834] loss: 1.968536e-01 masks: 47.6 33.5 [wd: 7.66e-02] [lr: 1.00e-03] [mem: 2.18e+04] (619.5 ms)
INFO:root:[21,   834] grad_stats: [2.07e-03 7.33e-04] (4.28e-04, 1.51e-02)
INFO:root:avg. loss 1.98016249e-01
INFO:root:time taken for epoch 0:14:26.786537
INFO:root:Epoch 22
INFO:root:[22,     0] loss: 1.977486e-01 masks: 58.0 30.0 [wd: 7.78e-02] [lr: 1.00e-03] [mem: 2.18e+04] (670.0 ms)
INFO:root:[22,     0] grad_stats: [1.83e-03 6.95e-04] (4.12e-04, 1.32e-02)
INFO:root:[22,   417] loss: 2.022518e-01 masks: 47.1 33.5 [wd: 7.89e-02] [lr: 9.99e-04] [mem: 2.18e+04] (619.8 ms)
INFO:root:[22,   417] grad_stats: [1.80e-03 7.52e-04] (4.35e-04, 1.53e-02)
INFO:root:[22,   834] loss: 2.030271e-01 masks: 47.2 33.4 [wd: 8.01e-02] [lr: 9.99e-04] [mem: 2.18e+04] (619.3 ms)
INFO:root:[22,   834] grad_stats: [2.15e-03 7.38e-04] (4.35e-04, 1.96e-02)
INFO:root:avg. loss 2.04256555e-01
INFO:root:time taken for epoch 0:14:28.194806
INFO:root:Epoch 23
INFO:root:[23,     0] loss: 2.131712e-01 masks: 40.0 40.0 [wd: 8.13e-02] [lr: 9.98e-04] [mem: 2.18e+04] (688.8 ms)
INFO:root:[23,     0] grad_stats: [1.51e-03 7.29e-04] (4.23e-04, 1.16e-02)
INFO:root:[23,   417] loss: 2.081841e-01 masks: 47.7 33.3 [wd: 8.25e-02] [lr: 9.98e-04] [mem: 2.18e+04] (620.0 ms)
INFO:root:[23,   417] grad_stats: [1.88e-03 7.48e-04] (4.48e-04, 2.75e-02)
INFO:root:[23,   834] loss: 2.095109e-01 masks: 47.4 33.4 [wd: 8.37e-02] [lr: 9.97e-04] [mem: 2.18e+04] (618.9 ms)
INFO:root:[23,   834] grad_stats: [2.20e-03 8.04e-04] (4.80e-04, 2.13e-02)
INFO:root:avg. loss 2.10261562e-01
INFO:root:time taken for epoch 0:14:26.313762
INFO:root:Epoch 24
INFO:root:[24,     0] loss: 2.172013e-01 masks: 35.0 36.0 [wd: 8.50e-02] [lr: 9.97e-04] [mem: 2.18e+04] (670.3 ms)
INFO:root:[24,     0] grad_stats: [1.79e-03 7.57e-04] (4.45e-04, 1.53e-02)
INFO:root:[24,   417] loss: 2.126535e-01 masks: 48.0 33.3 [wd: 8.62e-02] [lr: 9.96e-04] [mem: 2.18e+04] (618.8 ms)
INFO:root:[24,   417] grad_stats: [1.69e-03 8.00e-04] (4.88e-04, 1.57e-02)
INFO:root:[24,   834] loss: 2.131866e-01 masks: 48.1 33.3 [wd: 8.75e-02] [lr: 9.95e-04] [mem: 2.18e+04] (619.4 ms)
INFO:root:[24,   834] grad_stats: [1.56e-03 8.13e-04] (5.00e-04, 1.67e-02)
INFO:root:avg. loss 2.14338140e-01
INFO:root:time taken for epoch 0:14:27.790848
INFO:root:Epoch 25
INFO:root:[25,     0] loss: 2.093435e-01 masks: 58.0 30.0 [wd: 8.88e-02] [lr: 9.94e-04] [mem: 2.18e+04] (630.4 ms)
INFO:root:[25,     0] grad_stats: [2.56e-03 8.64e-04] (5.23e-04, 3.41e-02)
INFO:root:[25,   417] loss: 2.178513e-01 masks: 47.8 33.2 [wd: 9.01e-02] [lr: 9.93e-04] [mem: 2.18e+04] (610.8 ms)
INFO:root:[25,   417] grad_stats: [1.85e-03 8.42e-04] (5.21e-04, 1.97e-02)
INFO:root:[25,   834] loss: 2.189265e-01 masks: 47.7 33.4 [wd: 9.14e-02] [lr: 9.92e-04] [mem: 2.18e+04] (613.3 ms)
INFO:root:[25,   834] grad_stats: [2.51e-03 8.37e-04] (5.21e-04, 2.22e-02)
INFO:root:avg. loss 2.20002615e-01
INFO:root:time taken for epoch 0:14:22.501978
INFO:root:Epoch 26
INFO:root:[26,     0] loss: 2.117809e-01 masks: 52.0 35.0 [wd: 9.27e-02] [lr: 9.90e-04] [mem: 2.18e+04] (644.8 ms)
INFO:root:[26,     0] grad_stats: [1.86e-03 9.22e-04] (5.57e-04, 1.66e-02)
INFO:root:[26,   417] loss: 2.227117e-01 masks: 47.5 33.4 [wd: 9.41e-02] [lr: 9.89e-04] [mem: 2.18e+04] (615.8 ms)
INFO:root:[26,   417] grad_stats: [1.92e-03 9.63e-04] (5.87e-04, 2.69e-02)
INFO:root:[26,   834] loss: 2.234176e-01 masks: 47.7 33.4 [wd: 9.54e-02] [lr: 9.88e-04] [mem: 2.18e+04] (616.2 ms)
INFO:root:[26,   834] grad_stats: [2.48e-03 9.28e-04] (5.89e-04, 2.13e-02)
INFO:root:avg. loss 2.23976100e-01
INFO:root:time taken for epoch 0:14:25.022087
INFO:root:Epoch 27
INFO:root:[27,     0] loss: 2.180317e-01 masks: 54.0 30.0 [wd: 9.68e-02] [lr: 9.86e-04] [mem: 2.18e+04] (605.4 ms)
INFO:root:[27,     0] grad_stats: [2.24e-03 9.66e-04] (5.95e-04, 3.35e-02)
INFO:root:[27,   417] loss: 2.261016e-01 masks: 47.9 33.3 [wd: 9.82e-02] [lr: 9.85e-04] [mem: 2.18e+04] (615.5 ms)
INFO:root:[27,   417] grad_stats: [2.01e-03 9.70e-04] (5.99e-04, 1.44e-02)
INFO:root:[27,   834] loss: 2.265803e-01 masks: 48.3 33.2 [wd: 9.96e-02] [lr: 9.83e-04] [mem: 2.18e+04] (613.2 ms)
INFO:root:[27,   834] grad_stats: [1.76e-03 1.10e-03] (6.28e-04, 1.52e-02)
INFO:root:avg. loss 2.27181536e-01
INFO:root:time taken for epoch 0:14:22.279575
INFO:root:Epoch 28
INFO:root:[28,     0] loss: 2.260545e-01 masks: 55.0 30.0 [wd: 1.01e-01] [lr: 9.81e-04] [mem: 2.18e+04] (611.2 ms)
INFO:root:[28,     0] grad_stats: [1.77e-03 9.92e-04] (6.08e-04, 1.51e-02)
INFO:root:[28,   417] loss: 2.300950e-01 masks: 47.2 33.4 [wd: 1.02e-01] [lr: 9.79e-04] [mem: 2.18e+04] (616.4 ms)
INFO:root:[28,   417] grad_stats: [2.20e-03 1.05e-03] (6.27e-04, 2.01e-02)
INFO:root:[28,   834] loss: 2.310922e-01 masks: 47.3 33.5 [wd: 1.04e-01] [lr: 9.78e-04] [mem: 2.18e+04] (615.9 ms)
INFO:root:[28,   834] grad_stats: [1.87e-03 1.07e-03] (6.43e-04, 1.44e-02)
INFO:root:avg. loss 2.31556397e-01
INFO:root:time taken for epoch 0:14:24.331046
INFO:root:Epoch 29
INFO:root:[29,     0] loss: 2.313736e-01 masks: 47.0 35.0 [wd: 1.05e-01] [lr: 9.76e-04] [mem: 2.18e+04] (636.6 ms)
INFO:root:[29,     0] grad_stats: [1.87e-03 1.03e-03] (6.46e-04, 2.50e-02)
INFO:root:[29,   417] loss: 2.324729e-01 masks: 47.9 33.2 [wd: 1.07e-01] [lr: 9.73e-04] [mem: 2.18e+04] (617.2 ms)
INFO:root:[29,   417] grad_stats: [1.68e-03 1.07e-03] (6.72e-04, 2.38e-02)
INFO:root:[29,   834] loss: 2.329549e-01 masks: 47.9 33.2 [wd: 1.08e-01] [lr: 9.71e-04] [mem: 2.18e+04] (616.5 ms)
INFO:root:[29,   834] grad_stats: [1.76e-03 1.08e-03] (6.77e-04, 1.68e-02)
INFO:root:avg. loss 2.33854111e-01
INFO:root:time taken for epoch 0:14:26.396461
INFO:root:Epoch 30
INFO:root:[30,     0] loss: 2.300074e-01 masks: 56.0 30.0 [wd: 1.10e-01] [lr: 9.69e-04] [mem: 2.18e+04] (673.2 ms)
INFO:root:[30,     0] grad_stats: [2.31e-03 1.09e-03] (7.03e-04, 1.67e-02)
INFO:root:[30,   417] loss: 2.355592e-01 masks: 47.3 33.5 [wd: 1.11e-01] [lr: 9.67e-04] [mem: 2.18e+04] (618.9 ms)
INFO:root:[30,   417] grad_stats: [2.37e-03 1.05e-03] (6.88e-04, 1.66e-02)
INFO:root:[30,   834] loss: 2.353236e-01 masks: 47.5 33.4 [wd: 1.13e-01] [lr: 9.64e-04] [mem: 2.18e+04] (614.2 ms)
INFO:root:[30,   834] grad_stats: [2.11e-03 1.09e-03] (6.87e-04, 2.72e-02)
INFO:root:avg. loss 2.35544523e-01
INFO:root:time taken for epoch 0:14:24.148683
INFO:root:Epoch 31
INFO:root:[31,     0] loss: 2.325009e-01 masks: 52.0 35.0 [wd: 1.14e-01] [lr: 9.62e-04] [mem: 2.18e+04] (639.3 ms)
INFO:root:[31,     0] grad_stats: [2.19e-03 1.06e-03] (6.86e-04, 1.95e-02)
INFO:root:[31,   417] loss: 2.356470e-01 masks: 47.6 33.4 [wd: 1.16e-01] [lr: 9.59e-04] [mem: 2.18e+04] (617.8 ms)
INFO:root:[31,   417] grad_stats: [2.49e-03 1.03e-03] (6.95e-04, 2.02e-02)
INFO:root:[31,   834] loss: 2.362466e-01 masks: 47.4 33.5 [wd: 1.17e-01] [lr: 9.57e-04] [mem: 2.18e+04] (617.4 ms)
INFO:root:[31,   834] grad_stats: [2.10e-03 1.06e-03] (7.04e-04, 1.70e-02)
INFO:root:avg. loss 2.36553234e-01
INFO:root:time taken for epoch 0:14:26.345637
INFO:root:Epoch 32
INFO:root:[32,     0] loss: 2.395726e-01 masks: 45.0 35.0 [wd: 1.19e-01] [lr: 9.54e-04] [mem: 2.18e+04] (632.0 ms)
INFO:root:[32,     0] grad_stats: [2.33e-03 1.06e-03] (6.90e-04, 1.95e-02)
INFO:root:[32,   417] loss: 2.374494e-01 masks: 47.8 33.5 [wd: 1.20e-01] [lr: 9.51e-04] [mem: 2.18e+04] (617.0 ms)
INFO:root:[32,   417] grad_stats: [3.12e-03 1.14e-03] (6.83e-04, 2.32e-02)
INFO:root:[32,   834] loss: 2.376784e-01 masks: 47.8 33.4 [wd: 1.22e-01] [lr: 9.48e-04] [mem: 2.18e+04] (616.8 ms)
INFO:root:[32,   834] grad_stats: [1.81e-03 1.08e-03] (7.09e-04, 1.61e-02)
INFO:root:avg. loss 2.37986261e-01
INFO:root:time taken for epoch 0:14:26.731428
INFO:root:Epoch 33
INFO:root:[33,     0] loss: 2.514463e-01 masks: 49.0 30.0 [wd: 1.24e-01] [lr: 9.46e-04] [mem: 2.18e+04] (600.8 ms)
INFO:root:[33,     0] grad_stats: [2.04e-03 1.05e-03] (7.16e-04, 1.69e-02)
INFO:root:[33,   417] loss: 2.383059e-01 masks: 47.5 33.6 [wd: 1.25e-01] [lr: 9.43e-04] [mem: 2.18e+04] (614.4 ms)
INFO:root:[33,   417] grad_stats: [2.36e-03 1.09e-03] (7.28e-04, 2.14e-02)
INFO:root:[33,   834] loss: 2.385592e-01 masks: 47.5 33.6 [wd: 1.27e-01] [lr: 9.39e-04] [mem: 2.18e+04] (614.1 ms)
INFO:root:[33,   834] grad_stats: [2.44e-03 1.14e-03] (7.22e-04, 2.43e-02)
INFO:root:avg. loss 2.38752374e-01
INFO:root:time taken for epoch 0:14:23.327397
INFO:root:Epoch 34
INFO:root:[34,     0] loss: 2.313911e-01 masks: 58.0 30.0 [wd: 1.28e-01] [lr: 9.36e-04] [mem: 2.18e+04] (643.9 ms)
INFO:root:[34,     0] grad_stats: [2.49e-03 1.10e-03] (7.46e-04, 2.15e-02)
INFO:root:[34,   417] loss: 2.387127e-01 masks: 47.5 33.4 [wd: 1.30e-01] [lr: 9.33e-04] [mem: 2.18e+04] (617.8 ms)
INFO:root:[34,   417] grad_stats: [3.38e-03 1.10e-03] (7.27e-04, 2.18e-02)
INFO:root:[34,   834] loss: 2.391664e-01 masks: 47.4 33.5 [wd: 1.32e-01] [lr: 9.30e-04] [mem: 2.18e+04] (615.0 ms)
INFO:root:[34,   834] grad_stats: [2.27e-03 1.10e-03] (7.38e-04, 2.06e-02)
INFO:root:avg. loss 2.39303360e-01
INFO:root:time taken for epoch 0:14:23.513470
INFO:root:Epoch 35
INFO:root:[35,     0] loss: 2.545667e-01 masks: 38.0 36.0 [wd: 1.33e-01] [lr: 9.26e-04] [mem: 2.18e+04] (864.5 ms)
INFO:root:[35,     0] grad_stats: [2.86e-03 1.12e-03] (7.79e-04, 2.70e-02)
INFO:root:[35,   417] loss: 2.385154e-01 masks: 47.8 33.4 [wd: 1.35e-01] [lr: 9.23e-04] [mem: 2.18e+04] (616.3 ms)
INFO:root:[35,   417] grad_stats: [2.67e-03 1.14e-03] (7.38e-04, 2.67e-02)
INFO:root:[35,   834] loss: 2.384598e-01 masks: 48.1 33.2 [wd: 1.37e-01] [lr: 9.19e-04] [mem: 2.18e+04] (616.3 ms)
INFO:root:[35,   834] grad_stats: [2.82e-03 1.16e-03] (8.02e-04, 2.64e-02)
INFO:root:avg. loss 2.38850184e-01
INFO:root:time taken for epoch 0:14:25.738096
INFO:root:Epoch 36
INFO:root:[36,     0] loss: 2.349210e-01 masks: 45.0 35.0 [wd: 1.38e-01] [lr: 9.16e-04] [mem: 2.18e+04] (677.3 ms)
INFO:root:[36,     0] grad_stats: [2.33e-03 1.14e-03] (7.43e-04, 1.72e-02)
INFO:root:[36,   417] loss: 2.393221e-01 masks: 47.1 33.5 [wd: 1.40e-01] [lr: 9.12e-04] [mem: 2.18e+04] (614.8 ms)
INFO:root:[36,   417] grad_stats: [2.63e-03 1.16e-03] (7.97e-04, 1.66e-02)
INFO:root:[36,   834] loss: 2.401566e-01 masks: 46.8 33.6 [wd: 1.42e-01] [lr: 9.08e-04] [mem: 2.18e+04] (617.0 ms)
INFO:root:[36,   834] grad_stats: [2.53e-03 1.16e-03] (7.51e-04, 2.08e-02)
INFO:root:avg. loss 2.39714719e-01
INFO:root:time taken for epoch 0:14:25.657860
INFO:root:Epoch 37
INFO:root:[37,     0] loss: 2.336845e-01 masks: 52.0 30.0 [wd: 1.43e-01] [lr: 9.05e-04] [mem: 2.18e+04] (659.8 ms)
INFO:root:[37,     0] grad_stats: [2.78e-03 1.18e-03] (7.82e-04, 2.21e-02)
INFO:root:[37,   417] loss: 2.389627e-01 masks: 47.3 33.5 [wd: 1.45e-01] [lr: 9.01e-04] [mem: 2.18e+04] (611.7 ms)
INFO:root:[37,   417] grad_stats: [3.07e-03 1.22e-03] (8.48e-04, 2.27e-02)
INFO:root:[37,   834] loss: 2.388917e-01 masks: 47.6 33.4 [wd: 1.47e-01] [lr: 8.97e-04] [mem: 2.18e+04] (610.8 ms)
INFO:root:[37,   834] grad_stats: [2.42e-03 1.11e-03] (8.11e-04, 1.91e-02)
INFO:root:avg. loss 2.38869757e-01
INFO:root:time taken for epoch 0:14:19.445344
INFO:root:Epoch 38
INFO:root:[38,     0] loss: 2.358670e-01 masks: 59.0 30.0 [wd: 1.49e-01] [lr: 8.93e-04] [mem: 2.18e+04] (632.1 ms)
INFO:root:[38,     0] grad_stats: [2.46e-03 1.21e-03] (8.22e-04, 1.99e-02)
INFO:root:[38,   417] loss: 2.390954e-01 masks: 47.6 33.6 [wd: 1.50e-01] [lr: 8.89e-04] [mem: 2.18e+04] (617.5 ms)
INFO:root:[38,   417] grad_stats: [2.44e-03 1.28e-03] (8.27e-04, 2.03e-02)
INFO:root:[38,   834] loss: 2.396828e-01 masks: 47.6 33.5 [wd: 1.52e-01] [lr: 8.85e-04] [mem: 2.18e+04] (616.1 ms)
INFO:root:[38,   834] grad_stats: [2.75e-03 1.26e-03] (8.02e-04, 2.71e-02)
INFO:root:avg. loss 2.39700504e-01
INFO:root:time taken for epoch 0:14:24.736500
INFO:root:Epoch 39
INFO:root:[39,     0] loss: 2.476249e-01 masks: 47.0 35.0 [wd: 1.54e-01] [lr: 8.80e-04] [mem: 2.18e+04] (676.0 ms)
INFO:root:[39,     0] grad_stats: [2.66e-03 1.31e-03] (9.15e-04, 2.03e-02)
INFO:root:[39,   417] loss: 2.381651e-01 masks: 48.4 33.2 [wd: 1.55e-01] [lr: 8.76e-04] [mem: 2.18e+04] (615.2 ms)
INFO:root:[39,   417] grad_stats: [2.30e-03 1.32e-03] (8.00e-04, 1.78e-02)
INFO:root:[39,   834] loss: 2.386875e-01 masks: 47.9 33.3 [wd: 1.57e-01] [lr: 8.72e-04] [mem: 2.18e+04] (614.3 ms)
INFO:root:[39,   834] grad_stats: [3.30e-03 1.42e-03] (9.40e-04, 3.11e-02)
INFO:root:avg. loss 2.38606190e-01
INFO:root:time taken for epoch 0:14:25.570241
INFO:root:Epoch 40
INFO:root:[40,     0] loss: 2.415808e-01 masks: 55.0 30.0 [wd: 1.59e-01] [lr: 8.67e-04] [mem: 2.18e+04] (643.1 ms)
INFO:root:[40,     0] grad_stats: [3.56e-03 1.32e-03] (9.26e-04, 4.66e-02)
INFO:root:[40,   417] loss: 2.389518e-01 masks: 47.5 33.4 [wd: 1.61e-01] [lr: 8.63e-04] [mem: 2.18e+04] (612.9 ms)
INFO:root:[40,   417] grad_stats: [2.60e-03 1.32e-03] (8.75e-04, 2.04e-02)
INFO:root:[40,   834] loss: 2.383772e-01 masks: 47.8 33.3 [wd: 1.63e-01] [lr: 8.58e-04] [mem: 2.18e+04] (613.7 ms)
INFO:root:[40,   834] grad_stats: [2.85e-03 1.44e-03] (9.17e-04, 2.09e-02)
INFO:root:avg. loss 2.38601268e-01
INFO:root:time taken for epoch 0:14:22.565239
INFO:root:Epoch 41
INFO:root:[41,     0] loss: 2.494699e-01 masks: 37.0 36.0 [wd: 1.64e-01] [lr: 8.54e-04] [mem: 2.18e+04] (625.6 ms)
INFO:root:[41,     0] grad_stats: [2.81e-03 1.39e-03] (9.18e-04, 1.95e-02)
INFO:root:[41,   417] loss: 2.376619e-01 masks: 48.1 33.2 [wd: 1.66e-01] [lr: 8.49e-04] [mem: 2.18e+04] (613.7 ms)
INFO:root:[41,   417] grad_stats: [3.45e-03 1.41e-03] (1.01e-03, 2.80e-02)
INFO:root:[41,   834] loss: 2.381183e-01 masks: 48.1 33.2 [wd: 1.68e-01] [lr: 8.44e-04] [mem: 2.18e+04] (613.0 ms)
INFO:root:[41,   834] grad_stats: [2.99e-03 1.43e-03] (9.58e-04, 2.76e-02)
INFO:root:avg. loss 2.38535383e-01
INFO:root:time taken for epoch 0:14:22.350793
INFO:root:Epoch 42
INFO:root:[42,     0] loss: 2.416894e-01 masks: 54.0 30.0 [wd: 1.70e-01] [lr: 8.40e-04] [mem: 2.18e+04] (612.5 ms)
INFO:root:[42,     0] grad_stats: [4.53e-03 1.47e-03] (9.29e-04, 3.10e-02)
INFO:root:[42,   417] loss: 2.394779e-01 masks: 47.0 33.6 [wd: 1.72e-01] [lr: 8.35e-04] [mem: 2.18e+04] (615.2 ms)
INFO:root:[42,   417] grad_stats: [3.08e-03 1.46e-03] (9.93e-04, 2.57e-02)
INFO:root:[42,   834] loss: 2.394777e-01 masks: 47.0 33.6 [wd: 1.73e-01] [lr: 8.30e-04] [mem: 2.18e+04] (615.0 ms)
INFO:root:[42,   834] grad_stats: [3.71e-03 1.47e-03] (1.00e-03, 2.79e-02)
INFO:root:avg. loss 2.39075618e-01
INFO:root:time taken for epoch 0:14:21.947889
INFO:root:Epoch 43
INFO:root:[43,     0] loss: 2.392754e-01 masks: 48.0 35.0 [wd: 1.75e-01] [lr: 8.25e-04] [mem: 2.18e+04] (646.1 ms)
INFO:root:[43,     0] grad_stats: [3.37e-03 1.49e-03] (1.07e-03, 5.31e-02)
INFO:root:[43,   417] loss: 2.361303e-01 masks: 48.6 33.0 [wd: 1.77e-01] [lr: 8.20e-04] [mem: 2.18e+04] (612.5 ms)
INFO:root:[43,   417] grad_stats: [3.86e-03 1.60e-03] (1.02e-03, 2.56e-02)
INFO:root:[43,   834] loss: 2.369434e-01 masks: 48.1 33.2 [wd: 1.79e-01] [lr: 8.15e-04] [mem: 2.18e+04] (614.0 ms)
INFO:root:[43,   834] grad_stats: [4.16e-03 1.61e-03] (1.09e-03, 3.13e-02)
INFO:root:avg. loss 2.37444545e-01
INFO:root:time taken for epoch 0:14:22.139049
INFO:root:Epoch 44
INFO:root:[44,     0] loss: 2.418833e-01 masks: 46.0 36.0 [wd: 1.81e-01] [lr: 8.10e-04] [mem: 2.18e+04] (630.1 ms)
INFO:root:[44,     0] grad_stats: [4.36e-03 1.61e-03] (1.10e-03, 2.85e-02)
INFO:root:[44,   417] loss: 2.385311e-01 masks: 47.4 33.6 [wd: 1.83e-01] [lr: 8.05e-04] [mem: 2.18e+04] (616.5 ms)
INFO:root:[44,   417] grad_stats: [3.27e-03 1.54e-03] (9.99e-04, 2.11e-02)
INFO:root:[44,   834] loss: 2.379631e-01 masks: 47.7 33.4 [wd: 1.84e-01] [lr: 7.99e-04] [mem: 2.18e+04] (615.6 ms)
INFO:root:[44,   834] grad_stats: [5.26e-03 1.60e-03] (9.18e-04, 3.30e-02)
INFO:root:avg. loss 2.38164821e-01
INFO:root:time taken for epoch 0:14:22.320706
INFO:root:Epoch 45
INFO:root:[45,     0] loss: 2.491302e-01 masks: 32.0 36.0 [wd: 1.86e-01] [lr: 7.94e-04] [mem: 2.18e+04] (619.3 ms)
INFO:root:[45,     0] grad_stats: [3.92e-03 1.65e-03] (1.14e-03, 3.68e-02)
INFO:root:[45,   417] loss: 2.365313e-01 masks: 48.4 33.0 [wd: 1.88e-01] [lr: 7.89e-04] [mem: 2.18e+04] (613.6 ms)
INFO:root:[45,   417] grad_stats: [6.42e-03 1.58e-03] (1.13e-03, 4.35e-02)
INFO:root:[45,   834] loss: 2.368021e-01 masks: 48.2 33.1 [wd: 1.90e-01] [lr: 7.83e-04] [mem: 2.18e+04] (611.6 ms)
INFO:root:[45,   834] grad_stats: [3.65e-03 1.68e-03] (1.14e-03, 2.45e-02)
INFO:root:avg. loss 2.36931415e-01
INFO:root:time taken for epoch 0:14:17.996126
INFO:root:Epoch 46
INFO:root:[46,     0] loss: 2.312142e-01 masks: 58.0 30.0 [wd: 1.92e-01] [lr: 7.78e-04] [mem: 2.18e+04] (622.4 ms)
INFO:root:[46,     0] grad_stats: [3.44e-03 1.64e-03] (1.12e-03, 2.82e-02)
INFO:root:[46,   417] loss: 2.374479e-01 masks: 48.1 33.3 [wd: 1.94e-01] [lr: 7.73e-04] [mem: 2.18e+04] (612.7 ms)
INFO:root:[46,   417] grad_stats: [3.12e-03 1.68e-03] (1.11e-03, 3.13e-02)
INFO:root:[46,   834] loss: 2.377249e-01 masks: 47.9 33.3 [wd: 1.96e-01] [lr: 7.67e-04] [mem: 2.18e+04] (613.3 ms)
INFO:root:[46,   834] grad_stats: [3.95e-03 1.87e-03] (1.22e-03, 3.32e-02)
INFO:root:avg. loss 2.37837376e-01
INFO:root:time taken for epoch 0:14:20.536424
INFO:root:Epoch 47
INFO:root:[47,     0] loss: 2.378487e-01 masks: 43.0 35.0 [wd: 1.97e-01] [lr: 7.61e-04] [mem: 2.18e+04] (637.2 ms)
INFO:root:[47,     0] grad_stats: [3.46e-03 1.73e-03] (1.15e-03, 2.69e-02)
INFO:root:[47,   417] loss: 2.383747e-01 masks: 47.3 33.5 [wd: 1.99e-01] [lr: 7.56e-04] [mem: 2.18e+04] (615.3 ms)
INFO:root:[47,   417] grad_stats: [3.33e-03 1.71e-03] (1.14e-03, 2.40e-02)
INFO:root:[47,   834] loss: 2.378751e-01 masks: 47.7 33.4 [wd: 2.01e-01] [lr: 7.50e-04] [mem: 2.18e+04] (615.5 ms)
INFO:root:[47,   834] grad_stats: [5.19e-03 1.76e-03] (1.26e-03, 4.14e-02)
INFO:root:avg. loss 2.37953247e-01
INFO:root:time taken for epoch 0:14:20.899613
INFO:root:Epoch 48
INFO:root:[48,     0] loss: 2.340499e-01 masks: 49.0 35.0 [wd: 2.03e-01] [lr: 7.45e-04] [mem: 2.18e+04] (656.5 ms)
INFO:root:[48,     0] grad_stats: [4.66e-03 1.80e-03] (1.22e-03, 3.19e-02)
INFO:root:[48,   417] loss: 2.370537e-01 masks: 47.8 33.3 [wd: 2.05e-01] [lr: 7.39e-04] [mem: 2.18e+04] (611.5 ms)
INFO:root:[48,   417] grad_stats: [5.30e-03 1.87e-03] (1.32e-03, 3.83e-02)
INFO:root:[48,   834] loss: 2.375205e-01 masks: 47.6 33.3 [wd: 2.07e-01] [lr: 7.33e-04] [mem: 2.18e+04] (612.6 ms)
INFO:root:[48,   834] grad_stats: [3.67e-03 1.82e-03] (1.23e-03, 2.56e-02)
INFO:root:avg. loss 2.37787206e-01
INFO:root:time taken for epoch 0:14:19.643742
INFO:root:Epoch 49
INFO:root:[49,     0] loss: 2.459373e-01 masks: 42.0 36.0 [wd: 2.09e-01] [lr: 7.27e-04] [mem: 2.18e+04] (616.1 ms)
INFO:root:[49,     0] grad_stats: [3.51e-03 1.84e-03] (1.33e-03, 3.46e-02)
INFO:root:[49,   417] loss: 2.372487e-01 masks: 47.7 33.4 [wd: 2.11e-01] [lr: 7.21e-04] [mem: 2.18e+04] (614.7 ms)
INFO:root:[49,   417] grad_stats: [4.22e-03 1.86e-03] (1.25e-03, 3.28e-02)
INFO:root:[49,   834] loss: 2.373665e-01 masks: 47.6 33.4 [wd: 2.12e-01] [lr: 7.16e-04] [mem: 2.18e+04] (614.6 ms)
INFO:root:[49,   834] grad_stats: [1.22e-02 1.87e-03] (1.35e-03, 6.24e-02)
INFO:root:avg. loss 2.37400141e-01
INFO:root:time taken for epoch 0:14:23.846310
INFO:root:Epoch 50
INFO:root:[50,     0] loss: 2.355374e-01 masks: 40.0 36.0 [wd: 2.14e-01] [lr: 7.10e-04] [mem: 2.18e+04] (650.3 ms)
INFO:root:[50,     0] grad_stats: [3.84e-03 1.88e-03] (1.34e-03, 3.21e-02)
INFO:root:[50,   417] loss: 2.369136e-01 masks: 47.9 33.4 [wd: 2.16e-01] [lr: 7.04e-04] [mem: 2.18e+04] (613.3 ms)
INFO:root:[50,   417] grad_stats: [5.33e-03 1.90e-03] (1.38e-03, 3.42e-02)
INFO:root:[50,   834] loss: 2.377379e-01 masks: 47.5 33.5 [wd: 2.18e-01] [lr: 6.98e-04] [mem: 2.18e+04] (611.5 ms)
INFO:root:[50,   834] grad_stats: [4.20e-03 1.97e-03] (1.31e-03, 2.87e-02)
INFO:root:avg. loss 2.37429287e-01
INFO:root:time taken for epoch 0:14:18.847938
INFO:root:Epoch 51
INFO:root:[51,     0] loss: 2.350548e-01 masks: 48.0 35.0 [wd: 2.20e-01] [lr: 6.92e-04] [mem: 2.18e+04] (664.9 ms)
INFO:root:[51,     0] grad_stats: [3.45e-03 1.95e-03] (1.33e-03, 2.94e-02)
INFO:root:[51,   417] loss: 2.366264e-01 masks: 47.7 33.3 [wd: 2.22e-01] [lr: 6.86e-04] [mem: 2.18e+04] (611.3 ms)
INFO:root:[51,   417] grad_stats: [3.63e-03 2.04e-03] (1.24e-03, 2.87e-02)
INFO:root:[51,   834] loss: 2.371476e-01 masks: 47.7 33.3 [wd: 2.24e-01] [lr: 6.79e-04] [mem: 2.18e+04] (611.6 ms)
INFO:root:[51,   834] grad_stats: [5.79e-03 2.03e-03] (1.40e-03, 5.38e-02)
INFO:root:avg. loss 2.37139858e-01
INFO:root:time taken for epoch 0:14:19.550315
INFO:root:Epoch 52
INFO:root:[52,     0] loss: 2.366286e-01 masks: 43.0 36.0 [wd: 2.26e-01] [lr: 6.73e-04] [mem: 2.18e+04] (644.5 ms)
INFO:root:[52,     0] grad_stats: [3.96e-03 2.01e-03] (1.40e-03, 3.01e-02)
INFO:root:[52,   417] loss: 2.362859e-01 masks: 47.8 33.3 [wd: 2.28e-01] [lr: 6.67e-04] [mem: 2.18e+04] (610.5 ms)
INFO:root:[52,   417] grad_stats: [4.64e-03 2.12e-03] (1.55e-03, 4.92e-02)
INFO:root:[52,   834] loss: 2.366806e-01 masks: 47.7 33.4 [wd: 2.29e-01] [lr: 6.61e-04] [mem: 2.18e+04] (610.1 ms)
INFO:root:[52,   834] grad_stats: [4.42e-03 2.12e-03] (1.47e-03, 3.16e-02)
INFO:root:avg. loss 2.36726437e-01
INFO:root:time taken for epoch 0:14:16.977388
INFO:root:Epoch 53
INFO:root:[53,     0] loss: 2.477444e-01 masks: 49.0 30.0 [wd: 2.31e-01] [lr: 6.55e-04] [mem: 2.18e+04] (596.2 ms)
INFO:root:[53,     0] grad_stats: [4.79e-03 2.14e-03] (1.53e-03, 3.06e-02)
INFO:root:[53,   417] loss: 2.356717e-01 masks: 48.1 33.3 [wd: 2.33e-01] [lr: 6.49e-04] [mem: 2.18e+04] (616.6 ms)
INFO:root:[53,   417] grad_stats: [4.45e-03 2.14e-03] (1.43e-03, 2.90e-02)
INFO:root:[53,   834] loss: 2.365850e-01 masks: 47.8 33.4 [wd: 2.35e-01] [lr: 6.42e-04] [mem: 2.18e+04] (615.2 ms)
INFO:root:[53,   834] grad_stats: [5.02e-03 2.21e-03] (1.58e-03, 4.45e-02)
INFO:root:avg. loss 2.36449760e-01
INFO:root:time taken for epoch 0:14:22.058258
INFO:root:Epoch 54
INFO:root:[54,     0] loss: 2.370113e-01 masks: 49.0 30.0 [wd: 2.37e-01] [lr: 6.36e-04] [mem: 2.18e+04] (593.4 ms)
INFO:root:[54,     0] grad_stats: [5.75e-03 2.25e-03] (1.44e-03, 3.77e-02)
INFO:root:[54,   417] loss: 2.371466e-01 masks: 47.1 33.5 [wd: 2.39e-01] [lr: 6.30e-04] [mem: 2.18e+04] (615.5 ms)
INFO:root:[54,   417] grad_stats: [3.89e-03 2.14e-03] (1.36e-03, 3.32e-02)
INFO:root:[54,   834] loss: 2.367171e-01 masks: 47.5 33.4 [wd: 2.41e-01] [lr: 6.23e-04] [mem: 2.18e+04] (614.4 ms)
INFO:root:[54,   834] grad_stats: [4.69e-03 2.34e-03] (1.51e-03, 3.28e-02)
INFO:root:avg. loss 2.36927366e-01
INFO:root:time taken for epoch 0:14:20.917546
INFO:root:Epoch 55
INFO:root:[55,     0] loss: 2.257937e-01 masks: 48.0 35.0 [wd: 2.43e-01] [lr: 6.17e-04] [mem: 2.18e+04] (643.8 ms)
INFO:root:[55,     0] grad_stats: [4.16e-03 2.35e-03] (1.58e-03, 3.28e-02)
INFO:root:[55,   417] loss: 2.357178e-01 masks: 47.9 33.3 [wd: 2.44e-01] [lr: 6.11e-04] [mem: 2.18e+04] (614.4 ms)
INFO:root:[55,   417] grad_stats: [6.18e-03 2.35e-03] (1.52e-03, 3.58e-02)
INFO:root:[55,   834] loss: 2.365432e-01 masks: 47.7 33.4 [wd: 2.46e-01] [lr: 6.04e-04] [mem: 2.18e+04] (613.3 ms)
INFO:root:[55,   834] grad_stats: [4.53e-03 2.24e-03] (1.64e-03, 3.82e-02)
INFO:root:avg. loss 2.36244901e-01
INFO:root:time taken for epoch 0:14:19.859994
INFO:root:Epoch 56
INFO:root:[56,     0] loss: 2.222912e-01 masks: 57.0 30.0 [wd: 2.48e-01] [lr: 5.98e-04] [mem: 2.18e+04] (650.3 ms)
INFO:root:[56,     0] grad_stats: [3.69e-03 2.28e-03] (1.46e-03, 3.44e-02)
INFO:root:[56,   417] loss: 2.352584e-01 masks: 48.1 33.2 [wd: 2.50e-01] [lr: 5.92e-04] [mem: 2.18e+04] (612.5 ms)
INFO:root:[56,   417] grad_stats: [4.61e-03 2.33e-03] (1.56e-03, 3.74e-02)
INFO:root:[56,   834] loss: 2.363763e-01 masks: 47.6 33.3 [wd: 2.52e-01] [lr: 5.85e-04] [mem: 2.18e+04] (609.4 ms)
INFO:root:[56,   834] grad_stats: [4.29e-03 2.32e-03] (1.73e-03, 3.00e-02)
INFO:root:avg. loss 2.36578835e-01
INFO:root:time taken for epoch 0:14:16.805962
INFO:root:Epoch 57
INFO:root:[57,     0] loss: 2.389882e-01 masks: 58.0 30.0 [wd: 2.54e-01] [lr: 5.79e-04] [mem: 2.18e+04] (653.2 ms)
INFO:root:[57,     0] grad_stats: [9.48e-03 2.23e-03] (1.53e-03, 5.51e-02)
INFO:root:[57,   417] loss: 2.350345e-01 masks: 48.3 33.1 [wd: 2.56e-01] [lr: 5.72e-04] [mem: 2.18e+04] (616.5 ms)
INFO:root:[57,   417] grad_stats: [3.72e-03 2.59e-03] (1.69e-03, 3.52e-02)
INFO:root:[57,   834] loss: 2.361929e-01 masks: 47.9 33.3 [wd: 2.57e-01] [lr: 5.66e-04] [mem: 2.18e+04] (613.6 ms)
INFO:root:[57,   834] grad_stats: [4.45e-03 2.39e-03] (1.63e-03, 3.33e-02)
INFO:root:avg. loss 2.36750544e-01
INFO:root:time taken for epoch 0:14:20.487945
INFO:root:Epoch 58
INFO:root:[58,     0] loss: 2.329038e-01 masks: 42.0 36.0 [wd: 2.59e-01] [lr: 5.59e-04] [mem: 2.18e+04] (676.3 ms)
INFO:root:[58,     0] grad_stats: [4.46e-03 2.52e-03] (1.86e-03, 3.55e-02)
INFO:root:[58,   417] loss: 2.362659e-01 masks: 48.1 33.1 [wd: 2.61e-01] [lr: 5.53e-04] [mem: 2.18e+04] (611.5 ms)
INFO:root:[58,   417] grad_stats: [4.80e-03 2.66e-03] (1.95e-03, 4.22e-02)
INFO:root:[58,   834] loss: 2.365049e-01 masks: 47.9 33.3 [wd: 2.63e-01] [lr: 5.46e-04] [mem: 2.18e+04] (611.4 ms)
INFO:root:[58,   834] grad_stats: [6.02e-03 2.44e-03] (1.87e-03, 4.18e-02)
INFO:root:avg. loss 2.36822810e-01
INFO:root:time taken for epoch 0:14:18.756400
INFO:root:Epoch 59
INFO:root:[59,     0] loss: 2.376171e-01 masks: 54.0 30.0 [wd: 2.65e-01] [lr: 5.40e-04] [mem: 2.18e+04] (643.8 ms)
INFO:root:[59,     0] grad_stats: [4.44e-03 2.45e-03] (1.59e-03, 2.96e-02)
INFO:root:[59,   417] loss: 2.363528e-01 masks: 47.5 33.4 [wd: 2.67e-01] [lr: 5.33e-04] [mem: 2.18e+04] (614.4 ms)
INFO:root:[59,   417] grad_stats: [4.42e-03 2.49e-03] (1.92e-03, 3.40e-02)
INFO:root:[59,   834] loss: 2.364753e-01 masks: 47.6 33.3 [wd: 2.68e-01] [lr: 5.27e-04] [mem: 2.18e+04] (614.5 ms)
INFO:root:[59,   834] grad_stats: [4.62e-03 2.62e-03] (1.99e-03, 3.96e-02)
INFO:root:avg. loss 2.36800685e-01
INFO:root:time taken for epoch 0:14:24.660432
INFO:root:Epoch 60
INFO:root:[60,     0] loss: 2.454604e-01 masks: 57.0 30.0 [wd: 2.70e-01] [lr: 5.20e-04] [mem: 2.18e+04] (657.8 ms)
INFO:root:[60,     0] grad_stats: [5.60e-03 2.55e-03] (1.84e-03, 5.10e-02)
INFO:root:[60,   417] loss: 2.366066e-01 masks: 47.7 33.5 [wd: 2.72e-01] [lr: 5.14e-04] [mem: 2.18e+04] (611.2 ms)
INFO:root:[60,   417] grad_stats: [4.07e-03 2.77e-03] (2.00e-03, 3.97e-02)
INFO:root:[60,   834] loss: 2.367047e-01 masks: 47.8 33.3 [wd: 2.74e-01] [lr: 5.07e-04] [mem: 2.18e+04] (610.9 ms)
INFO:root:[60,   834] grad_stats: [4.71e-03 2.62e-03] (1.95e-03, 4.38e-02)
INFO:root:avg. loss 2.37322895e-01
INFO:root:time taken for epoch 0:14:16.744750
INFO:root:Epoch 61
INFO:root:[61,     0] loss: 2.361559e-01 masks: 53.0 30.0 [wd: 2.76e-01] [lr: 5.00e-04] [mem: 2.18e+04] (606.8 ms)
INFO:root:[61,     0] grad_stats: [4.85e-03 2.68e-03] (1.87e-03, 5.20e-02)
INFO:root:[61,   417] loss: 2.364097e-01 masks: 47.7 33.4 [wd: 2.77e-01] [lr: 4.94e-04] [mem: 2.18e+04] (613.4 ms)
INFO:root:[61,   417] grad_stats: [8.16e-03 2.80e-03] (2.10e-03, 5.50e-02)
INFO:root:[61,   834] loss: 2.359733e-01 masks: 48.2 33.2 [wd: 2.79e-01] [lr: 4.87e-04] [mem: 2.18e+04] (612.6 ms)
INFO:root:[61,   834] grad_stats: [4.92e-03 2.91e-03] (1.94e-03, 3.82e-02)
INFO:root:avg. loss 2.36556881e-01
INFO:root:time taken for epoch 0:14:20.171519
INFO:root:Epoch 62
INFO:root:[62,     0] loss: 2.323018e-01 masks: 43.0 35.0 [wd: 2.81e-01] [lr: 4.81e-04] [mem: 2.18e+04] (635.9 ms)
INFO:root:[62,     0] grad_stats: [6.59e-03 2.86e-03] (2.10e-03, 4.78e-02)
INFO:root:[62,   417] loss: 2.360628e-01 masks: 48.1 33.3 [wd: 2.83e-01] [lr: 4.74e-04] [mem: 2.18e+04] (614.0 ms)
INFO:root:[62,   417] grad_stats: [5.26e-03 2.92e-03] (2.05e-03, 5.15e-02)
INFO:root:[62,   834] loss: 2.362973e-01 masks: 48.0 33.3 [wd: 2.85e-01] [lr: 4.68e-04] [mem: 2.18e+04] (613.7 ms)
INFO:root:[62,   834] grad_stats: [5.44e-03 2.93e-03] (2.17e-03, 4.92e-02)
INFO:root:avg. loss 2.36705938e-01
INFO:root:time taken for epoch 0:14:23.041611
INFO:root:Epoch 63
INFO:root:[63,     0] loss: 2.493004e-01 masks: 35.0 36.0 [wd: 2.86e-01] [lr: 4.61e-04] [mem: 2.18e+04] (670.1 ms)
INFO:root:[63,     0] grad_stats: [4.83e-03 2.79e-03] (2.03e-03, 4.00e-02)
INFO:root:[63,   417] loss: 2.367671e-01 masks: 47.7 33.5 [wd: 2.88e-01] [lr: 4.55e-04] [mem: 2.18e+04] (614.6 ms)
INFO:root:[63,   417] grad_stats: [5.64e-03 2.94e-03] (2.24e-03, 7.61e-02)
INFO:root:[63,   834] loss: 2.365306e-01 masks: 47.7 33.4 [wd: 2.90e-01] [lr: 4.48e-04] [mem: 2.18e+04] (613.9 ms)
INFO:root:[63,   834] grad_stats: [5.08e-03 3.13e-03] (2.13e-03, 4.14e-02)
INFO:root:avg. loss 2.36731530e-01
INFO:root:time taken for epoch 0:14:21.040038
INFO:root:Epoch 64
INFO:root:[64,     0] loss: 2.305276e-01 masks: 53.0 30.0 [wd: 2.91e-01] [lr: 4.42e-04] [mem: 2.18e+04] (651.0 ms)
INFO:root:[64,     0] grad_stats: [4.83e-03 2.92e-03] (2.00e-03, 3.97e-02)
INFO:root:[64,   417] loss: 2.376776e-01 masks: 46.9 33.6 [wd: 2.93e-01] [lr: 4.35e-04] [mem: 2.18e+04] (615.4 ms)
INFO:root:[64,   417] grad_stats: [6.11e-03 2.99e-03] (2.19e-03, 5.03e-02)
INFO:root:[64,   834] loss: 2.372924e-01 masks: 47.3 33.5 [wd: 2.95e-01] [lr: 4.29e-04] [mem: 2.18e+04] (614.6 ms)
INFO:root:[64,   834] grad_stats: [5.50e-03 3.10e-03] (2.33e-03, 5.34e-02)
INFO:root:avg. loss 2.37712644e-01
INFO:root:time taken for epoch 0:14:21.274373
INFO:root:Epoch 65
INFO:root:[65,     0] loss: 2.387024e-01 masks: 52.0 30.0 [wd: 2.97e-01] [lr: 4.22e-04] [mem: 2.18e+04] (616.9 ms)
INFO:root:[65,     0] grad_stats: [6.06e-03 3.14e-03] (2.23e-03, 4.15e-02)
INFO:root:[65,   417] loss: 2.362170e-01 masks: 48.0 33.2 [wd: 2.98e-01] [lr: 4.16e-04] [mem: 2.18e+04] (612.3 ms)
INFO:root:[65,   417] grad_stats: [6.23e-03 3.07e-03] (2.01e-03, 4.04e-02)
INFO:root:[65,   834] loss: 2.364241e-01 masks: 47.9 33.3 [wd: 3.00e-01] [lr: 4.09e-04] [mem: 2.18e+04] (613.6 ms)
INFO:root:[65,   834] grad_stats: [5.08e-03 3.08e-03] (2.23e-03, 4.10e-02)
INFO:root:avg. loss 2.36645117e-01
INFO:root:time taken for epoch 0:14:20.716680
INFO:root:Epoch 66
INFO:root:[66,     0] loss: 2.327567e-01 masks: 44.0 35.0 [wd: 3.02e-01] [lr: 4.03e-04] [mem: 2.18e+04] (640.1 ms)
INFO:root:[66,     0] grad_stats: [5.32e-03 3.24e-03] (2.14e-03, 4.24e-02)
INFO:root:[66,   417] loss: 2.362661e-01 masks: 47.3 33.4 [wd: 3.03e-01] [lr: 3.97e-04] [mem: 2.18e+04] (611.2 ms)
INFO:root:[66,   417] grad_stats: [1.00e-02 3.21e-03] (2.39e-03, 7.14e-02)
INFO:root:[66,   834] loss: 2.364554e-01 masks: 47.4 33.4 [wd: 3.05e-01] [lr: 3.90e-04] [mem: 2.18e+04] (610.5 ms)
INFO:root:[66,   834] grad_stats: [6.24e-03 3.42e-03] (2.26e-03, 5.66e-02)
INFO:root:avg. loss 2.36782903e-01
INFO:root:time taken for epoch 0:14:18.090148
INFO:root:Epoch 67
INFO:root:[67,     0] loss: 2.458056e-01 masks: 39.0 36.0 [wd: 3.07e-01] [lr: 3.84e-04] [mem: 2.18e+04] (688.2 ms)
INFO:root:[67,     0] grad_stats: [5.78e-03 3.32e-03] (2.36e-03, 4.48e-02)
INFO:root:[67,   417] loss: 2.380963e-01 masks: 46.9 33.5 [wd: 3.08e-01] [lr: 3.78e-04] [mem: 2.18e+04] (612.7 ms)
INFO:root:[67,   417] grad_stats: [5.51e-03 3.36e-03] (2.41e-03, 5.05e-02)
INFO:root:[67,   834] loss: 2.369805e-01 masks: 47.6 33.4 [wd: 3.10e-01] [lr: 3.71e-04] [mem: 2.18e+04] (612.1 ms)
INFO:root:[67,   834] grad_stats: [8.73e-03 3.44e-03] (2.42e-03, 7.28e-02)
INFO:root:avg. loss 2.37101477e-01
INFO:root:time taken for epoch 0:14:19.663911
INFO:root:Epoch 68
INFO:root:[68,     0] loss: 2.384451e-01 masks: 42.0 36.0 [wd: 3.12e-01] [lr: 3.65e-04] [mem: 2.18e+04] (636.0 ms)
INFO:root:[68,     0] grad_stats: [6.46e-03 3.44e-03] (2.45e-03, 5.30e-02)
INFO:root:[68,   417] loss: 2.366712e-01 masks: 47.7 33.4 [wd: 3.13e-01] [lr: 3.59e-04] [mem: 2.18e+04] (614.6 ms)
INFO:root:[68,   417] grad_stats: [5.43e-03 3.50e-03] (2.35e-03, 3.87e-02)
INFO:root:[68,   834] loss: 2.367907e-01 masks: 47.7 33.4 [wd: 3.15e-01] [lr: 3.52e-04] [mem: 2.18e+04] (615.0 ms)
INFO:root:[68,   834] grad_stats: [6.43e-03 3.63e-03] (2.69e-03, 4.84e-02)
INFO:root:avg. loss 2.37339328e-01
INFO:root:time taken for epoch 0:14:23.243791
INFO:root:Epoch 69
INFO:root:[69,     0] loss: 2.295646e-01 masks: 60.0 30.0 [wd: 3.16e-01] [lr: 3.46e-04] [mem: 2.18e+04] (673.3 ms)
INFO:root:[69,     0] grad_stats: [5.50e-03 3.68e-03] (2.66e-03, 6.37e-02)
INFO:root:[69,   417] loss: 2.367095e-01 masks: 47.1 33.5 [wd: 3.18e-01] [lr: 3.40e-04] [mem: 2.18e+04] (610.8 ms)
INFO:root:[69,   417] grad_stats: [6.09e-03 3.65e-03] (2.85e-03, 5.17e-02)
INFO:root:[69,   834] loss: 2.365196e-01 masks: 47.5 33.4 [wd: 3.20e-01] [lr: 3.34e-04] [mem: 2.18e+04] (612.4 ms)
INFO:root:[69,   834] grad_stats: [5.31e-03 3.60e-03] (2.55e-03, 5.27e-02)
INFO:root:avg. loss 2.36932721e-01
INFO:root:time taken for epoch 0:14:22.693531
INFO:root:Epoch 70
INFO:root:[70,     0] loss: 2.370628e-01 masks: 45.0 35.0 [wd: 3.21e-01] [lr: 3.28e-04] [mem: 2.18e+04] (837.3 ms)
INFO:root:[70,     0] grad_stats: [6.38e-03 3.83e-03] (2.78e-03, 7.04e-02)
INFO:root:[70,   417] loss: 2.364738e-01 masks: 47.5 33.4 [wd: 3.23e-01] [lr: 3.21e-04] [mem: 2.18e+04] (616.2 ms)
INFO:root:[70,   417] grad_stats: [5.96e-03 3.83e-03] (2.76e-03, 5.54e-02)
INFO:root:[70,   834] loss: 2.365128e-01 masks: 47.6 33.4 [wd: 3.24e-01] [lr: 3.15e-04] [mem: 2.18e+04] (613.2 ms)
INFO:root:[70,   834] grad_stats: [6.61e-03 3.87e-03] (2.35e-03, 4.98e-02)
INFO:root:avg. loss 2.36152329e-01
INFO:root:time taken for epoch 0:14:20.043658
INFO:root:Epoch 71
INFO:root:[71,     0] loss: 2.393175e-01 masks: 54.0 30.0 [wd: 3.26e-01] [lr: 3.09e-04] [mem: 2.18e+04] (655.8 ms)
INFO:root:[71,     0] grad_stats: [5.41e-03 3.56e-03] (2.69e-03, 5.18e-02)
INFO:root:[71,   417] loss: 2.351367e-01 masks: 47.7 33.3 [wd: 3.27e-01] [lr: 3.03e-04] [mem: 2.18e+04] (613.8 ms)
INFO:root:[71,   417] grad_stats: [5.26e-03 3.94e-03] (2.64e-03, 5.33e-02)
INFO:root:[71,   834] loss: 2.354966e-01 masks: 47.7 33.3 [wd: 3.29e-01] [lr: 2.97e-04] [mem: 2.18e+04] (613.8 ms)
INFO:root:[71,   834] grad_stats: [7.39e-03 3.88e-03] (3.07e-03, 6.66e-02)
INFO:root:avg. loss 2.36044991e-01
INFO:root:time taken for epoch 0:14:22.365992
INFO:root:Epoch 72
INFO:root:[72,     0] loss: 2.404668e-01 masks: 41.0 36.0 [wd: 3.30e-01] [lr: 2.91e-04] [mem: 2.18e+04] (655.1 ms)
INFO:root:[72,     0] grad_stats: [6.57e-03 3.92e-03] (2.95e-03, 4.60e-02)
INFO:root:[72,   417] loss: 2.353233e-01 masks: 48.0 33.3 [wd: 3.32e-01] [lr: 2.85e-04] [mem: 2.18e+04] (615.1 ms)
INFO:root:[72,   417] grad_stats: [5.97e-03 4.02e-03] (2.78e-03, 5.21e-02)
INFO:root:[72,   834] loss: 2.357505e-01 masks: 47.7 33.3 [wd: 3.33e-01] [lr: 2.80e-04] [mem: 2.18e+04] (614.4 ms)
INFO:root:[72,   834] grad_stats: [6.07e-03 4.09e-03] (2.80e-03, 5.05e-02)
INFO:root:avg. loss 2.35959473e-01
INFO:root:time taken for epoch 0:14:22.069074
INFO:root:Epoch 73
INFO:root:[73,     0] loss: 2.384572e-01 masks: 39.0 36.0 [wd: 3.35e-01] [lr: 2.74e-04] [mem: 2.18e+04] (624.1 ms)
INFO:root:[73,     0] grad_stats: [7.11e-03 4.20e-03] (2.90e-03, 5.82e-02)
INFO:root:[73,   417] loss: 2.357129e-01 masks: 47.7 33.5 [wd: 3.36e-01] [lr: 2.68e-04] [mem: 2.18e+04] (613.2 ms)
INFO:root:[73,   417] grad_stats: [9.39e-03 4.31e-03] (3.24e-03, 8.01e-02)
INFO:root:[73,   834] loss: 2.352774e-01 masks: 47.9 33.3 [wd: 3.38e-01] [lr: 2.62e-04] [mem: 2.18e+04] (612.1 ms)
INFO:root:[73,   834] grad_stats: [5.81e-03 4.30e-03] (2.92e-03, 7.13e-02)
INFO:root:avg. loss 2.35482276e-01
INFO:root:time taken for epoch 0:14:21.177386
INFO:root:Epoch 74
INFO:root:[74,     0] loss: 2.351411e-01 masks: 61.0 30.0 [wd: 3.39e-01] [lr: 2.56e-04] [mem: 2.18e+04] (663.6 ms)
INFO:root:[74,     0] grad_stats: [6.76e-03 4.21e-03] (2.71e-03, 5.19e-02)
INFO:root:[74,   417] loss: 2.363571e-01 masks: 47.2 33.5 [wd: 3.40e-01] [lr: 2.51e-04] [mem: 2.18e+04] (612.1 ms)
INFO:root:[74,   417] grad_stats: [6.98e-03 4.27e-03] (2.91e-03, 6.17e-02)
INFO:root:[74,   834] loss: 2.360146e-01 masks: 47.4 33.4 [wd: 3.42e-01] [lr: 2.45e-04] [mem: 2.18e+04] (612.8 ms)
INFO:root:[74,   834] grad_stats: [6.07e-03 4.29e-03] (2.77e-03, 6.18e-02)
INFO:root:avg. loss 2.35829838e-01
INFO:root:time taken for epoch 0:14:20.245276
INFO:root:Epoch 75
INFO:root:[75,     0] loss: 2.390890e-01 masks: 45.0 35.0 [wd: 3.43e-01] [lr: 2.39e-04] [mem: 2.18e+04] (653.7 ms)
INFO:root:[75,     0] grad_stats: [5.50e-03 4.30e-03] (2.80e-03, 6.45e-02)
INFO:root:[75,   417] loss: 2.363440e-01 masks: 47.0 33.6 [wd: 3.45e-01] [lr: 2.34e-04] [mem: 2.18e+04] (615.2 ms)
INFO:root:[75,   417] grad_stats: [5.08e-03 4.56e-03] (2.68e-03, 4.75e-02)
INFO:root:[75,   834] loss: 2.366541e-01 masks: 46.8 33.7 [wd: 3.46e-01] [lr: 2.28e-04] [mem: 2.18e+04] (613.2 ms)
INFO:root:[75,   834] grad_stats: [6.57e-03 4.47e-03] (2.99e-03, 5.54e-02)
INFO:root:avg. loss 2.36131143e-01
INFO:root:time taken for epoch 0:14:20.701154
INFO:root:Epoch 76
INFO:root:[76,     0] loss: 2.331187e-01 masks: 59.0 30.0 [wd: 3.47e-01] [lr: 2.23e-04] [mem: 2.18e+04] (621.3 ms)
INFO:root:[76,     0] grad_stats: [6.60e-03 4.37e-03] (3.02e-03, 7.32e-02)
INFO:root:[76,   417] loss: 2.340297e-01 masks: 47.8 33.4 [wd: 3.49e-01] [lr: 2.18e-04] [mem: 2.18e+04] (612.7 ms)
INFO:root:[76,   417] grad_stats: [7.05e-03 4.64e-03] (3.44e-03, 7.12e-02)
INFO:root:[76,   834] loss: 2.347519e-01 masks: 47.6 33.5 [wd: 3.50e-01] [lr: 2.12e-04] [mem: 2.18e+04] (612.9 ms)
INFO:root:[76,   834] grad_stats: [6.18e-03 4.36e-03] (3.16e-03, 7.06e-02)
INFO:root:avg. loss 2.34791352e-01
INFO:root:time taken for epoch 0:14:20.837337
INFO:root:Epoch 77
INFO:root:[77,     0] loss: 2.312217e-01 masks: 49.0 30.0 [wd: 3.51e-01] [lr: 2.07e-04] [mem: 2.18e+04] (648.8 ms)
INFO:root:[77,     0] grad_stats: [7.82e-03 4.43e-03] (3.12e-03, 6.73e-02)
INFO:root:[77,   417] loss: 2.344157e-01 masks: 47.6 33.4 [wd: 3.53e-01] [lr: 2.02e-04] [mem: 2.18e+04] (615.8 ms)
INFO:root:[77,   417] grad_stats: [6.32e-03 4.95e-03] (3.46e-03, 6.42e-02)
INFO:root:[77,   834] loss: 2.348749e-01 masks: 47.5 33.4 [wd: 3.54e-01] [lr: 1.96e-04] [mem: 2.18e+04] (615.2 ms)
INFO:root:[77,   834] grad_stats: [7.27e-03 4.57e-03] (3.58e-03, 6.65e-02)
INFO:root:avg. loss 2.34852047e-01
INFO:root:time taken for epoch 0:14:23.670502
INFO:root:Epoch 78
INFO:root:[78,     0] loss: 2.252733e-01 masks: 42.0 35.0 [wd: 3.55e-01] [lr: 1.91e-04] [mem: 2.18e+04] (633.0 ms)
INFO:root:[78,     0] grad_stats: [6.69e-03 4.87e-03] (3.29e-03, 7.22e-02)
INFO:root:[78,   417] loss: 2.341018e-01 masks: 47.8 33.4 [wd: 3.56e-01] [lr: 1.86e-04] [mem: 2.18e+04] (612.3 ms)
INFO:root:[78,   417] grad_stats: [6.36e-03 4.91e-03] (3.30e-03, 7.21e-02)
INFO:root:[78,   834] loss: 2.342258e-01 masks: 47.6 33.4 [wd: 3.57e-01] [lr: 1.81e-04] [mem: 2.18e+04] (613.2 ms)
INFO:root:[78,   834] grad_stats: [6.33e-03 4.77e-03] (3.45e-03, 7.11e-02)
INFO:root:avg. loss 2.34490303e-01
INFO:root:time taken for epoch 0:14:21.692671
INFO:root:Epoch 79
INFO:root:[79,     0] loss: 2.279824e-01 masks: 55.0 30.0 [wd: 3.59e-01] [lr: 1.76e-04] [mem: 2.18e+04] (629.4 ms)
INFO:root:[79,     0] grad_stats: [6.25e-03 5.11e-03] (3.25e-03, 6.90e-02)
INFO:root:[79,   417] loss: 2.334217e-01 masks: 47.6 33.5 [wd: 3.60e-01] [lr: 1.71e-04] [mem: 2.18e+04] (617.6 ms)
INFO:root:[79,   417] grad_stats: [6.58e-03 4.87e-03] (3.40e-03, 6.90e-02)
INFO:root:[79,   834] loss: 2.340248e-01 masks: 47.2 33.6 [wd: 3.61e-01] [lr: 1.66e-04] [mem: 2.18e+04] (615.9 ms)
INFO:root:[79,   834] grad_stats: [6.33e-03 5.16e-03] (3.43e-03, 6.69e-02)
INFO:root:avg. loss 2.33599084e-01
INFO:root:time taken for epoch 0:14:25.146002
INFO:root:Epoch 80
INFO:root:[80,     0] loss: 2.313867e-01 masks: 58.0 30.0 [wd: 3.62e-01] [lr: 1.61e-04] [mem: 2.18e+04] (654.5 ms)
INFO:root:[80,     0] grad_stats: [6.61e-03 4.94e-03] (3.63e-03, 6.82e-02)
INFO:root:[80,   417] loss: 2.331594e-01 masks: 47.6 33.4 [wd: 3.63e-01] [lr: 1.57e-04] [mem: 2.18e+04] (609.4 ms)
INFO:root:[80,   417] grad_stats: [6.09e-03 5.45e-03] (3.61e-03, 6.53e-02)
INFO:root:[80,   834] loss: 2.328799e-01 masks: 47.8 33.3 [wd: 3.65e-01] [lr: 1.52e-04] [mem: 2.18e+04] (609.6 ms)
INFO:root:[80,   834] grad_stats: [7.31e-03 5.32e-03] (4.20e-03, 9.87e-02)
INFO:root:avg. loss 2.33371899e-01
INFO:root:time taken for epoch 0:14:16.954164
INFO:root:Epoch 81
INFO:root:[81,     0] loss: 2.407551e-01 masks: 58.0 30.0 [wd: 3.66e-01] [lr: 1.47e-04] [mem: 2.18e+04] (632.9 ms)
INFO:root:[81,     0] grad_stats: [6.84e-03 5.02e-03] (3.87e-03, 9.30e-02)
INFO:root:[81,   417] loss: 2.333696e-01 masks: 47.4 33.4 [wd: 3.67e-01] [lr: 1.43e-04] [mem: 2.18e+04] (616.6 ms)
INFO:root:[81,   417] grad_stats: [8.39e-03 5.28e-03] (4.34e-03, 8.29e-02)
INFO:root:[81,   834] loss: 2.329473e-01 masks: 47.8 33.3 [wd: 3.68e-01] [lr: 1.38e-04] [mem: 2.18e+04] (614.9 ms)
INFO:root:[81,   834] grad_stats: [7.34e-03 5.17e-03] (3.81e-03, 8.06e-02)
INFO:root:avg. loss 2.32952299e-01
INFO:root:time taken for epoch 0:14:21.919390
INFO:root:Epoch 82
INFO:root:[82,     0] loss: 2.171285e-01 masks: 61.0 30.0 [wd: 3.69e-01] [lr: 1.34e-04] [mem: 2.18e+04] (630.2 ms)
INFO:root:[82,     0] grad_stats: [6.32e-03 5.19e-03] (3.53e-03, 9.42e-02)
INFO:root:[82,   417] loss: 2.319053e-01 masks: 47.7 33.3 [wd: 3.70e-01] [lr: 1.29e-04] [mem: 2.18e+04] (610.2 ms)
INFO:root:[82,   417] grad_stats: [8.01e-03 5.46e-03] (3.99e-03, 9.24e-02)
INFO:root:[82,   834] loss: 2.323736e-01 masks: 47.6 33.3 [wd: 3.71e-01] [lr: 1.25e-04] [mem: 2.18e+04] (611.0 ms)
INFO:root:[82,   834] grad_stats: [5.58e-03 5.40e-03] (3.48e-03, 5.75e-02)
INFO:root:avg. loss 2.32681657e-01
INFO:root:time taken for epoch 0:14:20.015440
INFO:root:Epoch 83
INFO:root:[83,     0] loss: 2.336567e-01 masks: 41.0 36.0 [wd: 3.72e-01] [lr: 1.21e-04] [mem: 2.18e+04] (668.7 ms)
INFO:root:[83,     0] grad_stats: [7.29e-03 5.47e-03] (3.92e-03, 1.02e-01)
INFO:root:[83,   417] loss: 2.320653e-01 masks: 47.7 33.5 [wd: 3.73e-01] [lr: 1.16e-04] [mem: 2.18e+04] (614.3 ms)
INFO:root:[83,   417] grad_stats: [6.16e-03 5.47e-03] (3.88e-03, 7.49e-02)
INFO:root:[83,   834] loss: 2.321758e-01 masks: 47.6 33.4 [wd: 3.74e-01] [lr: 1.12e-04] [mem: 2.18e+04] (611.7 ms)
INFO:root:[83,   834] grad_stats: [6.68e-03 5.75e-03] (4.15e-03, 1.00e-01)
INFO:root:avg. loss 2.32330464e-01
INFO:root:time taken for epoch 0:14:19.197779
INFO:root:Epoch 84
INFO:root:[84,     0] loss: 2.287612e-01 masks: 54.0 30.0 [wd: 3.75e-01] [lr: 1.08e-04] [mem: 2.18e+04] (605.9 ms)
INFO:root:[84,     0] grad_stats: [7.11e-03 5.94e-03] (4.09e-03, 7.22e-02)
INFO:root:[84,   417] loss: 2.310514e-01 masks: 47.6 33.5 [wd: 3.76e-01] [lr: 1.04e-04] [mem: 2.18e+04] (614.3 ms)
INFO:root:[84,   417] grad_stats: [7.75e-03 5.87e-03] (4.23e-03, 7.27e-02)
INFO:root:[84,   834] loss: 2.306538e-01 masks: 48.0 33.3 [wd: 3.77e-01] [lr: 1.00e-04] [mem: 2.18e+04] (613.7 ms)
INFO:root:[84,   834] grad_stats: [7.66e-03 6.07e-03] (4.30e-03, 8.78e-02)
INFO:root:avg. loss 2.31019719e-01
INFO:root:time taken for epoch 0:14:21.280429
INFO:root:Epoch 85
INFO:root:[85,     0] loss: 2.327223e-01 masks: 39.0 35.0 [wd: 3.78e-01] [lr: 9.64e-05] [mem: 2.18e+04] (618.6 ms)
INFO:root:[85,     0] grad_stats: [7.44e-03 5.92e-03] (4.55e-03, 1.05e-01)
INFO:root:[85,   417] loss: 2.302610e-01 masks: 47.8 33.4 [wd: 3.79e-01] [lr: 9.26e-05] [mem: 2.18e+04] (616.0 ms)
INFO:root:[85,   417] grad_stats: [7.31e-03 5.83e-03] (4.16e-03, 9.43e-02)
INFO:root:[85,   834] loss: 2.303041e-01 masks: 47.6 33.4 [wd: 3.80e-01] [lr: 8.88e-05] [mem: 2.18e+04] (613.7 ms)
INFO:root:[85,   834] grad_stats: [6.55e-03 6.07e-03] (3.93e-03, 8.14e-02)
INFO:root:avg. loss 2.29922415e-01
INFO:root:time taken for epoch 0:14:20.973553
INFO:root:Epoch 86
INFO:root:[86,     0] loss: 2.359584e-01 masks: 41.0 36.0 [wd: 3.80e-01] [lr: 8.52e-05] [mem: 2.18e+04] (658.1 ms)
INFO:root:[86,     0] grad_stats: [8.37e-03 6.11e-03] (4.67e-03, 8.72e-02)
INFO:root:[86,   417] loss: 2.301178e-01 masks: 47.2 33.5 [wd: 3.81e-01] [lr: 8.16e-05] [mem: 2.18e+04] (611.8 ms)
INFO:root:[86,   417] grad_stats: [6.85e-03 6.24e-03] (4.48e-03, 8.30e-02)
INFO:root:[86,   834] loss: 2.296161e-01 masks: 47.5 33.5 [wd: 3.82e-01] [lr: 7.81e-05] [mem: 2.18e+04] (612.5 ms)
INFO:root:[86,   834] grad_stats: [6.13e-03 5.94e-03] (4.03e-03, 6.27e-02)
INFO:root:avg. loss 2.29343730e-01
INFO:root:time taken for epoch 0:14:19.646852
INFO:root:Epoch 87
INFO:root:[87,     0] loss: 2.322659e-01 masks: 37.0 36.0 [wd: 3.83e-01] [lr: 7.46e-05] [mem: 2.18e+04] (642.9 ms)
INFO:root:[87,     0] grad_stats: [6.98e-03 6.17e-03] (4.11e-03, 8.71e-02)
INFO:root:[87,   417] loss: 2.291229e-01 masks: 47.5 33.5 [wd: 3.84e-01] [lr: 7.12e-05] [mem: 2.18e+04] (615.5 ms)
INFO:root:[87,   417] grad_stats: [9.93e-03 6.41e-03] (5.24e-03, 9.61e-02)
INFO:root:[87,   834] loss: 2.294572e-01 masks: 47.3 33.6 [wd: 3.84e-01] [lr: 6.79e-05] [mem: 2.18e+04] (613.7 ms)
INFO:root:[87,   834] grad_stats: [6.93e-03 6.14e-03] (3.99e-03, 7.70e-02)
INFO:root:avg. loss 2.29182417e-01
INFO:root:time taken for epoch 0:14:19.629689
INFO:root:Epoch 88
INFO:root:[88,     0] loss: 2.294504e-01 masks: 41.0 35.0 [wd: 3.85e-01] [lr: 6.47e-05] [mem: 2.18e+04] (660.5 ms)
INFO:root:[88,     0] grad_stats: [7.30e-03 6.28e-03] (4.59e-03, 8.55e-02)
INFO:root:[88,   417] loss: 2.267626e-01 masks: 48.3 33.2 [wd: 3.86e-01] [lr: 6.15e-05] [mem: 2.18e+04] (611.3 ms)
INFO:root:[88,   417] grad_stats: [8.87e-03 6.50e-03] (4.59e-03, 1.04e-01)
INFO:root:[88,   834] loss: 2.272627e-01 masks: 47.8 33.4 [wd: 3.87e-01] [lr: 5.84e-05] [mem: 2.18e+04] (611.9 ms)
INFO:root:[88,   834] grad_stats: [6.94e-03 6.56e-03] (4.46e-03, 8.98e-02)
INFO:root:avg. loss 2.27366002e-01
INFO:root:time taken for epoch 0:14:19.824199
INFO:root:Epoch 89
INFO:root:[89,     0] loss: 2.238672e-01 masks: 51.0 30.0 [wd: 3.87e-01] [lr: 5.54e-05] [mem: 2.18e+04] (654.8 ms)
INFO:root:[89,     0] grad_stats: [6.84e-03 6.25e-03] (4.47e-03, 8.12e-02)
INFO:root:[89,   417] loss: 2.269842e-01 masks: 47.3 33.4 [wd: 3.88e-01] [lr: 5.25e-05] [mem: 2.18e+04] (611.9 ms)
INFO:root:[89,   417] grad_stats: [6.03e-03 6.49e-03] (4.22e-03, 8.33e-02)
INFO:root:[89,   834] loss: 2.270497e-01 masks: 47.3 33.3 [wd: 3.89e-01] [lr: 4.97e-05] [mem: 2.18e+04] (611.1 ms)
INFO:root:[89,   834] grad_stats: [7.32e-03 6.62e-03] (4.50e-03, 1.04e-01)
INFO:root:avg. loss 2.26868667e-01
INFO:root:time taken for epoch 0:14:20.175589
INFO:root:Epoch 90
INFO:root:[90,     0] loss: 2.092629e-01 masks: 54.0 30.0 [wd: 3.89e-01] [lr: 4.69e-05] [mem: 2.18e+04] (602.7 ms)
INFO:root:[90,     0] grad_stats: [7.43e-03 6.47e-03] (4.55e-03, 8.51e-02)
INFO:root:[90,   417] loss: 2.248494e-01 masks: 47.8 33.2 [wd: 3.90e-01] [lr: 4.42e-05] [mem: 2.18e+04] (615.0 ms)
INFO:root:[90,   417] grad_stats: [8.38e-03 6.89e-03] (5.20e-03, 1.14e-01)
INFO:root:[90,   834] loss: 2.256338e-01 masks: 47.4 33.4 [wd: 3.91e-01] [lr: 4.16e-05] [mem: 2.18e+04] (614.0 ms)
INFO:root:[90,   834] grad_stats: [6.40e-03 6.64e-03] (4.48e-03, 8.66e-02)
INFO:root:avg. loss 2.25451606e-01
INFO:root:time taken for epoch 0:14:21.010700
INFO:root:Epoch 91
INFO:root:[91,     0] loss: 2.140286e-01 masks: 43.0 36.0 [wd: 3.91e-01] [lr: 3.90e-05] [mem: 2.18e+04] (627.5 ms)
INFO:root:[91,     0] grad_stats: [5.93e-03 6.46e-03] (4.34e-03, 8.70e-02)
INFO:root:[91,   417] loss: 2.247786e-01 masks: 47.3 33.4 [wd: 3.92e-01] [lr: 3.66e-05] [mem: 2.18e+04] (611.2 ms)
INFO:root:[91,   417] grad_stats: [7.08e-03 6.84e-03] (4.84e-03, 1.10e-01)
INFO:root:[91,   834] loss: 2.244516e-01 masks: 47.7 33.3 [wd: 3.92e-01] [lr: 3.42e-05] [mem: 2.18e+04] (611.7 ms)
INFO:root:[91,   834] grad_stats: [6.93e-03 6.86e-03] (4.86e-03, 1.06e-01)
INFO:root:avg. loss 2.24401951e-01
INFO:root:time taken for epoch 0:14:18.825439
INFO:root:Epoch 92
INFO:root:[92,     0] loss: 2.316554e-01 masks: 46.0 35.0 [wd: 3.93e-01] [lr: 3.19e-05] [mem: 2.18e+04] (616.9 ms)
INFO:root:[92,     0] grad_stats: [7.43e-03 6.66e-03] (5.03e-03, 1.01e-01)
INFO:root:[92,   417] loss: 2.239730e-01 masks: 47.6 33.5 [wd: 3.93e-01] [lr: 2.96e-05] [mem: 2.18e+04] (615.0 ms)
INFO:root:[92,   417] grad_stats: [7.59e-03 6.77e-03] (4.72e-03, 1.06e-01)
INFO:root:[92,   834] loss: 2.238555e-01 masks: 47.5 33.5 [wd: 3.94e-01] [lr: 2.75e-05] [mem: 2.18e+04] (614.5 ms)
INFO:root:[92,   834] grad_stats: [5.90e-03 6.74e-03] (4.36e-03, 9.17e-02)
INFO:root:avg. loss 2.23587717e-01
INFO:root:time taken for epoch 0:14:23.026487
INFO:root:Epoch 93
INFO:root:[93,     0] loss: 2.436630e-01 masks: 31.0 36.0 [wd: 3.94e-01] [lr: 2.54e-05] [mem: 2.18e+04] (656.5 ms)
INFO:root:[93,     0] grad_stats: [7.02e-03 6.90e-03] (5.29e-03, 9.66e-02)
INFO:root:[93,   417] loss: 2.221542e-01 masks: 48.0 33.2 [wd: 3.95e-01] [lr: 2.35e-05] [mem: 2.18e+04] (610.6 ms)
INFO:root:[93,   417] grad_stats: [8.18e-03 7.23e-03] (5.51e-03, 1.32e-01)
INFO:root:[93,   834] loss: 2.227542e-01 masks: 47.6 33.4 [wd: 3.95e-01] [lr: 2.16e-05] [mem: 2.18e+04] (612.1 ms)
INFO:root:[93,   834] grad_stats: [5.93e-03 6.87e-03] (4.47e-03, 9.52e-02)
INFO:root:avg. loss 2.22487770e-01
INFO:root:time taken for epoch 0:14:20.583504
INFO:root:Epoch 94
INFO:root:[94,     0] loss: 2.148682e-01 masks: 55.0 30.0 [wd: 3.96e-01] [lr: 1.97e-05] [mem: 2.18e+04] (641.8 ms)
INFO:root:[94,     0] grad_stats: [6.37e-03 7.04e-03] (4.84e-03, 1.00e-01)
INFO:root:[94,   417] loss: 2.220140e-01 masks: 47.5 33.5 [wd: 3.96e-01] [lr: 1.80e-05] [mem: 2.18e+04] (615.0 ms)
INFO:root:[94,   417] grad_stats: [7.41e-03 7.20e-03] (5.04e-03, 1.02e-01)
INFO:root:[94,   834] loss: 2.218875e-01 masks: 47.4 33.5 [wd: 3.96e-01] [lr: 1.64e-05] [mem: 2.18e+04] (614.0 ms)
INFO:root:[94,   834] grad_stats: [8.83e-03 6.86e-03] (5.43e-03, 1.05e-01)
INFO:root:avg. loss 2.21638230e-01
INFO:root:time taken for epoch 0:14:21.427692
INFO:root:Epoch 95
INFO:root:[95,     0] loss: 2.213059e-01 masks: 47.0 35.0 [wd: 3.97e-01] [lr: 1.48e-05] [mem: 2.18e+04] (645.1 ms)
INFO:root:[95,     0] grad_stats: [5.98e-03 6.95e-03] (4.78e-03, 1.00e-01)
INFO:root:[95,   417] loss: 2.205484e-01 masks: 47.9 33.3 [wd: 3.97e-01] [lr: 1.33e-05] [mem: 2.18e+04] (614.5 ms)
INFO:root:[95,   417] grad_stats: [6.78e-03 7.31e-03] (5.28e-03, 9.84e-02)
INFO:root:[95,   834] loss: 2.211338e-01 masks: 47.5 33.5 [wd: 3.97e-01] [lr: 1.19e-05] [mem: 2.18e+04] (614.7 ms)
INFO:root:[95,   834] grad_stats: [7.80e-03 7.14e-03] (5.87e-03, 1.33e-01)
INFO:root:avg. loss 2.20700042e-01
INFO:root:time taken for epoch 0:14:21.465522
INFO:root:Epoch 96
INFO:root:[96,     0] loss: 2.137629e-01 masks: 48.0 35.0 [wd: 3.98e-01] [lr: 1.06e-05] [mem: 2.18e+04] (662.3 ms)
INFO:root:[96,     0] grad_stats: [7.54e-03 7.09e-03] (4.81e-03, 1.02e-01)
INFO:root:[96,   417] loss: 2.209514e-01 masks: 47.4 33.4 [wd: 3.98e-01] [lr: 9.36e-06] [mem: 2.18e+04] (615.6 ms)
INFO:root:[96,   417] grad_stats: [5.11e-03 6.88e-03] (4.51e-03, 8.42e-02)
INFO:root:[96,   834] loss: 2.208433e-01 masks: 47.2 33.5 [wd: 3.98e-01] [lr: 8.21e-06] [mem: 2.18e+04] (612.2 ms)
INFO:root:[96,   834] grad_stats: [6.33e-03 7.01e-03] (5.04e-03, 1.00e-01)
INFO:root:avg. loss 2.20335311e-01
INFO:root:time taken for epoch 0:14:20.760495
INFO:root:Epoch 97
INFO:root:[97,     0] loss: 2.221507e-01 masks: 49.0 35.0 [wd: 3.99e-01] [lr: 7.15e-06] [mem: 2.18e+04] (671.4 ms)
INFO:root:[97,     0] grad_stats: [6.96e-03 6.98e-03] (5.58e-03, 1.16e-01)
INFO:root:[97,   417] loss: 2.194481e-01 masks: 48.1 33.3 [wd: 3.99e-01] [lr: 6.17e-06] [mem: 2.18e+04] (616.0 ms)
INFO:root:[97,   417] grad_stats: [5.48e-03 6.88e-03] (4.55e-03, 9.93e-02)
INFO:root:[97,   834] loss: 2.192273e-01 masks: 48.0 33.3 [wd: 3.99e-01] [lr: 5.27e-06] [mem: 2.18e+04] (615.8 ms)
INFO:root:[97,   834] grad_stats: [7.67e-03 7.19e-03] (5.79e-03, 1.14e-01)
INFO:root:avg. loss 2.19366634e-01
INFO:root:time taken for epoch 0:14:24.062596
INFO:root:Epoch 98
INFO:root:[98,     0] loss: 2.337493e-01 masks: 35.0 36.0 [wd: 3.99e-01] [lr: 4.46e-06] [mem: 2.18e+04] (656.0 ms)
INFO:root:[98,     0] grad_stats: [7.42e-03 7.29e-03] (5.57e-03, 1.08e-01)
INFO:root:[98,   417] loss: 2.190920e-01 masks: 47.6 33.4 [wd: 3.99e-01] [lr: 3.73e-06] [mem: 2.18e+04] (618.2 ms)
INFO:root:[98,   417] grad_stats: [6.05e-03 7.17e-03] (5.20e-03, 1.01e-01)
INFO:root:[98,   834] loss: 2.191066e-01 masks: 47.8 33.4 [wd: 4.00e-01] [lr: 3.09e-06] [mem: 2.18e+04] (615.3 ms)
INFO:root:[98,   834] grad_stats: [6.72e-03 7.02e-03] (5.67e-03, 1.09e-01)
INFO:root:avg. loss 2.19039304e-01
INFO:root:time taken for epoch 0:14:23.814420
INFO:root:Epoch 99
INFO:root:[99,     0] loss: 2.193633e-01 masks: 46.0 36.0 [wd: 4.00e-01] [lr: 2.54e-06] [mem: 2.18e+04] (650.0 ms)
INFO:root:[99,     0] grad_stats: [6.12e-03 6.88e-03] (4.70e-03, 1.19e-01)
INFO:root:[99,   417] loss: 2.182057e-01 masks: 48.1 33.1 [wd: 4.00e-01] [lr: 2.07e-06] [mem: 2.18e+04] (611.5 ms)
INFO:root:[99,   417] grad_stats: [5.64e-03 6.85e-03] (4.65e-03, 8.55e-02)
INFO:root:[99,   834] loss: 2.186304e-01 masks: 48.1 33.3 [wd: 4.00e-01] [lr: 1.68e-06] [mem: 2.18e+04] (613.1 ms)
INFO:root:[99,   834] grad_stats: [5.52e-03 6.94e-03] (4.80e-03, 9.00e-02)
INFO:root:avg. loss 2.18933830e-01
INFO:root:time taken for epoch 0:14:22.741716
INFO:root:Epoch 100
INFO:root:[100,     0] loss: 2.202680e-01 masks: 47.0 35.0 [wd: 4.00e-01] [lr: 1.38e-06] [mem: 2.18e+04] (619.4 ms)
INFO:root:[100,     0] grad_stats: [6.73e-03 7.22e-03] (5.33e-03, 1.25e-01)
INFO:root:[100,   417] loss: 2.167909e-01 masks: 48.9 33.0 [wd: 4.00e-01] [lr: 1.17e-06] [mem: 2.18e+04] (612.8 ms)
INFO:root:[100,   417] grad_stats: [5.86e-03 7.18e-03] (5.21e-03, 9.90e-02)
INFO:root:[100,   834] loss: 2.179466e-01 masks: 48.1 33.3 [wd: 4.00e-01] [lr: 1.04e-06] [mem: 2.18e+04] (613.7 ms)
INFO:root:[100,   834] grad_stats: [7.38e-03 7.38e-03] (5.83e-03, 1.23e-01)
INFO:root:avg. loss 2.17948645e-01
[rank1]:[W404 08:21:51.567800324 ProcessGroupNCCL.cpp:1250] Warning: WARNING: process group has NOT been destroyed before we destruct ProcessGroupNCCL. On normal program exit, the application should call destroy_process_group to ensure that any pending NCCL operations have finished in this process. In rare cases this process can exit before this point and block the progress of another member of the process group. This constraint has always been present,  but this warning has only been added since PyTorch 2.4 (function operator())
[rank3]:[W404 08:21:51.578916148 ProcessGroupNCCL.cpp:1250] Warning: WARNING: process group has NOT been destroyed before we destruct ProcessGroupNCCL. On normal program exit, the application should call destroy_process_group to ensure that any pending NCCL operations have finished in this process. In rare cases this process can exit before this point and block the progress of another member of the process group. This constraint has always been present,  but this warning has only been added since PyTorch 2.4 (function operator())
[rank2]:[W404 08:21:51.608099933 ProcessGroupNCCL.cpp:1250] Warning: WARNING: process group has NOT been destroyed before we destruct ProcessGroupNCCL. On normal program exit, the application should call destroy_process_group to ensure that any pending NCCL operations have finished in this process. In rare cases this process can exit before this point and block the progress of another member of the process group. This constraint has always been present,  but this warning has only been added since PyTorch 2.4 (function operator())
INFO:root:time taken for epoch 0:14:21.597388
INFO:root:Total pretraining time 23:59:10.591325
[rank0]:[W404 08:21:56.603619432 ProcessGroupNCCL.cpp:1250] Warning: WARNING: process group has NOT been destroyed before we destruct ProcessGroupNCCL. On normal program exit, the application should call destroy_process_group to ensure that any pending NCCL operations have finished in this process. In rare cases this process can exit before this point and block the progress of another member of the process group. This constraint has always been present,  but this warning has only been added since PyTorch 2.4 (function operator())
