VisionTransformer(
  (patch_embed): PatchEmbed(
    (proj): Conv2d(3, 768, kernel_size=(16, 16), stride=(16, 16))
  )
  (blocks): ModuleList(
    (0-11): 12 x Block(
      (norm1): LayerNorm((768,), eps=1e-06, elementwise_affine=True)
      (attn): Attention(
        (qkv): Linear(in_features=768, out_features=2304, bias=True)
        (attn_drop): Dropout(p=0.0, inplace=False)
        (proj): Linear(in_features=768, out_features=768, bias=True)
        (proj_drop): Dropout(p=0.0, inplace=False)
      )
      (drop_path): Identity()
      (norm2): LayerNorm((768,), eps=1e-06, elementwise_affine=True)
      (mlp): MLP(
        (fc1): Linear(in_features=768, out_features=3072, bias=True)
        (act): GELU(approximate='none')
        (fc2): Linear(in_features=3072, out_features=768, bias=True)
        (drop): Dropout(p=0.0, inplace=False)
      )
    )
  )
  (norm): LayerNorm((768,), eps=1e-06, elementwise_affine=True)
)
making imagenet data transforms
data-path datasets/imagenet/train/
Initialized ImageNet
ImageNet dataset created
ImageNet unsupervised data loader created
data-path datasets/imagenet/train
Initialized ImageNet
min. labeled indices 732
ImageNet supervised dataset created
ImageNet supervised data loader created
data-path datasets/imagenet/val
Initialized ImageNet
min. labeled indices 50
ImageNet supervised dataset created
ImageNet supervised data loader created
Using AdamW
Epoch 1
[1,     0] loss: 3.383559e-03 masks: 42.0 35.0 [wd: 4.00e-02] [lr: 2.00e-04] [mem: 1.61e+04] (4636.6 ms)
[1,     0] grad_stats: [1.28e-04 6.92e-05] (6.92e-05, 1.56e-04)
[1,   417] loss: 1.006870e-03 masks: 47.8 33.4 [wd: 4.00e-02] [lr: 2.13e-04] [mem: 2.19e+04] (634.3 ms)
[1,   417] grad_stats: [7.46e-05 1.56e-05] (1.13e-05, 1.12e-04)
[1,   834] loss: 7.024157e-04 masks: 47.8 33.3 [wd: 4.00e-02] [lr: 2.27e-04] [mem: 2.19e+04] (627.1 ms)
[1,   834] grad_stats: [3.04e-05 5.89e-06] (3.89e-06, 5.36e-05)
avg. loss 5.92323748e-04
time taken for epoch 0:14:31.651719
Epoch 2
[2,     0] loss: 3.945791e-04 masks: 45.0 35.0 [wd: 4.01e-02] [lr: 2.40e-04] [mem: 2.19e+04] (617.7 ms)
[2,     0] grad_stats: [4.73e-05 1.07e-05] (6.03e-06, 7.09e-05)
[2,   417] loss: 4.299664e-04 masks: 47.1 33.7 [wd: 4.02e-02] [lr: 2.53e-04] [mem: 2.19e+04] (621.3 ms)
[2,   417] grad_stats: [6.31e-05 1.48e-05] (7.58e-06, 1.36e-04)
[2,   834] loss: 4.758035e-04 masks: 47.2 33.5 [wd: 4.02e-02] [lr: 2.67e-04] [mem: 2.19e+04] (619.3 ms)
[2,   834] grad_stats: [5.61e-05 8.97e-06] (5.50e-06, 7.01e-05)
avg. loss 5.17397936e-04
time taken for epoch 0:14:26.915322
Epoch 3
[3,     0] loss: 6.174877e-04 masks: 50.0 35.0 [wd: 4.04e-02] [lr: 2.80e-04] [mem: 2.19e+04] (783.2 ms)
[3,     0] grad_stats: [2.95e-05 7.83e-06] (4.52e-06, 1.40e-04)
[3,   417] loss: 6.702885e-04 masks: 48.0 33.4 [wd: 4.05e-02] [lr: 2.93e-04] [mem: 2.19e+04] (618.9 ms)
[3,   417] grad_stats: [3.43e-05 9.20e-06] (4.58e-06, 7.29e-05)
[3,   834] loss: 7.022370e-04 masks: 47.8 33.4 [wd: 4.06e-02] [lr: 3.07e-04] [mem: 2.19e+04] (616.9 ms)
[3,   834] grad_stats: [3.82e-05 7.80e-06] (4.71e-06, 1.41e-04)
avg. loss 7.35237295e-04
time taken for epoch 0:14:24.732476
Epoch 4
[4,     0] loss: 8.024713e-04 masks: 59.0 30.0 [wd: 4.08e-02] [lr: 3.20e-04] [mem: 2.19e+04] (642.4 ms)
[4,     0] grad_stats: [4.20e-05 1.07e-05] (5.51e-06, 2.02e-04)
[4,   417] loss: 8.570497e-04 masks: 47.5 33.4 [wd: 4.10e-02] [lr: 3.33e-04] [mem: 2.19e+04] (613.0 ms)
[4,   417] grad_stats: [4.10e-05 1.13e-05] (6.18e-06, 1.33e-04)
[4,   834] loss: 8.913876e-04 masks: 47.7 33.3 [wd: 4.12e-02] [lr: 3.47e-04] [mem: 2.19e+04] (613.7 ms)
[4,   834] grad_stats: [4.08e-05 8.52e-06] (5.04e-06, 1.84e-04)
avg. loss 9.19523579e-04
time taken for epoch 0:14:19.734928
Epoch 5
[5,     0] loss: 1.022181e-03 masks: 55.0 30.0 [wd: 4.14e-02] [lr: 3.60e-04] [mem: 2.19e+04] (660.3 ms)
[5,     0] grad_stats: [3.15e-05 7.28e-06] (4.14e-06, 1.40e-04)
[5,   417] loss: 1.016377e-03 masks: 48.1 33.4 [wd: 4.17e-02] [lr: 3.73e-04] [mem: 2.19e+04] (617.0 ms)
[5,   417] grad_stats: [3.65e-05 8.58e-06] (4.75e-06, 1.53e-04)
[5,   834] loss: 1.035590e-03 masks: 47.7 33.5 [wd: 4.19e-02] [lr: 3.87e-04] [mem: 2.19e+04] (613.8 ms)
[5,   834] grad_stats: [2.46e-05 7.75e-06] (4.33e-06, 9.58e-05)
avg. loss 1.05571966e-03
time taken for epoch 0:14:18.792539
Epoch 6
[6,     0] loss: 1.089648e-03 masks: 38.0 35.0 [wd: 4.22e-02] [lr: 4.00e-04] [mem: 2.19e+04] (663.4 ms)
[6,     0] grad_stats: [3.00e-05 5.58e-06] (3.63e-06, 1.67e-04)
[6,   417] loss: 1.115879e-03 masks: 48.2 33.2 [wd: 4.25e-02] [lr: 4.13e-04] [mem: 2.19e+04] (613.5 ms)
[6,   417] grad_stats: [2.66e-05 8.35e-06] (5.10e-06, 1.30e-04)
[6,   834] loss: 1.131201e-03 masks: 48.0 33.3 [wd: 4.28e-02] [lr: 4.27e-04] [mem: 2.19e+04] (611.7 ms)
[6,   834] grad_stats: [1.77e-05 5.51e-06] (3.14e-06, 8.74e-05)
avg. loss 1.14369594e-03
time taken for epoch 0:14:19.259791
Epoch 7
[7,     0] loss: 1.184543e-03 masks: 54.0 30.0 [wd: 4.32e-02] [lr: 4.40e-04] [mem: 2.19e+04] (642.2 ms)
[7,     0] grad_stats: [2.40e-05 6.52e-06] (3.88e-06, 8.48e-05)
[7,   417] loss: 1.180598e-03 masks: 47.2 33.5 [wd: 4.36e-02] [lr: 4.53e-04] [mem: 2.19e+04] (611.5 ms)
[7,   417] grad_stats: [1.97e-05 6.10e-06] (3.99e-06, 9.34e-05)
[7,   834] loss: 1.189674e-03 masks: 47.6 33.4 [wd: 4.39e-02] [lr: 4.67e-04] [mem: 2.19e+04] (609.1 ms)
[7,   834] grad_stats: [3.21e-05 8.81e-06] (4.74e-06, 1.82e-04)
avg. loss 1.20187390e-03
time taken for epoch 0:14:15.165939
Epoch 8
[8,     0] loss: 1.175249e-03 masks: 47.0 35.0 [wd: 4.43e-02] [lr: 4.80e-04] [mem: 2.19e+04] (658.7 ms)
[8,     0] grad_stats: [3.65e-05 9.97e-06] (4.43e-06, 2.95e-04)
[8,   417] loss: 1.237611e-03 masks: 47.7 33.4 [wd: 4.48e-02] [lr: 4.93e-04] [mem: 2.19e+04] (615.7 ms)
[8,   417] grad_stats: [2.98e-05 9.03e-06] (4.86e-06, 1.54e-04)
[8,   834] loss: 1.245655e-03 masks: 47.7 33.4 [wd: 4.52e-02] [lr: 5.07e-04] [mem: 2.19e+04] (613.3 ms)
[8,   834] grad_stats: [1.84e-05 6.34e-06] (3.50e-06, 8.69e-05)
avg. loss 1.25683805e-03
time taken for epoch 0:14:19.951016
Epoch 9
[9,     0] loss: 1.363277e-03 masks: 30.0 36.0 [wd: 4.57e-02] [lr: 5.20e-04] [mem: 2.19e+04] (621.7 ms)
[9,     0] grad_stats: [3.25e-05 8.36e-06] (4.41e-06, 2.67e-04)
[9,   417] loss: 1.286131e-03 masks: 48.1 33.1 [wd: 4.61e-02] [lr: 5.33e-04] [mem: 2.19e+04] (612.5 ms)
[9,   417] grad_stats: [1.82e-05 5.71e-06] (3.33e-06, 1.21e-04)
[9,   834] loss: 1.290798e-03 masks: 48.2 33.2 [wd: 4.66e-02] [lr: 5.47e-04] [mem: 2.19e+04] (610.2 ms)
[9,   834] grad_stats: [1.71e-05 5.91e-06] (3.22e-06, 1.34e-04)
avg. loss 1.29375115e-03
time taken for epoch 0:14:19.331122
Epoch 10
[10,     0] loss: 1.317642e-03 masks: 49.0 30.0 [wd: 4.71e-02] [lr: 5.60e-04] [mem: 2.19e+04] (593.3 ms)
[10,     0] grad_stats: [1.53e-05 7.42e-06] (3.70e-06, 9.11e-05)
[10,   417] loss: 1.331206e-03 masks: 48.3 33.2 [wd: 4.77e-02] [lr: 5.73e-04] [mem: 2.19e+04] (610.3 ms)
[10,   417] grad_stats: [1.56e-05 5.32e-06] (3.01e-06, 7.85e-05)
[10,   834] loss: 1.332088e-03 masks: 47.8 33.4 [wd: 4.82e-02] [lr: 5.87e-04] [mem: 2.19e+04] (611.1 ms)
[10,   834] grad_stats: [1.87e-05 6.78e-06] (3.44e-06, 1.46e-04)
avg. loss 1.33629341e-03
time taken for epoch 0:14:18.027421
Epoch 11
[11,     0] loss: 1.372635e-03 masks: 52.0 30.0 [wd: 4.88e-02] [lr: 6.00e-04] [mem: 2.19e+04] (632.5 ms)
[11,     0] grad_stats: [1.63e-05 5.74e-06] (3.39e-06, 1.07e-04)
[11,   417] loss: 1.347610e-03 masks: 47.6 33.5 [wd: 4.94e-02] [lr: 6.13e-04] [mem: 2.19e+04] (612.8 ms)
[11,   417] grad_stats: [1.43e-05 6.13e-06] (3.30e-06, 7.09e-05)
[11,   834] loss: 1.358680e-03 masks: 47.5 33.5 [wd: 5.00e-02] [lr: 6.27e-04] [mem: 2.19e+04] (613.0 ms)
[11,   834] grad_stats: [1.76e-05 7.65e-06] (4.07e-06, 1.19e-04)
avg. loss 1.37256883e-03
time taken for epoch 0:14:18.501949
Epoch 12
[12,     0] loss: 1.383548e-03 masks: 31.0 36.0 [wd: 5.06e-02] [lr: 6.40e-04] [mem: 2.19e+04] (673.7 ms)
[12,     0] grad_stats: [1.97e-05 7.48e-06] (3.73e-06, 1.41e-04)
[12,   417] loss: 1.406373e-03 masks: 47.7 33.3 [wd: 5.13e-02] [lr: 6.53e-04] [mem: 2.19e+04] (606.7 ms)
[12,   417] grad_stats: [1.79e-05 9.37e-06] (4.57e-06, 1.28e-04)
[12,   834] loss: 1.411152e-03 masks: 47.6 33.4 [wd: 5.20e-02] [lr: 6.67e-04] [mem: 2.19e+04] (607.0 ms)
[12,   834] grad_stats: [1.88e-05 8.64e-06] (4.22e-06, 1.29e-04)
avg. loss 1.41920632e-03
time taken for epoch 0:14:15.191395
Epoch 13
[13,     0] loss: 1.396516e-03 masks: 40.0 40.0 [wd: 5.26e-02] [lr: 6.80e-04] [mem: 2.19e+04] (664.4 ms)
[13,     0] grad_stats: [1.52e-05 6.05e-06] (3.57e-06, 9.55e-05)
[13,   417] loss: 1.451681e-03 masks: 47.5 33.4 [wd: 5.33e-02] [lr: 6.93e-04] [mem: 2.19e+04] (613.9 ms)
[13,   417] grad_stats: [1.45e-05 7.24e-06] (4.28e-06, 1.22e-04)
[13,   834] loss: 1.464164e-03 masks: 47.5 33.3 [wd: 5.41e-02] [lr: 7.07e-04] [mem: 2.19e+04] (612.9 ms)
[13,   834] grad_stats: [1.19e-05 6.75e-06] (3.67e-06, 7.79e-05)
avg. loss 1.47657545e-03
time taken for epoch 0:14:18.416329
Epoch 14
[14,     0] loss: 1.512910e-03 masks: 49.0 30.0 [wd: 5.48e-02] [lr: 7.20e-04] [mem: 2.19e+04] (663.1 ms)
[14,     0] grad_stats: [1.31e-05 7.01e-06] (4.09e-06, 1.05e-04)
[14,   417] loss: 1.511303e-03 masks: 47.7 33.4 [wd: 5.56e-02] [lr: 7.33e-04] [mem: 2.19e+04] (613.4 ms)
[14,   417] grad_stats: [1.26e-05 7.45e-06] (4.73e-06, 7.23e-05)
[14,   834] loss: 1.526241e-03 masks: 48.0 33.2 [wd: 5.63e-02] [lr: 7.47e-04] [mem: 2.19e+04] (613.2 ms)
[14,   834] grad_stats: [2.24e-05 8.22e-06] (4.69e-06, 1.55e-04)
avg. loss 1.53443191e-03
time taken for epoch 0:14:19.903518
Epoch 15
[15,     0] loss: 1.547390e-03 masks: 43.0 35.0 [wd: 5.71e-02] [lr: 7.60e-04] [mem: 2.19e+04] (621.4 ms)
[15,     0] grad_stats: [7.30e-05 1.32e-05] (6.58e-06, 6.40e-04)
[15,   417] loss: 1.562081e-03 masks: 47.4 33.4 [wd: 5.79e-02] [lr: 7.73e-04] [mem: 2.19e+04] (612.9 ms)
[15,   417] grad_stats: [1.42e-05 7.46e-06] (4.38e-06, 9.33e-05)
[15,   834] loss: 1.579587e-03 masks: 47.5 33.4 [wd: 5.88e-02] [lr: 7.87e-04] [mem: 2.19e+04] (612.1 ms)
[15,   834] grad_stats: [1.22e-05 7.33e-06] (4.16e-06, 9.16e-05)
avg. loss 1.58659225e-03
time taken for epoch 0:14:17.048177
Epoch 16
[16,     0] loss: 1.560982e-03 masks: 47.0 36.0 [wd: 5.96e-02] [lr: 8.00e-04] [mem: 2.19e+04] (664.1 ms)
[16,     0] grad_stats: [1.41e-05 7.71e-06] (4.58e-06, 1.04e-04)
[16,   417] loss: 1.596839e-03 masks: 47.9 33.4 [wd: 6.05e-02] [lr: 8.13e-04] [mem: 2.19e+04] (612.0 ms)
[16,   417] grad_stats: [1.87e-05 7.20e-06] (4.06e-06, 1.26e-04)
[16,   834] loss: 1.604712e-03 masks: 47.7 33.4 [wd: 6.14e-02] [lr: 8.27e-04] [mem: 2.19e+04] (611.6 ms)
[16,   834] grad_stats: [3.42e-05 9.58e-06] (5.17e-06, 2.43e-04)
avg. loss 1.61265749e-03
time taken for epoch 0:14:18.710850
Epoch 17
[17,     0] loss: 1.615422e-03 masks: 37.0 36.0 [wd: 6.23e-02] [lr: 8.40e-04] [mem: 2.19e+04] (654.2 ms)
[17,     0] grad_stats: [1.72e-05 8.89e-06] (4.75e-06, 1.23e-04)
[17,   417] loss: 1.636869e-03 masks: 47.8 33.4 [wd: 6.32e-02] [lr: 8.53e-04] [mem: 2.19e+04] (611.5 ms)
[17,   417] grad_stats: [1.45e-05 7.02e-06] (3.83e-06, 1.15e-04)
[17,   834] loss: 1.642474e-03 masks: 47.8 33.3 [wd: 6.41e-02] [lr: 8.67e-04] [mem: 2.19e+04] (610.1 ms)
[17,   834] grad_stats: [1.48e-05 1.00e-05] (5.28e-06, 1.23e-04)
avg. loss 1.64534873e-03
time taken for epoch 0:14:16.653332
Epoch 18
[18,     0] loss: 1.657876e-03 masks: 61.0 30.0 [wd: 6.51e-02] [lr: 8.80e-04] [mem: 2.19e+04] (635.8 ms)
[18,     0] grad_stats: [1.62e-05 9.66e-06] (4.74e-06, 1.54e-04)
[18,   417] loss: 1.678901e-03 masks: 47.4 33.4 [wd: 6.60e-02] [lr: 8.93e-04] [mem: 2.19e+04] (609.6 ms)
[18,   417] grad_stats: [1.44e-05 1.07e-05] (5.18e-06, 1.41e-04)
[18,   834] loss: 1.675855e-03 masks: 47.4 33.4 [wd: 6.70e-02] [lr: 9.07e-04] [mem: 2.19e+04] (610.0 ms)
[18,   834] grad_stats: [1.52e-05 8.77e-06] (4.05e-06, 1.08e-04)
avg. loss 1.67566057e-03
time taken for epoch 0:14:15.425891
Epoch 19
[19,     0] loss: 1.675585e-03 masks: 53.0 35.0 [wd: 6.80e-02] [lr: 9.20e-04] [mem: 2.19e+04] (651.0 ms)
[19,     0] grad_stats: [1.21e-05 9.65e-06] (4.22e-06, 1.09e-04)
[19,   417] loss: 1.685999e-03 masks: 47.4 33.4 [wd: 6.90e-02] [lr: 9.33e-04] [mem: 2.19e+04] (611.4 ms)
[19,   417] grad_stats: [1.46e-05 1.20e-05] (5.15e-06, 1.04e-04)
[19,   834] loss: 1.689934e-03 masks: 47.6 33.3 [wd: 7.01e-02] [lr: 9.47e-04] [mem: 2.19e+04] (608.3 ms)
[19,   834] grad_stats: [1.56e-05 1.09e-05] (4.19e-06, 1.07e-04)
avg. loss 1.68951777e-03
time taken for epoch 0:14:17.632987
Epoch 20
[20,     0] loss: 1.754100e-03 masks: 54.0 30.0 [wd: 7.11e-02] [lr: 9.60e-04] [mem: 2.19e+04] (636.1 ms)
[20,     0] grad_stats: [1.60e-05 1.28e-05] (5.15e-06, 1.21e-04)
[20,   417] loss: 1.710676e-03 masks: 47.9 33.3 [wd: 7.22e-02] [lr: 9.73e-04] [mem: 2.19e+04] (611.1 ms)
[20,   417] grad_stats: [1.41e-04 1.38e-05] (5.76e-06, 2.72e-04)
[20,   834] loss: 1.708121e-03 masks: 47.5 33.4 [wd: 7.33e-02] [lr: 9.87e-04] [mem: 2.19e+04] (610.9 ms)
[20,   834] grad_stats: [1.34e-05 1.07e-05] (4.00e-06, 1.09e-04)
avg. loss 1.70488032e-03
time taken for epoch 0:14:14.951810
Epoch 21
[21,     0] loss: 1.689183e-03 masks: 47.0 35.0 [wd: 7.44e-02] [lr: 1.00e-03] [mem: 2.19e+04] (632.3 ms)
[21,     0] grad_stats: [1.48e-05 1.32e-05] (4.79e-06, 1.14e-04)
[21,   417] loss: 1.704420e-03 masks: 47.6 33.5 [wd: 7.55e-02] [lr: 1.00e-03] [mem: 2.19e+04] (607.5 ms)
[21,   417] grad_stats: [2.08e-05 1.55e-05] (5.67e-06, 1.82e-04)
[21,   834] loss: 1.707981e-03 masks: 47.7 33.5 [wd: 7.66e-02] [lr: 1.00e-03] [mem: 2.19e+04] (608.6 ms)
[21,   834] grad_stats: [1.47e-05 1.19e-05] (4.18e-06, 1.08e-04)
avg. loss 1.71210313e-03
time taken for epoch 0:14:13.615140
Epoch 22
[22,     0] loss: 1.708968e-03 masks: 58.0 30.0 [wd: 7.78e-02] [lr: 1.00e-03] [mem: 2.19e+04] (675.5 ms)
[22,     0] grad_stats: [1.82e-05 1.38e-05] (4.94e-06, 2.01e-04)
[22,   417] loss: 1.713540e-03 masks: 47.2 33.5 [wd: 7.89e-02] [lr: 9.99e-04] [mem: 2.19e+04] (610.0 ms)
[22,   417] grad_stats: [2.05e-05 1.33e-05] (4.72e-06, 1.80e-04)
[22,   834] loss: 1.720562e-03 masks: 47.3 33.4 [wd: 8.01e-02] [lr: 9.99e-04] [mem: 2.19e+04] (610.9 ms)
[22,   834] grad_stats: [1.55e-05 1.22e-05] (4.27e-06, 9.52e-05)
avg. loss 1.72195914e-03
time taken for epoch 0:14:15.499969
Epoch 23
[23,     0] loss: 1.690277e-03 masks: 40.0 40.0 [wd: 8.13e-02] [lr: 9.98e-04] [mem: 2.19e+04] (668.5 ms)
[23,     0] grad_stats: [1.90e-05 1.43e-05] (5.06e-06, 1.89e-04)
[23,   417] loss: 1.731354e-03 masks: 47.6 33.3 [wd: 8.25e-02] [lr: 9.98e-04] [mem: 2.19e+04] (611.2 ms)
[23,   417] grad_stats: [1.94e-05 1.52e-05] (5.36e-06, 2.05e-04)
[23,   834] loss: 1.736122e-03 masks: 47.4 33.4 [wd: 8.37e-02] [lr: 9.97e-04] [mem: 2.19e+04] (610.4 ms)
[23,   834] grad_stats: [1.30e-05 1.33e-05] (4.87e-06, 8.88e-05)
avg. loss 1.74331641e-03
time taken for epoch 0:14:17.415254
Epoch 24
[24,     0] loss: 1.669503e-03 masks: 50.0 35.0 [wd: 8.50e-02] [lr: 9.97e-04] [mem: 2.19e+04] (657.8 ms)
[24,     0] grad_stats: [1.68e-05 1.25e-05] (4.50e-06, 1.16e-04)
[24,   417] loss: 1.751655e-03 masks: 48.0 33.3 [wd: 8.62e-02] [lr: 9.96e-04] [mem: 2.19e+04] (610.2 ms)
[24,   417] grad_stats: [1.66e-05 1.58e-05] (5.69e-06, 1.61e-04)
[24,   834] loss: 1.752538e-03 masks: 48.1 33.3 [wd: 8.75e-02] [lr: 9.95e-04] [mem: 2.19e+04] (610.3 ms)
[24,   834] grad_stats: [1.79e-05 1.35e-05] (4.86e-06, 1.45e-04)
avg. loss 1.75628047e-03
time taken for epoch 0:14:15.982688
Epoch 25
[25,     0] loss: 1.844851e-03 masks: 58.0 30.0 [wd: 8.88e-02] [lr: 9.94e-04] [mem: 2.19e+04] (653.0 ms)
[25,     0] grad_stats: [1.97e-05 1.55e-05] (5.51e-06, 1.56e-04)
[25,   417] loss: 1.777274e-03 masks: 47.8 33.2 [wd: 9.01e-02] [lr: 9.93e-04] [mem: 2.19e+04] (614.3 ms)
[25,   417] grad_stats: [1.79e-05 1.36e-05] (5.15e-06, 1.38e-04)
[25,   834] loss: 1.774640e-03 masks: 47.7 33.4 [wd: 9.14e-02] [lr: 9.92e-04] [mem: 2.19e+04] (613.5 ms)
[25,   834] grad_stats: [1.49e-05 1.28e-05] (4.61e-06, 1.08e-04)
avg. loss 1.77938634e-03
time taken for epoch 0:14:19.192989
Epoch 26
[26,     0] loss: 1.773535e-03 masks: 32.0 36.0 [wd: 9.27e-02] [lr: 9.90e-04] [mem: 2.19e+04] (613.7 ms)
[26,     0] grad_stats: [1.77e-05 1.37e-05] (5.32e-06, 1.09e-04)
[26,   417] loss: 1.790234e-03 masks: 47.5 33.4 [wd: 9.41e-02] [lr: 9.89e-04] [mem: 2.19e+04] (611.1 ms)
[26,   417] grad_stats: [2.93e-05 1.68e-05] (6.39e-06, 2.04e-04)
[26,   834] loss: 1.795085e-03 masks: 47.7 33.4 [wd: 9.54e-02] [lr: 9.88e-04] [mem: 2.19e+04] (611.5 ms)
[26,   834] grad_stats: [2.48e-05 1.60e-05] (6.27e-06, 2.14e-04)
avg. loss 1.80178439e-03
time taken for epoch 0:14:16.993696
Epoch 27
[27,     0] loss: 1.753880e-03 masks: 48.0 35.0 [wd: 9.68e-02] [lr: 9.86e-04] [mem: 2.19e+04] (662.3 ms)
[27,     0] grad_stats: [2.47e-05 1.41e-05] (5.74e-06, 1.88e-04)
[27,   417] loss: 1.814431e-03 masks: 48.0 33.3 [wd: 9.82e-02] [lr: 9.85e-04] [mem: 2.19e+04] (611.5 ms)
[27,   417] grad_stats: [1.87e-05 1.32e-05] (5.41e-06, 1.59e-04)
[27,   834] loss: 1.821251e-03 masks: 48.3 33.2 [wd: 9.96e-02] [lr: 9.83e-04] [mem: 2.19e+04] (608.5 ms)
[27,   834] grad_stats: [2.08e-05 1.66e-05] (6.68e-06, 1.66e-04)
avg. loss 1.82048163e-03
time taken for epoch 0:14:14.841958
Epoch 28
[28,     0] loss: 1.876728e-03 masks: 55.0 30.0 [wd: 1.01e-01] [lr: 9.81e-04] [mem: 2.19e+04] (624.2 ms)
[28,     0] grad_stats: [2.33e-05 1.55e-05] (6.59e-06, 1.63e-04)
[28,   417] loss: 1.825669e-03 masks: 47.2 33.4 [wd: 1.02e-01] [lr: 9.79e-04] [mem: 2.19e+04] (609.6 ms)
[28,   417] grad_stats: [1.61e-05 1.27e-05] (5.31e-06, 1.19e-04)
[28,   834] loss: 1.823747e-03 masks: 47.2 33.5 [wd: 1.04e-01] [lr: 9.78e-04] [mem: 2.19e+04] (609.3 ms)
[28,   834] grad_stats: [1.55e-05 1.28e-05] (5.48e-06, 1.51e-04)
avg. loss 1.82956692e-03
time taken for epoch 0:14:14.162456
Epoch 29
[29,     0] loss: 1.808545e-03 masks: 47.0 35.0 [wd: 1.05e-01] [lr: 9.76e-04] [mem: 2.19e+04] (639.4 ms)
[29,     0] grad_stats: [2.13e-05 1.36e-05] (6.07e-06, 1.81e-04)
[29,   417] loss: 1.842833e-03 masks: 47.9 33.2 [wd: 1.07e-01] [lr: 9.73e-04] [mem: 2.19e+04] (609.6 ms)
[29,   417] grad_stats: [2.75e-05 1.48e-05] (6.54e-06, 1.45e-04)
[29,   834] loss: 1.846646e-03 masks: 47.9 33.2 [wd: 1.08e-01] [lr: 9.71e-04] [mem: 2.19e+04] (610.1 ms)
[29,   834] grad_stats: [2.18e-05 1.60e-05] (7.20e-06, 1.76e-04)
avg. loss 1.84809294e-03
time taken for epoch 0:14:16.310861
Epoch 30
[30,     0] loss: 1.808331e-03 masks: 49.0 35.0 [wd: 1.10e-01] [lr: 9.69e-04] [mem: 2.19e+04] (640.8 ms)
[30,     0] grad_stats: [1.86e-05 1.40e-05] (6.23e-06, 1.77e-04)
[30,   417] loss: 1.849620e-03 masks: 47.3 33.5 [wd: 1.11e-01] [lr: 9.67e-04] [mem: 2.19e+04] (613.5 ms)
[30,   417] grad_stats: [3.48e-05 1.38e-05] (5.97e-06, 1.92e-04)
[30,   834] loss: 1.860644e-03 masks: 47.5 33.4 [wd: 1.13e-01] [lr: 9.64e-04] [mem: 2.19e+04] (612.1 ms)
[30,   834] grad_stats: [1.94e-05 1.34e-05] (6.00e-06, 1.42e-04)
avg. loss 1.86472277e-03
time taken for epoch 0:14:16.744358
Epoch 31
[31,     0] loss: 1.855690e-03 masks: 52.0 35.0 [wd: 1.14e-01] [lr: 9.62e-04] [mem: 2.19e+04] (656.6 ms)
[31,     0] grad_stats: [1.91e-05 1.45e-05] (6.70e-06, 1.42e-04)
[31,   417] loss: 1.872877e-03 masks: 47.7 33.4 [wd: 1.16e-01] [lr: 9.59e-04] [mem: 2.19e+04] (610.9 ms)
[31,   417] grad_stats: [1.86e-05 1.34e-05] (6.32e-06, 1.56e-04)
[31,   834] loss: 1.872833e-03 masks: 47.5 33.5 [wd: 1.17e-01] [lr: 9.57e-04] [mem: 2.19e+04] (611.2 ms)
[31,   834] grad_stats: [2.38e-05 1.61e-05] (7.65e-06, 2.85e-04)
avg. loss 1.87752435e-03
time taken for epoch 0:14:17.522955
Epoch 32
[32,     0] loss: 1.815925e-03 masks: 45.0 35.0 [wd: 1.19e-01] [lr: 9.54e-04] [mem: 2.19e+04] (648.8 ms)
[32,     0] grad_stats: [2.80e-05 1.39e-05] (6.65e-06, 2.49e-04)
[32,   417] loss: 1.882419e-03 masks: 47.7 33.5 [wd: 1.20e-01] [lr: 9.51e-04] [mem: 2.19e+04] (609.6 ms)
[32,   417] grad_stats: [1.91e-05 1.36e-05] (6.69e-06, 1.60e-04)
[32,   834] loss: 1.888514e-03 masks: 47.8 33.4 [wd: 1.22e-01] [lr: 9.48e-04] [mem: 2.19e+04] (610.1 ms)
[32,   834] grad_stats: [2.35e-05 1.69e-05] (7.92e-06, 3.04e-04)
avg. loss 1.89235496e-03
time taken for epoch 0:14:17.062826
Epoch 33
[33,     0] loss: 1.957094e-03 masks: 49.0 30.0 [wd: 1.24e-01] [lr: 9.46e-04] [mem: 2.19e+04] (597.0 ms)
[33,     0] grad_stats: [2.46e-05 1.38e-05] (7.33e-06, 1.54e-04)
[33,   417] loss: 1.889011e-03 masks: 47.5 33.6 [wd: 1.25e-01] [lr: 9.43e-04] [mem: 2.19e+04] (611.2 ms)
[33,   417] grad_stats: [2.50e-05 1.61e-05] (8.28e-06, 2.01e-04)
[33,   834] loss: 1.893174e-03 masks: 47.5 33.6 [wd: 1.27e-01] [lr: 9.39e-04] [mem: 2.19e+04] (611.8 ms)
[33,   834] grad_stats: [1.70e-05 1.32e-05] (6.83e-06, 1.21e-04)
avg. loss 1.89869089e-03
time taken for epoch 0:14:16.577347
Epoch 34
[34,     0] loss: 1.822810e-03 masks: 53.0 35.0 [wd: 1.28e-01] [lr: 9.36e-04] [mem: 2.19e+04] (645.5 ms)
[34,     0] grad_stats: [1.99e-05 1.44e-05] (7.34e-06, 1.99e-04)
[34,   417] loss: 1.909310e-03 masks: 47.5 33.4 [wd: 1.30e-01] [lr: 9.33e-04] [mem: 2.19e+04] (612.1 ms)
[34,   417] grad_stats: [2.01e-05 1.20e-05] (6.37e-06, 1.99e-04)
[34,   834] loss: 1.908201e-03 masks: 47.3 33.5 [wd: 1.32e-01] [lr: 9.30e-04] [mem: 2.19e+04] (611.3 ms)
[34,   834] grad_stats: [2.39e-05 1.26e-05] (6.51e-06, 3.06e-04)
avg. loss 1.90890220e-03
time taken for epoch 0:14:17.839550
Epoch 35
[35,     0] loss: 1.821559e-03 masks: 38.0 36.0 [wd: 1.33e-01] [lr: 9.26e-04] [mem: 2.19e+04] (625.0 ms)
[35,     0] grad_stats: [1.84e-05 1.34e-05] (6.78e-06, 1.95e-04)
[35,   417] loss: 1.911504e-03 masks: 47.8 33.4 [wd: 1.35e-01] [lr: 9.23e-04] [mem: 2.19e+04] (613.2 ms)
[35,   417] grad_stats: [2.27e-05 1.37e-05] (7.53e-06, 1.91e-04)
[35,   834] loss: 1.921991e-03 masks: 48.1 33.2 [wd: 1.37e-01] [lr: 9.19e-04] [mem: 2.19e+04] (611.6 ms)
[35,   834] grad_stats: [2.19e-05 1.43e-05] (7.63e-06, 1.85e-04)
avg. loss 1.91977060e-03
time taken for epoch 0:14:18.050432
Epoch 36
[36,     0] loss: 1.821874e-03 masks: 45.0 35.0 [wd: 1.38e-01] [lr: 9.16e-04] [mem: 2.19e+04] (671.3 ms)
[36,     0] grad_stats: [2.20e-05 1.36e-05] (7.37e-06, 1.63e-04)
[36,   417] loss: 1.920359e-03 masks: 47.1 33.5 [wd: 1.40e-01] [lr: 9.12e-04] [mem: 2.19e+04] (611.9 ms)
[36,   417] grad_stats: [2.73e-05 1.72e-05] (9.19e-06, 2.21e-04)
[36,   834] loss: 1.918972e-03 masks: 46.8 33.6 [wd: 1.42e-01] [lr: 9.08e-04] [mem: 2.19e+04] (611.1 ms)
[36,   834] grad_stats: [1.97e-05 1.36e-05] (7.28e-06, 2.37e-04)
avg. loss 1.92124635e-03
time taken for epoch 0:14:17.232947
Epoch 37
[37,     0] loss: 1.946999e-03 masks: 46.0 35.0 [wd: 1.43e-01] [lr: 9.05e-04] [mem: 2.19e+04] (681.7 ms)
[37,     0] grad_stats: [2.53e-05 1.52e-05] (8.62e-06, 2.29e-04)
[37,   417] loss: 1.920700e-03 masks: 47.3 33.5 [wd: 1.45e-01] [lr: 9.01e-04] [mem: 2.19e+04] (611.2 ms)
[37,   417] grad_stats: [2.92e-05 1.74e-05] (9.32e-06, 2.09e-04)
[37,   834] loss: 1.927155e-03 masks: 47.6 33.4 [wd: 1.47e-01] [lr: 8.97e-04] [mem: 2.19e+04] (609.8 ms)
[37,   834] grad_stats: [2.15e-05 1.31e-05] (7.04e-06, 1.89e-04)
avg. loss 1.92838645e-03
time taken for epoch 0:14:15.601545
Epoch 38
[38,     0] loss: 2.027540e-03 masks: 59.0 30.0 [wd: 1.49e-01] [lr: 8.93e-04] [mem: 2.19e+04] (645.1 ms)
[38,     0] grad_stats: [2.46e-05 1.76e-05] (9.62e-06, 2.25e-04)
[38,   417] loss: 1.925741e-03 masks: 47.7 33.6 [wd: 1.50e-01] [lr: 8.89e-04] [mem: 2.19e+04] (610.0 ms)
[38,   417] grad_stats: [1.91e-05 1.20e-05] (6.82e-06, 1.30e-04)
[38,   834] loss: 1.931211e-03 masks: 47.7 33.5 [wd: 1.52e-01] [lr: 8.85e-04] [mem: 2.19e+04] (610.4 ms)
[38,   834] grad_stats: [2.82e-05 1.77e-05] (1.02e-05, 3.37e-04)
avg. loss 1.93433037e-03
time taken for epoch 0:14:17.522027
Epoch 39
[39,     0] loss: 1.870362e-03 masks: 47.0 35.0 [wd: 1.54e-01] [lr: 8.80e-04] [mem: 2.19e+04] (654.2 ms)
[39,     0] grad_stats: [1.98e-05 1.43e-05] (7.88e-06, 1.84e-04)
[39,   417] loss: 1.939559e-03 masks: 48.4 33.2 [wd: 1.55e-01] [lr: 8.76e-04] [mem: 2.19e+04] (609.8 ms)
[39,   417] grad_stats: [2.77e-05 1.77e-05] (1.02e-05, 2.11e-04)
[39,   834] loss: 1.938897e-03 masks: 47.9 33.3 [wd: 1.57e-01] [lr: 8.72e-04] [mem: 2.19e+04] (610.5 ms)
[39,   834] grad_stats: [2.65e-05 1.47e-05] (8.24e-06, 2.42e-04)
avg. loss 1.93953247e-03
time taken for epoch 0:14:18.492907
Epoch 40
[40,     0] loss: 2.032351e-03 masks: 55.0 30.0 [wd: 1.59e-01] [lr: 8.67e-04] [mem: 2.19e+04] (655.7 ms)
[40,     0] grad_stats: [2.51e-05 1.72e-05] (9.67e-06, 2.36e-04)
[40,   417] loss: 1.943351e-03 masks: 47.5 33.4 [wd: 1.61e-01] [lr: 8.63e-04] [mem: 2.19e+04] (610.1 ms)
[40,   417] grad_stats: [3.28e-05 1.79e-05] (1.04e-05, 2.18e-04)
[40,   834] loss: 1.943502e-03 masks: 47.8 33.3 [wd: 1.63e-01] [lr: 8.58e-04] [mem: 2.19e+04] (610.6 ms)
[40,   834] grad_stats: [2.51e-05 1.51e-05] (8.75e-06, 3.51e-04)
avg. loss 1.93987476e-03
time taken for epoch 0:14:17.059718
Epoch 41
[41,     0] loss: 1.970702e-03 masks: 37.0 36.0 [wd: 1.64e-01] [lr: 8.54e-04] [mem: 2.19e+04] (638.0 ms)
[41,     0] grad_stats: [2.66e-05 1.56e-05] (8.99e-06, 1.81e-04)
[41,   417] loss: 1.938590e-03 masks: 48.1 33.2 [wd: 1.66e-01] [lr: 8.49e-04] [mem: 2.19e+04] (611.8 ms)
[41,   417] grad_stats: [2.39e-05 1.32e-05] (7.59e-06, 1.88e-04)
[41,   834] loss: 1.944557e-03 masks: 48.1 33.2 [wd: 1.68e-01] [lr: 8.44e-04] [mem: 2.19e+04] (609.4 ms)
[41,   834] grad_stats: [2.71e-05 1.56e-05] (9.20e-06, 1.99e-04)
avg. loss 1.94265582e-03
time taken for epoch 0:14:15.236628
Epoch 42
[42,     0] loss: 2.067228e-03 masks: 54.0 30.0 [wd: 1.70e-01] [lr: 8.40e-04] [mem: 2.19e+04] (651.9 ms)
[42,     0] grad_stats: [2.86e-05 1.91e-05] (1.12e-05, 2.53e-04)
[42,   417] loss: 1.928541e-03 masks: 47.0 33.6 [wd: 1.72e-01] [lr: 8.35e-04] [mem: 2.19e+04] (607.9 ms)
[42,   417] grad_stats: [2.69e-05 1.62e-05] (9.29e-06, 3.09e-04)
[42,   834] loss: 1.934134e-03 masks: 47.0 33.6 [wd: 1.73e-01] [lr: 8.30e-04] [mem: 2.19e+04] (610.6 ms)
[42,   834] grad_stats: [2.76e-05 1.50e-05] (9.02e-06, 2.47e-04)
avg. loss 1.93643350e-03
time taken for epoch 0:14:16.121161
Epoch 43
[43,     0] loss: 1.906707e-03 masks: 48.0 35.0 [wd: 1.75e-01] [lr: 8.25e-04] [mem: 2.19e+04] (630.0 ms)
[43,     0] grad_stats: [2.92e-05 1.63e-05] (1.01e-05, 3.65e-04)
[43,   417] loss: 1.951939e-03 masks: 48.7 33.0 [wd: 1.77e-01] [lr: 8.20e-04] [mem: 2.19e+04] (610.4 ms)
[43,   417] grad_stats: [2.95e-05 1.98e-05] (1.17e-05, 3.86e-04)
[43,   834] loss: 1.946089e-03 masks: 48.2 33.2 [wd: 1.79e-01] [lr: 8.15e-04] [mem: 2.19e+04] (611.2 ms)
[43,   834] grad_stats: [3.20e-05 1.96e-05] (1.15e-05, 2.25e-04)
avg. loss 1.94754459e-03
time taken for epoch 0:14:15.472697
Epoch 44
[44,     0] loss: 1.891978e-03 masks: 55.0 30.0 [wd: 1.81e-01] [lr: 8.10e-04] [mem: 2.19e+04] (655.1 ms)
[44,     0] grad_stats: [2.45e-05 1.64e-05] (9.76e-06, 1.80e-04)
[44,   417] loss: 1.937024e-03 masks: 47.4 33.6 [wd: 1.83e-01] [lr: 8.05e-04] [mem: 2.19e+04] (614.3 ms)
[44,   417] grad_stats: [2.00e-05 1.34e-05] (7.98e-06, 1.58e-04)
[44,   834] loss: 1.943729e-03 masks: 47.7 33.4 [wd: 1.84e-01] [lr: 7.99e-04] [mem: 2.19e+04] (613.5 ms)
[44,   834] grad_stats: [3.07e-05 1.95e-05] (1.17e-05, 2.17e-04)
avg. loss 1.94303093e-03
time taken for epoch 0:14:18.700233
Epoch 45
[45,     0] loss: 1.973653e-03 masks: 32.0 36.0 [wd: 1.86e-01] [lr: 7.94e-04] [mem: 2.19e+04] (628.8 ms)
[45,     0] grad_stats: [3.72e-05 1.65e-05] (1.02e-05, 3.21e-04)
[45,   417] loss: 1.954240e-03 masks: 48.4 33.0 [wd: 1.88e-01] [lr: 7.89e-04] [mem: 2.19e+04] (608.6 ms)
[45,   417] grad_stats: [2.59e-05 1.49e-05] (9.08e-06, 2.82e-04)
[45,   834] loss: 1.951557e-03 masks: 48.2 33.1 [wd: 1.90e-01] [lr: 7.83e-04] [mem: 2.19e+04] (607.9 ms)
[45,   834] grad_stats: [3.22e-05 1.70e-05] (1.06e-05, 3.13e-04)
avg. loss 1.94899349e-03
time taken for epoch 0:14:13.480028
Epoch 46
[46,     0] loss: 1.963561e-03 masks: 58.0 30.0 [wd: 1.92e-01] [lr: 7.78e-04] [mem: 2.19e+04] (630.8 ms)
[46,     0] grad_stats: [3.06e-05 1.94e-05] (1.20e-05, 3.57e-04)
[46,   417] loss: 1.936900e-03 masks: 48.1 33.3 [wd: 1.94e-01] [lr: 7.73e-04] [mem: 2.19e+04] (612.4 ms)
[46,   417] grad_stats: [3.24e-05 2.10e-05] (1.28e-05, 5.83e-04)
[46,   834] loss: 1.939850e-03 masks: 47.9 33.3 [wd: 1.96e-01] [lr: 7.67e-04] [mem: 2.19e+04] (610.5 ms)
[46,   834] grad_stats: [2.72e-05 1.72e-05] (1.07e-05, 2.30e-04)
avg. loss 1.93919674e-03
time taken for epoch 0:14:14.541919
Epoch 47
[47,     0] loss: 2.022055e-03 masks: 55.0 30.0 [wd: 1.97e-01] [lr: 7.61e-04] [mem: 2.19e+04] (636.5 ms)
[47,     0] grad_stats: [2.93e-05 1.99e-05] (1.20e-05, 2.85e-04)
[47,   417] loss: 1.931335e-03 masks: 47.4 33.5 [wd: 1.99e-01] [lr: 7.56e-04] [mem: 2.19e+04] (610.5 ms)
[47,   417] grad_stats: [2.56e-05 1.73e-05] (1.10e-05, 1.93e-04)
[47,   834] loss: 1.934869e-03 masks: 47.7 33.4 [wd: 2.01e-01] [lr: 7.50e-04] [mem: 2.19e+04] (610.5 ms)
[47,   834] grad_stats: [2.69e-05 1.52e-05] (9.22e-06, 2.22e-04)
avg. loss 1.93664207e-03
time taken for epoch 0:14:15.269654
Epoch 48
[48,     0] loss: 1.962191e-03 masks: 49.0 30.0 [wd: 2.03e-01] [lr: 7.45e-04] [mem: 2.19e+04] (651.1 ms)
[48,     0] grad_stats: [2.48e-05 1.95e-05] (1.19e-05, 2.31e-04)
[48,   417] loss: 1.937674e-03 masks: 47.9 33.3 [wd: 2.05e-01] [lr: 7.39e-04] [mem: 2.19e+04] (609.7 ms)
[48,   417] grad_stats: [3.50e-05 2.12e-05] (1.35e-05, 3.17e-04)
[48,   834] loss: 1.937742e-03 masks: 47.7 33.3 [wd: 2.07e-01] [lr: 7.33e-04] [mem: 2.19e+04] (610.4 ms)
[48,   834] grad_stats: [3.06e-05 1.72e-05] (1.06e-05, 2.82e-04)
avg. loss 1.93688587e-03
time taken for epoch 0:14:15.357736
Epoch 49
[49,     0] loss: 1.914720e-03 masks: 42.0 36.0 [wd: 2.09e-01] [lr: 7.27e-04] [mem: 2.19e+04] (663.2 ms)
[49,     0] grad_stats: [3.34e-05 1.94e-05] (1.20e-05, 2.62e-04)
[49,   417] loss: 1.933782e-03 masks: 47.7 33.4 [wd: 2.11e-01] [lr: 7.21e-04] [mem: 2.19e+04] (610.5 ms)
[49,   417] grad_stats: [4.53e-05 2.26e-05] (1.39e-05, 6.67e-04)
[49,   834] loss: 1.932099e-03 masks: 47.6 33.4 [wd: 2.12e-01] [lr: 7.16e-04] [mem: 2.19e+04] (610.8 ms)
[49,   834] grad_stats: [4.05e-05 1.82e-05] (1.16e-05, 2.48e-04)
avg. loss 1.93199317e-03
time taken for epoch 0:14:17.419525
Epoch 50
[50,     0] loss: 1.904596e-03 masks: 40.0 36.0 [wd: 2.14e-01] [lr: 7.10e-04] [mem: 2.19e+04] (616.1 ms)
[50,     0] grad_stats: [2.80e-05 1.75e-05] (1.10e-05, 2.03e-04)
[50,   417] loss: 1.927373e-03 masks: 47.9 33.4 [wd: 2.16e-01] [lr: 7.04e-04] [mem: 2.19e+04] (613.6 ms)
[50,   417] grad_stats: [4.06e-05 1.58e-05] (9.72e-06, 4.65e-04)
[50,   834] loss: 1.928133e-03 masks: 47.5 33.5 [wd: 2.18e-01] [lr: 6.98e-04] [mem: 2.19e+04] (610.5 ms)
[50,   834] grad_stats: [4.60e-05 1.86e-05] (1.21e-05, 2.89e-04)
avg. loss 1.92923517e-03
time taken for epoch 0:14:16.612126
Epoch 51
[51,     0] loss: 1.869842e-03 masks: 48.0 35.0 [wd: 2.20e-01] [lr: 6.92e-04] [mem: 2.19e+04] (679.8 ms)
[51,     0] grad_stats: [3.08e-05 1.93e-05] (1.25e-05, 3.16e-04)
[51,   417] loss: 1.930375e-03 masks: 47.7 33.3 [wd: 2.22e-01] [lr: 6.86e-04] [mem: 2.19e+04] (609.8 ms)
[51,   417] grad_stats: [3.72e-05 2.25e-05] (1.46e-05, 3.79e-04)
[51,   834] loss: 1.930361e-03 masks: 47.7 33.3 [wd: 2.24e-01] [lr: 6.79e-04] [mem: 2.19e+04] (609.4 ms)
[51,   834] grad_stats: [4.87e-05 2.34e-05] (1.47e-05, 3.66e-04)
avg. loss 1.92813317e-03
time taken for epoch 0:14:13.553331
Epoch 52
[52,     0] loss: 1.853697e-03 masks: 47.0 35.0 [wd: 2.26e-01] [lr: 6.73e-04] [mem: 2.19e+04] (697.8 ms)
[52,     0] grad_stats: [3.37e-05 1.98e-05] (1.26e-05, 3.19e-04)
[52,   417] loss: 1.927019e-03 masks: 47.7 33.3 [wd: 2.28e-01] [lr: 6.67e-04] [mem: 2.19e+04] (608.7 ms)
[52,   417] grad_stats: [3.57e-05 2.36e-05] (1.48e-05, 4.46e-04)
[52,   834] loss: 1.925082e-03 masks: 47.7 33.4 [wd: 2.29e-01] [lr: 6.61e-04] [mem: 2.19e+04] (610.0 ms)
[52,   834] grad_stats: [3.86e-05 2.02e-05] (1.24e-05, 2.78e-04)
avg. loss 1.92697359e-03
time taken for epoch 0:14:15.033073
Epoch 53
[53,     0] loss: 1.929722e-03 masks: 31.0 36.0 [wd: 2.31e-01] [lr: 6.55e-04] [mem: 2.19e+04] (641.4 ms)
[53,     0] grad_stats: [3.72e-05 1.92e-05] (1.21e-05, 2.55e-04)
[53,   417] loss: 1.924458e-03 masks: 48.1 33.3 [wd: 2.33e-01] [lr: 6.49e-04] [mem: 2.19e+04] (613.7 ms)
[53,   417] grad_stats: [5.18e-05 2.40e-05] (1.55e-05, 4.72e-04)
[53,   834] loss: 1.924564e-03 masks: 47.8 33.4 [wd: 2.35e-01] [lr: 6.42e-04] [mem: 2.19e+04] (611.7 ms)
[53,   834] grad_stats: [5.38e-05 2.43e-05] (1.54e-05, 4.61e-04)
avg. loss 1.92409400e-03
time taken for epoch 0:14:18.726230
Epoch 54
[54,     0] loss: 1.983425e-03 masks: 35.0 36.0 [wd: 2.37e-01] [lr: 6.36e-04] [mem: 2.19e+04] (668.1 ms)
[54,     0] grad_stats: [3.78e-05 2.04e-05] (1.32e-05, 5.34e-04)
[54,   417] loss: 1.915972e-03 masks: 47.1 33.5 [wd: 2.39e-01] [lr: 6.30e-04] [mem: 2.19e+04] (610.2 ms)
[54,   417] grad_stats: [2.99e-05 2.10e-05] (1.29e-05, 2.37e-04)
[54,   834] loss: 1.920756e-03 masks: 47.5 33.4 [wd: 2.41e-01] [lr: 6.23e-04] [mem: 2.19e+04] (610.4 ms)
[54,   834] grad_stats: [3.87e-05 2.54e-05] (1.65e-05, 4.17e-04)
avg. loss 1.92195417e-03
time taken for epoch 0:14:16.233195
Epoch 55
[55,     0] loss: 1.923495e-03 masks: 36.0 36.0 [wd: 2.43e-01] [lr: 6.17e-04] [mem: 2.19e+04] (617.5 ms)
[55,     0] grad_stats: [3.87e-05 2.21e-05] (1.38e-05, 3.02e-04)
[55,   417] loss: 1.913093e-03 masks: 47.8 33.3 [wd: 2.44e-01] [lr: 6.11e-04] [mem: 2.19e+04] (610.6 ms)
[55,   417] grad_stats: [3.96e-05 2.58e-05] (1.59e-05, 3.00e-04)
[55,   834] loss: 1.917186e-03 masks: 47.6 33.4 [wd: 2.46e-01] [lr: 6.04e-04] [mem: 2.19e+04] (608.9 ms)
[55,   834] grad_stats: [3.36e-05 2.09e-05] (1.27e-05, 3.57e-04)
avg. loss 1.91936611e-03
time taken for epoch 0:14:13.783182
Epoch 56
[56,     0] loss: 1.965100e-03 masks: 57.0 30.0 [wd: 2.48e-01] [lr: 5.98e-04] [mem: 2.19e+04] (646.6 ms)
[56,     0] grad_stats: [3.21e-05 2.46e-05] (1.57e-05, 3.45e-04)
[56,   417] loss: 1.915324e-03 masks: 48.1 33.2 [wd: 2.50e-01] [lr: 5.92e-04] [mem: 2.19e+04] (609.1 ms)
[56,   417] grad_stats: [4.08e-05 2.69e-05] (1.67e-05, 3.58e-04)
[56,   834] loss: 1.917086e-03 masks: 47.5 33.3 [wd: 2.52e-01] [lr: 5.85e-04] [mem: 2.19e+04] (608.7 ms)
[56,   834] grad_stats: [3.28e-05 2.16e-05] (1.38e-05, 2.99e-04)
avg. loss 1.91469622e-03
time taken for epoch 0:14:14.569517
Epoch 57
[57,     0] loss: 1.949604e-03 masks: 47.0 35.0 [wd: 2.54e-01] [lr: 5.79e-04] [mem: 2.19e+04] (676.0 ms)
[57,     0] grad_stats: [3.64e-05 2.31e-05] (1.46e-05, 3.97e-04)
[57,   417] loss: 1.915103e-03 masks: 48.3 33.1 [wd: 2.56e-01] [lr: 5.72e-04] [mem: 2.19e+04] (609.5 ms)
[57,   417] grad_stats: [4.17e-05 2.91e-05] (1.75e-05, 4.11e-04)
[57,   834] loss: 1.911048e-03 masks: 47.9 33.3 [wd: 2.57e-01] [lr: 5.66e-04] [mem: 2.19e+04] (610.4 ms)
[57,   834] grad_stats: [4.20e-05 2.05e-05] (1.33e-05, 3.12e-04)
avg. loss 1.91082342e-03
time taken for epoch 0:14:16.344629
Epoch 58
[58,     0] loss: 1.865119e-03 masks: 42.0 36.0 [wd: 2.59e-01] [lr: 5.59e-04] [mem: 2.19e+04] (636.7 ms)
[58,     0] grad_stats: [4.02e-05 2.32e-05] (1.46e-05, 3.42e-04)
[58,   417] loss: 1.920091e-03 masks: 48.2 33.1 [wd: 2.61e-01] [lr: 5.53e-04] [mem: 2.19e+04] (606.4 ms)
[58,   417] grad_stats: [6.48e-05 2.83e-05] (1.75e-05, 6.04e-04)
[58,   834] loss: 1.912198e-03 masks: 47.9 33.3 [wd: 2.63e-01] [lr: 5.46e-04] [mem: 2.19e+04] (608.1 ms)
[58,   834] grad_stats: [4.25e-05 2.80e-05] (1.77e-05, 4.43e-04)
avg. loss 1.91208889e-03
time taken for epoch 0:14:13.457965
Epoch 59
[59,     0] loss: 2.039978e-03 masks: 54.0 30.0 [wd: 2.65e-01] [lr: 5.40e-04] [mem: 2.19e+04] (632.2 ms)
[59,     0] grad_stats: [4.31e-05 2.81e-05] (1.80e-05, 3.53e-04)
[59,   417] loss: 1.903132e-03 masks: 47.5 33.4 [wd: 2.67e-01] [lr: 5.33e-04] [mem: 2.19e+04] (609.4 ms)
[59,   417] grad_stats: [3.35e-05 2.28e-05] (1.52e-05, 3.61e-04)
[59,   834] loss: 1.908042e-03 masks: 47.6 33.3 [wd: 2.68e-01] [lr: 5.27e-04] [mem: 2.19e+04] (610.2 ms)
[59,   834] grad_stats: [3.40e-05 2.39e-05] (1.50e-05, 4.33e-04)
avg. loss 1.90403919e-03
time taken for epoch 0:14:17.905255
Epoch 60
[60,     0] loss: 1.835849e-03 masks: 57.0 30.0 [wd: 2.70e-01] [lr: 5.20e-04] [mem: 2.19e+04] (638.1 ms)
[60,     0] grad_stats: [5.65e-05 2.48e-05] (1.61e-05, 4.45e-04)
[60,   417] loss: 1.895778e-03 masks: 47.7 33.5 [wd: 2.72e-01] [lr: 5.14e-04] [mem: 2.19e+04] (611.1 ms)
[60,   417] grad_stats: [3.68e-05 2.88e-05] (1.80e-05, 4.62e-04)
[60,   834] loss: 1.903891e-03 masks: 47.8 33.3 [wd: 2.74e-01] [lr: 5.07e-04] [mem: 2.19e+04] (611.4 ms)
[60,   834] grad_stats: [4.29e-05 2.51e-05] (1.61e-05, 4.67e-04)
avg. loss 1.90217315e-03
time taken for epoch 0:14:16.415314
Epoch 61
[61,     0] loss: 1.989156e-03 masks: 53.0 30.0 [wd: 2.76e-01] [lr: 5.00e-04] [mem: 2.19e+04] (646.1 ms)
[61,     0] grad_stats: [3.69e-05 2.88e-05] (1.82e-05, 3.84e-04)
[61,   417] loss: 1.895648e-03 masks: 47.7 33.4 [wd: 2.77e-01] [lr: 4.94e-04] [mem: 2.19e+04] (609.1 ms)
[61,   417] grad_stats: [3.86e-05 2.29e-05] (1.49e-05, 4.03e-04)
[61,   834] loss: 1.904787e-03 masks: 48.2 33.2 [wd: 2.79e-01] [lr: 4.87e-04] [mem: 2.19e+04] (608.1 ms)
[61,   834] grad_stats: [5.73e-05 3.02e-05] (1.89e-05, 5.18e-04)
avg. loss 1.90417290e-03
time taken for epoch 0:14:14.586710
Epoch 62
[62,     0] loss: 1.860585e-03 masks: 49.0 30.0 [wd: 2.81e-01] [lr: 4.81e-04] [mem: 2.19e+04] (619.1 ms)
[62,     0] grad_stats: [5.56e-05 2.70e-05] (1.75e-05, 5.70e-04)
[62,   417] loss: 1.895624e-03 masks: 48.1 33.3 [wd: 2.83e-01] [lr: 4.74e-04] [mem: 2.19e+04] (607.1 ms)
[62,   417] grad_stats: [4.05e-05 3.01e-05] (1.95e-05, 3.57e-04)
[62,   834] loss: 1.895983e-03 masks: 48.0 33.3 [wd: 2.85e-01] [lr: 4.68e-04] [mem: 2.19e+04] (608.0 ms)
[62,   834] grad_stats: [4.83e-05 3.03e-05] (1.95e-05, 4.35e-04)
avg. loss 1.89417212e-03
time taken for epoch 0:14:14.520964
Epoch 63
[63,     0] loss: 1.875555e-03 masks: 35.0 36.0 [wd: 2.86e-01] [lr: 4.61e-04] [mem: 2.19e+04] (644.4 ms)
[63,     0] grad_stats: [4.34e-05 2.32e-05] (1.51e-05, 3.13e-04)
[63,   417] loss: 1.888589e-03 masks: 47.7 33.5 [wd: 2.88e-01] [lr: 4.55e-04] [mem: 2.21e+04] (610.5 ms)
[63,   417] grad_stats: [4.17e-05 3.08e-05] (2.04e-05, 4.88e-04)
[63,   834] loss: 1.891284e-03 masks: 47.7 33.4 [wd: 2.90e-01] [lr: 4.48e-04] [mem: 2.21e+04] (611.0 ms)
[63,   834] grad_stats: [4.15e-05 3.22e-05] (2.06e-05, 4.09e-04)
avg. loss 1.89405937e-03
time taken for epoch 0:14:16.965981
Epoch 64
[64,     0] loss: 1.900387e-03 masks: 53.0 30.0 [wd: 2.91e-01] [lr: 4.42e-04] [mem: 2.21e+04] (634.7 ms)
[64,     0] grad_stats: [5.66e-05 2.94e-05] (1.85e-05, 5.62e-04)
[64,   417] loss: 1.885404e-03 masks: 46.8 33.6 [wd: 2.93e-01] [lr: 4.35e-04] [mem: 2.21e+04] (609.4 ms)
[64,   417] grad_stats: [4.36e-05 2.65e-05] (1.68e-05, 3.93e-04)
[64,   834] loss: 1.891299e-03 masks: 47.3 33.5 [wd: 2.95e-01] [lr: 4.29e-04] [mem: 2.21e+04] (610.0 ms)
[64,   834] grad_stats: [3.69e-05 2.24e-05] (1.46e-05, 3.55e-04)
avg. loss 1.89339888e-03
time taken for epoch 0:14:15.706385
Epoch 65
[65,     0] loss: 1.941479e-03 masks: 52.0 30.0 [wd: 2.97e-01] [lr: 4.22e-04] [mem: 2.21e+04] (590.2 ms)
[65,     0] grad_stats: [5.21e-05 3.18e-05] (1.99e-05, 4.87e-04)
[65,   417] loss: 1.899916e-03 masks: 48.0 33.2 [wd: 2.98e-01] [lr: 4.16e-04] [mem: 2.21e+04] (608.9 ms)
[65,   417] grad_stats: [3.94e-05 2.70e-05] (1.75e-05, 3.17e-04)
[65,   834] loss: 1.897035e-03 masks: 47.9 33.3 [wd: 3.00e-01] [lr: 4.09e-04] [mem: 2.21e+04] (609.8 ms)
[65,   834] grad_stats: [3.69e-05 2.54e-05] (1.63e-05, 3.16e-04)
avg. loss 1.89439692e-03
time taken for epoch 0:14:15.609943
Epoch 66
[66,     0] loss: 1.925746e-03 masks: 44.0 35.0 [wd: 3.02e-01] [lr: 4.03e-04] [mem: 2.21e+04] (632.0 ms)
[66,     0] grad_stats: [4.82e-05 3.05e-05] (1.92e-05, 3.74e-04)
[66,   417] loss: 1.887309e-03 masks: 47.2 33.4 [wd: 3.03e-01] [lr: 3.97e-04] [mem: 2.21e+04] (608.9 ms)
[66,   417] grad_stats: [4.45e-05 2.58e-05] (1.65e-05, 3.81e-04)
[66,   834] loss: 1.889531e-03 masks: 47.4 33.4 [wd: 3.05e-01] [lr: 3.90e-04] [mem: 2.21e+04] (609.3 ms)
[66,   834] grad_stats: [5.04e-05 3.45e-05] (2.23e-05, 4.58e-04)
avg. loss 1.88728288e-03
time taken for epoch 0:14:14.957764
Epoch 67
[67,     0] loss: 1.846453e-03 masks: 39.0 36.0 [wd: 3.07e-01] [lr: 3.84e-04] [mem: 2.21e+04] (671.3 ms)
[67,     0] grad_stats: [4.15e-05 2.85e-05] (1.77e-05, 3.93e-04)
[67,   417] loss: 1.888054e-03 masks: 46.9 33.5 [wd: 3.08e-01] [lr: 3.78e-04] [mem: 2.21e+04] (612.5 ms)
[67,   417] grad_stats: [4.70e-05 3.59e-05] (2.20e-05, 4.34e-04)
[67,   834] loss: 1.889252e-03 masks: 47.6 33.4 [wd: 3.10e-01] [lr: 3.71e-04] [mem: 2.21e+04] (610.6 ms)
[67,   834] grad_stats: [4.77e-05 2.86e-05] (1.82e-05, 4.39e-04)
avg. loss 1.88640029e-03
time taken for epoch 0:14:17.790913
Epoch 68
[68,     0] loss: 1.863951e-03 masks: 40.0 40.0 [wd: 3.12e-01] [lr: 3.65e-04] [mem: 2.21e+04] (650.8 ms)
[68,     0] grad_stats: [4.95e-05 3.17e-05] (2.06e-05, 4.38e-04)
[68,   417] loss: 1.881810e-03 masks: 47.7 33.4 [wd: 3.13e-01] [lr: 3.59e-04] [mem: 2.21e+04] (610.6 ms)
[68,   417] grad_stats: [4.93e-05 3.63e-05] (2.24e-05, 4.44e-04)
[68,   834] loss: 1.881482e-03 masks: 47.7 33.4 [wd: 3.15e-01] [lr: 3.52e-04] [mem: 2.21e+04] (608.1 ms)
[68,   834] grad_stats: [4.35e-05 2.93e-05] (1.88e-05, 4.34e-04)
avg. loss 1.88048712e-03
time taken for epoch 0:14:13.903187
Epoch 69
[69,     0] loss: 1.923126e-03 masks: 60.0 30.0 [wd: 3.16e-01] [lr: 3.46e-04] [mem: 2.21e+04] (638.6 ms)
[69,     0] grad_stats: [4.64e-05 3.51e-05] (2.24e-05, 4.35e-04)
[69,   417] loss: 1.874171e-03 masks: 47.1 33.5 [wd: 3.18e-01] [lr: 3.40e-04] [mem: 2.21e+04] (609.9 ms)
[69,   417] grad_stats: [7.58e-05 3.06e-05] (1.97e-05, 6.96e-04)
[69,   834] loss: 1.878339e-03 masks: 47.5 33.4 [wd: 3.20e-01] [lr: 3.34e-04] [mem: 2.21e+04] (608.6 ms)
[69,   834] grad_stats: [3.85e-05 3.09e-05] (1.96e-05, 3.95e-04)
avg. loss 1.88001117e-03
time taken for epoch 0:14:15.488825
Epoch 70
[70,     0] loss: 1.724107e-03 masks: 50.0 36.0 [wd: 3.21e-01] [lr: 3.28e-04] [mem: 2.21e+04] (684.5 ms)
[70,     0] grad_stats: [4.54e-05 3.08e-05] (2.02e-05, 6.31e-04)
[70,   417] loss: 1.877509e-03 masks: 47.6 33.4 [wd: 3.23e-01] [lr: 3.21e-04] [mem: 2.21e+04] (605.6 ms)
[70,   417] grad_stats: [5.01e-05 3.89e-05] (2.46e-05, 4.84e-04)
[70,   834] loss: 1.878140e-03 masks: 47.7 33.4 [wd: 3.24e-01] [lr: 3.15e-04] [mem: 2.21e+04] (608.3 ms)
[70,   834] grad_stats: [7.79e-05 3.83e-05] (2.53e-05, 6.73e-04)
avg. loss 1.88162126e-03
time taken for epoch 0:14:12.973400
Epoch 71
[71,     0] loss: 1.888721e-03 masks: 36.0 36.0 [wd: 3.26e-01] [lr: 3.09e-04] [mem: 2.21e+04] (621.9 ms)
[71,     0] grad_stats: [3.99e-05 3.23e-05] (2.05e-05, 3.51e-04)
[71,   417] loss: 1.873654e-03 masks: 47.7 33.3 [wd: 3.27e-01] [lr: 3.03e-04] [mem: 2.21e+04] (611.0 ms)
[71,   417] grad_stats: [4.74e-05 3.98e-05] (2.47e-05, 6.03e-04)
[71,   834] loss: 1.877936e-03 masks: 47.8 33.3 [wd: 3.29e-01] [lr: 2.97e-04] [mem: 2.21e+04] (609.9 ms)
[71,   834] grad_stats: [4.26e-05 3.06e-05] (1.90e-05, 4.31e-04)
avg. loss 1.87692176e-03
time taken for epoch 0:14:15.959252
Epoch 72
[72,     0] loss: 1.950614e-03 masks: 38.0 35.0 [wd: 3.30e-01] [lr: 2.91e-04] [mem: 2.21e+04] (618.9 ms)
[72,     0] grad_stats: [5.32e-05 3.58e-05] (2.25e-05, 5.46e-04)
[72,   417] loss: 1.874756e-03 masks: 48.0 33.3 [wd: 3.32e-01] [lr: 2.85e-04] [mem: 2.21e+04] (609.7 ms)
[72,   417] grad_stats: [4.61e-05 3.28e-05] (2.11e-05, 4.01e-04)
[72,   834] loss: 1.876113e-03 masks: 47.7 33.3 [wd: 3.33e-01] [lr: 2.80e-04] [mem: 2.21e+04] (607.7 ms)
[72,   834] grad_stats: [5.11e-05 3.86e-05] (2.58e-05, 4.58e-04)
avg. loss 1.87532117e-03
time taken for epoch 0:14:11.516059
Epoch 73
[73,     0] loss: 1.791487e-03 masks: 39.0 36.0 [wd: 3.35e-01] [lr: 2.74e-04] [mem: 2.21e+04] (623.5 ms)
[73,     0] grad_stats: [4.57e-05 3.34e-05] (2.18e-05, 4.94e-04)
[73,   417] loss: 1.864203e-03 masks: 47.6 33.5 [wd: 3.36e-01] [lr: 2.68e-04] [mem: 2.21e+04] (611.5 ms)
[73,   417] grad_stats: [4.58e-05 4.15e-05] (2.59e-05, 6.89e-04)
[73,   834] loss: 1.868706e-03 masks: 47.9 33.3 [wd: 3.38e-01] [lr: 2.62e-04] [mem: 2.21e+04] (609.5 ms)
[73,   834] grad_stats: [5.44e-05 4.27e-05] (2.76e-05, 7.12e-04)
avg. loss 1.86820160e-03
time taken for epoch 0:14:16.188734
Epoch 74
[74,     0] loss: 1.916822e-03 masks: 43.0 36.0 [wd: 3.39e-01] [lr: 2.56e-04] [mem: 2.21e+04] (625.6 ms)
[74,     0] grad_stats: [5.15e-05 3.78e-05] (2.34e-05, 4.63e-04)
[74,   417] loss: 1.864561e-03 masks: 47.2 33.5 [wd: 3.40e-01] [lr: 2.51e-04] [mem: 2.21e+04] (612.6 ms)
[74,   417] grad_stats: [5.15e-05 4.18e-05] (2.76e-05, 5.64e-04)
[74,   834] loss: 1.865590e-03 masks: 47.4 33.4 [wd: 3.42e-01] [lr: 2.45e-04] [mem: 2.21e+04] (612.1 ms)
[74,   834] grad_stats: [6.61e-05 4.49e-05] (2.80e-05, 6.15e-04)
avg. loss 1.86615607e-03
time taken for epoch 0:14:17.708582
Epoch 75
[75,     0] loss: 1.839601e-03 masks: 58.0 30.0 [wd: 3.43e-01] [lr: 2.39e-04] [mem: 2.21e+04] (662.4 ms)
[75,     0] grad_stats: [5.12e-05 3.61e-05] (2.42e-05, 4.68e-04)
[75,   417] loss: 1.855903e-03 masks: 47.1 33.6 [wd: 3.45e-01] [lr: 2.34e-04] [mem: 2.21e+04] (612.6 ms)
[75,   417] grad_stats: [5.89e-05 4.25e-05] (2.77e-05, 5.59e-04)
[75,   834] loss: 1.852771e-03 masks: 46.8 33.7 [wd: 3.46e-01] [lr: 2.28e-04] [mem: 2.21e+04] (611.9 ms)
[75,   834] grad_stats: [5.23e-05 4.43e-05] (2.87e-05, 5.76e-04)
avg. loss 1.85518529e-03
time taken for epoch 0:14:18.834565
Epoch 76
[76,     0] loss: 1.881342e-03 masks: 59.0 30.0 [wd: 3.47e-01] [lr: 2.23e-04] [mem: 2.21e+04] (637.1 ms)
[76,     0] grad_stats: [5.15e-05 3.91e-05] (2.55e-05, 6.18e-04)
[76,   417] loss: 1.845440e-03 masks: 47.8 33.4 [wd: 3.49e-01] [lr: 2.18e-04] [mem: 2.21e+04] (614.9 ms)
[76,   417] grad_stats: [4.58e-05 3.71e-05] (2.40e-05, 5.69e-04)
[76,   834] loss: 1.846746e-03 masks: 47.5 33.5 [wd: 3.50e-01] [lr: 2.12e-04] [mem: 2.21e+04] (613.3 ms)
[76,   834] grad_stats: [6.67e-05 4.69e-05] (2.96e-05, 7.06e-04)
avg. loss 1.85125528e-03
time taken for epoch 0:14:19.065795
Epoch 77
[77,     0] loss: 1.819538e-03 masks: 48.0 35.0 [wd: 3.51e-01] [lr: 2.07e-04] [mem: 2.21e+04] (641.2 ms)
[77,     0] grad_stats: [5.19e-05 4.26e-05] (2.76e-05, 6.45e-04)
[77,   417] loss: 1.843294e-03 masks: 47.7 33.4 [wd: 3.53e-01] [lr: 2.02e-04] [mem: 2.21e+04] (609.4 ms)
[77,   417] grad_stats: [5.45e-05 4.07e-05] (2.57e-05, 5.05e-04)
[77,   834] loss: 1.844497e-03 masks: 47.6 33.4 [wd: 3.54e-01] [lr: 1.96e-04] [mem: 2.21e+04] (609.8 ms)
[77,   834] grad_stats: [5.52e-05 3.53e-05] (2.35e-05, 4.43e-04)
avg. loss 1.84212571e-03
time taken for epoch 0:14:15.151158
Epoch 78
[78,     0] loss: 1.724408e-03 masks: 40.0 40.0 [wd: 3.55e-01] [lr: 1.91e-04] [mem: 2.21e+04] (646.9 ms)
[78,     0] grad_stats: [4.74e-05 3.72e-05] (2.45e-05, 6.41e-04)
[78,   417] loss: 1.837471e-03 masks: 47.8 33.4 [wd: 3.56e-01] [lr: 1.86e-04] [mem: 2.21e+04] (609.8 ms)
[78,   417] grad_stats: [5.93e-05 4.68e-05] (3.14e-05, 6.77e-04)
[78,   834] loss: 1.840847e-03 masks: 47.6 33.4 [wd: 3.57e-01] [lr: 1.81e-04] [mem: 2.21e+04] (609.8 ms)
[78,   834] grad_stats: [4.66e-05 4.05e-05] (2.61e-05, 5.36e-04)
avg. loss 1.83891030e-03
time taken for epoch 0:14:16.047561
Epoch 79
[79,     0] loss: 1.890284e-03 masks: 42.0 36.0 [wd: 3.59e-01] [lr: 1.76e-04] [mem: 2.21e+04] (647.7 ms)
[79,     0] grad_stats: [5.19e-05 4.17e-05] (2.72e-05, 4.69e-04)
[79,   417] loss: 1.828386e-03 masks: 47.5 33.5 [wd: 3.60e-01] [lr: 1.71e-04] [mem: 2.21e+04] (613.2 ms)
[79,   417] grad_stats: [4.62e-05 3.97e-05] (2.61e-05, 5.03e-04)
[79,   834] loss: 1.828286e-03 masks: 47.1 33.6 [wd: 3.61e-01] [lr: 1.66e-04] [mem: 2.21e+04] (612.7 ms)
[79,   834] grad_stats: [6.01e-05 5.00e-05] (3.10e-05, 6.10e-04)
avg. loss 1.83137484e-03
time taken for epoch 0:14:19.851661
Epoch 80
[80,     0] loss: 1.876176e-03 masks: 58.0 30.0 [wd: 3.62e-01] [lr: 1.61e-04] [mem: 2.21e+04] (626.0 ms)
[80,     0] grad_stats: [6.33e-05 4.42e-05] (2.97e-05, 6.31e-04)
[80,   417] loss: 1.828042e-03 masks: 47.6 33.4 [wd: 3.63e-01] [lr: 1.57e-04] [mem: 2.21e+04] (610.5 ms)
[80,   417] grad_stats: [5.68e-05 5.04e-05] (3.28e-05, 7.27e-04)
[80,   834] loss: 1.829123e-03 masks: 47.8 33.3 [wd: 3.65e-01] [lr: 1.52e-04] [mem: 2.21e+04] (609.0 ms)
[80,   834] grad_stats: [5.10e-05 4.18e-05] (2.81e-05, 5.70e-04)
avg. loss 1.82935277e-03
time taken for epoch 0:14:13.595503
Epoch 81
[81,     0] loss: 1.823097e-03 masks: 58.0 30.0 [wd: 3.66e-01] [lr: 1.47e-04] [mem: 2.21e+04] (648.3 ms)
[81,     0] grad_stats: [4.96e-05 4.56e-05] (3.07e-05, 5.48e-04)
[81,   417] loss: 1.826799e-03 masks: 47.4 33.4 [wd: 3.67e-01] [lr: 1.43e-04] [mem: 2.21e+04] (611.2 ms)
[81,   417] grad_stats: [4.70e-05 3.59e-05] (2.50e-05, 5.16e-04)
[81,   834] loss: 1.831538e-03 masks: 47.8 33.3 [wd: 3.68e-01] [lr: 1.38e-04] [mem: 2.21e+04] (610.8 ms)
[81,   834] grad_stats: [5.74e-05 5.20e-05] (3.50e-05, 7.68e-04)
avg. loss 1.82926473e-03
time taken for epoch 0:14:16.236689
Epoch 82
[82,     0] loss: 1.801529e-03 masks: 61.0 30.0 [wd: 3.69e-01] [lr: 1.34e-04] [mem: 2.21e+04] (668.8 ms)
[82,     0] grad_stats: [5.60e-05 4.85e-05] (3.31e-05, 7.13e-04)
[82,   417] loss: 1.824974e-03 masks: 47.8 33.3 [wd: 3.70e-01] [lr: 1.29e-04] [mem: 2.21e+04] (609.6 ms)
[82,   417] grad_stats: [7.70e-05 5.34e-05] (3.58e-05, 8.99e-04)
[82,   834] loss: 1.823477e-03 masks: 47.6 33.3 [wd: 3.71e-01] [lr: 1.25e-04] [mem: 2.21e+04] (610.1 ms)
[82,   834] grad_stats: [6.33e-05 4.42e-05] (2.97e-05, 6.80e-04)
avg. loss 1.82075626e-03
time taken for epoch 0:14:15.148617
Epoch 83
[83,     0] loss: 1.712606e-03 masks: 47.0 35.0 [wd: 3.72e-01] [lr: 1.21e-04] [mem: 2.21e+04] (652.4 ms)
[83,     0] grad_stats: [5.57e-05 4.23e-05] (2.89e-05, 5.74e-04)
[83,   417] loss: 1.811571e-03 masks: 47.8 33.5 [wd: 3.73e-01] [lr: 1.16e-04] [mem: 2.21e+04] (612.5 ms)
[83,   417] grad_stats: [4.97e-05 4.53e-05] (3.05e-05, 6.77e-04)
[83,   834] loss: 1.815633e-03 masks: 47.6 33.4 [wd: 3.74e-01] [lr: 1.12e-04] [mem: 2.21e+04] (610.2 ms)
[83,   834] grad_stats: [5.60e-05 5.47e-05] (3.63e-05, 7.51e-04)
avg. loss 1.81352890e-03
time taken for epoch 0:14:15.303222
Epoch 84
[84,     0] loss: 1.726177e-03 masks: 48.0 35.0 [wd: 3.75e-01] [lr: 1.08e-04] [mem: 2.21e+04] (619.9 ms)
[84,     0] grad_stats: [5.62e-05 4.62e-05] (3.29e-05, 5.93e-04)
[84,   417] loss: 1.801859e-03 masks: 47.6 33.5 [wd: 3.76e-01] [lr: 1.04e-04] [mem: 2.21e+04] (610.5 ms)
[84,   417] grad_stats: [6.58e-05 4.62e-05] (3.04e-05, 7.12e-04)
[84,   834] loss: 1.808375e-03 masks: 48.0 33.3 [wd: 3.77e-01] [lr: 1.00e-04] [mem: 2.21e+04] (608.9 ms)
[84,   834] grad_stats: [5.93e-05 4.81e-05] (3.36e-05, 7.51e-04)
avg. loss 1.80621415e-03
time taken for epoch 0:14:13.696904
Epoch 85
[85,     0] loss: 1.719964e-03 masks: 39.0 35.0 [wd: 3.78e-01] [lr: 9.64e-05] [mem: 2.21e+04] (627.5 ms)
[85,     0] grad_stats: [5.83e-05 4.68e-05] (3.23e-05, 6.44e-04)
[85,   417] loss: 1.801395e-03 masks: 47.8 33.4 [wd: 3.79e-01] [lr: 9.26e-05] [mem: 2.21e+04] (610.6 ms)
[85,   417] grad_stats: [5.25e-05 4.46e-05] (3.11e-05, 5.43e-04)
[85,   834] loss: 1.797658e-03 masks: 47.6 33.4 [wd: 3.80e-01] [lr: 8.88e-05] [mem: 2.21e+04] (608.9 ms)
[85,   834] grad_stats: [5.21e-05 4.96e-05] (3.40e-05, 6.33e-04)
avg. loss 1.79790119e-03
time taken for epoch 0:14:15.749739
Epoch 86
[86,     0] loss: 1.808356e-03 masks: 41.0 36.0 [wd: 3.80e-01] [lr: 8.52e-05] [mem: 2.21e+04] (657.4 ms)
[86,     0] grad_stats: [5.60e-05 5.23e-05] (3.65e-05, 6.59e-04)
[86,   417] loss: 1.791132e-03 masks: 47.2 33.5 [wd: 3.81e-01] [lr: 8.16e-05] [mem: 2.21e+04] (610.9 ms)
[86,   417] grad_stats: [5.46e-05 5.07e-05] (3.50e-05, 7.50e-04)
[86,   834] loss: 1.789631e-03 masks: 47.5 33.5 [wd: 3.82e-01] [lr: 7.81e-05] [mem: 2.21e+04] (610.6 ms)
[86,   834] grad_stats: [5.34e-05 5.69e-05] (4.01e-05, 5.81e-04)
avg. loss 1.79302255e-03
time taken for epoch 0:14:15.437048
Epoch 87
[87,     0] loss: 1.764739e-03 masks: 55.0 30.0 [wd: 3.83e-01] [lr: 7.46e-05] [mem: 2.21e+04] (656.7 ms)
[87,     0] grad_stats: [5.66e-05 5.03e-05] (3.54e-05, 7.83e-04)
[87,   417] loss: 1.785517e-03 masks: 47.6 33.5 [wd: 3.84e-01] [lr: 7.12e-05] [mem: 2.21e+04] (613.4 ms)
[87,   417] grad_stats: [6.53e-05 4.69e-05] (3.40e-05, 6.59e-04)
[87,   834] loss: 1.783048e-03 masks: 47.3 33.6 [wd: 3.84e-01] [lr: 6.79e-05] [mem: 2.21e+04] (611.6 ms)
[87,   834] grad_stats: [6.42e-05 6.03e-05] (4.14e-05, 1.06e-03)
avg. loss 1.78295992e-03
time taken for epoch 0:14:14.889249
Epoch 88
[88,     0] loss: 1.783247e-03 masks: 57.0 30.0 [wd: 3.85e-01] [lr: 6.47e-05] [mem: 2.21e+04] (663.2 ms)
[88,     0] grad_stats: [6.26e-05 5.57e-05] (3.88e-05, 8.01e-04)
[88,   417] loss: 1.782604e-03 masks: 48.3 33.2 [wd: 3.86e-01] [lr: 6.15e-05] [mem: 2.21e+04] (608.5 ms)
[88,   417] grad_stats: [7.25e-05 5.08e-05] (3.63e-05, 8.54e-04)
[88,   834] loss: 1.777612e-03 masks: 47.8 33.4 [wd: 3.87e-01] [lr: 5.84e-05] [mem: 2.21e+04] (609.6 ms)
[88,   834] grad_stats: [5.86e-05 4.94e-05] (3.67e-05, 7.42e-04)
avg. loss 1.77847651e-03
time taken for epoch 0:14:15.145266
Epoch 89
[89,     0] loss: 1.705461e-03 masks: 47.0 35.0 [wd: 3.87e-01] [lr: 5.54e-05] [mem: 2.21e+04] (668.3 ms)
[89,     0] grad_stats: [6.17e-05 5.41e-05] (3.91e-05, 8.24e-04)
[89,   417] loss: 1.775933e-03 masks: 47.2 33.4 [wd: 3.88e-01] [lr: 5.25e-05] [mem: 2.21e+04] (609.9 ms)
[89,   417] grad_stats: [6.06e-05 6.02e-05] (4.53e-05, 7.88e-04)
[89,   834] loss: 1.777817e-03 masks: 47.2 33.3 [wd: 3.89e-01] [lr: 4.97e-05] [mem: 2.21e+04] (609.6 ms)
[89,   834] grad_stats: [6.23e-05 5.34e-05] (4.03e-05, 8.47e-04)
avg. loss 1.77537195e-03
time taken for epoch 0:14:17.073467
Epoch 90
[90,     0] loss: 1.774833e-03 masks: 54.0 30.0 [wd: 3.89e-01] [lr: 4.69e-05] [mem: 2.21e+04] (622.7 ms)
[90,     0] grad_stats: [6.49e-05 5.43e-05] (4.05e-05, 7.51e-04)
[90,   417] loss: 1.769086e-03 masks: 47.8 33.2 [wd: 3.90e-01] [lr: 4.42e-05] [mem: 2.21e+04] (610.9 ms)
[90,   417] grad_stats: [6.51e-05 5.15e-05] (3.82e-05, 8.15e-04)
[90,   834] loss: 1.763747e-03 masks: 47.4 33.4 [wd: 3.91e-01] [lr: 4.16e-05] [mem: 2.21e+04] (610.9 ms)
[90,   834] grad_stats: [7.74e-05 6.23e-05] (4.84e-05, 9.74e-04)
avg. loss 1.76342524e-03
time taken for epoch 0:14:15.703980
Epoch 91
[91,     0] loss: 1.742730e-03 masks: 52.0 30.0 [wd: 3.91e-01] [lr: 3.90e-05] [mem: 2.21e+04] (644.1 ms)
[91,     0] grad_stats: [6.93e-05 5.50e-05] (4.07e-05, 8.43e-04)
[91,   417] loss: 1.758106e-03 masks: 47.4 33.4 [wd: 3.92e-01] [lr: 3.66e-05] [mem: 2.21e+04] (604.4 ms)
[91,   417] grad_stats: [6.13e-05 5.33e-05] (4.14e-05, 8.60e-04)
[91,   834] loss: 1.760060e-03 masks: 47.7 33.3 [wd: 3.92e-01] [lr: 3.42e-05] [mem: 2.21e+04] (607.3 ms)
[91,   834] grad_stats: [7.40e-05 6.45e-05] (5.00e-05, 9.95e-04)
avg. loss 1.76124853e-03
time taken for epoch 0:14:13.941622
Epoch 92
[92,     0] loss: 1.792275e-03 masks: 37.0 36.0 [wd: 3.93e-01] [lr: 3.19e-05] [mem: 2.21e+04] (639.1 ms)
[92,     0] grad_stats: [6.95e-05 5.42e-05] (4.24e-05, 8.66e-04)
[92,   417] loss: 1.746307e-03 masks: 47.6 33.5 [wd: 3.93e-01] [lr: 2.96e-05] [mem: 2.21e+04] (611.9 ms)
[92,   417] grad_stats: [5.41e-05 5.62e-05] (4.21e-05, 7.79e-04)
[92,   834] loss: 1.748674e-03 masks: 47.5 33.5 [wd: 3.94e-01] [lr: 2.75e-05] [mem: 2.21e+04] (609.2 ms)
[92,   834] grad_stats: [6.72e-05 6.43e-05] (4.98e-05, 1.09e-03)
avg. loss 1.74811156e-03
time taken for epoch 0:14:14.229566
Epoch 93
[93,     0] loss: 1.821971e-03 masks: 37.0 35.0 [wd: 3.94e-01] [lr: 2.54e-05] [mem: 2.21e+04] (601.3 ms)
[93,     0] grad_stats: [5.72e-05 5.91e-05] (4.64e-05, 9.67e-04)
[93,   417] loss: 1.748453e-03 masks: 47.9 33.2 [wd: 3.95e-01] [lr: 2.35e-05] [mem: 2.21e+04] (606.2 ms)
[93,   417] grad_stats: [5.85e-05 5.31e-05] (4.13e-05, 8.21e-04)
[93,   834] loss: 1.743830e-03 masks: 47.6 33.4 [wd: 3.95e-01] [lr: 2.16e-05] [mem: 2.21e+04] (607.1 ms)
[93,   834] grad_stats: [5.91e-05 5.67e-05] (4.42e-05, 6.95e-04)
avg. loss 1.74197819e-03
time taken for epoch 0:14:12.833799
Epoch 94
[94,     0] loss: 1.759257e-03 masks: 55.0 30.0 [wd: 3.96e-01] [lr: 1.97e-05] [mem: 2.21e+04] (622.3 ms)
[94,     0] grad_stats: [5.94e-05 6.20e-05] (4.85e-05, 7.94e-04)
[94,   417] loss: 1.730866e-03 masks: 47.6 33.5 [wd: 3.96e-01] [lr: 1.80e-05] [mem: 2.21e+04] (613.5 ms)
[94,   417] grad_stats: [6.16e-05 5.62e-05] (4.44e-05, 7.67e-04)
[94,   834] loss: 1.731112e-03 masks: 47.4 33.5 [wd: 3.96e-01] [lr: 1.64e-05] [mem: 2.21e+04] (613.6 ms)
[94,   834] grad_stats: [6.74e-05 5.30e-05] (4.17e-05, 8.92e-04)
avg. loss 1.73102140e-03
time taken for epoch 0:14:19.889648
Epoch 95
[95,     0] loss: 1.748156e-03 masks: 55.0 30.0 [wd: 3.97e-01] [lr: 1.48e-05] [mem: 2.21e+04] (627.4 ms)
[95,     0] grad_stats: [6.58e-05 6.02e-05] (4.91e-05, 9.37e-04)
[95,   417] loss: 1.728225e-03 masks: 48.0 33.3 [wd: 3.97e-01] [lr: 1.33e-05] [mem: 2.21e+04] (609.8 ms)
[95,   417] grad_stats: [5.99e-05 5.66e-05] (4.58e-05, 8.85e-04)
[95,   834] loss: 1.723987e-03 masks: 47.5 33.5 [wd: 3.97e-01] [lr: 1.19e-05] [mem: 2.21e+04] (609.0 ms)
[95,   834] grad_stats: [5.93e-05 5.54e-05] (4.40e-05, 1.02e-03)
avg. loss 1.72591432e-03
time taken for epoch 0:14:14.405083
Epoch 96
[96,     0] loss: 1.729830e-03 masks: 48.0 35.0 [wd: 3.98e-01] [lr: 1.06e-05] [mem: 2.21e+04] (669.1 ms)
[96,     0] grad_stats: [6.34e-05 6.39e-05] (5.14e-05, 9.42e-04)
[96,   417] loss: 1.727759e-03 masks: 47.4 33.4 [wd: 3.98e-01] [lr: 9.36e-06] [mem: 2.21e+04] (608.1 ms)
[96,   417] grad_stats: [5.38e-05 6.69e-05] (5.38e-05, 9.98e-04)
[96,   834] loss: 1.722599e-03 masks: 47.2 33.5 [wd: 3.98e-01] [lr: 8.21e-06] [mem: 2.21e+04] (609.0 ms)
[96,   834] grad_stats: [5.34e-05 5.68e-05] (4.60e-05, 7.26e-04)
avg. loss 1.72295226e-03
time taken for epoch 0:14:14.834486
Epoch 97
[97,     0] loss: 1.599413e-03 masks: 49.0 35.0 [wd: 3.99e-01] [lr: 7.15e-06] [mem: 2.21e+04] (643.3 ms)
[97,     0] grad_stats: [5.54e-05 5.49e-05] (4.38e-05, 8.42e-04)
[97,   417] loss: 1.722178e-03 masks: 48.1 33.3 [wd: 3.99e-01] [lr: 6.17e-06] [mem: 2.21e+04] (609.7 ms)
[97,   417] grad_stats: [5.87e-05 6.50e-05] (5.40e-05, 8.93e-04)
[97,   834] loss: 1.722060e-03 masks: 48.0 33.3 [wd: 3.99e-01] [lr: 5.27e-06] [mem: 2.21e+04] (610.6 ms)
[97,   834] grad_stats: [6.41e-05 4.77e-05] (3.91e-05, 9.82e-04)
avg. loss 1.71981671e-03
time taken for epoch 0:14:18.353707
Epoch 98
[98,     0] loss: 1.716637e-03 masks: 38.0 35.0 [wd: 3.99e-01] [lr: 4.46e-06] [mem: 2.21e+04] (647.6 ms)
[98,     0] grad_stats: [6.05e-05 5.51e-05] (4.57e-05, 8.54e-04)
[98,   417] loss: 1.714491e-03 masks: 47.6 33.4 [wd: 3.99e-01] [lr: 3.73e-06] [mem: 2.21e+04] (613.6 ms)
[98,   417] grad_stats: [5.65e-05 5.71e-05] (4.66e-05, 8.03e-04)
[98,   834] loss: 1.715952e-03 masks: 47.8 33.4 [wd: 4.00e-01] [lr: 3.09e-06] [mem: 2.21e+04] (613.5 ms)
[98,   834] grad_stats: [5.87e-05 5.66e-05] (4.63e-05, 1.07e-03)
avg. loss 1.71483597e-03
time taken for epoch 0:14:19.290487
Epoch 99
[99,     0] loss: 1.640556e-03 masks: 54.0 30.0 [wd: 4.00e-01] [lr: 2.54e-06] [mem: 2.21e+04] (617.2 ms)
[99,     0] grad_stats: [5.17e-05 5.77e-05] (4.79e-05, 8.34e-04)
[99,   417] loss: 1.719813e-03 masks: 48.1 33.1 [wd: 4.00e-01] [lr: 2.07e-06] [mem: 2.21e+04] (612.7 ms)
[99,   417] grad_stats: [5.23e-05 6.38e-05] (5.23e-05, 7.78e-04)
[99,   834] loss: 1.714510e-03 masks: 48.1 33.3 [wd: 4.00e-01] [lr: 1.68e-06] [mem: 2.21e+04] (613.6 ms)
[99,   834] grad_stats: [5.80e-05 6.53e-05] (5.49e-05, 9.87e-04)
avg. loss 1.71614627e-03
time taken for epoch 0:14:20.857351
Epoch 100
[100,     0] loss: 1.721199e-03 masks: 58.0 30.0 [wd: 4.00e-01] [lr: 1.38e-06] [mem: 2.21e+04] (654.4 ms)
[100,     0] grad_stats: [5.44e-05 6.17e-05] (5.11e-05, 9.82e-04)
[100,   417] loss: 1.718923e-03 masks: 48.8 33.0 [wd: 4.00e-01] [lr: 1.17e-06] [mem: 2.21e+04] (612.6 ms)
[100,   417] grad_stats: [5.24e-05 5.67e-05] (4.67e-05, 7.95e-04)
[100,   834] loss: 1.711147e-03 masks: 48.1 33.3 [wd: 4.00e-01] [lr: 1.04e-06] [mem: 2.21e+04] (613.2 ms)
[100,   834] grad_stats: [6.24e-05 5.51e-05] (4.62e-05, 9.30e-04)
avg. loss 1.71129238e-03
time taken for epoch 0:14:18.289739
Total pretraining time 23:47:51.703444
