VisionTransformer(
  (patch_embed): PatchEmbed(
    (proj): Conv2d(3, 768, kernel_size=(15, 15), stride=(15, 15))
  )
  (blocks): ModuleList(
    (0-11): 12 x Block(
      (norm1): LayerNorm((768,), eps=1e-06, elementwise_affine=True)
      (attn): Attention(
        (qkv): Linear(in_features=768, out_features=2304, bias=True)
        (attn_drop): Dropout(p=0.0, inplace=False)
        (proj): Linear(in_features=768, out_features=768, bias=True)
        (proj_drop): Dropout(p=0.0, inplace=False)
      )
      (drop_path): Identity()
      (norm2): LayerNorm((768,), eps=1e-06, elementwise_affine=True)
      (mlp): MLP(
        (fc1): Linear(in_features=768, out_features=3072, bias=True)
        (act): GELU(approximate='none')
        (fc2): Linear(in_features=3072, out_features=768, bias=True)
        (drop): Dropout(p=0.0, inplace=False)
      )
    )
  )
  (norm): LayerNorm((768,), eps=1e-06, elementwise_affine=True)
)
making imagenet data transforms
data-path datasets/iic/train/
Initialized ImageNet
ImageNet dataset created
ImageNet unsupervised data loader created
Using AdamW
loaded pretrained encoder from epoch 499 with msg: <All keys matched successfully>
loaded pretrained encoder from epoch 499 with msg: <All keys matched successfully>
loaded pretrained encoder from epoch 499 with msg: <All keys matched successfully>
loaded optimizers from epoch 499
read-path: logs_PKT_chunks_different_seeds/iic-train-l2-pkt-chunks-seed3/jepa-iic-ep500.pth.tar
Starting
Iteration: 0
z[:100] values: tensor([[[ 0.1362, -0.0058, -0.0056,  ..., -0.0059,  0.2802, -0.0821],
         [ 0.0642, -0.0077, -0.0073,  ..., -0.0076,  0.2924, -0.0670],
         [-0.0357, -0.0107, -0.0102,  ..., -0.0105,  0.3389, -0.0476],
         ...,
         [-0.0735,  0.0112,  0.0116,  ...,  0.0112,  0.5124,  0.0573],
         [-0.2389,  0.0093,  0.0099,  ...,  0.0096,  0.5373,  0.0428],
         [-0.2542,  0.0082,  0.0089,  ...,  0.0087,  0.5491,  0.0284]],

        [[-0.1842, -0.0148, -0.0143,  ..., -0.0143, -0.0959, -0.0341],
         [-0.1993, -0.0145, -0.0139,  ..., -0.0139, -0.0570, -0.0641],
         [-0.1173, -0.0147, -0.0143,  ..., -0.0143, -0.0462, -0.0829],
         ...,
         [-0.1411,  0.0032,  0.0038,  ...,  0.0034,  0.2866,  0.0799],
         [-0.0431,  0.0028,  0.0033,  ...,  0.0028,  0.2966,  0.0762],
         [ 0.0904,  0.0024,  0.0027,  ...,  0.0021,  0.3090,  0.0823]],

        [[-0.0185, -0.0144, -0.0140,  ..., -0.0145,  0.1715,  0.0592],
         [-0.0374, -0.0147, -0.0143,  ..., -0.0148,  0.2167,  0.0652],
         [ 0.0481, -0.0139, -0.0136,  ..., -0.0142,  0.2350,  0.0636],
         ...,
         [-0.1300,  0.0037,  0.0042,  ...,  0.0036,  0.1625,  0.1329],
         [-0.0299,  0.0027,  0.0032,  ...,  0.0026,  0.1940,  0.1132],
         [ 0.1082,  0.0024,  0.0027,  ...,  0.0020,  0.2264,  0.0925]],

        ...,

        [[ 0.1108,  0.0114,  0.0115,  ...,  0.0107, -0.0808,  0.2765],
         [ 0.2279,  0.0354,  0.0356,  ...,  0.0346,  0.3396,  0.1515],
         [ 0.0692,  0.0341,  0.0344,  ...,  0.0335,  0.3759,  0.0945],
         ...,
         [ 0.1672,  0.0245,  0.0248,  ...,  0.0240,  0.2786,  0.1432],
         [ 0.0227,  0.0223,  0.0227,  ...,  0.0221,  0.3088,  0.1141],
         [-0.1047,  0.0201,  0.0207,  ...,  0.0201,  0.3249,  0.0962]],

        [[-0.0343,  0.0033,  0.0037,  ...,  0.0031,  0.1248,  0.0301],
         [ 0.1136,  0.0097,  0.0099,  ...,  0.0092,  0.1121,  0.0491],
         [ 0.1307,  0.0241,  0.0243,  ...,  0.0235,  0.1624,  0.1005],
         ...,
         [ 0.1329,  0.0172,  0.0174,  ...,  0.0167,  0.1580,  0.0809],
         [ 0.1803,  0.0332,  0.0333,  ...,  0.0325,  0.2329,  0.1153],
         [ 0.0734,  0.0380,  0.0383,  ...,  0.0375,  0.2909,  0.1165]],

        [[ 0.0526,  0.0233,  0.0239,  ...,  0.0230,  0.2638,  0.1133],
         [ 0.2057,  0.0250,  0.0254,  ...,  0.0244,  0.2474,  0.1132],
         [ 0.2070,  0.0242,  0.0246,  ...,  0.0236,  0.2326,  0.1152],
         ...,
         [ 0.1985,  0.0204,  0.0208,  ...,  0.0198,  0.1848,  0.1034],
         [ 0.1951,  0.0191,  0.0195,  ...,  0.0185,  0.1725,  0.1058],
         [ 0.0542,  0.0167,  0.0173,  ...,  0.0163,  0.1697,  0.1051]]],
       device='cuda:0')
torch.Size([64, 4, 20, 768])
torch.Size([4, 20, 768])
Iteration: 1
time taken for epoch 0:00:00.550565
Total pretraining time 0:00:00.550640
VisionTransformer(
  (patch_embed): PatchEmbed(
    (proj): Conv2d(3, 768, kernel_size=(15, 15), stride=(15, 15))
  )
  (blocks): ModuleList(
    (0-11): 12 x Block(
      (norm1): LayerNorm((768,), eps=1e-06, elementwise_affine=True)
      (attn): Attention(
        (qkv): Linear(in_features=768, out_features=2304, bias=True)
        (attn_drop): Dropout(p=0.0, inplace=False)
        (proj): Linear(in_features=768, out_features=768, bias=True)
        (proj_drop): Dropout(p=0.0, inplace=False)
      )
      (drop_path): Identity()
      (norm2): LayerNorm((768,), eps=1e-06, elementwise_affine=True)
      (mlp): MLP(
        (fc1): Linear(in_features=768, out_features=3072, bias=True)
        (act): GELU(approximate='none')
        (fc2): Linear(in_features=3072, out_features=768, bias=True)
        (drop): Dropout(p=0.0, inplace=False)
      )
    )
  )
  (norm): LayerNorm((768,), eps=1e-06, elementwise_affine=True)
)
making imagenet data transforms
data-path datasets/iic/train/
Initialized ImageNet
ImageNet dataset created
ImageNet unsupervised data loader created
Using AdamW
loaded pretrained encoder from epoch 499 with msg: <All keys matched successfully>
loaded pretrained encoder from epoch 499 with msg: <All keys matched successfully>
loaded pretrained encoder from epoch 499 with msg: <All keys matched successfully>
loaded optimizers from epoch 499
read-path: logs_PKT_chunks_different_seeds/iic-train-l2-pkt-chunks-seed3/jepa-iic-ep500.pth.tar
Starting
Iteration: 0
z[:100] values: tensor([[[ 0.1362, -0.0058, -0.0056,  ..., -0.0059,  0.2802, -0.0821],
         [ 0.0642, -0.0077, -0.0073,  ..., -0.0076,  0.2924, -0.0670],
         [-0.0357, -0.0107, -0.0102,  ..., -0.0105,  0.3389, -0.0476],
         ...,
         [-0.0735,  0.0112,  0.0116,  ...,  0.0112,  0.5124,  0.0573],
         [-0.2389,  0.0093,  0.0099,  ...,  0.0096,  0.5373,  0.0428],
         [-0.2542,  0.0082,  0.0089,  ...,  0.0087,  0.5491,  0.0284]],

        [[-0.1842, -0.0148, -0.0143,  ..., -0.0143, -0.0959, -0.0341],
         [-0.1993, -0.0145, -0.0139,  ..., -0.0139, -0.0570, -0.0641],
         [-0.1173, -0.0147, -0.0143,  ..., -0.0143, -0.0462, -0.0829],
         ...,
         [-0.1411,  0.0032,  0.0038,  ...,  0.0034,  0.2866,  0.0799],
         [-0.0431,  0.0028,  0.0033,  ...,  0.0028,  0.2966,  0.0762],
         [ 0.0904,  0.0024,  0.0027,  ...,  0.0021,  0.3090,  0.0823]],

        [[-0.0185, -0.0144, -0.0140,  ..., -0.0145,  0.1715,  0.0592],
         [-0.0374, -0.0147, -0.0143,  ..., -0.0148,  0.2167,  0.0652],
         [ 0.0481, -0.0139, -0.0136,  ..., -0.0142,  0.2350,  0.0636],
         ...,
         [-0.1300,  0.0037,  0.0042,  ...,  0.0036,  0.1625,  0.1329],
         [-0.0299,  0.0027,  0.0032,  ...,  0.0026,  0.1940,  0.1132],
         [ 0.1082,  0.0024,  0.0027,  ...,  0.0020,  0.2264,  0.0925]],

        ...,

        [[ 0.1108,  0.0114,  0.0115,  ...,  0.0107, -0.0808,  0.2765],
         [ 0.2279,  0.0354,  0.0356,  ...,  0.0346,  0.3396,  0.1515],
         [ 0.0692,  0.0341,  0.0344,  ...,  0.0335,  0.3759,  0.0945],
         ...,
         [ 0.1672,  0.0245,  0.0248,  ...,  0.0240,  0.2786,  0.1432],
         [ 0.0227,  0.0223,  0.0227,  ...,  0.0221,  0.3088,  0.1141],
         [-0.1047,  0.0201,  0.0207,  ...,  0.0201,  0.3249,  0.0962]],

        [[-0.0343,  0.0033,  0.0037,  ...,  0.0031,  0.1248,  0.0301],
         [ 0.1136,  0.0097,  0.0099,  ...,  0.0092,  0.1121,  0.0491],
         [ 0.1307,  0.0241,  0.0243,  ...,  0.0235,  0.1624,  0.1005],
         ...,
         [ 0.1329,  0.0172,  0.0174,  ...,  0.0167,  0.1580,  0.0809],
         [ 0.1803,  0.0332,  0.0333,  ...,  0.0325,  0.2329,  0.1153],
         [ 0.0734,  0.0380,  0.0383,  ...,  0.0375,  0.2909,  0.1165]],

        [[ 0.0526,  0.0233,  0.0239,  ...,  0.0230,  0.2638,  0.1133],
         [ 0.2057,  0.0250,  0.0254,  ...,  0.0244,  0.2474,  0.1132],
         [ 0.2070,  0.0242,  0.0246,  ...,  0.0236,  0.2326,  0.1152],
         ...,
         [ 0.1985,  0.0204,  0.0208,  ...,  0.0198,  0.1848,  0.1034],
         [ 0.1951,  0.0191,  0.0195,  ...,  0.0185,  0.1725,  0.1058],
         [ 0.0542,  0.0167,  0.0173,  ...,  0.0163,  0.1697,  0.1051]]],
       device='cuda:0')
torch.Size([64, 4, 20, 768])
torch.Size([4, 20, 768])
Iteration: 1
time taken for epoch 0:00:00.545200
Total pretraining time 0:00:00.545266
VisionTransformer(
  (patch_embed): PatchEmbed(
    (proj): Conv2d(3, 768, kernel_size=(15, 15), stride=(15, 15))
  )
  (blocks): ModuleList(
    (0-11): 12 x Block(
      (norm1): LayerNorm((768,), eps=1e-06, elementwise_affine=True)
      (attn): Attention(
        (qkv): Linear(in_features=768, out_features=2304, bias=True)
        (attn_drop): Dropout(p=0.0, inplace=False)
        (proj): Linear(in_features=768, out_features=768, bias=True)
        (proj_drop): Dropout(p=0.0, inplace=False)
      )
      (drop_path): Identity()
      (norm2): LayerNorm((768,), eps=1e-06, elementwise_affine=True)
      (mlp): MLP(
        (fc1): Linear(in_features=768, out_features=3072, bias=True)
        (act): GELU(approximate='none')
        (fc2): Linear(in_features=3072, out_features=768, bias=True)
        (drop): Dropout(p=0.0, inplace=False)
      )
    )
  )
  (norm): LayerNorm((768,), eps=1e-06, elementwise_affine=True)
)
making imagenet data transforms
data-path datasets/iic/train/
Initialized ImageNet
ImageNet dataset created
ImageNet unsupervised data loader created
Using AdamW
loaded pretrained encoder from epoch 499 with msg: <All keys matched successfully>
loaded pretrained encoder from epoch 499 with msg: <All keys matched successfully>
loaded pretrained encoder from epoch 499 with msg: <All keys matched successfully>
loaded optimizers from epoch 499
read-path: logs_PKT_chunks_different_seeds/iic-train-l2-pkt-chunks-seed3/jepa-iic-ep500.pth.tar
Starting
Iteration: 0
z[:100] values: tensor([[[ 0.1362, -0.0058, -0.0056,  ..., -0.0059,  0.2802, -0.0821],
         [ 0.0642, -0.0077, -0.0073,  ..., -0.0076,  0.2924, -0.0670],
         [-0.0357, -0.0107, -0.0102,  ..., -0.0105,  0.3389, -0.0476],
         ...,
         [-0.0735,  0.0112,  0.0116,  ...,  0.0112,  0.5124,  0.0573],
         [-0.2389,  0.0093,  0.0099,  ...,  0.0096,  0.5373,  0.0428],
         [-0.2542,  0.0082,  0.0089,  ...,  0.0087,  0.5491,  0.0284]],

        [[-0.1842, -0.0148, -0.0143,  ..., -0.0143, -0.0959, -0.0341],
         [-0.1993, -0.0145, -0.0139,  ..., -0.0139, -0.0570, -0.0641],
         [-0.1173, -0.0147, -0.0143,  ..., -0.0143, -0.0462, -0.0829],
         ...,
         [-0.1411,  0.0032,  0.0038,  ...,  0.0034,  0.2866,  0.0799],
         [-0.0431,  0.0028,  0.0033,  ...,  0.0028,  0.2966,  0.0762],
         [ 0.0904,  0.0024,  0.0027,  ...,  0.0021,  0.3090,  0.0823]],

        [[-0.0185, -0.0144, -0.0140,  ..., -0.0145,  0.1715,  0.0592],
         [-0.0374, -0.0147, -0.0143,  ..., -0.0148,  0.2167,  0.0652],
         [ 0.0481, -0.0139, -0.0136,  ..., -0.0142,  0.2350,  0.0636],
         ...,
         [-0.1300,  0.0037,  0.0042,  ...,  0.0036,  0.1625,  0.1329],
         [-0.0299,  0.0027,  0.0032,  ...,  0.0026,  0.1940,  0.1132],
         [ 0.1082,  0.0024,  0.0027,  ...,  0.0020,  0.2264,  0.0925]],

        ...,

        [[ 0.1108,  0.0114,  0.0115,  ...,  0.0107, -0.0808,  0.2765],
         [ 0.2279,  0.0354,  0.0356,  ...,  0.0346,  0.3396,  0.1515],
         [ 0.0692,  0.0341,  0.0344,  ...,  0.0335,  0.3759,  0.0945],
         ...,
         [ 0.1672,  0.0245,  0.0248,  ...,  0.0240,  0.2786,  0.1432],
         [ 0.0227,  0.0223,  0.0227,  ...,  0.0221,  0.3088,  0.1141],
         [-0.1047,  0.0201,  0.0207,  ...,  0.0201,  0.3249,  0.0962]],

        [[-0.0343,  0.0033,  0.0037,  ...,  0.0031,  0.1248,  0.0301],
         [ 0.1136,  0.0097,  0.0099,  ...,  0.0092,  0.1121,  0.0491],
         [ 0.1307,  0.0241,  0.0243,  ...,  0.0235,  0.1624,  0.1005],
         ...,
         [ 0.1329,  0.0172,  0.0174,  ...,  0.0167,  0.1580,  0.0809],
         [ 0.1803,  0.0332,  0.0333,  ...,  0.0325,  0.2329,  0.1153],
         [ 0.0734,  0.0380,  0.0383,  ...,  0.0375,  0.2909,  0.1165]],

        [[ 0.0526,  0.0233,  0.0239,  ...,  0.0230,  0.2638,  0.1133],
         [ 0.2057,  0.0250,  0.0254,  ...,  0.0244,  0.2474,  0.1132],
         [ 0.2070,  0.0242,  0.0246,  ...,  0.0236,  0.2326,  0.1152],
         ...,
         [ 0.1985,  0.0204,  0.0208,  ...,  0.0198,  0.1848,  0.1034],
         [ 0.1951,  0.0191,  0.0195,  ...,  0.0185,  0.1725,  0.1058],
         [ 0.0542,  0.0167,  0.0173,  ...,  0.0163,  0.1697,  0.1051]]],
       device='cuda:0')
torch.Size([64, 4, 20, 768])
torch.Size([4, 20, 768])
Iteration: 1
time taken for epoch 0:00:00.605823
Total pretraining time 0:00:00.605892
VisionTransformer(
  (patch_embed): PatchEmbed(
    (proj): Conv2d(3, 768, kernel_size=(15, 15), stride=(15, 15))
  )
  (blocks): ModuleList(
    (0-11): 12 x Block(
      (norm1): LayerNorm((768,), eps=1e-06, elementwise_affine=True)
      (attn): Attention(
        (qkv): Linear(in_features=768, out_features=2304, bias=True)
        (attn_drop): Dropout(p=0.0, inplace=False)
        (proj): Linear(in_features=768, out_features=768, bias=True)
        (proj_drop): Dropout(p=0.0, inplace=False)
      )
      (drop_path): Identity()
      (norm2): LayerNorm((768,), eps=1e-06, elementwise_affine=True)
      (mlp): MLP(
        (fc1): Linear(in_features=768, out_features=3072, bias=True)
        (act): GELU(approximate='none')
        (fc2): Linear(in_features=3072, out_features=768, bias=True)
        (drop): Dropout(p=0.0, inplace=False)
      )
    )
  )
  (norm): LayerNorm((768,), eps=1e-06, elementwise_affine=True)
)
making imagenet data transforms
data-path datasets/iic/train/
Initialized ImageNet
ImageNet dataset created
ImageNet unsupervised data loader created
Using AdamW
loaded pretrained encoder from epoch 499 with msg: <All keys matched successfully>
loaded pretrained encoder from epoch 499 with msg: <All keys matched successfully>
loaded pretrained encoder from epoch 499 with msg: <All keys matched successfully>
loaded optimizers from epoch 499
read-path: logs_PKT_chunks_different_seeds/iic-train-l2-pkt-chunks-seed3/jepa-iic-ep500.pth.tar
Starting
Iteration: 0
z[:100] values: tensor([[[ 0.1362, -0.0058, -0.0056,  ..., -0.0059,  0.2802, -0.0821],
         [ 0.0642, -0.0077, -0.0073,  ..., -0.0076,  0.2924, -0.0670],
         [-0.0357, -0.0107, -0.0102,  ..., -0.0105,  0.3389, -0.0476],
         ...,
         [-0.0735,  0.0112,  0.0116,  ...,  0.0112,  0.5124,  0.0573],
         [-0.2389,  0.0093,  0.0099,  ...,  0.0096,  0.5373,  0.0428],
         [-0.2542,  0.0082,  0.0089,  ...,  0.0087,  0.5491,  0.0284]],

        [[-0.1842, -0.0148, -0.0143,  ..., -0.0143, -0.0959, -0.0341],
         [-0.1993, -0.0145, -0.0139,  ..., -0.0139, -0.0570, -0.0641],
         [-0.1173, -0.0147, -0.0143,  ..., -0.0143, -0.0462, -0.0829],
         ...,
         [-0.1411,  0.0032,  0.0038,  ...,  0.0034,  0.2866,  0.0799],
         [-0.0431,  0.0028,  0.0033,  ...,  0.0028,  0.2966,  0.0762],
         [ 0.0904,  0.0024,  0.0027,  ...,  0.0021,  0.3090,  0.0823]],

        [[-0.0185, -0.0144, -0.0140,  ..., -0.0145,  0.1715,  0.0592],
         [-0.0374, -0.0147, -0.0143,  ..., -0.0148,  0.2167,  0.0652],
         [ 0.0481, -0.0139, -0.0136,  ..., -0.0142,  0.2350,  0.0636],
         ...,
         [-0.1300,  0.0037,  0.0042,  ...,  0.0036,  0.1625,  0.1329],
         [-0.0299,  0.0027,  0.0032,  ...,  0.0026,  0.1940,  0.1132],
         [ 0.1082,  0.0024,  0.0027,  ...,  0.0020,  0.2264,  0.0925]],

        ...,

        [[ 0.1108,  0.0114,  0.0115,  ...,  0.0107, -0.0808,  0.2765],
         [ 0.2279,  0.0354,  0.0356,  ...,  0.0346,  0.3396,  0.1515],
         [ 0.0692,  0.0341,  0.0344,  ...,  0.0335,  0.3759,  0.0945],
         ...,
         [ 0.1672,  0.0245,  0.0248,  ...,  0.0240,  0.2786,  0.1432],
         [ 0.0227,  0.0223,  0.0227,  ...,  0.0221,  0.3088,  0.1141],
         [-0.1047,  0.0201,  0.0207,  ...,  0.0201,  0.3249,  0.0962]],

        [[-0.0343,  0.0033,  0.0037,  ...,  0.0031,  0.1248,  0.0301],
         [ 0.1136,  0.0097,  0.0099,  ...,  0.0092,  0.1121,  0.0491],
         [ 0.1307,  0.0241,  0.0243,  ...,  0.0235,  0.1624,  0.1005],
         ...,
         [ 0.1329,  0.0172,  0.0174,  ...,  0.0167,  0.1580,  0.0809],
         [ 0.1803,  0.0332,  0.0333,  ...,  0.0325,  0.2329,  0.1153],
         [ 0.0734,  0.0380,  0.0383,  ...,  0.0375,  0.2909,  0.1165]],

        [[ 0.0526,  0.0233,  0.0239,  ...,  0.0230,  0.2638,  0.1133],
         [ 0.2057,  0.0250,  0.0254,  ...,  0.0244,  0.2474,  0.1132],
         [ 0.2070,  0.0242,  0.0246,  ...,  0.0236,  0.2326,  0.1152],
         ...,
         [ 0.1985,  0.0204,  0.0208,  ...,  0.0198,  0.1848,  0.1034],
         [ 0.1951,  0.0191,  0.0195,  ...,  0.0185,  0.1725,  0.1058],
         [ 0.0542,  0.0167,  0.0173,  ...,  0.0163,  0.1697,  0.1051]]],
       device='cuda:0')
torch.Size([64, 4, 20, 768])
torch.Size([4, 20, 768])
Iteration: 1
time taken for epoch 0:00:00.540740
Total pretraining time 0:00:00.540811
VisionTransformer(
  (patch_embed): PatchEmbed(
    (proj): Conv2d(3, 768, kernel_size=(15, 15), stride=(15, 15))
  )
  (blocks): ModuleList(
    (0-11): 12 x Block(
      (norm1): LayerNorm((768,), eps=1e-06, elementwise_affine=True)
      (attn): Attention(
        (qkv): Linear(in_features=768, out_features=2304, bias=True)
        (attn_drop): Dropout(p=0.0, inplace=False)
        (proj): Linear(in_features=768, out_features=768, bias=True)
        (proj_drop): Dropout(p=0.0, inplace=False)
      )
      (drop_path): Identity()
      (norm2): LayerNorm((768,), eps=1e-06, elementwise_affine=True)
      (mlp): MLP(
        (fc1): Linear(in_features=768, out_features=3072, bias=True)
        (act): GELU(approximate='none')
        (fc2): Linear(in_features=3072, out_features=768, bias=True)
        (drop): Dropout(p=0.0, inplace=False)
      )
    )
  )
  (norm): LayerNorm((768,), eps=1e-06, elementwise_affine=True)
)
making imagenet data transforms
data-path datasets/iic/train/
Initialized ImageNet
ImageNet dataset created
ImageNet unsupervised data loader created
Using AdamW
loaded pretrained encoder from epoch 499 with msg: <All keys matched successfully>
loaded pretrained encoder from epoch 499 with msg: <All keys matched successfully>
loaded pretrained encoder from epoch 499 with msg: <All keys matched successfully>
loaded optimizers from epoch 499
read-path: logs_PKT_chunks_different_seeds/iic-train-l2-pkt-chunks-seed3/jepa-iic-ep500.pth.tar
Starting
Iteration: 0
z[:100] values: tensor([[[ 0.1362, -0.0058, -0.0056,  ..., -0.0059,  0.2802, -0.0821],
         [ 0.0642, -0.0077, -0.0073,  ..., -0.0076,  0.2924, -0.0670],
         [-0.0357, -0.0107, -0.0102,  ..., -0.0105,  0.3389, -0.0476],
         ...,
         [-0.0735,  0.0112,  0.0116,  ...,  0.0112,  0.5124,  0.0573],
         [-0.2389,  0.0093,  0.0099,  ...,  0.0096,  0.5373,  0.0428],
         [-0.2542,  0.0082,  0.0089,  ...,  0.0087,  0.5491,  0.0284]],

        [[-0.1842, -0.0148, -0.0143,  ..., -0.0143, -0.0959, -0.0341],
         [-0.1993, -0.0145, -0.0139,  ..., -0.0139, -0.0570, -0.0641],
         [-0.1173, -0.0147, -0.0143,  ..., -0.0143, -0.0462, -0.0829],
         ...,
         [-0.1411,  0.0032,  0.0038,  ...,  0.0034,  0.2866,  0.0799],
         [-0.0431,  0.0028,  0.0033,  ...,  0.0028,  0.2966,  0.0762],
         [ 0.0904,  0.0024,  0.0027,  ...,  0.0021,  0.3090,  0.0823]],

        [[-0.0185, -0.0144, -0.0140,  ..., -0.0145,  0.1715,  0.0592],
         [-0.0374, -0.0147, -0.0143,  ..., -0.0148,  0.2167,  0.0652],
         [ 0.0481, -0.0139, -0.0136,  ..., -0.0142,  0.2350,  0.0636],
         ...,
         [-0.1300,  0.0037,  0.0042,  ...,  0.0036,  0.1625,  0.1329],
         [-0.0299,  0.0027,  0.0032,  ...,  0.0026,  0.1940,  0.1132],
         [ 0.1082,  0.0024,  0.0027,  ...,  0.0020,  0.2264,  0.0925]],

        ...,

        [[ 0.1108,  0.0114,  0.0115,  ...,  0.0107, -0.0808,  0.2765],
         [ 0.2279,  0.0354,  0.0356,  ...,  0.0346,  0.3396,  0.1515],
         [ 0.0692,  0.0341,  0.0344,  ...,  0.0335,  0.3759,  0.0945],
         ...,
         [ 0.1672,  0.0245,  0.0248,  ...,  0.0240,  0.2786,  0.1432],
         [ 0.0227,  0.0223,  0.0227,  ...,  0.0221,  0.3088,  0.1141],
         [-0.1047,  0.0201,  0.0207,  ...,  0.0201,  0.3249,  0.0962]],

        [[-0.0343,  0.0033,  0.0037,  ...,  0.0031,  0.1248,  0.0301],
         [ 0.1136,  0.0097,  0.0099,  ...,  0.0092,  0.1121,  0.0491],
         [ 0.1307,  0.0241,  0.0243,  ...,  0.0235,  0.1624,  0.1005],
         ...,
         [ 0.1329,  0.0172,  0.0174,  ...,  0.0167,  0.1580,  0.0809],
         [ 0.1803,  0.0332,  0.0333,  ...,  0.0325,  0.2329,  0.1153],
         [ 0.0734,  0.0380,  0.0383,  ...,  0.0375,  0.2909,  0.1165]],

        [[ 0.0526,  0.0233,  0.0239,  ...,  0.0230,  0.2638,  0.1133],
         [ 0.2057,  0.0250,  0.0254,  ...,  0.0244,  0.2474,  0.1132],
         [ 0.2070,  0.0242,  0.0246,  ...,  0.0236,  0.2326,  0.1152],
         ...,
         [ 0.1985,  0.0204,  0.0208,  ...,  0.0198,  0.1848,  0.1034],
         [ 0.1951,  0.0191,  0.0195,  ...,  0.0185,  0.1725,  0.1058],
         [ 0.0542,  0.0167,  0.0173,  ...,  0.0163,  0.1697,  0.1051]]],
       device='cuda:0')
torch.Size([64, 4, 20, 768])
torch.Size([4, 20, 768])
Iteration: 1
time taken for epoch 0:00:00.566419
Total pretraining time 0:00:00.566487
VisionTransformer(
  (patch_embed): PatchEmbed(
    (proj): Conv2d(3, 768, kernel_size=(15, 15), stride=(15, 15))
  )
  (blocks): ModuleList(
    (0-11): 12 x Block(
      (norm1): LayerNorm((768,), eps=1e-06, elementwise_affine=True)
      (attn): Attention(
        (qkv): Linear(in_features=768, out_features=2304, bias=True)
        (attn_drop): Dropout(p=0.0, inplace=False)
        (proj): Linear(in_features=768, out_features=768, bias=True)
        (proj_drop): Dropout(p=0.0, inplace=False)
      )
      (drop_path): Identity()
      (norm2): LayerNorm((768,), eps=1e-06, elementwise_affine=True)
      (mlp): MLP(
        (fc1): Linear(in_features=768, out_features=3072, bias=True)
        (act): GELU(approximate='none')
        (fc2): Linear(in_features=3072, out_features=768, bias=True)
        (drop): Dropout(p=0.0, inplace=False)
      )
    )
  )
  (norm): LayerNorm((768,), eps=1e-06, elementwise_affine=True)
)
making imagenet data transforms
data-path datasets/iic/train/
Initialized ImageNet
ImageNet dataset created
ImageNet unsupervised data loader created
Using AdamW
loaded pretrained encoder from epoch 499 with msg: <All keys matched successfully>
loaded pretrained encoder from epoch 499 with msg: <All keys matched successfully>
loaded pretrained encoder from epoch 499 with msg: <All keys matched successfully>
loaded optimizers from epoch 499
read-path: logs_PKT_chunks_different_seeds/iic-train-l2-pkt-chunks-seed3/jepa-iic-ep500.pth.tar
Starting
Iteration: 0
z[:100] values: tensor([[[ 0.1362, -0.0058, -0.0056,  ..., -0.0059,  0.2802, -0.0821],
         [ 0.0642, -0.0077, -0.0073,  ..., -0.0076,  0.2924, -0.0670],
         [-0.0357, -0.0107, -0.0102,  ..., -0.0105,  0.3389, -0.0476],
         ...,
         [-0.0735,  0.0112,  0.0116,  ...,  0.0112,  0.5124,  0.0573],
         [-0.2389,  0.0093,  0.0099,  ...,  0.0096,  0.5373,  0.0428],
         [-0.2542,  0.0082,  0.0089,  ...,  0.0087,  0.5491,  0.0284]],

        [[-0.1842, -0.0148, -0.0143,  ..., -0.0143, -0.0959, -0.0341],
         [-0.1993, -0.0145, -0.0139,  ..., -0.0139, -0.0570, -0.0641],
         [-0.1173, -0.0147, -0.0143,  ..., -0.0143, -0.0462, -0.0829],
         ...,
         [-0.1411,  0.0032,  0.0038,  ...,  0.0034,  0.2866,  0.0799],
         [-0.0431,  0.0028,  0.0033,  ...,  0.0028,  0.2966,  0.0762],
         [ 0.0904,  0.0024,  0.0027,  ...,  0.0021,  0.3090,  0.0823]],

        [[-0.0185, -0.0144, -0.0140,  ..., -0.0145,  0.1715,  0.0592],
         [-0.0374, -0.0147, -0.0143,  ..., -0.0148,  0.2167,  0.0652],
         [ 0.0481, -0.0139, -0.0136,  ..., -0.0142,  0.2350,  0.0636],
         ...,
         [-0.1300,  0.0037,  0.0042,  ...,  0.0036,  0.1625,  0.1329],
         [-0.0299,  0.0027,  0.0032,  ...,  0.0026,  0.1940,  0.1132],
         [ 0.1082,  0.0024,  0.0027,  ...,  0.0020,  0.2264,  0.0925]],

        ...,

        [[ 0.1108,  0.0114,  0.0115,  ...,  0.0107, -0.0808,  0.2765],
         [ 0.2279,  0.0354,  0.0356,  ...,  0.0346,  0.3396,  0.1515],
         [ 0.0692,  0.0341,  0.0344,  ...,  0.0335,  0.3759,  0.0945],
         ...,
         [ 0.1672,  0.0245,  0.0248,  ...,  0.0240,  0.2786,  0.1432],
         [ 0.0227,  0.0223,  0.0227,  ...,  0.0221,  0.3088,  0.1141],
         [-0.1047,  0.0201,  0.0207,  ...,  0.0201,  0.3249,  0.0962]],

        [[-0.0343,  0.0033,  0.0037,  ...,  0.0031,  0.1248,  0.0301],
         [ 0.1136,  0.0097,  0.0099,  ...,  0.0092,  0.1121,  0.0491],
         [ 0.1307,  0.0241,  0.0243,  ...,  0.0235,  0.1624,  0.1005],
         ...,
         [ 0.1329,  0.0172,  0.0174,  ...,  0.0167,  0.1580,  0.0809],
         [ 0.1803,  0.0332,  0.0333,  ...,  0.0325,  0.2329,  0.1153],
         [ 0.0734,  0.0380,  0.0383,  ...,  0.0375,  0.2909,  0.1165]],

        [[ 0.0526,  0.0233,  0.0239,  ...,  0.0230,  0.2638,  0.1133],
         [ 0.2057,  0.0250,  0.0254,  ...,  0.0244,  0.2474,  0.1132],
         [ 0.2070,  0.0242,  0.0246,  ...,  0.0236,  0.2326,  0.1152],
         ...,
         [ 0.1985,  0.0204,  0.0208,  ...,  0.0198,  0.1848,  0.1034],
         [ 0.1951,  0.0191,  0.0195,  ...,  0.0185,  0.1725,  0.1058],
         [ 0.0542,  0.0167,  0.0173,  ...,  0.0163,  0.1697,  0.1051]]],
       device='cuda:0')
torch.Size([64, 4, 20, 768])
torch.Size([4, 20, 768])
Iteration: 1
time taken for epoch 0:00:00.582298
Total pretraining time 0:00:00.582374
VisionTransformer(
  (patch_embed): PatchEmbed(
    (proj): Conv2d(3, 768, kernel_size=(15, 15), stride=(15, 15))
  )
  (blocks): ModuleList(
    (0-11): 12 x Block(
      (norm1): LayerNorm((768,), eps=1e-06, elementwise_affine=True)
      (attn): Attention(
        (qkv): Linear(in_features=768, out_features=2304, bias=True)
        (attn_drop): Dropout(p=0.0, inplace=False)
        (proj): Linear(in_features=768, out_features=768, bias=True)
        (proj_drop): Dropout(p=0.0, inplace=False)
      )
      (drop_path): Identity()
      (norm2): LayerNorm((768,), eps=1e-06, elementwise_affine=True)
      (mlp): MLP(
        (fc1): Linear(in_features=768, out_features=3072, bias=True)
        (act): GELU(approximate='none')
        (fc2): Linear(in_features=3072, out_features=768, bias=True)
        (drop): Dropout(p=0.0, inplace=False)
      )
    )
  )
  (norm): LayerNorm((768,), eps=1e-06, elementwise_affine=True)
)
making imagenet data transforms
data-path datasets/iic/train/
Initialized ImageNet
ImageNet dataset created
ImageNet unsupervised data loader created
Using AdamW
loaded pretrained encoder from epoch 499 with msg: <All keys matched successfully>
loaded pretrained encoder from epoch 499 with msg: <All keys matched successfully>
loaded pretrained encoder from epoch 499 with msg: <All keys matched successfully>
loaded optimizers from epoch 499
read-path: logs_PKT_chunks_different_seeds/iic-train-l2-pkt-chunks-seed3/jepa-iic-ep500.pth.tar
Starting
Iteration: 0
z[:100] values: tensor([[[ 0.1362, -0.0058, -0.0056,  ..., -0.0059,  0.2802, -0.0821],
         [ 0.0642, -0.0077, -0.0073,  ..., -0.0076,  0.2924, -0.0670],
         [-0.0357, -0.0107, -0.0102,  ..., -0.0105,  0.3389, -0.0476],
         ...,
         [-0.0735,  0.0112,  0.0116,  ...,  0.0112,  0.5124,  0.0573],
         [-0.2389,  0.0093,  0.0099,  ...,  0.0096,  0.5373,  0.0428],
         [-0.2542,  0.0082,  0.0089,  ...,  0.0087,  0.5491,  0.0284]],

        [[-0.1842, -0.0148, -0.0143,  ..., -0.0143, -0.0959, -0.0341],
         [-0.1993, -0.0145, -0.0139,  ..., -0.0139, -0.0570, -0.0641],
         [-0.1173, -0.0147, -0.0143,  ..., -0.0143, -0.0462, -0.0829],
         ...,
         [-0.1411,  0.0032,  0.0038,  ...,  0.0034,  0.2866,  0.0799],
         [-0.0431,  0.0028,  0.0033,  ...,  0.0028,  0.2966,  0.0762],
         [ 0.0904,  0.0024,  0.0027,  ...,  0.0021,  0.3090,  0.0823]],

        [[-0.0185, -0.0144, -0.0140,  ..., -0.0145,  0.1715,  0.0592],
         [-0.0374, -0.0147, -0.0143,  ..., -0.0148,  0.2167,  0.0652],
         [ 0.0481, -0.0139, -0.0136,  ..., -0.0142,  0.2350,  0.0636],
         ...,
         [-0.1300,  0.0037,  0.0042,  ...,  0.0036,  0.1625,  0.1329],
         [-0.0299,  0.0027,  0.0032,  ...,  0.0026,  0.1940,  0.1132],
         [ 0.1082,  0.0024,  0.0027,  ...,  0.0020,  0.2264,  0.0925]],

        ...,

        [[ 0.1108,  0.0114,  0.0115,  ...,  0.0107, -0.0808,  0.2765],
         [ 0.2279,  0.0354,  0.0356,  ...,  0.0346,  0.3396,  0.1515],
         [ 0.0692,  0.0341,  0.0344,  ...,  0.0335,  0.3759,  0.0945],
         ...,
         [ 0.1672,  0.0245,  0.0248,  ...,  0.0240,  0.2786,  0.1432],
         [ 0.0227,  0.0223,  0.0227,  ...,  0.0221,  0.3088,  0.1141],
         [-0.1047,  0.0201,  0.0207,  ...,  0.0201,  0.3249,  0.0962]],

        [[-0.0343,  0.0033,  0.0037,  ...,  0.0031,  0.1248,  0.0301],
         [ 0.1136,  0.0097,  0.0099,  ...,  0.0092,  0.1121,  0.0491],
         [ 0.1307,  0.0241,  0.0243,  ...,  0.0235,  0.1624,  0.1005],
         ...,
         [ 0.1329,  0.0172,  0.0174,  ...,  0.0167,  0.1580,  0.0809],
         [ 0.1803,  0.0332,  0.0333,  ...,  0.0325,  0.2329,  0.1153],
         [ 0.0734,  0.0380,  0.0383,  ...,  0.0375,  0.2909,  0.1165]],

        [[ 0.0526,  0.0233,  0.0239,  ...,  0.0230,  0.2638,  0.1133],
         [ 0.2057,  0.0250,  0.0254,  ...,  0.0244,  0.2474,  0.1132],
         [ 0.2070,  0.0242,  0.0246,  ...,  0.0236,  0.2326,  0.1152],
         ...,
         [ 0.1985,  0.0204,  0.0208,  ...,  0.0198,  0.1848,  0.1034],
         [ 0.1951,  0.0191,  0.0195,  ...,  0.0185,  0.1725,  0.1058],
         [ 0.0542,  0.0167,  0.0173,  ...,  0.0163,  0.1697,  0.1051]]],
       device='cuda:0')
torch.Size([64, 4, 20, 768])
torch.Size([4, 20, 768])
Iteration: 1
time taken for epoch 0:00:00.546499
Total pretraining time 0:00:00.546566
VisionTransformer(
  (patch_embed): PatchEmbed(
    (proj): Conv2d(3, 768, kernel_size=(15, 15), stride=(15, 15))
  )
  (blocks): ModuleList(
    (0-11): 12 x Block(
      (norm1): LayerNorm((768,), eps=1e-06, elementwise_affine=True)
      (attn): Attention(
        (qkv): Linear(in_features=768, out_features=2304, bias=True)
        (attn_drop): Dropout(p=0.0, inplace=False)
        (proj): Linear(in_features=768, out_features=768, bias=True)
        (proj_drop): Dropout(p=0.0, inplace=False)
      )
      (drop_path): Identity()
      (norm2): LayerNorm((768,), eps=1e-06, elementwise_affine=True)
      (mlp): MLP(
        (fc1): Linear(in_features=768, out_features=3072, bias=True)
        (act): GELU(approximate='none')
        (fc2): Linear(in_features=3072, out_features=768, bias=True)
        (drop): Dropout(p=0.0, inplace=False)
      )
    )
  )
  (norm): LayerNorm((768,), eps=1e-06, elementwise_affine=True)
)
making imagenet data transforms
data-path datasets/iic/train/
Initialized ImageNet
ImageNet dataset created
ImageNet unsupervised data loader created
Using AdamW
loaded pretrained encoder from epoch 499 with msg: <All keys matched successfully>
loaded pretrained encoder from epoch 499 with msg: <All keys matched successfully>
loaded pretrained encoder from epoch 499 with msg: <All keys matched successfully>
loaded optimizers from epoch 499
read-path: logs_PKT_chunks_different_seeds/iic-train-l2-pkt-chunks-seed3/jepa-iic-ep500.pth.tar
Starting
Iteration: 0
z[:100] values: tensor([[[ 0.1362, -0.0058, -0.0056,  ..., -0.0059,  0.2802, -0.0821],
         [ 0.0642, -0.0077, -0.0073,  ..., -0.0076,  0.2924, -0.0670],
         [-0.0357, -0.0107, -0.0102,  ..., -0.0105,  0.3389, -0.0476],
         ...,
         [-0.0735,  0.0112,  0.0116,  ...,  0.0112,  0.5124,  0.0573],
         [-0.2389,  0.0093,  0.0099,  ...,  0.0096,  0.5373,  0.0428],
         [-0.2542,  0.0082,  0.0089,  ...,  0.0087,  0.5491,  0.0284]],

        [[-0.1842, -0.0148, -0.0143,  ..., -0.0143, -0.0959, -0.0341],
         [-0.1993, -0.0145, -0.0139,  ..., -0.0139, -0.0570, -0.0641],
         [-0.1173, -0.0147, -0.0143,  ..., -0.0143, -0.0462, -0.0829],
         ...,
         [-0.1411,  0.0032,  0.0038,  ...,  0.0034,  0.2866,  0.0799],
         [-0.0431,  0.0028,  0.0033,  ...,  0.0028,  0.2966,  0.0762],
         [ 0.0904,  0.0024,  0.0027,  ...,  0.0021,  0.3090,  0.0823]],

        [[-0.0185, -0.0144, -0.0140,  ..., -0.0145,  0.1715,  0.0592],
         [-0.0374, -0.0147, -0.0143,  ..., -0.0148,  0.2167,  0.0652],
         [ 0.0481, -0.0139, -0.0136,  ..., -0.0142,  0.2350,  0.0636],
         ...,
         [-0.1300,  0.0037,  0.0042,  ...,  0.0036,  0.1625,  0.1329],
         [-0.0299,  0.0027,  0.0032,  ...,  0.0026,  0.1940,  0.1132],
         [ 0.1082,  0.0024,  0.0027,  ...,  0.0020,  0.2264,  0.0925]],

        ...,

        [[ 0.1108,  0.0114,  0.0115,  ...,  0.0107, -0.0808,  0.2765],
         [ 0.2279,  0.0354,  0.0356,  ...,  0.0346,  0.3396,  0.1515],
         [ 0.0692,  0.0341,  0.0344,  ...,  0.0335,  0.3759,  0.0945],
         ...,
         [ 0.1672,  0.0245,  0.0248,  ...,  0.0240,  0.2786,  0.1432],
         [ 0.0227,  0.0223,  0.0227,  ...,  0.0221,  0.3088,  0.1141],
         [-0.1047,  0.0201,  0.0207,  ...,  0.0201,  0.3249,  0.0962]],

        [[-0.0343,  0.0033,  0.0037,  ...,  0.0031,  0.1248,  0.0301],
         [ 0.1136,  0.0097,  0.0099,  ...,  0.0092,  0.1121,  0.0491],
         [ 0.1307,  0.0241,  0.0243,  ...,  0.0235,  0.1624,  0.1005],
         ...,
         [ 0.1329,  0.0172,  0.0174,  ...,  0.0167,  0.1580,  0.0809],
         [ 0.1803,  0.0332,  0.0333,  ...,  0.0325,  0.2329,  0.1153],
         [ 0.0734,  0.0380,  0.0383,  ...,  0.0375,  0.2909,  0.1165]],

        [[ 0.0526,  0.0233,  0.0239,  ...,  0.0230,  0.2638,  0.1133],
         [ 0.2057,  0.0250,  0.0254,  ...,  0.0244,  0.2474,  0.1132],
         [ 0.2070,  0.0242,  0.0246,  ...,  0.0236,  0.2326,  0.1152],
         ...,
         [ 0.1985,  0.0204,  0.0208,  ...,  0.0198,  0.1848,  0.1034],
         [ 0.1951,  0.0191,  0.0195,  ...,  0.0185,  0.1725,  0.1058],
         [ 0.0542,  0.0167,  0.0173,  ...,  0.0163,  0.1697,  0.1051]]],
       device='cuda:0')
torch.Size([64, 4, 20, 768])
torch.Size([4, 20, 768])
Iteration: 1
time taken for epoch 0:00:00.566280
Total pretraining time 0:00:00.566345
VisionTransformer(
  (patch_embed): PatchEmbed(
    (proj): Conv2d(3, 768, kernel_size=(15, 15), stride=(15, 15))
  )
  (blocks): ModuleList(
    (0-11): 12 x Block(
      (norm1): LayerNorm((768,), eps=1e-06, elementwise_affine=True)
      (attn): Attention(
        (qkv): Linear(in_features=768, out_features=2304, bias=True)
        (attn_drop): Dropout(p=0.0, inplace=False)
        (proj): Linear(in_features=768, out_features=768, bias=True)
        (proj_drop): Dropout(p=0.0, inplace=False)
      )
      (drop_path): Identity()
      (norm2): LayerNorm((768,), eps=1e-06, elementwise_affine=True)
      (mlp): MLP(
        (fc1): Linear(in_features=768, out_features=3072, bias=True)
        (act): GELU(approximate='none')
        (fc2): Linear(in_features=3072, out_features=768, bias=True)
        (drop): Dropout(p=0.0, inplace=False)
      )
    )
  )
  (norm): LayerNorm((768,), eps=1e-06, elementwise_affine=True)
)
making imagenet data transforms
data-path datasets/iic/train/
Initialized ImageNet
ImageNet dataset created
ImageNet unsupervised data loader created
Using AdamW
loaded pretrained encoder from epoch 499 with msg: <All keys matched successfully>
loaded pretrained encoder from epoch 499 with msg: <All keys matched successfully>
loaded pretrained encoder from epoch 499 with msg: <All keys matched successfully>
loaded optimizers from epoch 499
read-path: logs_PKT_chunks_different_seeds/iic-train-l2-pkt-chunks-seed3/jepa-iic-ep500.pth.tar
Starting
Iteration: 0
z[:100] values: tensor([[[ 0.1362, -0.0058, -0.0056,  ..., -0.0059,  0.2802, -0.0821],
         [ 0.0642, -0.0077, -0.0073,  ..., -0.0076,  0.2924, -0.0670],
         [-0.0357, -0.0107, -0.0102,  ..., -0.0105,  0.3389, -0.0476],
         ...,
         [-0.0735,  0.0112,  0.0116,  ...,  0.0112,  0.5124,  0.0573],
         [-0.2389,  0.0093,  0.0099,  ...,  0.0096,  0.5373,  0.0428],
         [-0.2542,  0.0082,  0.0089,  ...,  0.0087,  0.5491,  0.0284]],

        [[-0.1842, -0.0148, -0.0143,  ..., -0.0143, -0.0959, -0.0341],
         [-0.1993, -0.0145, -0.0139,  ..., -0.0139, -0.0570, -0.0641],
         [-0.1173, -0.0147, -0.0143,  ..., -0.0143, -0.0462, -0.0829],
         ...,
         [-0.1411,  0.0032,  0.0038,  ...,  0.0034,  0.2866,  0.0799],
         [-0.0431,  0.0028,  0.0033,  ...,  0.0028,  0.2966,  0.0762],
         [ 0.0904,  0.0024,  0.0027,  ...,  0.0021,  0.3090,  0.0823]],

        [[-0.0185, -0.0144, -0.0140,  ..., -0.0145,  0.1715,  0.0592],
         [-0.0374, -0.0147, -0.0143,  ..., -0.0148,  0.2167,  0.0652],
         [ 0.0481, -0.0139, -0.0136,  ..., -0.0142,  0.2350,  0.0636],
         ...,
         [-0.1300,  0.0037,  0.0042,  ...,  0.0036,  0.1625,  0.1329],
         [-0.0299,  0.0027,  0.0032,  ...,  0.0026,  0.1940,  0.1132],
         [ 0.1082,  0.0024,  0.0027,  ...,  0.0020,  0.2264,  0.0925]],

        ...,

        [[ 0.1108,  0.0114,  0.0115,  ...,  0.0107, -0.0808,  0.2765],
         [ 0.2279,  0.0354,  0.0356,  ...,  0.0346,  0.3396,  0.1515],
         [ 0.0692,  0.0341,  0.0344,  ...,  0.0335,  0.3759,  0.0945],
         ...,
         [ 0.1672,  0.0245,  0.0248,  ...,  0.0240,  0.2786,  0.1432],
         [ 0.0227,  0.0223,  0.0227,  ...,  0.0221,  0.3088,  0.1141],
         [-0.1047,  0.0201,  0.0207,  ...,  0.0201,  0.3249,  0.0962]],

        [[-0.0343,  0.0033,  0.0037,  ...,  0.0031,  0.1248,  0.0301],
         [ 0.1136,  0.0097,  0.0099,  ...,  0.0092,  0.1121,  0.0491],
         [ 0.1307,  0.0241,  0.0243,  ...,  0.0235,  0.1624,  0.1005],
         ...,
         [ 0.1329,  0.0172,  0.0174,  ...,  0.0167,  0.1580,  0.0809],
         [ 0.1803,  0.0332,  0.0333,  ...,  0.0325,  0.2329,  0.1153],
         [ 0.0734,  0.0380,  0.0383,  ...,  0.0375,  0.2909,  0.1165]],

        [[ 0.0526,  0.0233,  0.0239,  ...,  0.0230,  0.2638,  0.1133],
         [ 0.2057,  0.0250,  0.0254,  ...,  0.0244,  0.2474,  0.1132],
         [ 0.2070,  0.0242,  0.0246,  ...,  0.0236,  0.2326,  0.1152],
         ...,
         [ 0.1985,  0.0204,  0.0208,  ...,  0.0198,  0.1848,  0.1034],
         [ 0.1951,  0.0191,  0.0195,  ...,  0.0185,  0.1725,  0.1058],
         [ 0.0542,  0.0167,  0.0173,  ...,  0.0163,  0.1697,  0.1051]]],
       device='cuda:0')
torch.Size([64, 4, 20, 768])
torch.Size([4, 20, 768])
Iteration: 1
time taken for epoch 0:00:00.539200
Total pretraining time 0:00:00.539264
VisionTransformer(
  (patch_embed): PatchEmbed(
    (proj): Conv2d(3, 768, kernel_size=(15, 15), stride=(15, 15))
  )
  (blocks): ModuleList(
    (0-11): 12 x Block(
      (norm1): LayerNorm((768,), eps=1e-06, elementwise_affine=True)
      (attn): Attention(
        (qkv): Linear(in_features=768, out_features=2304, bias=True)
        (attn_drop): Dropout(p=0.0, inplace=False)
        (proj): Linear(in_features=768, out_features=768, bias=True)
        (proj_drop): Dropout(p=0.0, inplace=False)
      )
      (drop_path): Identity()
      (norm2): LayerNorm((768,), eps=1e-06, elementwise_affine=True)
      (mlp): MLP(
        (fc1): Linear(in_features=768, out_features=3072, bias=True)
        (act): GELU(approximate='none')
        (fc2): Linear(in_features=3072, out_features=768, bias=True)
        (drop): Dropout(p=0.0, inplace=False)
      )
    )
  )
  (norm): LayerNorm((768,), eps=1e-06, elementwise_affine=True)
)
making imagenet data transforms
data-path datasets/iic/train/
Initialized ImageNet
ImageNet dataset created
ImageNet unsupervised data loader created
Using AdamW
loaded pretrained encoder from epoch 499 with msg: <All keys matched successfully>
loaded pretrained encoder from epoch 499 with msg: <All keys matched successfully>
loaded pretrained encoder from epoch 499 with msg: <All keys matched successfully>
loaded optimizers from epoch 499
read-path: logs_PKT_chunks_different_seeds/iic-train-l2-pkt-chunks-seed3/jepa-iic-ep500.pth.tar
Starting
Iteration: 0
z[:100] values: tensor([[[ 0.1362, -0.0058, -0.0056,  ..., -0.0059,  0.2802, -0.0821],
         [ 0.0642, -0.0077, -0.0073,  ..., -0.0076,  0.2924, -0.0670],
         [-0.0357, -0.0107, -0.0102,  ..., -0.0105,  0.3389, -0.0476],
         ...,
         [-0.0735,  0.0112,  0.0116,  ...,  0.0112,  0.5124,  0.0573],
         [-0.2389,  0.0093,  0.0099,  ...,  0.0096,  0.5373,  0.0428],
         [-0.2542,  0.0082,  0.0089,  ...,  0.0087,  0.5491,  0.0284]],

        [[-0.1842, -0.0148, -0.0143,  ..., -0.0143, -0.0959, -0.0341],
         [-0.1993, -0.0145, -0.0139,  ..., -0.0139, -0.0570, -0.0641],
         [-0.1173, -0.0147, -0.0143,  ..., -0.0143, -0.0462, -0.0829],
         ...,
         [-0.1411,  0.0032,  0.0038,  ...,  0.0034,  0.2866,  0.0799],
         [-0.0431,  0.0028,  0.0033,  ...,  0.0028,  0.2966,  0.0762],
         [ 0.0904,  0.0024,  0.0027,  ...,  0.0021,  0.3090,  0.0823]],

        [[-0.0185, -0.0144, -0.0140,  ..., -0.0145,  0.1715,  0.0592],
         [-0.0374, -0.0147, -0.0143,  ..., -0.0148,  0.2167,  0.0652],
         [ 0.0481, -0.0139, -0.0136,  ..., -0.0142,  0.2350,  0.0636],
         ...,
         [-0.1300,  0.0037,  0.0042,  ...,  0.0036,  0.1625,  0.1329],
         [-0.0299,  0.0027,  0.0032,  ...,  0.0026,  0.1940,  0.1132],
         [ 0.1082,  0.0024,  0.0027,  ...,  0.0020,  0.2264,  0.0925]],

        ...,

        [[ 0.1108,  0.0114,  0.0115,  ...,  0.0107, -0.0808,  0.2765],
         [ 0.2279,  0.0354,  0.0356,  ...,  0.0346,  0.3396,  0.1515],
         [ 0.0692,  0.0341,  0.0344,  ...,  0.0335,  0.3759,  0.0945],
         ...,
         [ 0.1672,  0.0245,  0.0248,  ...,  0.0240,  0.2786,  0.1432],
         [ 0.0227,  0.0223,  0.0227,  ...,  0.0221,  0.3088,  0.1141],
         [-0.1047,  0.0201,  0.0207,  ...,  0.0201,  0.3249,  0.0962]],

        [[-0.0343,  0.0033,  0.0037,  ...,  0.0031,  0.1248,  0.0301],
         [ 0.1136,  0.0097,  0.0099,  ...,  0.0092,  0.1121,  0.0491],
         [ 0.1307,  0.0241,  0.0243,  ...,  0.0235,  0.1624,  0.1005],
         ...,
         [ 0.1329,  0.0172,  0.0174,  ...,  0.0167,  0.1580,  0.0809],
         [ 0.1803,  0.0332,  0.0333,  ...,  0.0325,  0.2329,  0.1153],
         [ 0.0734,  0.0380,  0.0383,  ...,  0.0375,  0.2909,  0.1165]],

        [[ 0.0526,  0.0233,  0.0239,  ...,  0.0230,  0.2638,  0.1133],
         [ 0.2057,  0.0250,  0.0254,  ...,  0.0244,  0.2474,  0.1132],
         [ 0.2070,  0.0242,  0.0246,  ...,  0.0236,  0.2326,  0.1152],
         ...,
         [ 0.1985,  0.0204,  0.0208,  ...,  0.0198,  0.1848,  0.1034],
         [ 0.1951,  0.0191,  0.0195,  ...,  0.0185,  0.1725,  0.1058],
         [ 0.0542,  0.0167,  0.0173,  ...,  0.0163,  0.1697,  0.1051]]],
       device='cuda:0')
torch.Size([64, 4, 20, 768])
torch.Size([4, 20, 768])
Iteration: 1
time taken for epoch 0:00:00.539602
Total pretraining time 0:00:00.539668
