nohup: ignoring input
INFO:root:called-params configs/in1k_vitb16_ep100.yaml
INFO:root:loaded params...
{   'data': {   'batch_size': 256,
                'color_jitter_strength': 0.0,
                'crop_scale': [0.3, 1.0],
                'crop_size': 224,
                'image_folder': 'imagenet',
                'num_workers': 10,
                'pin_mem': True,
                'root_path': 'datasets/',
                'use_color_distortion': False,
                'use_gaussian_blur': False,
                'use_horizontal_flip': False},
    'logging': {   'checkpoint_freq': 10,
                   'folder': 'logs_IN1K/in1k-vitb16-l2-pkt-chunks-ep100-bs256-w20',
                   'knn_every': -1,
                   'logging_frequency': 3,
                   'output_file': 'oin1k-pretrain-vitb-l2-pkt-chunks-ep100-bs256-seed0-nodiv.out',
                   'train_suffix': 'train',
                   'val_suffix': 'val',
                   'write_tag': 'jepa-in1k'},
    'mask': {   'allow_overlap': False,
                'aspect_ratio': [0.75, 1.5],
                'enc_mask_scale': [0.85, 1.0],
                'min_keep': 10,
                'num_enc_masks': 1,
                'num_pred_masks': 4,
                'patch_size': 16,
                'pred_mask_scale': [0.15, 0.2]},
    'message': 'ViT-B/16 L2 on Imagenet1K seed 2 batch size 448 no div on PKT '
               'calculation',
    'meta': {   'copy_data': False,
                'load_checkpoint': False,
                'model_name': 'vit_base',
                'pred_depth': 6,
                'pred_emb_dim': 384,
                'read_checkpoint': None,
                'use_bfloat16': True},
    'optimization': {   'accumulate_grads_every': 1,
                        'ema': [0.996, 1.0],
                        'epochs': 100,
                        'final_lr': 1e-06,
                        'final_weight_decay': 0.4,
                        'ipe_scale': 1.0,
                        'loss_function': 'L2_PKT_chunks',
                        'lr': 0.001,
                        'pkt_scale': 1.0,
                        'start_lr': 0.0002,
                        'variance_weight': 0.0,
                        'warmup': 20,
                        'weight_decay': 0.04},
    'pkt': {   'T_max': 200,
               'chunks_step': 256,
               'final_alpha': 0.0,
               'ref_alpha': 1.0,
               'start_alpha': 1.0,
               'use_pkt_scheduler': False,
               'warmup_steps_alpha': 100}}
CRITICAL:root:PRETRAINING
{   'data': {   'batch_size': 256,
                'color_jitter_strength': 0.0,
                'crop_scale': [0.3, 1.0],
                'crop_size': 224,
                'image_folder': 'imagenet',
                'num_workers': 10,
                'pin_mem': True,
                'root_path': 'datasets/',
                'use_color_distortion': False,
                'use_gaussian_blur': False,
                'use_horizontal_flip': False},
    'logging': {   'checkpoint_freq': 10,
                   'folder': 'logs_IN1K/in1k-vitb16-l2-pkt-chunks-ep100-bs256-w20',
                   'knn_every': -1,
                   'logging_frequency': 3,
                   'output_file': 'oin1k-pretrain-vitb-l2-pkt-chunks-ep100-bs256-seed0-nodiv.out',
                   'train_suffix': 'train',
                   'val_suffix': 'val',
                   'write_tag': 'jepa-in1k'},
    'mask': {   'allow_overlap': False,
                'aspect_ratio': [0.75, 1.5],
                'enc_mask_scale': [0.85, 1.0],
                'min_keep': 10,
                'num_enc_masks': 1,
                'num_pred_masks': 4,
                'patch_size': 16,
                'pred_mask_scale': [0.15, 0.2]},
    'message': 'ViT-B/16 L2 on Imagenet1K seed 2 batch size 448 no div on PKT '
               'calculation',
    'meta': {   'copy_data': False,
                'load_checkpoint': False,
                'model_name': 'vit_base',
                'pred_depth': 6,
                'pred_emb_dim': 384,
                'read_checkpoint': None,
                'use_bfloat16': True},
    'optimization': {   'accumulate_grads_every': 1,
                        'ema': [0.996, 1.0],
                        'epochs': 100,
                        'final_lr': 1e-06,
                        'final_weight_decay': 0.4,
                        'ipe_scale': 1.0,
                        'loss_function': 'L2_PKT_chunks',
                        'lr': 0.001,
                        'pkt_scale': 1.0,
                        'start_lr': 0.0002,
                        'variance_weight': 0.0,
                        'warmup': 20,
                        'weight_decay': 0.04},
    'pkt': {   'T_max': 200,
               'chunks_step': 256,
               'final_alpha': 0.0,
               'ref_alpha': 1.0,
               'start_alpha': 1.0,
               'use_pkt_scheduler': False,
               'warmup_steps_alpha': 100}}
CRITICAL:root:PRETRAINING
{   'data': {   'batch_size': 256,
                'color_jitter_strength': 0.0,
                'crop_scale': [0.3, 1.0],
                'crop_size': 224,
                'image_folder': 'imagenet',
                'num_workers': 10,
                'pin_mem': True,
                'root_path': 'datasets/',
                'use_color_distortion': False,
                'use_gaussian_blur': False,
                'use_horizontal_flip': False},
    'logging': {   'checkpoint_freq': 10,
                   'folder': 'logs_IN1K/in1k-vitb16-l2-pkt-chunks-ep100-bs256-w20',
                   'knn_every': -1,
                   'logging_frequency': 3,
                   'output_file': 'oin1k-pretrain-vitb-l2-pkt-chunks-ep100-bs256-seed0-nodiv.out',
                   'train_suffix': 'train',
                   'val_suffix': 'val',
                   'write_tag': 'jepa-in1k'},
    'mask': {   'allow_overlap': False,
                'aspect_ratio': [0.75, 1.5],
                'enc_mask_scale': [0.85, 1.0],
                'min_keep': 10,
                'num_enc_masks': 1,
                'num_pred_masks': 4,
                'patch_size': 16,
                'pred_mask_scale': [0.15, 0.2]},
    'message': 'ViT-B/16 L2 on Imagenet1K seed 2 batch size 448 no div on PKT '
               'calculation',
    'meta': {   'copy_data': False,
                'load_checkpoint': False,
                'model_name': 'vit_base',
                'pred_depth': 6,
                'pred_emb_dim': 384,
                'read_checkpoint': None,
                'use_bfloat16': True},
    'optimization': {   'accumulate_grads_every': 1,
                        'ema': [0.996, 1.0],
                        'epochs': 100,
                        'final_lr': 1e-06,
                        'final_weight_decay': 0.4,
                        'ipe_scale': 1.0,
                        'loss_function': 'L2_PKT_chunks',
                        'lr': 0.001,
                        'pkt_scale': 1.0,
                        'start_lr': 0.0002,
                        'variance_weight': 0.0,
                        'warmup': 20,
                        'weight_decay': 0.04},
    'pkt': {   'T_max': 200,
               'chunks_step': 256,
               'final_alpha': 0.0,
               'ref_alpha': 1.0,
               'start_alpha': 1.0,
               'use_pkt_scheduler': False,
               'warmup_steps_alpha': 100}}
CRITICAL:root:PRETRAINING
{   'data': {   'batch_size': 256,
                'color_jitter_strength': 0.0,
                'crop_scale': [0.3, 1.0],
                'crop_size': 224,
                'image_folder': 'imagenet',
                'num_workers': 10,
                'pin_mem': True,
                'root_path': 'datasets/',
                'use_color_distortion': False,
                'use_gaussian_blur': False,
                'use_horizontal_flip': False},
    'logging': {   'checkpoint_freq': 10,
                   'folder': 'logs_IN1K/in1k-vitb16-l2-pkt-chunks-ep100-bs256-w20',
                   'knn_every': -1,
                   'logging_frequency': 3,
                   'output_file': 'oin1k-pretrain-vitb-l2-pkt-chunks-ep100-bs256-seed0-nodiv.out',
                   'train_suffix': 'train',
                   'val_suffix': 'val',
                   'write_tag': 'jepa-in1k'},
    'mask': {   'allow_overlap': False,
                'aspect_ratio': [0.75, 1.5],
                'enc_mask_scale': [0.85, 1.0],
                'min_keep': 10,
                'num_enc_masks': 1,
                'num_pred_masks': 4,
                'patch_size': 16,
                'pred_mask_scale': [0.15, 0.2]},
    'message': 'ViT-B/16 L2 on Imagenet1K seed 2 batch size 448 no div on PKT '
               'calculation',
    'meta': {   'copy_data': False,
                'load_checkpoint': False,
                'model_name': 'vit_base',
                'pred_depth': 6,
                'pred_emb_dim': 384,
                'read_checkpoint': None,
                'use_bfloat16': True},
    'optimization': {   'accumulate_grads_every': 1,
                        'ema': [0.996, 1.0],
                        'epochs': 100,
                        'final_lr': 1e-06,
                        'final_weight_decay': 0.4,
                        'ipe_scale': 1.0,
                        'loss_function': 'L2_PKT_chunks',
                        'lr': 0.001,
                        'pkt_scale': 1.0,
                        'start_lr': 0.0002,
                        'variance_weight': 0.0,
                        'warmup': 20,
                        'weight_decay': 0.04},
    'pkt': {   'T_max': 200,
               'chunks_step': 256,
               'final_alpha': 0.0,
               'ref_alpha': 1.0,
               'start_alpha': 1.0,
               'use_pkt_scheduler': False,
               'warmup_steps_alpha': 100}}
INFO:root:Running... (rank: 0/4)
CRITICAL:root:PRETRAINING
INFO:root:Initialized (rank/world-size) 0/4
INFO:root:train.py: _GLOBAL_SEED=0
INFO:root:VisionTransformer(
  (patch_embed): PatchEmbed(
    (proj): Conv2d(3, 768, kernel_size=(16, 16), stride=(16, 16))
  )
  (blocks): ModuleList(
    (0-11): 12 x Block(
      (norm1): LayerNorm((768,), eps=1e-06, elementwise_affine=True)
      (attn): Attention(
        (qkv): Linear(in_features=768, out_features=2304, bias=True)
        (attn_drop): Dropout(p=0.0, inplace=False)
        (proj): Linear(in_features=768, out_features=768, bias=True)
        (proj_drop): Dropout(p=0.0, inplace=False)
      )
      (drop_path): Identity()
      (norm2): LayerNorm((768,), eps=1e-06, elementwise_affine=True)
      (mlp): MLP(
        (fc1): Linear(in_features=768, out_features=3072, bias=True)
        (act): GELU(approximate='none')
        (fc2): Linear(in_features=3072, out_features=768, bias=True)
        (drop): Dropout(p=0.0, inplace=False)
      )
    )
  )
  (norm): LayerNorm((768,), eps=1e-06, elementwise_affine=True)
)
INFO:root:making imagenet data transforms
INFO:root:data-path datasets/imagenet/train/
INFO:root:Initialized ImageNet
INFO:root:ImageNet dataset created
INFO:root:ImageNet unsupervised data loader created
INFO:root:data-path datasets/imagenet/train
INFO:root:Initialized ImageNet
/home/lazarosg/ijepa/src/helper.py:189: FutureWarning: `torch.cuda.amp.GradScaler(args...)` is deprecated. Please use `torch.amp.GradScaler('cuda', args...)` instead.
  scaler = torch.cuda.amp.GradScaler() if use_bfloat16 else None
/home/lazarosg/ijepa/src/helper.py:189: FutureWarning: `torch.cuda.amp.GradScaler(args...)` is deprecated. Please use `torch.amp.GradScaler('cuda', args...)` instead.
  scaler = torch.cuda.amp.GradScaler() if use_bfloat16 else None
/home/lazarosg/ijepa/src/helper.py:189: FutureWarning: `torch.cuda.amp.GradScaler(args...)` is deprecated. Please use `torch.amp.GradScaler('cuda', args...)` instead.
  scaler = torch.cuda.amp.GradScaler() if use_bfloat16 else None
INFO:root:min. labeled indices 732
INFO:root:ImageNet supervised dataset created
INFO:root:ImageNet supervised data loader created
INFO:root:data-path datasets/imagenet/val
INFO:root:Initialized ImageNet
INFO:root:min. labeled indices 50
INFO:root:ImageNet supervised dataset created
INFO:root:ImageNet supervised data loader created
INFO:root:Using AdamW
/home/lazarosg/ijepa/src/helper.py:189: FutureWarning: `torch.cuda.amp.GradScaler(args...)` is deprecated. Please use `torch.amp.GradScaler('cuda', args...)` instead.
  scaler = torch.cuda.amp.GradScaler() if use_bfloat16 else None
INFO:root:Epoch 1
/home/lazarosg/ijepa/src/train.py:476: FutureWarning: `torch.cuda.amp.autocast(args...)` is deprecated. Please use `torch.amp.autocast('cuda', args...)` instead.
  with torch.cuda.amp.autocast(dtype=torch.bfloat16, enabled=use_bfloat16):
/home/lazarosg/ijepa/src/train.py:476: FutureWarning: `torch.cuda.amp.autocast(args...)` is deprecated. Please use `torch.amp.autocast('cuda', args...)` instead.
  with torch.cuda.amp.autocast(dtype=torch.bfloat16, enabled=use_bfloat16):
/home/lazarosg/ijepa/src/train.py:476: FutureWarning: `torch.cuda.amp.autocast(args...)` is deprecated. Please use `torch.amp.autocast('cuda', args...)` instead.
  with torch.cuda.amp.autocast(dtype=torch.bfloat16, enabled=use_bfloat16):
/home/lazarosg/ijepa/src/train.py:476: FutureWarning: `torch.cuda.amp.autocast(args...)` is deprecated. Please use `torch.amp.autocast('cuda', args...)` instead.
  with torch.cuda.amp.autocast(dtype=torch.bfloat16, enabled=use_bfloat16):
INFO:root:[1,     0] loss: 3.359003e-03 masks: 42.0 35.0 [wd: 4.00e-02] [lr: 2.00e-04] [mem: 1.61e+04] (4722.6 ms)
INFO:root:[1,     0] grad_stats: [1.27e-04 6.86e-05] (6.86e-05, 1.55e-04)
INFO:root:[1,   417] loss: 9.797416e-04 masks: 47.8 33.4 [wd: 4.00e-02] [lr: 2.13e-04] [mem: 2.19e+04] (634.7 ms)
INFO:root:[1,   417] grad_stats: [8.99e-05 1.68e-05] (1.30e-05, 1.73e-04)
INFO:root:[1,   834] loss: 6.799993e-04 masks: 47.8 33.3 [wd: 4.00e-02] [lr: 2.27e-04] [mem: 2.19e+04] (626.3 ms)
INFO:root:[1,   834] grad_stats: [4.21e-05 8.66e-06] (5.82e-06, 7.50e-05)
INFO:root:avg. loss 5.76568834e-04
INFO:root:time taken for epoch 0:14:30.599032
INFO:root:Epoch 2
INFO:root:[2,     0] loss: 4.027601e-04 masks: 45.0 35.0 [wd: 4.01e-02] [lr: 2.40e-04] [mem: 2.19e+04] (677.4 ms)
INFO:root:[2,     0] grad_stats: [3.41e-05 5.86e-06] (4.18e-06, 7.30e-05)
INFO:root:[2,   417] loss: 4.529572e-04 masks: 47.2 33.7 [wd: 4.02e-02] [lr: 2.53e-04] [mem: 2.19e+04] (620.3 ms)
INFO:root:[2,   417] grad_stats: [8.22e-05 1.77e-05] (9.03e-06, 2.15e-04)
INFO:root:[2,   834] loss: 5.064864e-04 masks: 47.2 33.5 [wd: 4.02e-02] [lr: 2.67e-04] [mem: 2.19e+04] (619.7 ms)
INFO:root:[2,   834] grad_stats: [5.35e-05 9.36e-06] (5.74e-06, 7.71e-05)
INFO:root:avg. loss 5.54866923e-04
INFO:root:time taken for epoch 0:14:26.474254
INFO:root:Epoch 3
INFO:root:[3,     0] loss: 6.580241e-04 masks: 50.0 35.0 [wd: 4.04e-02] [lr: 2.80e-04] [mem: 2.19e+04] (806.5 ms)
INFO:root:[3,     0] grad_stats: [3.27e-05 8.30e-06] (4.47e-06, 1.09e-04)
INFO:root:[3,   417] loss: 7.205692e-04 masks: 48.0 33.4 [wd: 4.05e-02] [lr: 2.93e-04] [mem: 2.19e+04] (616.3 ms)
INFO:root:[3,   417] grad_stats: [4.23e-05 1.09e-05] (5.13e-06, 9.39e-05)
INFO:root:[3,   834] loss: 7.531195e-04 masks: 47.8 33.4 [wd: 4.06e-02] [lr: 3.07e-04] [mem: 2.19e+04] (615.1 ms)
INFO:root:[3,   834] grad_stats: [4.89e-05 9.98e-06] (5.75e-06, 2.34e-04)
INFO:root:avg. loss 7.83832534e-04
INFO:root:time taken for epoch 0:14:20.923141
INFO:root:Epoch 4
INFO:root:[4,     0] loss: 8.551254e-04 masks: 59.0 30.0 [wd: 4.08e-02] [lr: 3.20e-04] [mem: 2.19e+04] (617.5 ms)
INFO:root:[4,     0] grad_stats: [4.84e-05 9.98e-06] (5.16e-06, 2.00e-04)
INFO:root:[4,   417] loss: 9.036634e-04 masks: 47.5 33.4 [wd: 4.10e-02] [lr: 3.33e-04] [mem: 2.19e+04] (614.4 ms)
INFO:root:[4,   417] grad_stats: [2.38e-05 6.41e-06] (3.98e-06, 1.53e-04)
INFO:root:[4,   834] loss: 9.394617e-04 masks: 47.7 33.3 [wd: 4.12e-02] [lr: 3.47e-04] [mem: 2.19e+04] (613.6 ms)
INFO:root:[4,   834] grad_stats: [4.05e-05 7.45e-06] (4.39e-06, 1.70e-04)
INFO:root:avg. loss 9.65616496e-04
INFO:root:time taken for epoch 0:14:20.781073
INFO:root:Epoch 5
INFO:root:[5,     0] loss: 1.064532e-03 masks: 55.0 30.0 [wd: 4.14e-02] [lr: 3.60e-04] [mem: 2.19e+04] (623.6 ms)
INFO:root:[5,     0] grad_stats: [3.00e-05 8.09e-06] (4.49e-06, 1.39e-04)
INFO:root:[5,   417] loss: 1.045901e-03 masks: 48.1 33.4 [wd: 4.17e-02] [lr: 3.73e-04] [mem: 2.19e+04] (617.6 ms)
INFO:root:[5,   417] grad_stats: [6.02e-05 2.33e-05] (1.10e-05, 2.47e-04)
INFO:root:[5,   834] loss: 1.070106e-03 masks: 47.7 33.5 [wd: 4.19e-02] [lr: 3.87e-04] [mem: 2.19e+04] (615.9 ms)
INFO:root:[5,   834] grad_stats: [2.46e-05 6.83e-06] (4.28e-06, 9.59e-05)
INFO:root:avg. loss 1.09163633e-03
INFO:root:time taken for epoch 0:14:23.720416
INFO:root:Epoch 6
INFO:root:[6,     0] loss: 1.196256e-03 masks: 38.0 35.0 [wd: 4.22e-02] [lr: 4.00e-04] [mem: 2.19e+04] (663.2 ms)
INFO:root:[6,     0] grad_stats: [3.48e-05 9.07e-06] (4.78e-06, 1.99e-04)
INFO:root:[6,   417] loss: 1.158530e-03 masks: 48.2 33.2 [wd: 4.25e-02] [lr: 4.13e-04] [mem: 2.19e+04] (614.2 ms)
INFO:root:[6,   417] grad_stats: [2.52e-05 7.03e-06] (4.55e-06, 9.62e-05)
INFO:root:[6,   834] loss: 1.169569e-03 masks: 48.0 33.3 [wd: 4.28e-02] [lr: 4.27e-04] [mem: 2.19e+04] (613.0 ms)
INFO:root:[6,   834] grad_stats: [1.75e-05 5.17e-06] (3.29e-06, 8.02e-05)
INFO:root:avg. loss 1.18145806e-03
INFO:root:time taken for epoch 0:14:19.108695
INFO:root:Epoch 7
INFO:root:[7,     0] loss: 1.235552e-03 masks: 54.0 30.0 [wd: 4.32e-02] [lr: 4.40e-04] [mem: 2.19e+04] (632.8 ms)
INFO:root:[7,     0] grad_stats: [2.94e-05 8.01e-06] (4.51e-06, 1.34e-04)
INFO:root:[7,   417] loss: 1.220045e-03 masks: 47.3 33.5 [wd: 4.36e-02] [lr: 4.53e-04] [mem: 2.19e+04] (610.7 ms)
INFO:root:[7,   417] grad_stats: [2.50e-05 7.87e-06] (4.50e-06, 1.22e-04)
INFO:root:[7,   834] loss: 1.236707e-03 masks: 47.6 33.4 [wd: 4.39e-02] [lr: 4.67e-04] [mem: 2.19e+04] (610.2 ms)
INFO:root:[7,   834] grad_stats: [3.30e-05 9.42e-06] (4.86e-06, 2.00e-04)
INFO:root:avg. loss 1.24862469e-03
INFO:root:time taken for epoch 0:14:15.554454
INFO:root:Epoch 8
INFO:root:[8,     0] loss: 1.245225e-03 masks: 47.0 35.0 [wd: 4.43e-02] [lr: 4.80e-04] [mem: 2.19e+04] (666.6 ms)
INFO:root:[8,     0] grad_stats: [2.87e-05 8.35e-06] (4.02e-06, 1.29e-04)
INFO:root:[8,   417] loss: 1.289126e-03 masks: 47.7 33.4 [wd: 4.48e-02] [lr: 4.93e-04] [mem: 2.19e+04] (610.8 ms)
INFO:root:[8,   417] grad_stats: [3.44e-05 8.44e-06] (4.49e-06, 1.92e-04)
INFO:root:[8,   834] loss: 1.294563e-03 masks: 47.7 33.4 [wd: 4.52e-02] [lr: 5.07e-04] [mem: 2.19e+04] (610.3 ms)
INFO:root:[8,   834] grad_stats: [1.76e-05 6.32e-06] (3.61e-06, 1.16e-04)
INFO:root:avg. loss 1.30145514e-03
INFO:root:time taken for epoch 0:14:17.069938
INFO:root:Epoch 9
INFO:root:[9,     0] loss: 1.338981e-03 masks: 30.0 36.0 [wd: 4.57e-02] [lr: 5.20e-04] [mem: 2.19e+04] (626.6 ms)
INFO:root:[9,     0] grad_stats: [1.74e-05 6.30e-06] (3.66e-06, 9.79e-05)
INFO:root:[9,   417] loss: 1.340338e-03 masks: 48.1 33.1 [wd: 4.61e-02] [lr: 5.33e-04] [mem: 2.19e+04] (606.3 ms)
INFO:root:[9,   417] grad_stats: [1.50e-05 6.19e-06] (3.57e-06, 9.69e-05)
INFO:root:[9,   834] loss: 1.348383e-03 masks: 48.2 33.2 [wd: 4.66e-02] [lr: 5.47e-04] [mem: 2.19e+04] (608.8 ms)
INFO:root:[9,   834] grad_stats: [1.66e-05 6.34e-06] (3.52e-06, 8.94e-05)
INFO:root:avg. loss 1.34719308e-03
INFO:root:time taken for epoch 0:14:15.720459
INFO:root:Epoch 10
INFO:root:[10,     0] loss: 1.391300e-03 masks: 37.0 35.0 [wd: 4.71e-02] [lr: 5.60e-04] [mem: 2.19e+04] (626.4 ms)
INFO:root:[10,     0] grad_stats: [1.77e-05 7.21e-06] (4.04e-06, 1.19e-04)
INFO:root:[10,   417] loss: 1.371366e-03 masks: 48.4 33.2 [wd: 4.77e-02] [lr: 5.73e-04] [mem: 2.19e+04] (610.6 ms)
INFO:root:[10,   417] grad_stats: [2.37e-05 6.52e-06] (3.56e-06, 1.21e-04)
INFO:root:[10,   834] loss: 1.383189e-03 masks: 47.8 33.4 [wd: 4.82e-02] [lr: 5.87e-04] [mem: 2.19e+04] (612.0 ms)
INFO:root:[10,   834] grad_stats: [1.74e-05 8.13e-06] (3.78e-06, 1.06e-04)
INFO:root:avg. loss 1.39024235e-03
INFO:root:time taken for epoch 0:14:17.064446
INFO:root:Epoch 11
INFO:root:[11,     0] loss: 1.450628e-03 masks: 52.0 30.0 [wd: 4.88e-02] [lr: 6.00e-04] [mem: 2.19e+04] (597.2 ms)
INFO:root:[11,     0] grad_stats: [2.55e-05 7.20e-06] (4.09e-06, 1.55e-04)
INFO:root:[11,   417] loss: 1.407216e-03 masks: 47.6 33.5 [wd: 4.94e-02] [lr: 6.13e-04] [mem: 2.19e+04] (612.8 ms)
INFO:root:[11,   417] grad_stats: [1.52e-05 6.34e-06] (3.48e-06, 7.74e-05)
INFO:root:[11,   834] loss: 1.418555e-03 masks: 47.5 33.5 [wd: 5.00e-02] [lr: 6.27e-04] [mem: 2.19e+04] (612.0 ms)
INFO:root:[11,   834] grad_stats: [1.81e-05 7.88e-06] (4.34e-06, 9.19e-05)
INFO:root:avg. loss 1.43173982e-03
INFO:root:time taken for epoch 0:14:16.570094
INFO:root:Epoch 12
INFO:root:[12,     0] loss: 1.507259e-03 masks: 49.0 30.0 [wd: 5.06e-02] [lr: 6.40e-04] [mem: 2.19e+04] (594.0 ms)
INFO:root:[12,     0] grad_stats: [2.02e-05 6.80e-06] (3.92e-06, 1.27e-04)
INFO:root:[12,   417] loss: 1.467075e-03 masks: 47.8 33.3 [wd: 5.13e-02] [lr: 6.53e-04] [mem: 2.19e+04] (610.7 ms)
INFO:root:[12,   417] grad_stats: [1.86e-05 7.43e-06] (4.27e-06, 1.22e-04)
INFO:root:[12,   834] loss: 1.471978e-03 masks: 47.6 33.4 [wd: 5.20e-02] [lr: 6.67e-04] [mem: 2.19e+04] (611.3 ms)
INFO:root:[12,   834] grad_stats: [2.05e-05 8.17e-06] (4.38e-06, 1.48e-04)
INFO:root:avg. loss 1.48431128e-03
INFO:root:time taken for epoch 0:14:17.346038
INFO:root:Epoch 13
INFO:root:[13,     0] loss: 1.503835e-03 masks: 47.0 35.0 [wd: 5.26e-02] [lr: 6.80e-04] [mem: 2.19e+04] (656.0 ms)
INFO:root:[13,     0] grad_stats: [1.76e-05 6.67e-06] (3.97e-06, 1.25e-04)
INFO:root:[13,   417] loss: 1.522537e-03 masks: 47.6 33.4 [wd: 5.33e-02] [lr: 6.93e-04] [mem: 2.19e+04] (611.9 ms)
INFO:root:[13,   417] grad_stats: [1.73e-05 8.71e-06] (4.72e-06, 1.28e-04)
INFO:root:[13,   834] loss: 1.531438e-03 masks: 47.6 33.3 [wd: 5.41e-02] [lr: 7.07e-04] [mem: 2.19e+04] (610.2 ms)
INFO:root:[13,   834] grad_stats: [1.42e-05 7.74e-06] (4.04e-06, 9.28e-05)
INFO:root:avg. loss 1.54309823e-03
INFO:root:time taken for epoch 0:14:17.124555
INFO:root:Epoch 14
INFO:root:[14,     0] loss: 1.436238e-03 masks: 46.0 36.0 [wd: 5.48e-02] [lr: 7.20e-04] [mem: 2.19e+04] (649.3 ms)
INFO:root:[14,     0] grad_stats: [1.23e-05 6.87e-06] (3.79e-06, 7.69e-05)
INFO:root:[14,   417] loss: 1.574071e-03 masks: 47.7 33.4 [wd: 5.56e-02] [lr: 7.33e-04] [mem: 2.19e+04] (610.2 ms)
INFO:root:[14,   417] grad_stats: [1.48e-05 8.61e-06] (5.04e-06, 9.46e-05)
INFO:root:[14,   834] loss: 1.590862e-03 masks: 48.0 33.2 [wd: 5.63e-02] [lr: 7.47e-04] [mem: 2.19e+04] (609.7 ms)
INFO:root:[14,   834] grad_stats: [1.83e-05 9.60e-06] (5.26e-06, 1.12e-04)
INFO:root:avg. loss 1.60006681e-03
INFO:root:time taken for epoch 0:14:14.733910
INFO:root:Epoch 15
INFO:root:[15,     0] loss: 1.594889e-03 masks: 43.0 35.0 [wd: 5.71e-02] [lr: 7.60e-04] [mem: 2.19e+04] (639.2 ms)
INFO:root:[15,     0] grad_stats: [1.62e-05 8.10e-06] (4.58e-06, 9.07e-05)
INFO:root:[15,   417] loss: 1.624627e-03 masks: 47.5 33.4 [wd: 5.79e-02] [lr: 7.73e-04] [mem: 2.19e+04] (609.2 ms)
INFO:root:[15,   417] grad_stats: [1.61e-05 7.95e-06] (4.32e-06, 1.24e-04)
INFO:root:[15,   834] loss: 1.636330e-03 masks: 47.5 33.4 [wd: 5.88e-02] [lr: 7.87e-04] [mem: 2.19e+04] (608.3 ms)
INFO:root:[15,   834] grad_stats: [1.33e-05 8.42e-06] (4.40e-06, 1.06e-04)
INFO:root:avg. loss 1.64443945e-03
INFO:root:time taken for epoch 0:14:14.880720
INFO:root:Epoch 16
INFO:root:[16,     0] loss: 1.654100e-03 masks: 54.0 30.0 [wd: 5.96e-02] [lr: 8.00e-04] [mem: 2.19e+04] (626.3 ms)
INFO:root:[16,     0] grad_stats: [1.80e-05 9.63e-06] (5.17e-06, 1.35e-04)
INFO:root:[16,   417] loss: 1.658101e-03 masks: 47.8 33.4 [wd: 6.05e-02] [lr: 8.13e-04] [mem: 2.19e+04] (609.3 ms)
INFO:root:[16,   417] grad_stats: [1.42e-05 8.85e-06] (4.46e-06, 9.14e-05)
INFO:root:[16,   834] loss: 1.661920e-03 masks: 47.7 33.4 [wd: 6.14e-02] [lr: 8.27e-04] [mem: 2.19e+04] (610.5 ms)
INFO:root:[16,   834] grad_stats: [2.06e-05 9.15e-06] (4.63e-06, 1.60e-04)
INFO:root:avg. loss 1.66875524e-03
INFO:root:time taken for epoch 0:14:17.017741
INFO:root:Epoch 17
INFO:root:[17,     0] loss: 1.763948e-03 masks: 55.0 30.0 [wd: 6.23e-02] [lr: 8.40e-04] [mem: 2.19e+04] (628.2 ms)
INFO:root:[17,     0] grad_stats: [1.58e-05 1.09e-05] (5.11e-06, 1.41e-04)
INFO:root:[17,   417] loss: 1.686002e-03 masks: 47.7 33.4 [wd: 6.32e-02] [lr: 8.53e-04] [mem: 2.19e+04] (612.5 ms)
INFO:root:[17,   417] grad_stats: [1.25e-05 8.19e-06] (3.90e-06, 9.58e-05)
INFO:root:[17,   834] loss: 1.690067e-03 masks: 47.8 33.3 [wd: 6.41e-02] [lr: 8.67e-04] [mem: 2.19e+04] (612.6 ms)
INFO:root:[17,   834] grad_stats: [1.93e-05 1.18e-05] (5.56e-06, 2.18e-04)
INFO:root:avg. loss 1.69237984e-03
INFO:root:time taken for epoch 0:14:17.460528
INFO:root:Epoch 18
INFO:root:[18,     0] loss: 1.698280e-03 masks: 48.0 35.0 [wd: 6.51e-02] [lr: 8.80e-04] [mem: 2.19e+04] (633.6 ms)
INFO:root:[18,     0] grad_stats: [1.51e-05 1.03e-05] (4.69e-06, 1.08e-04)
INFO:root:[18,   417] loss: 1.700100e-03 masks: 47.3 33.4 [wd: 6.60e-02] [lr: 8.93e-04] [mem: 2.19e+04] (611.9 ms)
INFO:root:[18,   417] grad_stats: [2.20e-05 1.22e-05] (5.77e-06, 2.27e-04)
INFO:root:[18,   834] loss: 1.703903e-03 masks: 47.4 33.4 [wd: 6.70e-02] [lr: 9.07e-04] [mem: 2.19e+04] (610.7 ms)
INFO:root:[18,   834] grad_stats: [2.08e-05 9.38e-06] (4.12e-06, 1.38e-04)
INFO:root:avg. loss 1.70525721e-03
INFO:root:time taken for epoch 0:14:16.604398
INFO:root:Epoch 19
INFO:root:[19,     0] loss: 1.774409e-03 masks: 53.0 35.0 [wd: 6.80e-02] [lr: 9.20e-04] [mem: 2.19e+04] (696.3 ms)
INFO:root:[19,     0] grad_stats: [1.52e-05 1.15e-05] (4.85e-06, 1.20e-04)
INFO:root:[19,   417] loss: 1.709227e-03 masks: 47.5 33.4 [wd: 6.90e-02] [lr: 9.33e-04] [mem: 2.19e+04] (613.8 ms)
INFO:root:[19,   417] grad_stats: [1.86e-05 1.23e-05] (5.29e-06, 1.33e-04)
INFO:root:[19,   834] loss: 1.714129e-03 masks: 47.6 33.3 [wd: 7.01e-02] [lr: 9.47e-04] [mem: 2.19e+04] (613.2 ms)
INFO:root:[19,   834] grad_stats: [1.49e-05 1.09e-05] (4.47e-06, 9.45e-05)
INFO:root:avg. loss 1.71193251e-03
INFO:root:time taken for epoch 0:14:21.788254
INFO:root:Epoch 20
INFO:root:[20,     0] loss: 1.779719e-03 masks: 47.0 35.0 [wd: 7.11e-02] [lr: 9.60e-04] [mem: 2.19e+04] (634.4 ms)
INFO:root:[20,     0] grad_stats: [1.86e-05 1.28e-05] (5.39e-06, 1.28e-04)
INFO:root:[20,   417] loss: 1.728002e-03 masks: 47.9 33.3 [wd: 7.22e-02] [lr: 9.73e-04] [mem: 2.19e+04] (610.0 ms)
INFO:root:[20,   417] grad_stats: [3.45e-05 1.15e-05] (4.63e-06, 2.70e-04)
INFO:root:[20,   834] loss: 1.724816e-03 masks: 47.5 33.4 [wd: 7.33e-02] [lr: 9.87e-04] [mem: 2.19e+04] (610.5 ms)
INFO:root:[20,   834] grad_stats: [1.38e-05 1.04e-05] (4.14e-06, 1.14e-04)
INFO:root:avg. loss 1.72500443e-03
INFO:root:time taken for epoch 0:14:15.511303
INFO:root:Epoch 21
INFO:root:[21,     0] loss: 1.693396e-03 masks: 47.0 35.0 [wd: 7.44e-02] [lr: 1.00e-03] [mem: 2.19e+04] (674.8 ms)
INFO:root:[21,     0] grad_stats: [1.47e-05 1.24e-05] (4.93e-06, 1.13e-04)
INFO:root:[21,   417] loss: 1.727829e-03 masks: 47.6 33.5 [wd: 7.55e-02] [lr: 1.00e-03] [mem: 2.19e+04] (612.1 ms)
INFO:root:[21,   417] grad_stats: [2.12e-05 1.42e-05] (5.49e-06, 1.57e-04)
INFO:root:[21,   834] loss: 1.732625e-03 masks: 47.7 33.5 [wd: 7.66e-02] [lr: 1.00e-03] [mem: 2.19e+04] (611.5 ms)
INFO:root:[21,   834] grad_stats: [1.45e-05 1.21e-05] (4.66e-06, 1.17e-04)
INFO:root:avg. loss 1.73776897e-03
INFO:root:time taken for epoch 0:14:15.032104
INFO:root:Epoch 22
INFO:root:[22,     0] loss: 1.736698e-03 masks: 58.0 30.0 [wd: 7.78e-02] [lr: 1.00e-03] [mem: 2.19e+04] (656.4 ms)
INFO:root:[22,     0] grad_stats: [2.14e-05 1.38e-05] (5.03e-06, 1.41e-04)
INFO:root:[22,   417] loss: 1.740601e-03 masks: 47.1 33.5 [wd: 7.89e-02] [lr: 9.99e-04] [mem: 2.19e+04] (610.9 ms)
INFO:root:[22,   417] grad_stats: [1.96e-05 1.27e-05] (4.86e-06, 1.44e-04)
INFO:root:[22,   834] loss: 1.747629e-03 masks: 47.3 33.4 [wd: 8.01e-02] [lr: 9.99e-04] [mem: 2.19e+04] (610.4 ms)
INFO:root:[22,   834] grad_stats: [1.66e-05 1.21e-05] (4.67e-06, 1.24e-04)
INFO:root:avg. loss 1.74973185e-03
INFO:root:time taken for epoch 0:14:17.015381
INFO:root:Epoch 23
INFO:root:[23,     0] loss: 1.681971e-03 masks: 40.0 40.0 [wd: 8.13e-02] [lr: 9.98e-04] [mem: 2.19e+04] (644.5 ms)
INFO:root:[23,     0] grad_stats: [1.72e-05 1.29e-05] (4.92e-06, 1.38e-04)
INFO:root:[23,   417] loss: 1.759808e-03 masks: 47.6 33.3 [wd: 8.25e-02] [lr: 9.98e-04] [mem: 2.19e+04] (610.5 ms)
INFO:root:[23,   417] grad_stats: [2.09e-05 1.54e-05] (5.65e-06, 1.51e-04)
INFO:root:[23,   834] loss: 1.765113e-03 masks: 47.4 33.4 [wd: 8.37e-02] [lr: 9.97e-04] [mem: 2.19e+04] (610.5 ms)
INFO:root:[23,   834] grad_stats: [1.53e-05 1.30e-05] (4.83e-06, 1.26e-04)
INFO:root:avg. loss 1.76955907e-03
INFO:root:time taken for epoch 0:14:16.365599
INFO:root:Epoch 24
INFO:root:[24,     0] loss: 1.812323e-03 masks: 61.0 30.0 [wd: 8.50e-02] [lr: 9.97e-04] [mem: 2.19e+04] (657.1 ms)
INFO:root:[24,     0] grad_stats: [2.23e-05 1.38e-05] (5.28e-06, 1.61e-04)
INFO:root:[24,   417] loss: 1.787313e-03 masks: 48.0 33.3 [wd: 8.62e-02] [lr: 9.96e-04] [mem: 2.19e+04] (609.5 ms)
INFO:root:[24,   417] grad_stats: [1.83e-05 1.58e-05] (6.17e-06, 1.40e-04)
INFO:root:[24,   834] loss: 1.788343e-03 masks: 48.1 33.3 [wd: 8.75e-02] [lr: 9.95e-04] [mem: 2.19e+04] (609.2 ms)
INFO:root:[24,   834] grad_stats: [1.85e-05 1.28e-05] (5.05e-06, 1.26e-04)
INFO:root:avg. loss 1.79191625e-03
INFO:root:time taken for epoch 0:14:15.949425
INFO:root:Epoch 25
INFO:root:[25,     0] loss: 1.829975e-03 masks: 58.0 30.0 [wd: 8.88e-02] [lr: 9.94e-04] [mem: 2.19e+04] (632.9 ms)
INFO:root:[25,     0] grad_stats: [2.09e-05 1.50e-05] (5.56e-06, 1.44e-04)
INFO:root:[25,   417] loss: 1.811582e-03 masks: 47.7 33.2 [wd: 9.01e-02] [lr: 9.93e-04] [mem: 2.19e+04] (610.1 ms)
INFO:root:[25,   417] grad_stats: [2.39e-05 1.35e-05] (5.28e-06, 1.94e-04)
INFO:root:[25,   834] loss: 1.808651e-03 masks: 47.7 33.4 [wd: 9.14e-02] [lr: 9.92e-04] [mem: 2.19e+04] (610.7 ms)
INFO:root:[25,   834] grad_stats: [1.68e-05 1.26e-05] (5.02e-06, 1.47e-04)
INFO:root:avg. loss 1.81360107e-03
INFO:root:time taken for epoch 0:14:15.752859
INFO:root:Epoch 26
INFO:root:[26,     0] loss: 1.780025e-03 masks: 52.0 35.0 [wd: 9.27e-02] [lr: 9.90e-04] [mem: 2.19e+04] (685.7 ms)
INFO:root:[26,     0] grad_stats: [1.80e-05 1.51e-05] (5.84e-06, 1.37e-04)
INFO:root:[26,   417] loss: 1.828237e-03 masks: 47.5 33.4 [wd: 9.41e-02] [lr: 9.89e-04] [mem: 2.19e+04] (610.6 ms)
INFO:root:[26,   417] grad_stats: [3.82e-05 1.68e-05] (7.35e-06, 2.80e-04)
INFO:root:[26,   834] loss: 1.832364e-03 masks: 47.7 33.4 [wd: 9.54e-02] [lr: 9.88e-04] [mem: 2.19e+04] (611.0 ms)
INFO:root:[26,   834] grad_stats: [2.20e-05 1.65e-05] (6.56e-06, 2.35e-04)
INFO:root:avg. loss 1.83739673e-03
INFO:root:time taken for epoch 0:14:16.570880
INFO:root:Epoch 27
INFO:root:[27,     0] loss: 1.724166e-03 masks: 43.0 40.0 [wd: 9.68e-02] [lr: 9.86e-04] [mem: 2.19e+04] (674.3 ms)
INFO:root:[27,     0] grad_stats: [1.79e-05 1.31e-05] (5.32e-06, 1.22e-04)
INFO:root:[27,   417] loss: 1.859219e-03 masks: 47.9 33.3 [wd: 9.82e-02] [lr: 9.85e-04] [mem: 2.19e+04] (610.5 ms)
INFO:root:[27,   417] grad_stats: [1.97e-05 1.40e-05] (5.56e-06, 1.68e-04)
INFO:root:[27,   834] loss: 1.861936e-03 masks: 48.3 33.2 [wd: 9.96e-02] [lr: 9.83e-04] [mem: 2.19e+04] (610.6 ms)
INFO:root:[27,   834] grad_stats: [3.13e-05 1.70e-05] (6.89e-06, 2.08e-04)
INFO:root:avg. loss 1.85997633e-03
INFO:root:time taken for epoch 0:14:15.636593
INFO:root:Epoch 28
INFO:root:[28,     0] loss: 1.826294e-03 masks: 30.0 36.0 [wd: 1.01e-01] [lr: 9.81e-04] [mem: 2.19e+04] (636.5 ms)
INFO:root:[28,     0] grad_stats: [2.52e-05 1.43e-05] (5.84e-06, 2.96e-04)
INFO:root:[28,   417] loss: 1.862875e-03 masks: 47.2 33.4 [wd: 1.02e-01] [lr: 9.79e-04] [mem: 2.19e+04] (611.0 ms)
INFO:root:[28,   417] grad_stats: [1.71e-05 1.34e-05] (5.33e-06, 1.26e-04)
INFO:root:[28,   834] loss: 1.861951e-03 masks: 47.3 33.5 [wd: 1.04e-01] [lr: 9.78e-04] [mem: 2.19e+04] (611.2 ms)
INFO:root:[28,   834] grad_stats: [2.15e-05 1.32e-05] (5.49e-06, 1.25e-04)
INFO:root:avg. loss 1.86915885e-03
INFO:root:time taken for epoch 0:14:15.787151
INFO:root:Epoch 29
INFO:root:[29,     0] loss: 1.851885e-03 masks: 47.0 35.0 [wd: 1.05e-01] [lr: 9.76e-04] [mem: 2.19e+04] (623.6 ms)
INFO:root:[29,     0] grad_stats: [2.37e-05 1.40e-05] (6.11e-06, 1.42e-04)
INFO:root:[29,   417] loss: 1.881989e-03 masks: 47.9 33.2 [wd: 1.07e-01] [lr: 9.73e-04] [mem: 2.19e+04] (608.8 ms)
INFO:root:[29,   417] grad_stats: [2.44e-05 1.47e-05] (6.30e-06, 1.53e-04)
INFO:root:[29,   834] loss: 1.883967e-03 masks: 47.9 33.2 [wd: 1.08e-01] [lr: 9.71e-04] [mem: 2.19e+04] (607.1 ms)
INFO:root:[29,   834] grad_stats: [2.83e-05 1.66e-05] (7.37e-06, 1.61e-04)
INFO:root:avg. loss 1.88540031e-03
INFO:root:time taken for epoch 0:14:16.723659
INFO:root:Epoch 30
INFO:root:[30,     0] loss: 1.921063e-03 masks: 56.0 30.0 [wd: 1.10e-01] [lr: 9.69e-04] [mem: 2.19e+04] (609.4 ms)
INFO:root:[30,     0] grad_stats: [2.35e-05 1.57e-05] (7.24e-06, 1.79e-04)
INFO:root:[30,   417] loss: 1.888751e-03 masks: 47.2 33.5 [wd: 1.11e-01] [lr: 9.67e-04] [mem: 2.19e+04] (610.8 ms)
INFO:root:[30,   417] grad_stats: [2.23e-05 1.40e-05] (6.17e-06, 1.59e-04)
INFO:root:[30,   834] loss: 1.898164e-03 masks: 47.5 33.4 [wd: 1.13e-01] [lr: 9.64e-04] [mem: 2.19e+04] (609.9 ms)
INFO:root:[30,   834] grad_stats: [1.84e-05 1.42e-05] (6.17e-06, 1.47e-04)
INFO:root:avg. loss 1.90060973e-03
INFO:root:time taken for epoch 0:14:16.839360
INFO:root:Epoch 31
INFO:root:[31,     0] loss: 1.877420e-03 masks: 60.0 30.0 [wd: 1.14e-01] [lr: 9.62e-04] [mem: 2.19e+04] (670.7 ms)
INFO:root:[31,     0] grad_stats: [1.79e-05 1.43e-05] (6.90e-06, 1.27e-04)
INFO:root:[31,   417] loss: 1.913074e-03 masks: 47.7 33.4 [wd: 1.16e-01] [lr: 9.59e-04] [mem: 2.19e+04] (611.8 ms)
INFO:root:[31,   417] grad_stats: [2.61e-05 1.41e-05] (6.30e-06, 2.18e-04)
INFO:root:[31,   834] loss: 1.907562e-03 masks: 47.5 33.5 [wd: 1.17e-01] [lr: 9.57e-04] [mem: 2.19e+04] (611.0 ms)
INFO:root:[31,   834] grad_stats: [3.00e-05 1.68e-05] (7.96e-06, 2.20e-04)
INFO:root:avg. loss 1.90926617e-03
INFO:root:time taken for epoch 0:14:15.669929
INFO:root:Epoch 32
INFO:root:[32,     0] loss: 1.811384e-03 masks: 45.0 35.0 [wd: 1.19e-01] [lr: 9.54e-04] [mem: 2.19e+04] (638.2 ms)
INFO:root:[32,     0] grad_stats: [2.23e-05 1.35e-05] (6.37e-06, 1.85e-04)
INFO:root:[32,   417] loss: 1.905148e-03 masks: 47.8 33.5 [wd: 1.20e-01] [lr: 9.51e-04] [mem: 2.19e+04] (614.8 ms)
INFO:root:[32,   417] grad_stats: [2.43e-05 1.43e-05] (6.65e-06, 1.61e-04)
INFO:root:[32,   834] loss: 1.909393e-03 masks: 47.8 33.4 [wd: 1.22e-01] [lr: 9.48e-04] [mem: 2.19e+04] (613.6 ms)
INFO:root:[32,   834] grad_stats: [2.39e-05 1.71e-05] (8.18e-06, 1.60e-04)
INFO:root:avg. loss 1.91101884e-03
INFO:root:time taken for epoch 0:14:18.110915
INFO:root:Epoch 33
INFO:root:[33,     0] loss: 1.850566e-03 masks: 48.0 35.0 [wd: 1.24e-01] [lr: 9.46e-04] [mem: 2.19e+04] (798.2 ms)
INFO:root:[33,     0] grad_stats: [2.36e-05 1.36e-05] (6.61e-06, 1.59e-04)
INFO:root:[33,   417] loss: 1.907145e-03 masks: 47.6 33.6 [wd: 1.25e-01] [lr: 9.43e-04] [mem: 2.19e+04] (612.7 ms)
INFO:root:[33,   417] grad_stats: [2.82e-05 1.64e-05] (7.93e-06, 2.43e-04)
INFO:root:[33,   834] loss: 1.912266e-03 masks: 47.5 33.6 [wd: 1.27e-01] [lr: 9.39e-04] [mem: 2.19e+04] (611.4 ms)
INFO:root:[33,   834] grad_stats: [2.20e-05 1.39e-05] (6.95e-06, 1.33e-04)
INFO:root:avg. loss 1.91700659e-03
INFO:root:time taken for epoch 0:14:15.029102
INFO:root:Epoch 34
INFO:root:[34,     0] loss: 1.840424e-03 masks: 53.0 35.0 [wd: 1.28e-01] [lr: 9.36e-04] [mem: 2.19e+04] (689.7 ms)
INFO:root:[34,     0] grad_stats: [1.99e-05 1.41e-05] (6.86e-06, 1.41e-04)
INFO:root:[34,   417] loss: 1.926480e-03 masks: 47.6 33.4 [wd: 1.30e-01] [lr: 9.33e-04] [mem: 2.19e+04] (610.1 ms)
INFO:root:[34,   417] grad_stats: [2.29e-05 1.28e-05] (6.16e-06, 1.46e-04)
INFO:root:[34,   834] loss: 1.924241e-03 masks: 47.4 33.5 [wd: 1.32e-01] [lr: 9.30e-04] [mem: 2.19e+04] (609.4 ms)
INFO:root:[34,   834] grad_stats: [2.52e-05 1.38e-05] (6.84e-06, 1.51e-04)
INFO:root:avg. loss 1.92362558e-03
INFO:root:time taken for epoch 0:14:16.411695
INFO:root:Epoch 35
INFO:root:[35,     0] loss: 1.831593e-03 masks: 38.0 36.0 [wd: 1.33e-01] [lr: 9.26e-04] [mem: 2.19e+04] (642.6 ms)
INFO:root:[35,     0] grad_stats: [3.38e-05 1.40e-05] (6.95e-06, 2.37e-04)
INFO:root:[35,   417] loss: 1.919417e-03 masks: 47.7 33.4 [wd: 1.35e-01] [lr: 9.23e-04] [mem: 2.19e+04] (611.2 ms)
INFO:root:[35,   417] grad_stats: [2.87e-05 1.44e-05] (7.57e-06, 2.40e-04)
INFO:root:[35,   834] loss: 1.932379e-03 masks: 48.1 33.2 [wd: 1.37e-01] [lr: 9.19e-04] [mem: 2.19e+04] (610.7 ms)
INFO:root:[35,   834] grad_stats: [2.42e-05 1.48e-05] (7.66e-06, 1.72e-04)
INFO:root:avg. loss 1.92942842e-03
INFO:root:time taken for epoch 0:14:15.559250
INFO:root:Epoch 36
INFO:root:[36,     0] loss: 1.859631e-03 masks: 43.0 36.0 [wd: 1.38e-01] [lr: 9.16e-04] [mem: 2.19e+04] (664.3 ms)
INFO:root:[36,     0] grad_stats: [2.63e-05 1.54e-05] (7.72e-06, 2.35e-04)
INFO:root:[36,   417] loss: 1.928051e-03 masks: 47.2 33.5 [wd: 1.40e-01] [lr: 9.12e-04] [mem: 2.19e+04] (611.3 ms)
INFO:root:[36,   417] grad_stats: [3.82e-05 1.74e-05] (8.88e-06, 2.62e-04)
INFO:root:[36,   834] loss: 1.926103e-03 masks: 46.8 33.6 [wd: 1.42e-01] [lr: 9.08e-04] [mem: 2.19e+04] (612.3 ms)
INFO:root:[36,   834] grad_stats: [2.77e-05 1.45e-05] (7.38e-06, 2.32e-04)
INFO:root:avg. loss 1.92912486e-03
INFO:root:time taken for epoch 0:14:17.130270
INFO:root:Epoch 37
INFO:root:[37,     0] loss: 2.010399e-03 masks: 52.0 30.0 [wd: 1.43e-01] [lr: 9.05e-04] [mem: 2.19e+04] (630.9 ms)
INFO:root:[37,     0] grad_stats: [3.04e-05 1.58e-05] (8.19e-06, 2.13e-04)
INFO:root:[37,   417] loss: 1.931713e-03 masks: 47.3 33.5 [wd: 1.45e-01] [lr: 9.01e-04] [mem: 2.19e+04] (612.7 ms)
INFO:root:[37,   417] grad_stats: [4.06e-05 1.84e-05] (9.43e-06, 2.78e-04)
INFO:root:[37,   834] loss: 1.938041e-03 masks: 47.6 33.4 [wd: 1.47e-01] [lr: 8.97e-04] [mem: 2.19e+04] (610.6 ms)
INFO:root:[37,   834] grad_stats: [2.16e-05 1.36e-05] (6.96e-06, 1.32e-04)
INFO:root:avg. loss 1.93710806e-03
INFO:root:time taken for epoch 0:14:16.286222
INFO:root:Epoch 38
INFO:root:[38,     0] loss: 1.937645e-03 masks: 59.0 30.0 [wd: 1.49e-01] [lr: 8.93e-04] [mem: 2.19e+04] (656.7 ms)
INFO:root:[38,     0] grad_stats: [3.03e-05 1.64e-05] (8.83e-06, 2.43e-04)
INFO:root:[38,   417] loss: 1.929410e-03 masks: 47.6 33.6 [wd: 1.50e-01] [lr: 8.89e-04] [mem: 2.19e+04] (612.3 ms)
INFO:root:[38,   417] grad_stats: [2.11e-05 1.23e-05] (6.65e-06, 1.48e-04)
INFO:root:[38,   834] loss: 1.935368e-03 masks: 47.7 33.5 [wd: 1.52e-01] [lr: 8.85e-04] [mem: 2.19e+04] (609.2 ms)
INFO:root:[38,   834] grad_stats: [2.95e-05 1.82e-05] (1.02e-05, 3.22e-04)
INFO:root:avg. loss 1.93814289e-03
INFO:root:time taken for epoch 0:14:15.866293
INFO:root:Epoch 39
INFO:root:[39,     0] loss: 1.873910e-03 masks: 47.0 35.0 [wd: 1.54e-01] [lr: 8.80e-04] [mem: 2.19e+04] (666.6 ms)
INFO:root:[39,     0] grad_stats: [2.70e-05 1.56e-05] (8.31e-06, 2.09e-04)
INFO:root:[39,   417] loss: 1.941716e-03 masks: 48.4 33.2 [wd: 1.55e-01] [lr: 8.76e-04] [mem: 2.19e+04] (609.6 ms)
INFO:root:[39,   417] grad_stats: [3.25e-05 1.90e-05] (1.02e-05, 2.05e-04)
INFO:root:[39,   834] loss: 1.941428e-03 masks: 47.9 33.3 [wd: 1.57e-01] [lr: 8.72e-04] [mem: 2.19e+04] (609.6 ms)
INFO:root:[39,   834] grad_stats: [3.84e-05 1.58e-05] (8.44e-06, 3.13e-04)
INFO:root:avg. loss 1.94137281e-03
INFO:root:time taken for epoch 0:14:17.602677
INFO:root:Epoch 40
INFO:root:[40,     0] loss: 2.074350e-03 masks: 55.0 30.0 [wd: 1.59e-01] [lr: 8.67e-04] [mem: 2.19e+04] (620.2 ms)
INFO:root:[40,     0] grad_stats: [2.95e-05 1.80e-05] (9.97e-06, 2.26e-04)
INFO:root:[40,   417] loss: 1.941614e-03 masks: 47.4 33.4 [wd: 1.61e-01] [lr: 8.63e-04] [mem: 2.19e+04] (610.1 ms)
INFO:root:[40,   417] grad_stats: [2.86e-05 1.91e-05] (1.03e-05, 1.85e-04)
INFO:root:[40,   834] loss: 1.941981e-03 masks: 47.8 33.3 [wd: 1.63e-01] [lr: 8.58e-04] [mem: 2.19e+04] (609.4 ms)
INFO:root:[40,   834] grad_stats: [2.29e-05 1.58e-05] (9.18e-06, 1.93e-04)
INFO:root:avg. loss 1.93798084e-03
INFO:root:time taken for epoch 0:14:15.121854
INFO:root:Epoch 41
INFO:root:[41,     0] loss: 1.867890e-03 masks: 37.0 36.0 [wd: 1.64e-01] [lr: 8.54e-04] [mem: 2.19e+04] (668.1 ms)
INFO:root:[41,     0] grad_stats: [2.53e-05 1.51e-05] (8.31e-06, 1.68e-04)
INFO:root:[41,   417] loss: 1.934792e-03 masks: 48.1 33.2 [wd: 1.66e-01] [lr: 8.49e-04] [mem: 2.19e+04] (608.5 ms)
INFO:root:[41,   417] grad_stats: [3.38e-05 1.35e-05] (7.43e-06, 3.09e-04)
INFO:root:[41,   834] loss: 1.940166e-03 masks: 48.1 33.2 [wd: 1.68e-01] [lr: 8.44e-04] [mem: 2.19e+04] (610.0 ms)
INFO:root:[41,   834] grad_stats: [2.65e-05 1.62e-05] (9.30e-06, 1.94e-04)
INFO:root:avg. loss 1.93882577e-03
INFO:root:time taken for epoch 0:14:16.092046
INFO:root:Epoch 42
INFO:root:[42,     0] loss: 1.961144e-03 masks: 54.0 30.0 [wd: 1.70e-01] [lr: 8.40e-04] [mem: 2.19e+04] (603.0 ms)
INFO:root:[42,     0] grad_stats: [3.54e-05 1.82e-05] (1.03e-05, 2.49e-04)
INFO:root:[42,   417] loss: 1.926230e-03 masks: 47.0 33.6 [wd: 1.72e-01] [lr: 8.35e-04] [mem: 2.19e+04] (613.9 ms)
INFO:root:[42,   417] grad_stats: [2.56e-05 1.59e-05] (8.94e-06, 2.20e-04)
INFO:root:[42,   834] loss: 1.930771e-03 masks: 47.0 33.6 [wd: 1.73e-01] [lr: 8.30e-04] [mem: 2.19e+04] (613.1 ms)
INFO:root:[42,   834] grad_stats: [2.75e-05 1.57e-05] (8.92e-06, 1.95e-04)
INFO:root:avg. loss 1.93167988e-03
INFO:root:time taken for epoch 0:14:18.299254
INFO:root:Epoch 43
INFO:root:[43,     0] loss: 1.991971e-03 masks: 54.0 30.0 [wd: 1.75e-01] [lr: 8.25e-04] [mem: 2.19e+04] (643.9 ms)
INFO:root:[43,     0] grad_stats: [3.90e-05 1.89e-05] (1.09e-05, 3.78e-04)
INFO:root:[43,   417] loss: 1.946418e-03 masks: 48.6 33.0 [wd: 1.77e-01] [lr: 8.20e-04] [mem: 2.19e+04] (608.2 ms)
INFO:root:[43,   417] grad_stats: [3.78e-05 1.98e-05] (1.15e-05, 3.06e-04)
INFO:root:[43,   834] loss: 1.939089e-03 masks: 48.1 33.2 [wd: 1.79e-01] [lr: 8.15e-04] [mem: 2.19e+04] (608.5 ms)
INFO:root:[43,   834] grad_stats: [3.47e-05 1.97e-05] (1.11e-05, 3.12e-04)
INFO:root:avg. loss 1.94008423e-03
INFO:root:time taken for epoch 0:14:15.885394
INFO:root:Epoch 44
INFO:root:[44,     0] loss: 1.957916e-03 masks: 46.0 36.0 [wd: 1.81e-01] [lr: 8.10e-04] [mem: 2.19e+04] (657.8 ms)
INFO:root:[44,     0] grad_stats: [3.05e-05 1.95e-05] (1.11e-05, 2.21e-04)
INFO:root:[44,   417] loss: 1.929468e-03 masks: 47.4 33.6 [wd: 1.83e-01] [lr: 8.05e-04] [mem: 2.19e+04] (613.4 ms)
INFO:root:[44,   417] grad_stats: [2.27e-05 1.43e-05] (7.86e-06, 1.52e-04)
INFO:root:[44,   834] loss: 1.937426e-03 masks: 47.7 33.4 [wd: 1.84e-01] [lr: 7.99e-04] [mem: 2.19e+04] (613.2 ms)
INFO:root:[44,   834] grad_stats: [3.23e-05 2.00e-05] (1.16e-05, 2.12e-04)
INFO:root:avg. loss 1.93721332e-03
INFO:root:time taken for epoch 0:14:18.673011
INFO:root:Epoch 45
INFO:root:[45,     0] loss: 1.980962e-03 masks: 47.0 35.0 [wd: 1.86e-01] [lr: 7.94e-04] [mem: 2.19e+04] (647.2 ms)
INFO:root:[45,     0] grad_stats: [3.56e-05 1.88e-05] (1.10e-05, 2.63e-04)
INFO:root:[45,   417] loss: 1.949932e-03 masks: 48.5 33.0 [wd: 1.88e-01] [lr: 7.89e-04] [mem: 2.19e+04] (608.2 ms)
INFO:root:[45,   417] grad_stats: [2.68e-05 1.52e-05] (8.85e-06, 2.35e-04)
INFO:root:[45,   834] loss: 1.945308e-03 masks: 48.2 33.1 [wd: 1.90e-01] [lr: 7.83e-04] [mem: 2.19e+04] (609.4 ms)
INFO:root:[45,   834] grad_stats: [3.11e-05 1.78e-05] (1.01e-05, 2.54e-04)
INFO:root:avg. loss 1.94376421e-03
INFO:root:time taken for epoch 0:14:16.236814
INFO:root:Epoch 46
INFO:root:[46,     0] loss: 1.992341e-03 masks: 58.0 30.0 [wd: 1.92e-01] [lr: 7.78e-04] [mem: 2.19e+04] (647.4 ms)
INFO:root:[46,     0] grad_stats: [3.45e-05 2.06e-05] (1.20e-05, 3.39e-04)
INFO:root:[46,   417] loss: 1.936687e-03 masks: 48.1 33.3 [wd: 1.94e-01] [lr: 7.73e-04] [mem: 2.19e+04] (613.2 ms)
INFO:root:[46,   417] grad_stats: [3.53e-05 2.18e-05] (1.23e-05, 2.83e-04)
INFO:root:[46,   834] loss: 1.939164e-03 masks: 47.9 33.3 [wd: 1.96e-01] [lr: 7.67e-04] [mem: 2.19e+04] (612.8 ms)
INFO:root:[46,   834] grad_stats: [2.76e-05 1.79e-05] (1.05e-05, 2.28e-04)
INFO:root:avg. loss 1.93940062e-03
INFO:root:time taken for epoch 0:14:18.786484
INFO:root:Epoch 47
INFO:root:[47,     0] loss: 1.974726e-03 masks: 43.0 35.0 [wd: 1.97e-01] [lr: 7.61e-04] [mem: 2.19e+04] (660.2 ms)
INFO:root:[47,     0] grad_stats: [3.08e-05 2.06e-05] (1.17e-05, 2.66e-04)
INFO:root:[47,   417] loss: 1.933645e-03 masks: 47.3 33.5 [wd: 1.99e-01] [lr: 7.56e-04] [mem: 2.19e+04] (611.8 ms)
INFO:root:[47,   417] grad_stats: [2.89e-05 1.83e-05] (1.08e-05, 2.11e-04)
INFO:root:[47,   834] loss: 1.936192e-03 masks: 47.7 33.4 [wd: 2.01e-01] [lr: 7.50e-04] [mem: 2.19e+04] (611.6 ms)
INFO:root:[47,   834] grad_stats: [3.00e-05 1.56e-05] (9.27e-06, 1.85e-04)
INFO:root:avg. loss 1.93726185e-03
INFO:root:time taken for epoch 0:14:17.603267
INFO:root:Epoch 48
INFO:root:[48,     0] loss: 1.928790e-03 masks: 49.0 35.0 [wd: 2.03e-01] [lr: 7.45e-04] [mem: 2.19e+04] (648.8 ms)
INFO:root:[48,     0] grad_stats: [4.60e-05 2.09e-05] (1.19e-05, 3.49e-04)
INFO:root:[48,   417] loss: 1.936149e-03 masks: 47.8 33.3 [wd: 2.05e-01] [lr: 7.39e-04] [mem: 2.19e+04] (611.1 ms)
INFO:root:[48,   417] grad_stats: [4.13e-05 2.21e-05] (1.33e-05, 2.68e-04)
INFO:root:[48,   834] loss: 1.935259e-03 masks: 47.6 33.3 [wd: 2.07e-01] [lr: 7.33e-04] [mem: 2.19e+04] (611.1 ms)
INFO:root:[48,   834] grad_stats: [4.05e-05 1.78e-05] (1.09e-05, 2.82e-04)
INFO:root:avg. loss 1.93410809e-03
INFO:root:time taken for epoch 0:14:17.486931
INFO:root:Epoch 49
INFO:root:[49,     0] loss: 1.865108e-03 masks: 42.0 36.0 [wd: 2.09e-01] [lr: 7.27e-04] [mem: 2.19e+04] (662.0 ms)
INFO:root:[49,     0] grad_stats: [2.78e-05 1.90e-05] (1.11e-05, 2.07e-04)
INFO:root:[49,   417] loss: 1.929764e-03 masks: 47.7 33.4 [wd: 2.11e-01] [lr: 7.21e-04] [mem: 2.19e+04] (614.5 ms)
INFO:root:[49,   417] grad_stats: [4.58e-05 2.31e-05] (1.42e-05, 3.87e-04)
INFO:root:[49,   834] loss: 1.929039e-03 masks: 47.6 33.4 [wd: 2.12e-01] [lr: 7.16e-04] [mem: 2.19e+04] (612.7 ms)
INFO:root:[49,   834] grad_stats: [4.01e-05 1.87e-05] (1.16e-05, 3.02e-04)
INFO:root:avg. loss 1.92939751e-03
INFO:root:time taken for epoch 0:14:20.136068
INFO:root:Epoch 50
INFO:root:[50,     0] loss: 1.876440e-03 masks: 50.0 30.0 [wd: 2.14e-01] [lr: 7.10e-04] [mem: 2.19e+04] (615.2 ms)
INFO:root:[50,     0] grad_stats: [3.16e-05 1.99e-05] (1.20e-05, 2.79e-04)
INFO:root:[50,   417] loss: 1.924783e-03 masks: 48.0 33.4 [wd: 2.16e-01] [lr: 7.04e-04] [mem: 2.19e+04] (611.0 ms)
INFO:root:[50,   417] grad_stats: [2.74e-05 1.66e-05] (9.89e-06, 2.60e-04)
INFO:root:[50,   834] loss: 1.927404e-03 masks: 47.5 33.5 [wd: 2.18e-01] [lr: 6.98e-04] [mem: 2.19e+04] (612.3 ms)
INFO:root:[50,   834] grad_stats: [5.41e-05 1.98e-05] (1.20e-05, 3.78e-04)
INFO:root:avg. loss 1.92915513e-03
INFO:root:time taken for epoch 0:14:17.585392
INFO:root:Epoch 51
INFO:root:[51,     0] loss: 1.889145e-03 masks: 50.0 30.0 [wd: 2.20e-01] [lr: 6.92e-04] [mem: 2.19e+04] (595.7 ms)
INFO:root:[51,     0] grad_stats: [2.98e-05 2.02e-05] (1.20e-05, 2.19e-04)
INFO:root:[51,   417] loss: 1.929761e-03 masks: 47.7 33.3 [wd: 2.22e-01] [lr: 6.86e-04] [mem: 2.19e+04] (609.1 ms)
INFO:root:[51,   417] grad_stats: [3.45e-05 2.36e-05] (1.43e-05, 3.89e-04)
INFO:root:[51,   834] loss: 1.930509e-03 masks: 47.7 33.3 [wd: 2.24e-01] [lr: 6.79e-04] [mem: 2.19e+04] (609.4 ms)
INFO:root:[51,   834] grad_stats: [4.26e-05 2.46e-05] (1.47e-05, 3.68e-04)
INFO:root:avg. loss 1.92836038e-03
INFO:root:time taken for epoch 0:14:15.160185
INFO:root:Epoch 52
INFO:root:[52,     0] loss: 1.911778e-03 masks: 54.0 30.0 [wd: 2.26e-01] [lr: 6.73e-04] [mem: 2.19e+04] (641.1 ms)
INFO:root:[52,     0] grad_stats: [3.75e-05 2.11e-05] (1.26e-05, 3.27e-04)
INFO:root:[52,   417] loss: 1.923254e-03 masks: 47.8 33.3 [wd: 2.28e-01] [lr: 6.67e-04] [mem: 2.19e+04] (613.7 ms)
INFO:root:[52,   417] grad_stats: [4.67e-05 2.51e-05] (1.52e-05, 3.26e-04)
INFO:root:[52,   834] loss: 1.920600e-03 masks: 47.7 33.4 [wd: 2.29e-01] [lr: 6.61e-04] [mem: 2.19e+04] (610.5 ms)
INFO:root:[52,   834] grad_stats: [4.67e-05 2.07e-05] (1.23e-05, 3.33e-04)
INFO:root:avg. loss 1.92195289e-03
INFO:root:time taken for epoch 0:14:16.814999
INFO:root:Epoch 53
INFO:root:[53,     0] loss: 1.947457e-03 masks: 49.0 30.0 [wd: 2.31e-01] [lr: 6.55e-04] [mem: 2.19e+04] (635.9 ms)
INFO:root:[53,     0] grad_stats: [4.84e-05 2.17e-05] (1.33e-05, 4.72e-04)
INFO:root:[53,   417] loss: 1.917973e-03 masks: 48.1 33.3 [wd: 2.33e-01] [lr: 6.49e-04] [mem: 2.19e+04] (611.0 ms)
INFO:root:[53,   417] grad_stats: [3.56e-05 2.53e-05] (1.59e-05, 2.83e-04)
INFO:root:[53,   834] loss: 1.920792e-03 masks: 47.8 33.4 [wd: 2.35e-01] [lr: 6.42e-04] [mem: 2.19e+04] (611.3 ms)
INFO:root:[53,   834] grad_stats: [4.89e-05 2.45e-05] (1.53e-05, 4.89e-04)
INFO:root:avg. loss 1.92197401e-03
INFO:root:time taken for epoch 0:14:18.167778
INFO:root:Epoch 54
INFO:root:[54,     0] loss: 1.970474e-03 masks: 49.0 30.0 [wd: 2.37e-01] [lr: 6.36e-04] [mem: 2.19e+04] (631.0 ms)
INFO:root:[54,     0] grad_stats: [3.99e-05 2.08e-05] (1.29e-05, 2.71e-04)
INFO:root:[54,   417] loss: 1.915122e-03 masks: 47.1 33.5 [wd: 2.39e-01] [lr: 6.30e-04] [mem: 2.19e+04] (613.6 ms)
INFO:root:[54,   417] grad_stats: [3.62e-05 2.13e-05] (1.28e-05, 3.47e-04)
INFO:root:[54,   834] loss: 1.919332e-03 masks: 47.5 33.4 [wd: 2.41e-01] [lr: 6.23e-04] [mem: 2.19e+04] (612.4 ms)
INFO:root:[54,   834] grad_stats: [4.09e-05 2.57e-05] (1.60e-05, 2.91e-04)
INFO:root:avg. loss 1.92003706e-03
INFO:root:time taken for epoch 0:14:16.578494
INFO:root:Epoch 55
INFO:root:[55,     0] loss: 1.939557e-03 masks: 48.0 35.0 [wd: 2.43e-01] [lr: 6.17e-04] [mem: 2.19e+04] (661.2 ms)
INFO:root:[55,     0] grad_stats: [3.70e-05 2.52e-05] (1.60e-05, 3.43e-04)
INFO:root:[55,   417] loss: 1.912138e-03 masks: 47.9 33.3 [wd: 2.44e-01] [lr: 6.11e-04] [mem: 2.19e+04] (610.6 ms)
INFO:root:[55,   417] grad_stats: [4.75e-05 2.67e-05] (1.64e-05, 2.96e-04)
INFO:root:[55,   834] loss: 1.915434e-03 masks: 47.6 33.4 [wd: 2.46e-01] [lr: 6.04e-04] [mem: 2.19e+04] (609.1 ms)
INFO:root:[55,   834] grad_stats: [3.31e-05 2.09e-05] (1.26e-05, 2.40e-04)
INFO:root:avg. loss 1.91965398e-03
INFO:root:time taken for epoch 0:14:14.680624
INFO:root:Epoch 56
INFO:root:[56,     0] loss: 2.060611e-03 masks: 49.0 30.0 [wd: 2.48e-01] [lr: 5.98e-04] [mem: 2.19e+04] (620.0 ms)
INFO:root:[56,     0] grad_stats: [5.13e-05 2.59e-05] (1.63e-05, 4.57e-04)
INFO:root:[56,   417] loss: 1.912597e-03 masks: 48.1 33.2 [wd: 2.50e-01] [lr: 5.92e-04] [mem: 2.19e+04] (610.5 ms)
INFO:root:[56,   417] grad_stats: [3.96e-05 2.63e-05] (1.70e-05, 3.93e-04)
INFO:root:[56,   834] loss: 1.914264e-03 masks: 47.5 33.3 [wd: 2.52e-01] [lr: 5.85e-04] [mem: 2.19e+04] (612.1 ms)
INFO:root:[56,   834] grad_stats: [3.34e-05 2.14e-05] (1.40e-05, 3.34e-04)
INFO:root:avg. loss 1.91252377e-03
INFO:root:time taken for epoch 0:14:17.067427
INFO:root:Epoch 57
INFO:root:[57,     0] loss: 1.927422e-03 masks: 58.0 30.0 [wd: 2.54e-01] [lr: 5.79e-04] [mem: 2.19e+04] (612.4 ms)
INFO:root:[57,     0] grad_stats: [4.09e-05 2.27e-05] (1.43e-05, 3.33e-04)
INFO:root:[57,   417] loss: 1.914424e-03 masks: 48.3 33.1 [wd: 2.56e-01] [lr: 5.72e-04] [mem: 2.19e+04] (615.5 ms)
INFO:root:[57,   417] grad_stats: [3.95e-05 2.73e-05] (1.76e-05, 3.81e-04)
INFO:root:[57,   834] loss: 1.910085e-03 masks: 47.9 33.3 [wd: 2.57e-01] [lr: 5.66e-04] [mem: 2.19e+04] (613.9 ms)
INFO:root:[57,   834] grad_stats: [4.84e-05 2.12e-05] (1.34e-05, 3.66e-04)
INFO:root:avg. loss 1.90972976e-03
INFO:root:time taken for epoch 0:14:18.108868
INFO:root:Epoch 58
INFO:root:[58,     0] loss: 1.838968e-03 masks: 42.0 36.0 [wd: 2.59e-01] [lr: 5.59e-04] [mem: 2.19e+04] (629.9 ms)
INFO:root:[58,     0] grad_stats: [3.63e-05 2.27e-05] (1.38e-05, 2.47e-04)
INFO:root:[58,   417] loss: 1.922775e-03 masks: 48.2 33.1 [wd: 2.61e-01] [lr: 5.53e-04] [mem: 2.19e+04] (608.0 ms)
INFO:root:[58,   417] grad_stats: [5.19e-05 2.81e-05] (1.76e-05, 4.85e-04)
INFO:root:[58,   834] loss: 1.914089e-03 masks: 47.9 33.3 [wd: 2.63e-01] [lr: 5.46e-04] [mem: 2.19e+04] (610.9 ms)
INFO:root:[58,   834] grad_stats: [4.82e-05 2.87e-05] (1.77e-05, 3.85e-04)
INFO:root:avg. loss 1.91329182e-03
INFO:root:time taken for epoch 0:14:16.134938
INFO:root:Epoch 59
INFO:root:[59,     0] loss: 1.989728e-03 masks: 54.0 30.0 [wd: 2.65e-01] [lr: 5.40e-04] [mem: 2.19e+04] (664.5 ms)
INFO:root:[59,     0] grad_stats: [4.27e-05 2.73e-05] (1.66e-05, 3.06e-04)
INFO:root:[59,   417] loss: 1.903837e-03 masks: 47.5 33.4 [wd: 2.67e-01] [lr: 5.33e-04] [mem: 2.19e+04] (612.2 ms)
INFO:root:[59,   417] grad_stats: [3.72e-05 2.27e-05] (1.45e-05, 4.10e-04)
INFO:root:[59,   834] loss: 1.910026e-03 masks: 47.6 33.3 [wd: 2.68e-01] [lr: 5.27e-04] [mem: 2.19e+04] (612.0 ms)
INFO:root:[59,   834] grad_stats: [4.81e-05 2.37e-05] (1.49e-05, 3.49e-04)
INFO:root:avg. loss 1.90633074e-03
INFO:root:time taken for epoch 0:14:18.824491
INFO:root:Epoch 60
INFO:root:[60,     0] loss: 1.832373e-03 masks: 57.0 30.0 [wd: 2.70e-01] [lr: 5.20e-04] [mem: 2.19e+04] (645.1 ms)
INFO:root:[60,     0] grad_stats: [8.75e-05 2.42e-05] (1.54e-05, 6.76e-04)
INFO:root:[60,   417] loss: 1.898081e-03 masks: 47.7 33.5 [wd: 2.72e-01] [lr: 5.14e-04] [mem: 2.19e+04] (611.2 ms)
INFO:root:[60,   417] grad_stats: [4.15e-05 2.98e-05] (1.87e-05, 3.95e-04)
INFO:root:[60,   834] loss: 1.905124e-03 masks: 47.8 33.3 [wd: 2.74e-01] [lr: 5.07e-04] [mem: 2.19e+04] (610.7 ms)
INFO:root:[60,   834] grad_stats: [3.67e-05 2.44e-05] (1.50e-05, 3.28e-04)
INFO:root:avg. loss 1.90253132e-03
INFO:root:time taken for epoch 0:14:16.011853
INFO:root:Epoch 61
INFO:root:[61,     0] loss: 1.974703e-03 masks: 53.0 30.0 [wd: 2.76e-01] [lr: 5.00e-04] [mem: 2.19e+04] (614.9 ms)
INFO:root:[61,     0] grad_stats: [4.59e-05 2.60e-05] (1.67e-05, 3.66e-04)
INFO:root:[61,   417] loss: 1.893063e-03 masks: 47.6 33.4 [wd: 2.77e-01] [lr: 4.94e-04] [mem: 2.19e+04] (609.7 ms)
INFO:root:[61,   417] grad_stats: [4.23e-05 2.34e-05] (1.53e-05, 2.83e-04)
INFO:root:[61,   834] loss: 1.901640e-03 masks: 48.2 33.2 [wd: 2.79e-01] [lr: 4.87e-04] [mem: 2.19e+04] (610.0 ms)
INFO:root:[61,   834] grad_stats: [4.92e-05 3.12e-05] (1.96e-05, 4.91e-04)
INFO:root:avg. loss 1.90116216e-03
INFO:root:time taken for epoch 0:14:14.871949
INFO:root:Epoch 62
INFO:root:[62,     0] loss: 1.929921e-03 masks: 43.0 35.0 [wd: 2.81e-01] [lr: 4.81e-04] [mem: 2.19e+04] (664.9 ms)
INFO:root:[62,     0] grad_stats: [4.13e-05 2.85e-05] (1.77e-05, 3.86e-04)
INFO:root:[62,   417] loss: 1.892922e-03 masks: 48.1 33.3 [wd: 2.83e-01] [lr: 4.74e-04] [mem: 2.19e+04] (609.3 ms)
INFO:root:[62,   417] grad_stats: [3.73e-05 3.19e-05] (1.98e-05, 3.79e-04)
INFO:root:[62,   834] loss: 1.892710e-03 masks: 48.0 33.3 [wd: 2.85e-01] [lr: 4.68e-04] [mem: 2.19e+04] (610.9 ms)
INFO:root:[62,   834] grad_stats: [4.45e-05 3.10e-05] (1.94e-05, 4.29e-04)
INFO:root:avg. loss 1.89150713e-03
INFO:root:time taken for epoch 0:14:17.252178
INFO:root:Epoch 63
INFO:root:[63,     0] loss: 1.931261e-03 masks: 35.0 36.0 [wd: 2.86e-01] [lr: 4.61e-04] [mem: 2.19e+04] (619.0 ms)
INFO:root:[63,     0] grad_stats: [3.81e-05 2.55e-05] (1.62e-05, 3.14e-04)
INFO:root:[63,   417] loss: 1.887107e-03 masks: 47.7 33.5 [wd: 2.88e-01] [lr: 4.55e-04] [mem: 2.21e+04] (611.8 ms)
INFO:root:[63,   417] grad_stats: [4.21e-05 3.26e-05] (2.07e-05, 5.49e-04)
INFO:root:[63,   834] loss: 1.889783e-03 masks: 47.7 33.4 [wd: 2.90e-01] [lr: 4.48e-04] [mem: 2.21e+04] (612.0 ms)
INFO:root:[63,   834] grad_stats: [4.36e-05 3.25e-05] (2.05e-05, 4.28e-04)
INFO:root:avg. loss 1.89237989e-03
INFO:root:time taken for epoch 0:14:17.322339
INFO:root:Epoch 64
INFO:root:[64,     0] loss: 1.821940e-03 masks: 53.0 30.0 [wd: 2.91e-01] [lr: 4.42e-04] [mem: 2.21e+04] (660.3 ms)
INFO:root:[64,     0] grad_stats: [3.91e-05 2.86e-05] (1.79e-05, 3.18e-04)
INFO:root:[64,   417] loss: 1.882687e-03 masks: 46.9 33.6 [wd: 2.93e-01] [lr: 4.35e-04] [mem: 2.21e+04] (610.4 ms)
INFO:root:[64,   417] grad_stats: [4.50e-05 2.75e-05] (1.74e-05, 3.76e-04)
INFO:root:[64,   834] loss: 1.887496e-03 masks: 47.4 33.5 [wd: 2.95e-01] [lr: 4.29e-04] [mem: 2.21e+04] (610.1 ms)
INFO:root:[64,   834] grad_stats: [3.67e-05 2.33e-05] (1.48e-05, 3.21e-04)
INFO:root:avg. loss 1.88850589e-03
INFO:root:time taken for epoch 0:14:16.263365
INFO:root:Epoch 65
INFO:root:[65,     0] loss: 1.986405e-03 masks: 52.0 30.0 [wd: 2.97e-01] [lr: 4.22e-04] [mem: 2.21e+04] (595.8 ms)
INFO:root:[65,     0] grad_stats: [3.85e-05 3.38e-05] (2.11e-05, 3.08e-04)
INFO:root:[65,   417] loss: 1.890058e-03 masks: 48.0 33.2 [wd: 2.98e-01] [lr: 4.16e-04] [mem: 2.21e+04] (609.9 ms)
INFO:root:[65,   417] grad_stats: [3.98e-05 2.87e-05] (1.83e-05, 4.43e-04)
INFO:root:[65,   834] loss: 1.887919e-03 masks: 47.9 33.3 [wd: 3.00e-01] [lr: 4.09e-04] [mem: 2.21e+04] (610.2 ms)
INFO:root:[65,   834] grad_stats: [4.41e-05 2.64e-05] (1.66e-05, 4.60e-04)
INFO:root:avg. loss 1.88517689e-03
INFO:root:time taken for epoch 0:14:16.077782
INFO:root:Epoch 66
INFO:root:[66,     0] loss: 1.846741e-03 masks: 44.0 35.0 [wd: 3.02e-01] [lr: 4.03e-04] [mem: 2.21e+04] (629.6 ms)
INFO:root:[66,     0] grad_stats: [4.32e-05 2.81e-05] (1.73e-05, 3.58e-04)
INFO:root:[66,   417] loss: 1.878549e-03 masks: 47.2 33.4 [wd: 3.03e-01] [lr: 3.97e-04] [mem: 2.21e+04] (610.5 ms)
INFO:root:[66,   417] grad_stats: [4.78e-05 2.70e-05] (1.68e-05, 3.90e-04)
INFO:root:[66,   834] loss: 1.880696e-03 masks: 47.4 33.4 [wd: 3.05e-01] [lr: 3.90e-04] [mem: 2.21e+04] (608.1 ms)
INFO:root:[66,   834] grad_stats: [5.28e-05 3.57e-05] (2.23e-05, 4.05e-04)
INFO:root:avg. loss 1.87861039e-03
INFO:root:time taken for epoch 0:14:14.843025
INFO:root:Epoch 67
INFO:root:[67,     0] loss: 1.881677e-03 masks: 39.0 36.0 [wd: 3.07e-01] [lr: 3.84e-04] [mem: 2.21e+04] (689.6 ms)
INFO:root:[67,     0] grad_stats: [4.23e-05 3.01e-05] (1.89e-05, 3.43e-04)
INFO:root:[67,   417] loss: 1.878539e-03 masks: 47.0 33.5 [wd: 3.08e-01] [lr: 3.78e-04] [mem: 2.21e+04] (610.7 ms)
INFO:root:[67,   417] grad_stats: [5.40e-05 3.60e-05] (2.28e-05, 4.56e-04)
INFO:root:[67,   834] loss: 1.881009e-03 masks: 47.7 33.4 [wd: 3.10e-01] [lr: 3.71e-04] [mem: 2.21e+04] (609.8 ms)
INFO:root:[67,   834] grad_stats: [4.45e-05 2.96e-05] (1.88e-05, 3.52e-04)
INFO:root:avg. loss 1.87867718e-03
INFO:root:time taken for epoch 0:14:15.441385
INFO:root:Epoch 68
INFO:root:[68,     0] loss: 1.885892e-03 masks: 40.0 40.0 [wd: 3.12e-01] [lr: 3.65e-04] [mem: 2.21e+04] (653.9 ms)
INFO:root:[68,     0] grad_stats: [5.83e-05 3.25e-05] (2.08e-05, 6.50e-04)
INFO:root:[68,   417] loss: 1.874877e-03 masks: 47.7 33.4 [wd: 3.13e-01] [lr: 3.59e-04] [mem: 2.21e+04] (613.6 ms)
INFO:root:[68,   417] grad_stats: [5.24e-05 3.67e-05] (2.33e-05, 4.16e-04)
INFO:root:[68,   834] loss: 1.875367e-03 masks: 47.7 33.4 [wd: 3.15e-01] [lr: 3.52e-04] [mem: 2.21e+04] (611.3 ms)
INFO:root:[68,   834] grad_stats: [4.67e-05 2.98e-05] (1.94e-05, 4.26e-04)
INFO:root:avg. loss 1.87394118e-03
INFO:root:time taken for epoch 0:14:16.984244
INFO:root:Epoch 69
INFO:root:[69,     0] loss: 1.940715e-03 masks: 60.0 30.0 [wd: 3.16e-01] [lr: 3.46e-04] [mem: 2.21e+04] (641.9 ms)
INFO:root:[69,     0] grad_stats: [5.49e-05 3.77e-05] (2.48e-05, 6.27e-04)
INFO:root:[69,   417] loss: 1.864074e-03 masks: 47.1 33.5 [wd: 3.18e-01] [lr: 3.40e-04] [mem: 2.21e+04] (610.6 ms)
INFO:root:[69,   417] grad_stats: [4.22e-05 3.13e-05] (1.99e-05, 3.50e-04)
INFO:root:[69,   834] loss: 1.869076e-03 masks: 47.5 33.4 [wd: 3.20e-01] [lr: 3.34e-04] [mem: 2.21e+04] (609.1 ms)
INFO:root:[69,   834] grad_stats: [4.15e-05 3.29e-05] (1.99e-05, 3.34e-04)
INFO:root:avg. loss 1.87053721e-03
INFO:root:time taken for epoch 0:14:17.369122
INFO:root:Epoch 70
INFO:root:[70,     0] loss: 1.768487e-03 masks: 50.0 36.0 [wd: 3.21e-01] [lr: 3.28e-04] [mem: 2.21e+04] (651.4 ms)
INFO:root:[70,     0] grad_stats: [4.20e-05 3.19e-05] (1.99e-05, 4.76e-04)
INFO:root:[70,   417] loss: 1.868350e-03 masks: 47.6 33.4 [wd: 3.23e-01] [lr: 3.21e-04] [mem: 2.21e+04] (611.5 ms)
INFO:root:[70,   417] grad_stats: [7.64e-05 3.86e-05] (2.51e-05, 6.53e-04)
INFO:root:[70,   834] loss: 1.871339e-03 masks: 47.7 33.4 [wd: 3.24e-01] [lr: 3.15e-04] [mem: 2.21e+04] (613.6 ms)
INFO:root:[70,   834] grad_stats: [5.44e-05 3.93e-05] (2.51e-05, 5.00e-04)
INFO:root:avg. loss 1.87549276e-03
INFO:root:time taken for epoch 0:14:19.394203
INFO:root:Epoch 71
INFO:root:[71,     0] loss: 1.795007e-03 masks: 36.0 36.0 [wd: 3.26e-01] [lr: 3.09e-04] [mem: 2.21e+04] (614.7 ms)
INFO:root:[71,     0] grad_stats: [4.83e-05 3.14e-05] (1.97e-05, 3.67e-04)
INFO:root:[71,   417] loss: 1.865845e-03 masks: 47.7 33.3 [wd: 3.27e-01] [lr: 3.03e-04] [mem: 2.21e+04] (610.4 ms)
INFO:root:[71,   417] grad_stats: [5.95e-05 4.01e-05] (2.51e-05, 6.23e-04)
INFO:root:[71,   834] loss: 1.869711e-03 masks: 47.7 33.3 [wd: 3.29e-01] [lr: 2.97e-04] [mem: 2.21e+04] (609.6 ms)
INFO:root:[71,   834] grad_stats: [5.80e-05 3.13e-05] (1.98e-05, 4.29e-04)
INFO:root:avg. loss 1.86789121e-03
INFO:root:time taken for epoch 0:14:14.893377
INFO:root:Epoch 72
INFO:root:[72,     0] loss: 1.869839e-03 masks: 41.0 36.0 [wd: 3.30e-01] [lr: 2.91e-04] [mem: 2.21e+04] (622.8 ms)
INFO:root:[72,     0] grad_stats: [5.56e-05 3.55e-05] (2.24e-05, 5.24e-04)
INFO:root:[72,   417] loss: 1.862251e-03 masks: 48.0 33.3 [wd: 3.32e-01] [lr: 2.85e-04] [mem: 2.21e+04] (612.0 ms)
INFO:root:[72,   417] grad_stats: [4.89e-05 3.35e-05] (2.13e-05, 4.43e-04)
INFO:root:[72,   834] loss: 1.863943e-03 masks: 47.7 33.3 [wd: 3.33e-01] [lr: 2.80e-04] [mem: 2.21e+04] (611.8 ms)
INFO:root:[72,   834] grad_stats: [5.34e-05 3.95e-05] (2.67e-05, 4.60e-04)
INFO:root:avg. loss 1.86329407e-03
INFO:root:time taken for epoch 0:14:18.241594
INFO:root:Epoch 73
INFO:root:[73,     0] loss: 1.827589e-03 masks: 39.0 36.0 [wd: 3.35e-01] [lr: 2.74e-04] [mem: 2.21e+04] (641.4 ms)
INFO:root:[73,     0] grad_stats: [6.24e-05 3.65e-05] (2.33e-05, 4.98e-04)
INFO:root:[73,   417] loss: 1.851980e-03 masks: 47.6 33.5 [wd: 3.36e-01] [lr: 2.68e-04] [mem: 2.21e+04] (611.7 ms)
INFO:root:[73,   417] grad_stats: [5.58e-05 4.18e-05] (2.67e-05, 6.29e-04)
INFO:root:[73,   834] loss: 1.857245e-03 masks: 47.9 33.3 [wd: 3.38e-01] [lr: 2.62e-04] [mem: 2.21e+04] (610.9 ms)
INFO:root:[73,   834] grad_stats: [5.82e-05 4.29e-05] (2.77e-05, 6.95e-04)
INFO:root:avg. loss 1.85765973e-03
INFO:root:time taken for epoch 0:14:16.526985
INFO:root:Epoch 74
INFO:root:[74,     0] loss: 1.879453e-03 masks: 43.0 35.0 [wd: 3.39e-01] [lr: 2.56e-04] [mem: 2.21e+04] (632.1 ms)
INFO:root:[74,     0] grad_stats: [4.80e-05 4.14e-05] (2.66e-05, 4.30e-04)
INFO:root:[74,   417] loss: 1.854906e-03 masks: 47.2 33.5 [wd: 3.40e-01] [lr: 2.51e-04] [mem: 2.21e+04] (613.8 ms)
INFO:root:[74,   417] grad_stats: [5.00e-05 4.36e-05] (2.88e-05, 4.66e-04)
INFO:root:[74,   834] loss: 1.856522e-03 masks: 47.4 33.4 [wd: 3.42e-01] [lr: 2.45e-04] [mem: 2.21e+04] (611.6 ms)
INFO:root:[74,   834] grad_stats: [5.49e-05 4.44e-05] (2.88e-05, 5.20e-04)
INFO:root:avg. loss 1.85750730e-03
INFO:root:time taken for epoch 0:14:16.020146
INFO:root:Epoch 75
INFO:root:[75,     0] loss: 1.800350e-03 masks: 45.0 35.0 [wd: 3.43e-01] [lr: 2.39e-04] [mem: 2.21e+04] (616.1 ms)
INFO:root:[75,     0] grad_stats: [5.03e-05 3.64e-05] (2.37e-05, 4.30e-04)
INFO:root:[75,   417] loss: 1.847810e-03 masks: 47.0 33.6 [wd: 3.45e-01] [lr: 2.34e-04] [mem: 2.21e+04] (611.9 ms)
INFO:root:[75,   417] grad_stats: [4.50e-05 4.34e-05] (2.88e-05, 4.20e-04)
INFO:root:[75,   834] loss: 1.845098e-03 masks: 46.8 33.7 [wd: 3.46e-01] [lr: 2.28e-04] [mem: 2.21e+04] (612.7 ms)
INFO:root:[75,   834] grad_stats: [5.92e-05 4.54e-05] (2.92e-05, 5.90e-04)
INFO:root:avg. loss 1.84785542e-03
INFO:root:time taken for epoch 0:14:19.922274
INFO:root:Epoch 76
INFO:root:[76,     0] loss: 1.820790e-03 masks: 59.0 30.0 [wd: 3.47e-01] [lr: 2.23e-04] [mem: 2.21e+04] (618.4 ms)
INFO:root:[76,     0] grad_stats: [4.59e-05 3.86e-05] (2.51e-05, 5.03e-04)
INFO:root:[76,   417] loss: 1.838145e-03 masks: 47.8 33.4 [wd: 3.49e-01] [lr: 2.18e-04] [mem: 2.21e+04] (612.4 ms)
INFO:root:[76,   417] grad_stats: [5.09e-05 3.93e-05] (2.41e-05, 4.84e-04)
INFO:root:[76,   834] loss: 1.840731e-03 masks: 47.6 33.5 [wd: 3.50e-01] [lr: 2.12e-04] [mem: 2.21e+04] (612.2 ms)
INFO:root:[76,   834] grad_stats: [6.67e-05 4.65e-05] (3.08e-05, 6.95e-04)
INFO:root:avg. loss 1.84567072e-03
INFO:root:time taken for epoch 0:14:17.719718
INFO:root:Epoch 77
INFO:root:[77,     0] loss: 1.851413e-03 masks: 49.0 30.0 [wd: 3.51e-01] [lr: 2.07e-04] [mem: 2.21e+04] (665.6 ms)
INFO:root:[77,     0] grad_stats: [6.43e-05 4.16e-05] (2.68e-05, 5.77e-04)
INFO:root:[77,   417] loss: 1.839085e-03 masks: 47.7 33.4 [wd: 3.53e-01] [lr: 2.02e-04] [mem: 2.21e+04] (611.5 ms)
INFO:root:[77,   417] grad_stats: [4.84e-05 4.12e-05] (2.57e-05, 4.66e-04)
INFO:root:[77,   834] loss: 1.840579e-03 masks: 47.5 33.4 [wd: 3.54e-01] [lr: 1.96e-04] [mem: 2.21e+04] (611.0 ms)
INFO:root:[77,   834] grad_stats: [6.03e-05 3.55e-05] (2.39e-05, 5.59e-04)
INFO:root:avg. loss 1.83760820e-03
INFO:root:time taken for epoch 0:14:16.425081
INFO:root:Epoch 78
INFO:root:[78,     0] loss: 1.853164e-03 masks: 42.0 35.0 [wd: 3.55e-01] [lr: 1.91e-04] [mem: 2.21e+04] (657.1 ms)
INFO:root:[78,     0] grad_stats: [6.96e-05 4.34e-05] (2.86e-05, 7.79e-04)
INFO:root:[78,   417] loss: 1.832305e-03 masks: 47.8 33.4 [wd: 3.56e-01] [lr: 1.86e-04] [mem: 2.21e+04] (612.0 ms)
INFO:root:[78,   417] grad_stats: [6.64e-05 5.02e-05] (3.23e-05, 7.26e-04)
INFO:root:[78,   834] loss: 1.835595e-03 masks: 47.7 33.4 [wd: 3.57e-01] [lr: 1.81e-04] [mem: 2.21e+04] (611.3 ms)
INFO:root:[78,   834] grad_stats: [4.84e-05 4.16e-05] (2.72e-05, 5.14e-04)
INFO:root:avg. loss 1.83344573e-03
INFO:root:time taken for epoch 0:14:18.330215
INFO:root:Epoch 79
INFO:root:[79,     0] loss: 1.820402e-03 masks: 55.0 30.0 [wd: 3.59e-01] [lr: 1.76e-04] [mem: 2.21e+04] (623.9 ms)
INFO:root:[79,     0] grad_stats: [5.35e-05 4.50e-05] (2.93e-05, 5.95e-04)
INFO:root:[79,   417] loss: 1.824323e-03 masks: 47.5 33.5 [wd: 3.60e-01] [lr: 1.71e-04] [mem: 2.21e+04] (610.1 ms)
INFO:root:[79,   417] grad_stats: [5.27e-05 4.11e-05] (2.70e-05, 5.67e-04)
INFO:root:[79,   834] loss: 1.824199e-03 masks: 47.1 33.6 [wd: 3.61e-01] [lr: 1.66e-04] [mem: 2.21e+04] (611.4 ms)
INFO:root:[79,   834] grad_stats: [6.43e-05 5.11e-05] (3.19e-05, 7.14e-04)
INFO:root:avg. loss 1.82706817e-03
INFO:root:time taken for epoch 0:14:18.135120
INFO:root:Epoch 80
INFO:root:[80,     0] loss: 1.841891e-03 masks: 58.0 30.0 [wd: 3.62e-01] [lr: 1.61e-04] [mem: 2.21e+04] (666.1 ms)
INFO:root:[80,     0] grad_stats: [5.73e-05 4.93e-05] (3.30e-05, 5.25e-04)
INFO:root:[80,   417] loss: 1.823360e-03 masks: 47.6 33.4 [wd: 3.63e-01] [lr: 1.57e-04] [mem: 2.21e+04] (611.8 ms)
INFO:root:[80,   417] grad_stats: [6.30e-05 5.21e-05] (3.39e-05, 5.66e-04)
INFO:root:[80,   834] loss: 1.823851e-03 masks: 47.8 33.3 [wd: 3.65e-01] [lr: 1.52e-04] [mem: 2.21e+04] (612.0 ms)
INFO:root:[80,   834] grad_stats: [5.84e-05 4.30e-05] (2.91e-05, 5.33e-04)
INFO:root:avg. loss 1.82299144e-03
INFO:root:time taken for epoch 0:14:17.994847
INFO:root:Epoch 81
INFO:root:[81,     0] loss: 1.787164e-03 masks: 58.0 30.0 [wd: 3.66e-01] [lr: 1.47e-04] [mem: 2.21e+04] (613.4 ms)
INFO:root:[81,     0] grad_stats: [5.37e-05 4.70e-05] (3.19e-05, 5.54e-04)
INFO:root:[81,   417] loss: 1.817294e-03 masks: 47.5 33.4 [wd: 3.67e-01] [lr: 1.43e-04] [mem: 2.21e+04] (612.3 ms)
INFO:root:[81,   417] grad_stats: [5.22e-05 3.71e-05] (2.54e-05, 5.84e-04)
INFO:root:[81,   834] loss: 1.821220e-03 masks: 47.8 33.3 [wd: 3.68e-01] [lr: 1.38e-04] [mem: 2.21e+04] (610.7 ms)
INFO:root:[81,   834] grad_stats: [6.33e-05 5.28e-05] (3.61e-05, 8.13e-04)
INFO:root:avg. loss 1.81887011e-03
INFO:root:time taken for epoch 0:14:17.311599
INFO:root:Epoch 82
INFO:root:[82,     0] loss: 1.851575e-03 masks: 61.0 30.0 [wd: 3.69e-01] [lr: 1.34e-04] [mem: 2.21e+04] (645.6 ms)
INFO:root:[82,     0] grad_stats: [5.25e-05 5.37e-05] (3.68e-05, 9.24e-04)
INFO:root:[82,   417] loss: 1.813811e-03 masks: 47.7 33.3 [wd: 3.70e-01] [lr: 1.29e-04] [mem: 2.21e+04] (612.1 ms)
INFO:root:[82,   417] grad_stats: [5.90e-05 5.39e-05] (3.69e-05, 5.91e-04)
INFO:root:[82,   834] loss: 1.811862e-03 masks: 47.6 33.3 [wd: 3.71e-01] [lr: 1.25e-04] [mem: 2.21e+04] (612.5 ms)
INFO:root:[82,   834] grad_stats: [5.99e-05 4.53e-05] (2.97e-05, 5.79e-04)
INFO:root:avg. loss 1.80896384e-03
INFO:root:time taken for epoch 0:14:19.555308
INFO:root:Epoch 83
INFO:root:[83,     0] loss: 1.815079e-03 masks: 54.0 30.0 [wd: 3.72e-01] [lr: 1.21e-04] [mem: 2.21e+04] (665.9 ms)
INFO:root:[83,     0] grad_stats: [6.79e-05 5.26e-05] (3.58e-05, 7.78e-04)
INFO:root:[83,   417] loss: 1.798516e-03 masks: 47.7 33.5 [wd: 3.73e-01] [lr: 1.16e-04] [mem: 2.21e+04] (613.0 ms)
INFO:root:[83,   417] grad_stats: [5.82e-05 4.63e-05] (3.22e-05, 7.88e-04)
INFO:root:[83,   834] loss: 1.802267e-03 masks: 47.6 33.4 [wd: 3.74e-01] [lr: 1.12e-04] [mem: 2.21e+04] (611.3 ms)
INFO:root:[83,   834] grad_stats: [6.06e-05 5.56e-05] (3.76e-05, 6.77e-04)
INFO:root:avg. loss 1.80022786e-03
INFO:root:time taken for epoch 0:14:17.294918
INFO:root:Epoch 84
INFO:root:[84,     0] loss: 1.772442e-03 masks: 54.0 30.0 [wd: 3.75e-01] [lr: 1.08e-04] [mem: 2.21e+04] (619.1 ms)
INFO:root:[84,     0] grad_stats: [7.16e-05 5.08e-05] (3.55e-05, 7.79e-04)
INFO:root:[84,   417] loss: 1.789107e-03 masks: 47.6 33.5 [wd: 3.76e-01] [lr: 1.04e-04] [mem: 2.21e+04] (613.6 ms)
INFO:root:[84,   417] grad_stats: [6.60e-05 4.65e-05] (3.01e-05, 6.04e-04)
INFO:root:[84,   834] loss: 1.795846e-03 masks: 48.0 33.3 [wd: 3.77e-01] [lr: 1.00e-04] [mem: 2.21e+04] (611.6 ms)
INFO:root:[84,   834] grad_stats: [5.64e-05 4.93e-05] (3.43e-05, 6.03e-04)
INFO:root:avg. loss 1.79396011e-03
INFO:root:time taken for epoch 0:14:17.832944
INFO:root:Epoch 85
INFO:root:[85,     0] loss: 1.808280e-03 masks: 55.0 30.0 [wd: 3.78e-01] [lr: 9.64e-05] [mem: 2.21e+04] (677.2 ms)
INFO:root:[85,     0] grad_stats: [7.12e-05 5.62e-05] (3.90e-05, 7.71e-04)
INFO:root:[85,   417] loss: 1.790337e-03 masks: 47.8 33.4 [wd: 3.79e-01] [lr: 9.26e-05] [mem: 2.21e+04] (612.6 ms)
INFO:root:[85,   417] grad_stats: [7.56e-05 4.64e-05] (3.17e-05, 7.45e-04)
INFO:root:[85,   834] loss: 1.787086e-03 masks: 47.6 33.4 [wd: 3.80e-01] [lr: 8.88e-05] [mem: 2.21e+04] (612.0 ms)
INFO:root:[85,   834] grad_stats: [5.59e-05 5.19e-05] (3.53e-05, 5.83e-04)
INFO:root:avg. loss 1.78701943e-03
INFO:root:time taken for epoch 0:14:18.723790
INFO:root:Epoch 86
INFO:root:[86,     0] loss: 1.855707e-03 masks: 57.0 30.0 [wd: 3.80e-01] [lr: 8.52e-05] [mem: 2.21e+04] (606.4 ms)
INFO:root:[86,     0] grad_stats: [6.58e-05 6.10e-05] (4.30e-05, 6.36e-04)
INFO:root:[86,   417] loss: 1.780257e-03 masks: 47.2 33.5 [wd: 3.81e-01] [lr: 8.16e-05] [mem: 2.21e+04] (612.4 ms)
INFO:root:[86,   417] grad_stats: [5.59e-05 5.07e-05] (3.65e-05, 5.56e-04)
INFO:root:[86,   834] loss: 1.779076e-03 masks: 47.5 33.5 [wd: 3.82e-01] [lr: 7.81e-05] [mem: 2.21e+04] (611.9 ms)
INFO:root:[86,   834] grad_stats: [5.72e-05 6.04e-05] (4.37e-05, 6.99e-04)
INFO:root:avg. loss 1.78225671e-03
INFO:root:time taken for epoch 0:14:17.743341
INFO:root:Epoch 87
INFO:root:[87,     0] loss: 1.826546e-03 masks: 55.0 30.0 [wd: 3.83e-01] [lr: 7.46e-05] [mem: 2.21e+04] (605.6 ms)
INFO:root:[87,     0] grad_stats: [6.63e-05 5.42e-05] (3.78e-05, 7.30e-04)
INFO:root:[87,   417] loss: 1.773621e-03 masks: 47.6 33.5 [wd: 3.84e-01] [lr: 7.12e-05] [mem: 2.21e+04] (615.9 ms)
INFO:root:[87,   417] grad_stats: [6.95e-05 4.92e-05] (3.54e-05, 9.01e-04)
INFO:root:[87,   834] loss: 1.770844e-03 masks: 47.3 33.6 [wd: 3.84e-01] [lr: 6.79e-05] [mem: 2.21e+04] (613.1 ms)
INFO:root:[87,   834] grad_stats: [6.30e-05 5.98e-05] (4.31e-05, 7.42e-04)
INFO:root:avg. loss 1.77053669e-03
INFO:root:time taken for epoch 0:14:19.772140
INFO:root:Epoch 88
INFO:root:[88,     0] loss: 1.781195e-03 masks: 35.0 36.0 [wd: 3.85e-01] [lr: 6.47e-05] [mem: 2.21e+04] (629.4 ms)
INFO:root:[88,     0] grad_stats: [6.70e-05 5.45e-05] (3.78e-05, 8.13e-04)
INFO:root:[88,   417] loss: 1.769833e-03 masks: 48.2 33.2 [wd: 3.86e-01] [lr: 6.15e-05] [mem: 2.21e+04] (613.3 ms)
INFO:root:[88,   417] grad_stats: [8.07e-05 5.22e-05] (3.89e-05, 9.29e-04)
INFO:root:[88,   834] loss: 1.764591e-03 masks: 47.8 33.4 [wd: 3.87e-01] [lr: 5.84e-05] [mem: 2.21e+04] (613.1 ms)
INFO:root:[88,   834] grad_stats: [6.18e-05 5.04e-05] (3.78e-05, 7.82e-04)
INFO:root:avg. loss 1.76555859e-03
INFO:root:time taken for epoch 0:14:19.022859
INFO:root:Epoch 89
INFO:root:[89,     0] loss: 1.673353e-03 masks: 47.0 35.0 [wd: 3.87e-01] [lr: 5.54e-05] [mem: 2.21e+04] (647.7 ms)
INFO:root:[89,     0] grad_stats: [6.13e-05 5.29e-05] (3.89e-05, 8.10e-04)
INFO:root:[89,   417] loss: 1.762833e-03 masks: 47.2 33.4 [wd: 3.88e-01] [lr: 5.25e-05] [mem: 2.21e+04] (612.8 ms)
INFO:root:[89,   417] grad_stats: [6.51e-05 6.28e-05] (4.78e-05, 7.85e-04)
INFO:root:[89,   834] loss: 1.764978e-03 masks: 47.2 33.3 [wd: 3.89e-01] [lr: 4.97e-05] [mem: 2.21e+04] (609.5 ms)
INFO:root:[89,   834] grad_stats: [6.29e-05 5.51e-05] (4.15e-05, 6.77e-04)
INFO:root:avg. loss 1.76275201e-03
INFO:root:time taken for epoch 0:14:19.414161
INFO:root:Epoch 90
INFO:root:[90,     0] loss: 1.832188e-03 masks: 41.0 36.0 [wd: 3.89e-01] [lr: 4.69e-05] [mem: 2.21e+04] (650.4 ms)
INFO:root:[90,     0] grad_stats: [7.54e-05 6.10e-05] (4.46e-05, 9.55e-04)
INFO:root:[90,   417] loss: 1.756149e-03 masks: 47.7 33.2 [wd: 3.90e-01] [lr: 4.42e-05] [mem: 2.21e+04] (611.6 ms)
INFO:root:[90,   417] grad_stats: [6.68e-05 5.24e-05] (3.84e-05, 7.23e-04)
INFO:root:[90,   834] loss: 1.750998e-03 masks: 47.4 33.4 [wd: 3.91e-01] [lr: 4.16e-05] [mem: 2.21e+04] (611.3 ms)
INFO:root:[90,   834] grad_stats: [6.96e-05 6.43e-05] (4.99e-05, 8.23e-04)
INFO:root:avg. loss 1.75069639e-03
INFO:root:time taken for epoch 0:14:18.036223
INFO:root:Epoch 91
INFO:root:[91,     0] loss: 1.779207e-03 masks: 55.0 30.0 [wd: 3.91e-01] [lr: 3.90e-05] [mem: 2.21e+04] (657.6 ms)
INFO:root:[91,     0] grad_stats: [6.44e-05 6.27e-05] (4.62e-05, 7.68e-04)
INFO:root:[91,   417] loss: 1.745784e-03 masks: 47.3 33.4 [wd: 3.92e-01] [lr: 3.66e-05] [mem: 2.21e+04] (611.8 ms)
INFO:root:[91,   417] grad_stats: [5.90e-05 5.48e-05] (4.17e-05, 6.74e-04)
INFO:root:[91,   834] loss: 1.747515e-03 masks: 47.7 33.3 [wd: 3.92e-01] [lr: 3.42e-05] [mem: 2.21e+04] (610.8 ms)
INFO:root:[91,   834] grad_stats: [6.95e-05 6.56e-05] (5.25e-05, 8.30e-04)
INFO:root:avg. loss 1.74885324e-03
INFO:root:time taken for epoch 0:14:14.792692
INFO:root:Epoch 92
INFO:root:[92,     0] loss: 1.751330e-03 masks: 46.0 35.0 [wd: 3.93e-01] [lr: 3.19e-05] [mem: 2.21e+04] (689.4 ms)
INFO:root:[92,     0] grad_stats: [6.97e-05 5.44e-05] (4.20e-05, 7.93e-04)
INFO:root:[92,   417] loss: 1.735383e-03 masks: 47.6 33.5 [wd: 3.93e-01] [lr: 2.96e-05] [mem: 2.21e+04] (612.2 ms)
INFO:root:[92,   417] grad_stats: [6.43e-05 5.62e-05] (4.25e-05, 7.98e-04)
INFO:root:[92,   834] loss: 1.738126e-03 masks: 47.5 33.5 [wd: 3.94e-01] [lr: 2.75e-05] [mem: 2.21e+04] (611.6 ms)
INFO:root:[92,   834] grad_stats: [7.50e-05 6.61e-05] (5.16e-05, 9.02e-04)
INFO:root:avg. loss 1.73771540e-03
INFO:root:time taken for epoch 0:14:16.837540
INFO:root:Epoch 93
INFO:root:[93,     0] loss: 1.772686e-03 masks: 37.0 35.0 [wd: 3.94e-01] [lr: 2.54e-05] [mem: 2.21e+04] (597.3 ms)
INFO:root:[93,     0] grad_stats: [5.97e-05 6.09e-05] (4.74e-05, 7.68e-04)
INFO:root:[93,   417] loss: 1.738197e-03 masks: 48.0 33.2 [wd: 3.95e-01] [lr: 2.35e-05] [mem: 2.21e+04] (609.0 ms)
INFO:root:[93,   417] grad_stats: [6.46e-05 5.52e-05] (4.33e-05, 8.53e-04)
INFO:root:[93,   834] loss: 1.734162e-03 masks: 47.6 33.4 [wd: 3.95e-01] [lr: 2.16e-05] [mem: 2.21e+04] (609.2 ms)
INFO:root:[93,   834] grad_stats: [6.30e-05 5.74e-05] (4.51e-05, 7.05e-04)
INFO:root:avg. loss 1.73279380e-03
INFO:root:time taken for epoch 0:14:13.882621
INFO:root:Epoch 94
INFO:root:[94,     0] loss: 1.755644e-03 masks: 41.0 36.0 [wd: 3.96e-01] [lr: 1.97e-05] [mem: 2.21e+04] (651.4 ms)
INFO:root:[94,     0] grad_stats: [6.84e-05 5.92e-05] (4.75e-05, 9.87e-04)
INFO:root:[94,   417] loss: 1.722216e-03 masks: 47.6 33.5 [wd: 3.96e-01] [lr: 1.80e-05] [mem: 2.21e+04] (612.4 ms)
INFO:root:[94,   417] grad_stats: [6.68e-05 5.82e-05] (4.51e-05, 9.00e-04)
INFO:root:[94,   834] loss: 1.722764e-03 masks: 47.4 33.5 [wd: 3.96e-01] [lr: 1.64e-05] [mem: 2.21e+04] (612.4 ms)
INFO:root:[94,   834] grad_stats: [7.49e-05 5.34e-05] (4.21e-05, 9.38e-04)
INFO:root:avg. loss 1.72293384e-03
INFO:root:time taken for epoch 0:14:17.386691
INFO:root:Epoch 95
INFO:root:[95,     0] loss: 1.756695e-03 masks: 47.0 35.0 [wd: 3.97e-01] [lr: 1.48e-05] [mem: 2.21e+04] (643.1 ms)
INFO:root:[95,     0] grad_stats: [6.69e-05 5.47e-05] (4.49e-05, 8.50e-04)
INFO:root:[95,   417] loss: 1.721086e-03 masks: 47.9 33.3 [wd: 3.97e-01] [lr: 1.33e-05] [mem: 2.21e+04] (613.4 ms)
INFO:root:[95,   417] grad_stats: [6.79e-05 5.94e-05] (4.76e-05, 9.41e-04)
INFO:root:[95,   834] loss: 1.716593e-03 masks: 47.5 33.5 [wd: 3.97e-01] [lr: 1.19e-05] [mem: 2.21e+04] (613.0 ms)
INFO:root:[95,   834] grad_stats: [6.74e-05 5.49e-05] (4.51e-05, 8.40e-04)
INFO:root:avg. loss 1.71842956e-03
INFO:root:time taken for epoch 0:14:18.541209
INFO:root:Epoch 96
INFO:root:[96,     0] loss: 1.667029e-03 masks: 57.0 30.0 [wd: 3.98e-01] [lr: 1.06e-05] [mem: 2.21e+04] (650.1 ms)
INFO:root:[96,     0] grad_stats: [6.02e-05 6.28e-05] (4.97e-05, 8.04e-04)
INFO:root:[96,   417] loss: 1.719555e-03 masks: 47.3 33.4 [wd: 3.98e-01] [lr: 9.36e-06] [mem: 2.21e+04] (607.6 ms)
INFO:root:[96,   417] grad_stats: [6.34e-05 6.79e-05] (5.65e-05, 7.76e-04)
INFO:root:[96,   834] loss: 1.714499e-03 masks: 47.2 33.5 [wd: 3.98e-01] [lr: 8.21e-06] [mem: 2.21e+04] (609.9 ms)
INFO:root:[96,   834] grad_stats: [5.29e-05 5.80e-05] (4.87e-05, 7.02e-04)
INFO:root:avg. loss 1.71503769e-03
INFO:root:time taken for epoch 0:14:16.355554
INFO:root:Epoch 97
INFO:root:[97,     0] loss: 1.614429e-03 masks: 49.0 35.0 [wd: 3.99e-01] [lr: 7.15e-06] [mem: 2.21e+04] (659.6 ms)
INFO:root:[97,     0] grad_stats: [6.15e-05 5.73e-05] (4.64e-05, 8.40e-04)
INFO:root:[97,   417] loss: 1.714257e-03 masks: 48.2 33.3 [wd: 3.99e-01] [lr: 6.17e-06] [mem: 2.21e+04] (610.4 ms)
INFO:root:[97,   417] grad_stats: [5.82e-05 6.73e-05] (5.52e-05, 8.37e-04)
INFO:root:[97,   834] loss: 1.714232e-03 masks: 48.0 33.3 [wd: 3.99e-01] [lr: 5.27e-06] [mem: 2.21e+04] (609.8 ms)
INFO:root:[97,   834] grad_stats: [6.95e-05 4.97e-05] (4.04e-05, 8.82e-04)
INFO:root:avg. loss 1.71200783e-03
INFO:root:time taken for epoch 0:14:16.091132
INFO:root:Epoch 98
INFO:root:[98,     0] loss: 1.727029e-03 masks: 38.0 35.0 [wd: 3.99e-01] [lr: 4.46e-06] [mem: 2.21e+04] (630.8 ms)
INFO:root:[98,     0] grad_stats: [5.76e-05 5.97e-05] (5.00e-05, 7.56e-04)
INFO:root:[98,   417] loss: 1.707219e-03 masks: 47.6 33.4 [wd: 3.99e-01] [lr: 3.73e-06] [mem: 2.21e+04] (610.5 ms)
INFO:root:[98,   417] grad_stats: [6.09e-05 5.86e-05] (4.89e-05, 7.81e-04)
INFO:root:[98,   834] loss: 1.708170e-03 masks: 47.8 33.4 [wd: 4.00e-01] [lr: 3.09e-06] [mem: 2.21e+04] (611.1 ms)
INFO:root:[98,   834] grad_stats: [6.20e-05 5.78e-05] (4.75e-05, 8.64e-04)
INFO:root:avg. loss 1.70685757e-03
INFO:root:time taken for epoch 0:14:17.424259
INFO:root:Epoch 99
INFO:root:[99,     0] loss: 1.616565e-03 masks: 51.0 35.0 [wd: 4.00e-01] [lr: 2.54e-06] [mem: 2.21e+04] (632.6 ms)
INFO:root:[99,     0] grad_stats: [6.42e-05 5.65e-05] (4.61e-05, 9.09e-04)
INFO:root:[99,   417] loss: 1.712210e-03 masks: 48.1 33.1 [wd: 4.00e-01] [lr: 2.07e-06] [mem: 2.21e+04] (610.6 ms)
INFO:root:[99,   417] grad_stats: [5.99e-05 6.61e-05] (5.41e-05, 7.56e-04)
INFO:root:[99,   834] loss: 1.706644e-03 masks: 48.1 33.3 [wd: 4.00e-01] [lr: 1.68e-06] [mem: 2.21e+04] (610.1 ms)
INFO:root:[99,   834] grad_stats: [6.61e-05 6.67e-05] (5.63e-05, 8.57e-04)
INFO:root:avg. loss 1.70828731e-03
INFO:root:time taken for epoch 0:14:13.928466
INFO:root:Epoch 100
INFO:root:[100,     0] loss: 1.656730e-03 masks: 47.0 35.0 [wd: 4.00e-01] [lr: 1.38e-06] [mem: 2.21e+04] (633.3 ms)
INFO:root:[100,     0] grad_stats: [6.22e-05 6.15e-05] (4.99e-05, 8.28e-04)
INFO:root:[100,   417] loss: 1.710796e-03 masks: 48.9 33.0 [wd: 4.00e-01] [lr: 1.17e-06] [mem: 2.21e+04] (612.0 ms)
INFO:root:[100,   417] grad_stats: [6.40e-05 5.78e-05] (4.75e-05, 8.16e-04)
INFO:root:[100,   834] loss: 1.703357e-03 masks: 48.1 33.3 [wd: 4.00e-01] [lr: 1.04e-06] [mem: 2.21e+04] (612.8 ms)
INFO:root:[100,   834] grad_stats: [6.54e-05 5.69e-05] (4.65e-05, 8.94e-04)
INFO:root:avg. loss 1.70341325e-03
[rank2]:[W330 08:03:50.154712929 ProcessGroupNCCL.cpp:1250] Warning: WARNING: process group has NOT been destroyed before we destruct ProcessGroupNCCL. On normal program exit, the application should call destroy_process_group to ensure that any pending NCCL operations have finished in this process. In rare cases this process can exit before this point and block the progress of another member of the process group. This constraint has always been present,  but this warning has only been added since PyTorch 2.4 (function operator())
[rank1]:[W330 08:03:50.156407580 ProcessGroupNCCL.cpp:1250] Warning: WARNING: process group has NOT been destroyed before we destruct ProcessGroupNCCL. On normal program exit, the application should call destroy_process_group to ensure that any pending NCCL operations have finished in this process. In rare cases this process can exit before this point and block the progress of another member of the process group. This constraint has always been present,  but this warning has only been added since PyTorch 2.4 (function operator())
[rank3]:[W330 08:03:50.161443594 ProcessGroupNCCL.cpp:1250] Warning: WARNING: process group has NOT been destroyed before we destruct ProcessGroupNCCL. On normal program exit, the application should call destroy_process_group to ensure that any pending NCCL operations have finished in this process. In rare cases this process can exit before this point and block the progress of another member of the process group. This constraint has always been present,  but this warning has only been added since PyTorch 2.4 (function operator())
INFO:root:time taken for epoch 0:14:18.744066
INFO:root:Total pretraining time 23:48:53.586491
[rank0]:[W330 08:03:55.160883247 ProcessGroupNCCL.cpp:1250] Warning: WARNING: process group has NOT been destroyed before we destruct ProcessGroupNCCL. On normal program exit, the application should call destroy_process_group to ensure that any pending NCCL operations have finished in this process. In rare cases this process can exit before this point and block the progress of another member of the process group. This constraint has always been present,  but this warning has only been added since PyTorch 2.4 (function operator())
