nohup: ignoring input
INFO:root:called-params configs/in1k_vitb16_ep100.yaml
INFO:root:loaded params...
[W325 19:14:49.729442156 CUDAAllocatorConfig.h:28] Warning: expandable_segments not supported on this platform (function operator())
{   'data': {   'batch_size': 384,
                'color_jitter_strength': 0.0,
                'crop_scale': [0.3, 1.0],
                'crop_size': 224,
                'image_folder': 'imagenet',
                'num_workers': 10,
                'pin_mem': True,
                'root_path': 'datasets/',
                'use_color_distortion': False,
                'use_gaussian_blur': False,
                'use_horizontal_flip': False},
    'logging': {   'checkpoint_freq': 150,
                   'folder': 'logs_IN1K/in1k-vitb16-l2-ep100-bs384-w20',
                   'knn_every': 20,
                   'logging_frequency': 3,
                   'output_file': 'oin1k-pretrain-vitb-l2-ep100-bs448-seed0-nodiv.out',
                   'train_suffix': 'train',
                   'val_suffix': 'val',
                   'write_tag': 'jepa-in1k'},
    'mask': {   'allow_overlap': False,
                'aspect_ratio': [0.75, 1.5],
                'enc_mask_scale': [0.85, 1.0],
                'min_keep': 10,
                'num_enc_masks': 1,
                'num_pred_masks': 4,
                'patch_size': 16,
                'pred_mask_scale': [0.15, 0.2]},
    'message': 'ViT-B/16 L2 on Imagenet1K seed 2 batch size 448 no div on PKT '
               'calculation',
    'meta': {   'copy_data': False,
                'load_checkpoint': False,
                'model_name': 'vit_base',
                'pred_depth': 6,
                'pred_emb_dim': 384,
                'read_checkpoint': None,
                'use_bfloat16': True},
    'optimization': {   'accumulate_grads_every': 1,
                        'ema': [0.996, 1.0],
                        'epochs': 100,
                        'final_lr': 1e-06,
                        'final_weight_decay': 0.4,
                        'ipe_scale': 1.0,
                        'loss_function': 'L2',
                        'lr': 0.001,
                        'pkt_scale': 1.0,
                        'start_lr': 0.0002,
                        'variance_weight': 0.0,
                        'warmup': 20,
                        'weight_decay': 0.04},
    'pkt': {   'T_max': 200,
               'chunks_step': 256,
               'final_alpha': 0.0,
               'ref_alpha': 1.0,
               'start_alpha': 1.0,
               'use_pkt_scheduler': False,
               'warmup_steps_alpha': 100}}
CRITICAL:root:PRETRAINING
[W325 19:14:49.805349063 CUDAAllocatorConfig.h:28] Warning: expandable_segments not supported on this platform (function operator())
{   'data': {   'batch_size': 384,
                'color_jitter_strength': 0.0,
                'crop_scale': [0.3, 1.0],
                'crop_size': 224,
                'image_folder': 'imagenet',
                'num_workers': 10,
                'pin_mem': True,
                'root_path': 'datasets/',
                'use_color_distortion': False,
                'use_gaussian_blur': False,
                'use_horizontal_flip': False},
    'logging': {   'checkpoint_freq': 150,
                   'folder': 'logs_IN1K/in1k-vitb16-l2-ep100-bs384-w20',
                   'knn_every': 20,
                   'logging_frequency': 3,
                   'output_file': 'oin1k-pretrain-vitb-l2-ep100-bs448-seed0-nodiv.out',
                   'train_suffix': 'train',
                   'val_suffix': 'val',
                   'write_tag': 'jepa-in1k'},
    'mask': {   'allow_overlap': False,
                'aspect_ratio': [0.75, 1.5],
                'enc_mask_scale': [0.85, 1.0],
                'min_keep': 10,
                'num_enc_masks': 1,
                'num_pred_masks': 4,
                'patch_size': 16,
                'pred_mask_scale': [0.15, 0.2]},
    'message': 'ViT-B/16 L2 on Imagenet1K seed 2 batch size 448 no div on PKT '
               'calculation',
    'meta': {   'copy_data': False,
                'load_checkpoint': False,
                'model_name': 'vit_base',
                'pred_depth': 6,
                'pred_emb_dim': 384,
                'read_checkpoint': None,
                'use_bfloat16': True},
    'optimization': {   'accumulate_grads_every': 1,
                        'ema': [0.996, 1.0],
                        'epochs': 100,
                        'final_lr': 1e-06,
                        'final_weight_decay': 0.4,
                        'ipe_scale': 1.0,
                        'loss_function': 'L2',
                        'lr': 0.001,
                        'pkt_scale': 1.0,
                        'start_lr': 0.0002,
                        'variance_weight': 0.0,
                        'warmup': 20,
                        'weight_decay': 0.04},
    'pkt': {   'T_max': 200,
               'chunks_step': 256,
               'final_alpha': 0.0,
               'ref_alpha': 1.0,
               'start_alpha': 1.0,
               'use_pkt_scheduler': False,
               'warmup_steps_alpha': 100}}
INFO:root:Running... (rank: 0/4)
CRITICAL:root:PRETRAINING
[W325 19:14:49.901022667 CUDAAllocatorConfig.h:28] Warning: expandable_segments not supported on this platform (function operator())
{   'data': {   'batch_size': 384,
                'color_jitter_strength': 0.0,
                'crop_scale': [0.3, 1.0],
                'crop_size': 224,
                'image_folder': 'imagenet',
                'num_workers': 10,
                'pin_mem': True,
                'root_path': 'datasets/',
                'use_color_distortion': False,
                'use_gaussian_blur': False,
                'use_horizontal_flip': False},
    'logging': {   'checkpoint_freq': 150,
                   'folder': 'logs_IN1K/in1k-vitb16-l2-ep100-bs384-w20',
                   'knn_every': 20,
                   'logging_frequency': 3,
                   'output_file': 'oin1k-pretrain-vitb-l2-ep100-bs448-seed0-nodiv.out',
                   'train_suffix': 'train',
                   'val_suffix': 'val',
                   'write_tag': 'jepa-in1k'},
    'mask': {   'allow_overlap': False,
                'aspect_ratio': [0.75, 1.5],
                'enc_mask_scale': [0.85, 1.0],
                'min_keep': 10,
                'num_enc_masks': 1,
                'num_pred_masks': 4,
                'patch_size': 16,
                'pred_mask_scale': [0.15, 0.2]},
    'message': 'ViT-B/16 L2 on Imagenet1K seed 2 batch size 448 no div on PKT '
               'calculation',
    'meta': {   'copy_data': False,
                'load_checkpoint': False,
                'model_name': 'vit_base',
                'pred_depth': 6,
                'pred_emb_dim': 384,
                'read_checkpoint': None,
                'use_bfloat16': True},
    'optimization': {   'accumulate_grads_every': 1,
                        'ema': [0.996, 1.0],
                        'epochs': 100,
                        'final_lr': 1e-06,
                        'final_weight_decay': 0.4,
                        'ipe_scale': 1.0,
                        'loss_function': 'L2',
                        'lr': 0.001,
                        'pkt_scale': 1.0,
                        'start_lr': 0.0002,
                        'variance_weight': 0.0,
                        'warmup': 20,
                        'weight_decay': 0.04},
    'pkt': {   'T_max': 200,
               'chunks_step': 256,
               'final_alpha': 0.0,
               'ref_alpha': 1.0,
               'start_alpha': 1.0,
               'use_pkt_scheduler': False,
               'warmup_steps_alpha': 100}}
CRITICAL:root:PRETRAINING
INFO:root:Initialized (rank/world-size) 0/4
INFO:root:train.py: _GLOBAL_SEED=0
[W325 19:14:49.015547310 CUDAAllocatorConfig.h:28] Warning: expandable_segments not supported on this platform (function operator())
{   'data': {   'batch_size': 384,
                'color_jitter_strength': 0.0,
                'crop_scale': [0.3, 1.0],
                'crop_size': 224,
                'image_folder': 'imagenet',
                'num_workers': 10,
                'pin_mem': True,
                'root_path': 'datasets/',
                'use_color_distortion': False,
                'use_gaussian_blur': False,
                'use_horizontal_flip': False},
    'logging': {   'checkpoint_freq': 150,
                   'folder': 'logs_IN1K/in1k-vitb16-l2-ep100-bs384-w20',
                   'knn_every': 20,
                   'logging_frequency': 3,
                   'output_file': 'oin1k-pretrain-vitb-l2-ep100-bs448-seed0-nodiv.out',
                   'train_suffix': 'train',
                   'val_suffix': 'val',
                   'write_tag': 'jepa-in1k'},
    'mask': {   'allow_overlap': False,
                'aspect_ratio': [0.75, 1.5],
                'enc_mask_scale': [0.85, 1.0],
                'min_keep': 10,
                'num_enc_masks': 1,
                'num_pred_masks': 4,
                'patch_size': 16,
                'pred_mask_scale': [0.15, 0.2]},
    'message': 'ViT-B/16 L2 on Imagenet1K seed 2 batch size 448 no div on PKT '
               'calculation',
    'meta': {   'copy_data': False,
                'load_checkpoint': False,
                'model_name': 'vit_base',
                'pred_depth': 6,
                'pred_emb_dim': 384,
                'read_checkpoint': None,
                'use_bfloat16': True},
    'optimization': {   'accumulate_grads_every': 1,
                        'ema': [0.996, 1.0],
                        'epochs': 100,
                        'final_lr': 1e-06,
                        'final_weight_decay': 0.4,
                        'ipe_scale': 1.0,
                        'loss_function': 'L2',
                        'lr': 0.001,
                        'pkt_scale': 1.0,
                        'start_lr': 0.0002,
                        'variance_weight': 0.0,
                        'warmup': 20,
                        'weight_decay': 0.04},
    'pkt': {   'T_max': 200,
               'chunks_step': 256,
               'final_alpha': 0.0,
               'ref_alpha': 1.0,
               'start_alpha': 1.0,
               'use_pkt_scheduler': False,
               'warmup_steps_alpha': 100}}
CRITICAL:root:PRETRAINING
INFO:root:VisionTransformer(
  (patch_embed): PatchEmbed(
    (proj): Conv2d(3, 768, kernel_size=(16, 16), stride=(16, 16))
  )
  (blocks): ModuleList(
    (0-11): 12 x Block(
      (norm1): LayerNorm((768,), eps=1e-06, elementwise_affine=True)
      (attn): Attention(
        (qkv): Linear(in_features=768, out_features=2304, bias=True)
        (attn_drop): Dropout(p=0.0, inplace=False)
        (proj): Linear(in_features=768, out_features=768, bias=True)
        (proj_drop): Dropout(p=0.0, inplace=False)
      )
      (drop_path): Identity()
      (norm2): LayerNorm((768,), eps=1e-06, elementwise_affine=True)
      (mlp): MLP(
        (fc1): Linear(in_features=768, out_features=3072, bias=True)
        (act): GELU(approximate='none')
        (fc2): Linear(in_features=3072, out_features=768, bias=True)
        (drop): Dropout(p=0.0, inplace=False)
      )
    )
  )
  (norm): LayerNorm((768,), eps=1e-06, elementwise_affine=True)
)
INFO:root:making imagenet data transforms
INFO:root:data-path datasets/imagenet/train/
INFO:root:Initialized ImageNet
INFO:root:ImageNet dataset created
INFO:root:ImageNet unsupervised data loader created
INFO:root:data-path datasets/imagenet/train
INFO:root:Initialized ImageNet
INFO:root:min. labeled indices 732
INFO:root:ImageNet supervised dataset created
INFO:root:ImageNet supervised data loader created
INFO:root:data-path datasets/imagenet/val
/home/lazarosg/ijepa/src/helper.py:189: FutureWarning: `torch.cuda.amp.GradScaler(args...)` is deprecated. Please use `torch.amp.GradScaler('cuda', args...)` instead.
  scaler = torch.cuda.amp.GradScaler() if use_bfloat16 else None
INFO:root:Initialized ImageNet
INFO:root:min. labeled indices 50
INFO:root:ImageNet supervised dataset created
INFO:root:ImageNet supervised data loader created
INFO:root:Using AdamW
/home/lazarosg/ijepa/src/helper.py:189: FutureWarning: `torch.cuda.amp.GradScaler(args...)` is deprecated. Please use `torch.amp.GradScaler('cuda', args...)` instead.
  scaler = torch.cuda.amp.GradScaler() if use_bfloat16 else None
/home/lazarosg/ijepa/src/helper.py:189: FutureWarning: `torch.cuda.amp.GradScaler(args...)` is deprecated. Please use `torch.amp.GradScaler('cuda', args...)` instead.
  scaler = torch.cuda.amp.GradScaler() if use_bfloat16 else None
/home/lazarosg/ijepa/src/helper.py:189: FutureWarning: `torch.cuda.amp.GradScaler(args...)` is deprecated. Please use `torch.amp.GradScaler('cuda', args...)` instead.
  scaler = torch.cuda.amp.GradScaler() if use_bfloat16 else None
INFO:root:Epoch 1
/home/lazarosg/ijepa/src/train.py:470: FutureWarning: `torch.cuda.amp.autocast(args...)` is deprecated. Please use `torch.amp.autocast('cuda', args...)` instead.
  with torch.cuda.amp.autocast(dtype=torch.bfloat16, enabled=use_bfloat16):
/home/lazarosg/ijepa/src/train.py:470: FutureWarning: `torch.cuda.amp.autocast(args...)` is deprecated. Please use `torch.amp.autocast('cuda', args...)` instead.
  with torch.cuda.amp.autocast(dtype=torch.bfloat16, enabled=use_bfloat16):
/home/lazarosg/ijepa/src/train.py:470: FutureWarning: `torch.cuda.amp.autocast(args...)` is deprecated. Please use `torch.amp.autocast('cuda', args...)` instead.
  with torch.cuda.amp.autocast(dtype=torch.bfloat16, enabled=use_bfloat16):
/home/lazarosg/ijepa/src/train.py:470: FutureWarning: `torch.cuda.amp.autocast(args...)` is deprecated. Please use `torch.amp.autocast('cuda', args...)` instead.
  with torch.cuda.amp.autocast(dtype=torch.bfloat16, enabled=use_bfloat16):
INFO:root:[1,     0] loss: 4.705001e-01 masks: 49.0 30.0 [wd: 4.00e-02] [lr: 2.00e-04] [mem: 2.36e+04] (4500.6 ms)
INFO:root:[1,     0] grad_stats: [2.11e-02 1.15e-02] (1.15e-02, 2.57e-02)
INFO:root:[1,   278] loss: 1.295024e-01 masks: 47.0 33.3 [wd: 4.00e-02] [lr: 2.13e-04] [mem: 2.95e+04] (536.6 ms)
INFO:root:[1,   278] grad_stats: [1.12e-02 1.06e-03] (9.37e-04, 1.74e-02)
INFO:root:[1,   556] loss: 9.087550e-02 masks: 46.9 33.3 [wd: 4.00e-02] [lr: 2.27e-04] [mem: 2.95e+04] (532.0 ms)
INFO:root:[1,   556] grad_stats: [1.27e-02 1.21e-03] (1.04e-03, 2.24e-02)
INFO:root:avg. loss 7.35655849e-02
INFO:root:time taken for epoch 0:08:50.056975
INFO:root:Epoch 2
INFO:root:[2,     0] loss: 3.968318e-02 masks: 57.0 30.0 [wd: 4.01e-02] [lr: 2.40e-04] [mem: 2.95e+04] (585.1 ms)
INFO:root:[2,     0] grad_stats: [5.51e-03 5.22e-04] (4.60e-04, 7.61e-03)
INFO:root:[2,   278] loss: 4.571289e-02 masks: 46.1 33.5 [wd: 4.02e-02] [lr: 2.53e-04] [mem: 2.95e+04] (519.2 ms)
INFO:root:[2,   278] grad_stats: [1.46e-02 1.08e-03] (7.85e-04, 2.45e-02)
INFO:root:[2,   556] loss: 5.196511e-02 masks: 46.5 33.4 [wd: 4.02e-02] [lr: 2.67e-04] [mem: 2.95e+04] (520.7 ms)
INFO:root:[2,   556] grad_stats: [9.96e-03 1.20e-03] (7.77e-04, 2.30e-02)
INFO:root:avg. loss 5.90198512e-02
INFO:root:time taken for epoch 0:08:46.059527
INFO:root:Epoch 3
INFO:root:[3,     0] loss: 8.284621e-02 masks: 30.0 36.0 [wd: 4.04e-02] [lr: 2.80e-04] [mem: 2.95e+04] (538.6 ms)
INFO:root:[3,     0] grad_stats: [1.40e-02 1.23e-03] (7.16e-04, 3.07e-02)
INFO:root:[3,   278] loss: 8.750284e-02 masks: 46.3 33.3 [wd: 4.05e-02] [lr: 2.93e-04] [mem: 2.95e+04] (520.8 ms)
INFO:root:[3,   278] grad_stats: [7.93e-03 1.07e-03] (6.22e-04, 2.32e-02)
INFO:root:[3,   556] loss: 9.538659e-02 masks: 46.2 33.4 [wd: 4.06e-02] [lr: 3.07e-04] [mem: 2.95e+04] (519.5 ms)
INFO:root:[3,   556] grad_stats: [5.20e-03 1.06e-03] (5.17e-04, 1.92e-02)
INFO:root:avg. loss 1.03338126e-01
INFO:root:time taken for epoch 0:08:47.736999
INFO:root:Epoch 4
INFO:root:[4,     0] loss: 1.245711e-01 masks: 47.0 35.0 [wd: 4.08e-02] [lr: 3.20e-04] [mem: 2.95e+04] (568.0 ms)
INFO:root:[4,     0] grad_stats: [6.30e-03 1.79e-03] (6.77e-04, 2.24e-02)
INFO:root:[4,   278] loss: 1.328338e-01 masks: 46.3 33.4 [wd: 4.10e-02] [lr: 3.33e-04] [mem: 2.95e+04] (520.5 ms)
INFO:root:[4,   278] grad_stats: [6.66e-03 1.37e-03] (5.74e-04, 2.22e-02)
INFO:root:[4,   556] loss: 1.391172e-01 masks: 46.2 33.4 [wd: 4.12e-02] [lr: 3.47e-04] [mem: 2.99e+04] (519.8 ms)
INFO:root:[4,   556] grad_stats: [7.29e-03 1.85e-03] (6.37e-04, 3.72e-02)
INFO:root:avg. loss 1.44502739e-01
INFO:root:time taken for epoch 0:08:46.717749
INFO:root:Epoch 5
INFO:root:[5,     0] loss: 1.548995e-01 masks: 52.0 30.0 [wd: 4.14e-02] [lr: 3.60e-04] [mem: 2.99e+04] (555.1 ms)
INFO:root:[5,     0] grad_stats: [5.82e-03 1.68e-03] (5.62e-04, 2.02e-02)
INFO:root:[5,   278] loss: 1.645456e-01 masks: 46.5 33.4 [wd: 4.17e-02] [lr: 3.73e-04] [mem: 2.99e+04] (519.6 ms)
INFO:root:[5,   278] grad_stats: [4.35e-03 1.29e-03] (4.57e-04, 1.56e-02)
INFO:root:[5,   556] loss: 1.674159e-01 masks: 46.1 33.4 [wd: 4.19e-02] [lr: 3.87e-04] [mem: 2.99e+04] (519.5 ms)
INFO:root:[5,   556] grad_stats: [5.72e-03 1.69e-03] (5.34e-04, 1.99e-02)
INFO:root:avg. loss 1.70044105e-01
INFO:root:time taken for epoch 0:08:46.419634
INFO:root:Epoch 6
INFO:root:[6,     0] loss: 1.775083e-01 masks: 44.0 36.0 [wd: 4.22e-02] [lr: 4.00e-04] [mem: 2.99e+04] (544.6 ms)
INFO:root:[6,     0] grad_stats: [3.94e-03 1.24e-03] (4.31e-04, 2.29e-02)
INFO:root:[6,   278] loss: 1.753200e-01 masks: 47.1 33.2 [wd: 4.25e-02] [lr: 4.13e-04] [mem: 2.99e+04] (520.8 ms)
INFO:root:[6,   278] grad_stats: [4.58e-03 2.01e-03] (5.36e-04, 2.30e-02)
INFO:root:[6,   556] loss: 1.765273e-01 masks: 46.8 33.3 [wd: 4.28e-02] [lr: 4.27e-04] [mem: 2.99e+04] (520.1 ms)
INFO:root:[6,   556] grad_stats: [5.25e-03 1.63e-03] (4.84e-04, 3.26e-02)
INFO:root:avg. loss 1.77621769e-01
INFO:root:time taken for epoch 0:08:46.565315
INFO:root:Epoch 7
INFO:root:[7,     0] loss: 1.752044e-01 masks: 40.0 36.0 [wd: 4.32e-02] [lr: 4.40e-04] [mem: 2.99e+04] (562.6 ms)
INFO:root:[7,     0] grad_stats: [5.29e-03 1.79e-03] (4.78e-04, 3.28e-02)
INFO:root:[7,   278] loss: 1.827182e-01 masks: 46.1 33.5 [wd: 4.36e-02] [lr: 4.53e-04] [mem: 2.99e+04] (519.5 ms)
INFO:root:[7,   278] grad_stats: [3.52e-03 1.30e-03] (4.08e-04, 1.88e-02)
INFO:root:[7,   556] loss: 1.821236e-01 masks: 46.3 33.4 [wd: 4.39e-02] [lr: 4.67e-04] [mem: 2.99e+04] (519.8 ms)
INFO:root:[7,   556] grad_stats: [3.10e-03 1.47e-03] (4.50e-04, 1.49e-02)
INFO:root:avg. loss 1.82459246e-01
INFO:root:time taken for epoch 0:08:47.235753
INFO:root:Epoch 8
INFO:root:[8,     0] loss: 1.853629e-01 masks: 43.0 35.0 [wd: 4.43e-02] [lr: 4.80e-04] [mem: 2.99e+04] (528.9 ms)
INFO:root:[8,     0] grad_stats: [3.53e-03 1.53e-03] (4.26e-04, 1.49e-02)
INFO:root:[8,   278] loss: 1.812082e-01 masks: 46.0 33.5 [wd: 4.48e-02] [lr: 4.93e-04] [mem: 2.99e+04] (519.2 ms)
INFO:root:[8,   278] grad_stats: [3.54e-03 1.75e-03] (4.48e-04, 1.28e-02)
INFO:root:[8,   556] loss: 1.805844e-01 masks: 46.2 33.4 [wd: 4.52e-02] [lr: 5.07e-04] [mem: 2.99e+04] (520.1 ms)
INFO:root:[8,   556] grad_stats: [3.35e-03 1.69e-03] (4.61e-04, 2.59e-02)
INFO:root:avg. loss 1.80331246e-01
INFO:root:time taken for epoch 0:08:47.213231
INFO:root:Epoch 9
INFO:root:[9,     0] loss: 1.710161e-01 masks: 55.0 30.0 [wd: 4.57e-02] [lr: 5.20e-04] [mem: 2.99e+04] (572.0 ms)
INFO:root:[9,     0] grad_stats: [2.92e-03 2.09e-03] (4.49e-04, 1.87e-02)
INFO:root:[9,   278] loss: 1.790704e-01 masks: 46.5 33.2 [wd: 4.61e-02] [lr: 5.33e-04] [mem: 2.99e+04] (518.8 ms)
INFO:root:[9,   278] grad_stats: [3.01e-03 1.72e-03] (4.45e-04, 1.72e-02)
INFO:root:[9,   556] loss: 1.790901e-01 masks: 46.3 33.3 [wd: 4.66e-02] [lr: 5.47e-04] [mem: 2.99e+04] (518.5 ms)
INFO:root:[9,   556] grad_stats: [4.34e-03 1.63e-03] (4.53e-04, 3.15e-02)
INFO:root:avg. loss 1.78859045e-01
INFO:root:time taken for epoch 0:08:46.204243
INFO:root:Epoch 10
INFO:root:[10,     0] loss: 1.802363e-01 masks: 37.0 40.0 [wd: 4.71e-02] [lr: 5.60e-04] [mem: 2.99e+04] (571.1 ms)
INFO:root:[10,     0] grad_stats: [2.88e-03 1.21e-03] (3.84e-04, 1.73e-02)
INFO:root:[10,   278] loss: 1.785692e-01 masks: 45.3 33.6 [wd: 4.77e-02] [lr: 5.73e-04] [mem: 2.99e+04] (517.7 ms)
INFO:root:[10,   278] grad_stats: [2.84e-03 1.55e-03] (4.04e-04, 1.53e-02)
INFO:root:[10,   556] loss: 1.768226e-01 masks: 46.0 33.5 [wd: 4.82e-02] [lr: 5.87e-04] [mem: 2.99e+04] (519.1 ms)
INFO:root:[10,   556] grad_stats: [2.44e-03 1.44e-03] (3.86e-04, 1.62e-02)
INFO:root:avg. loss 1.75979063e-01
INFO:root:time taken for epoch 0:08:46.019533
INFO:root:Epoch 11
INFO:root:[11,     0] loss: 1.705467e-01 masks: 49.0 30.0 [wd: 4.88e-02] [lr: 6.00e-04] [mem: 2.99e+04] (535.0 ms)
INFO:root:[11,     0] grad_stats: [2.78e-03 1.42e-03] (4.09e-04, 1.31e-02)
INFO:root:[11,   278] loss: 1.721415e-01 masks: 46.5 33.2 [wd: 4.94e-02] [lr: 6.13e-04] [mem: 2.99e+04] (519.1 ms)
INFO:root:[11,   278] grad_stats: [2.89e-03 1.58e-03] (4.14e-04, 1.88e-02)
INFO:root:[11,   556] loss: 1.711325e-01 masks: 46.2 33.5 [wd: 5.00e-02] [lr: 6.27e-04] [mem: 2.99e+04] (518.6 ms)
INFO:root:[11,   556] grad_stats: [2.21e-03 1.69e-03] (4.05e-04, 1.82e-02)
INFO:root:avg. loss 1.70127080e-01
INFO:root:time taken for epoch 0:08:46.323746
INFO:root:Epoch 12
INFO:root:[12,     0] loss: 1.696846e-01 masks: 31.0 36.0 [wd: 5.06e-02] [lr: 6.40e-04] [mem: 2.99e+04] (538.6 ms)
INFO:root:[12,     0] grad_stats: [2.54e-03 1.48e-03] (3.75e-04, 1.77e-02)
INFO:root:[12,   278] loss: 1.667795e-01 masks: 46.5 33.4 [wd: 5.13e-02] [lr: 6.53e-04] [mem: 2.99e+04] (520.2 ms)
INFO:root:[12,   278] grad_stats: [2.30e-03 1.30e-03] (3.85e-04, 2.16e-02)
INFO:root:[12,   556] loss: 1.673075e-01 masks: 46.0 33.5 [wd: 5.20e-02] [lr: 6.67e-04] [mem: 2.99e+04] (518.3 ms)
INFO:root:[12,   556] grad_stats: [7.27e-03 1.58e-03] (5.03e-04, 2.25e-02)
INFO:root:avg. loss 1.66663515e-01
INFO:root:time taken for epoch 0:08:46.438642
INFO:root:Epoch 13
INFO:root:[13,     0] loss: 1.662468e-01 masks: 36.0 36.0 [wd: 5.26e-02] [lr: 6.80e-04] [mem: 2.99e+04] (531.9 ms)
INFO:root:[13,     0] grad_stats: [1.48e-03 1.15e-03] (3.48e-04, 8.18e-03)
INFO:root:[13,   278] loss: 1.607405e-01 masks: 47.6 33.0 [wd: 5.33e-02] [lr: 6.93e-04] [mem: 2.99e+04] (522.9 ms)
INFO:root:[13,   278] grad_stats: [1.99e-03 1.23e-03] (3.56e-04, 1.61e-02)
INFO:root:[13,   556] loss: 1.609444e-01 masks: 47.3 33.1 [wd: 5.41e-02] [lr: 7.07e-04] [mem: 2.99e+04] (522.0 ms)
INFO:root:[13,   556] grad_stats: [1.80e-03 1.37e-03] (3.77e-04, 1.57e-02)
INFO:root:avg. loss 1.60790592e-01
INFO:root:time taken for epoch 0:08:47.893832
INFO:root:Epoch 14
INFO:root:[14,     0] loss: 1.606059e-01 masks: 42.0 36.0 [wd: 5.48e-02] [lr: 7.20e-04] [mem: 2.99e+04] (538.7 ms)
INFO:root:[14,     0] grad_stats: [1.82e-03 1.06e-03] (3.56e-04, 1.36e-02)
INFO:root:[14,   278] loss: 1.600696e-01 masks: 46.5 33.4 [wd: 5.56e-02] [lr: 7.33e-04] [mem: 2.99e+04] (517.3 ms)
INFO:root:[14,   278] grad_stats: [2.50e-03 1.22e-03] (3.74e-04, 1.96e-02)
INFO:root:[14,   556] loss: 1.601507e-01 masks: 46.2 33.5 [wd: 5.63e-02] [lr: 7.47e-04] [mem: 2.99e+04] (517.9 ms)
INFO:root:[14,   556] grad_stats: [1.34e-03 1.17e-03] (3.60e-04, 1.07e-02)
INFO:root:avg. loss 1.59865843e-01
INFO:root:time taken for epoch 0:08:46.546940
INFO:root:Epoch 15
INFO:root:[15,     0] loss: 1.558003e-01 masks: 43.0 35.0 [wd: 5.71e-02] [lr: 7.60e-04] [mem: 2.99e+04] (549.4 ms)
INFO:root:[15,     0] grad_stats: [1.69e-03 1.13e-03] (3.62e-04, 1.21e-02)
INFO:root:[15,   278] loss: 1.608746e-01 masks: 45.8 33.6 [wd: 5.79e-02] [lr: 7.73e-04] [mem: 2.99e+04] (518.2 ms)
INFO:root:[15,   278] grad_stats: [1.66e-03 1.08e-03] (3.42e-04, 1.06e-02)
INFO:root:[15,   556] loss: 1.607738e-01 masks: 45.9 33.6 [wd: 5.88e-02] [lr: 7.87e-04] [mem: 2.99e+04] (518.8 ms)
INFO:root:[15,   556] grad_stats: [1.39e-03 1.08e-03] (3.51e-04, 1.31e-02)
INFO:root:avg. loss 1.60596311e-01
INFO:root:time taken for epoch 0:08:46.206108
INFO:root:Epoch 16
INFO:root:[16,     0] loss: 1.588825e-01 masks: 43.0 35.0 [wd: 5.96e-02] [lr: 8.00e-04] [mem: 2.99e+04] (552.6 ms)
INFO:root:[16,     0] grad_stats: [2.04e-03 1.05e-03] (3.59e-04, 1.84e-02)
INFO:root:[16,   278] loss: 1.603773e-01 masks: 45.8 33.6 [wd: 6.05e-02] [lr: 8.13e-04] [mem: 2.99e+04] (518.3 ms)
INFO:root:[16,   278] grad_stats: [1.77e-03 9.35e-04] (3.41e-04, 1.51e-02)
INFO:root:[16,   556] loss: 1.605612e-01 masks: 45.8 33.5 [wd: 6.14e-02] [lr: 8.27e-04] [mem: 2.99e+04] (518.5 ms)
INFO:root:[16,   556] grad_stats: [1.59e-03 1.02e-03] (3.60e-04, 1.54e-02)
INFO:root:avg. loss 1.60900789e-01
INFO:root:time taken for epoch 0:08:45.662181
INFO:root:Epoch 17
INFO:root:[17,     0] loss: 1.645479e-01 masks: 37.0 40.0 [wd: 6.23e-02] [lr: 8.40e-04] [mem: 2.99e+04] (529.8 ms)
INFO:root:[17,     0] grad_stats: [1.48e-03 9.52e-04] (3.52e-04, 1.27e-02)
INFO:root:[17,   278] loss: 1.618063e-01 masks: 47.5 33.1 [wd: 6.32e-02] [lr: 8.53e-04] [mem: 2.99e+04] (522.0 ms)
INFO:root:[17,   278] grad_stats: [1.51e-03 9.92e-04] (3.74e-04, 1.24e-02)
INFO:root:[17,   556] loss: 1.620030e-01 masks: 47.3 33.1 [wd: 6.41e-02] [lr: 8.67e-04] [mem: 2.99e+04] (521.8 ms)
INFO:root:[17,   556] grad_stats: [2.03e-03 9.02e-04] (3.63e-04, 1.69e-02)
INFO:root:avg. loss 1.62546099e-01
INFO:root:time taken for epoch 0:08:47.941265
INFO:root:Epoch 18
INFO:root:[18,     0] loss: 1.533478e-01 masks: 51.0 30.0 [wd: 6.51e-02] [lr: 8.80e-04] [mem: 2.99e+04] (578.4 ms)
INFO:root:[18,     0] grad_stats: [2.12e-03 9.74e-04] (3.76e-04, 1.61e-02)
INFO:root:[18,   278] loss: 1.642083e-01 masks: 46.2 33.5 [wd: 6.60e-02] [lr: 8.93e-04] [mem: 2.99e+04] (519.5 ms)
INFO:root:[18,   278] grad_stats: [1.54e-03 8.39e-04] (3.47e-04, 1.21e-02)
INFO:root:[18,   556] loss: 1.646264e-01 masks: 46.3 33.4 [wd: 6.70e-02] [lr: 9.07e-04] [mem: 2.99e+04] (519.0 ms)
INFO:root:[18,   556] grad_stats: [1.41e-03 8.83e-04] (3.58e-04, 1.15e-02)
INFO:root:avg. loss 1.65011943e-01
INFO:root:time taken for epoch 0:08:45.850756
INFO:root:Epoch 19
INFO:root:[19,     0] loss: 1.705478e-01 masks: 46.0 36.0 [wd: 6.80e-02] [lr: 9.20e-04] [mem: 2.99e+04] (543.4 ms)
INFO:root:[19,     0] grad_stats: [1.38e-03 8.12e-04] (3.43e-04, 9.98e-03)
INFO:root:[19,   278] loss: 1.661396e-01 masks: 45.8 33.3 [wd: 6.90e-02] [lr: 9.33e-04] [mem: 2.99e+04] (519.5 ms)
INFO:root:[19,   278] grad_stats: [1.21e-03 8.87e-04] (3.68e-04, 1.48e-02)
INFO:root:[19,   556] loss: 1.665110e-01 masks: 46.0 33.3 [wd: 7.01e-02] [lr: 9.47e-04] [mem: 2.99e+04] (519.4 ms)
INFO:root:[19,   556] grad_stats: [1.08e-03 8.61e-04] (3.62e-04, 7.72e-03)
INFO:root:avg. loss 1.66609804e-01
INFO:root:time taken for epoch 0:08:46.765939
INFO:root:Epoch 20
INFO:root:[20,     0] loss: 1.708684e-01 masks: 39.0 35.0 [wd: 7.11e-02] [lr: 9.60e-04] [mem: 2.99e+04] (527.6 ms)
INFO:root:[20,     0] grad_stats: [1.63e-03 7.89e-04] (3.51e-04, 1.37e-02)
INFO:root:[20,   278] loss: 1.667970e-01 masks: 47.4 32.9 [wd: 7.22e-02] [lr: 9.73e-04] [mem: 2.99e+04] (521.9 ms)
INFO:root:[20,   278] grad_stats: [1.23e-03 8.66e-04] (3.69e-04, 1.11e-02)
INFO:root:[20,   556] loss: 1.677178e-01 masks: 46.7 33.2 [wd: 7.33e-02] [lr: 9.87e-04] [mem: 2.99e+04] (520.3 ms)
INFO:root:[20,   556] grad_stats: [1.58e-03 8.19e-04] (3.68e-04, 1.10e-02)
INFO:root:avg. loss 1.68061000e-01
[rank3]:[E325 22:21:30.658175318 ProcessGroupNCCL.cpp:616] [Rank 3] Watchdog caught collective operation timeout: WorkNCCL(SeqNum=300230, OpType=ALLREDUCE, NumelIn=1, NumelOut=1, Timeout(ms)=600000) ran for 600036 milliseconds before timing out.
[rank3]:[E325 22:21:30.658380958 ProcessGroupNCCL.cpp:1785] [PG ID 0 PG GUID 0(default_pg) Rank 3] Exception (either an error or timeout) detected by watchdog at work: 300230, last enqueued NCCL work: 300242, last completed NCCL work: 300229.
[rank3]:[E325 22:21:30.658390290 ProcessGroupNCCL.cpp:1834] [PG ID 0 PG GUID 0(default_pg) Rank 3] Timeout at NCCL work: 300230, last enqueued NCCL work: 300242, last completed NCCL work: 300229.
[rank3]:[E325 22:21:30.658395848 ProcessGroupNCCL.cpp:630] [Rank 3] Some NCCL operations have failed or timed out. Due to the asynchronous nature of CUDA kernels, subsequent GPU operations might run on corrupted/incomplete data.
[rank3]:[E325 22:21:30.658400668 ProcessGroupNCCL.cpp:636] [Rank 3] To avoid data inconsistency, we are taking the entire process down.
[rank3]:[E325 22:21:30.659768144 ProcessGroupNCCL.cpp:1595] [PG ID 0 PG GUID 0(default_pg) Rank 3] Process group watchdog thread terminated with exception: [Rank 3] Watchdog caught collective operation timeout: WorkNCCL(SeqNum=300230, OpType=ALLREDUCE, NumelIn=1, NumelOut=1, Timeout(ms)=600000) ran for 600036 milliseconds before timing out.
Exception raised from checkTimeout at /opt/conda/conda-bld/pytorch_1729647329220/work/torch/csrc/distributed/c10d/ProcessGroupNCCL.cpp:618 (most recent call first):
frame #0: c10::Error::Error(c10::SourceLocation, std::string) + 0x96 (0x7f57d3cc3446 in /opt/conda/envs/ijepa/lib/python3.12/site-packages/torch/lib/libc10.so)
frame #1: c10d::ProcessGroupNCCL::WorkNCCL::checkTimeout(std::optional<std::chrono::duration<long, std::ratio<1l, 1000l> > >) + 0x282 (0x7f57d4fe63c2 in /opt/conda/envs/ijepa/lib/python3.12/site-packages/torch/lib/libtorch_cuda.so)
frame #2: c10d::ProcessGroupNCCL::watchdogHandler() + 0x233 (0x7f57d4fed803 in /opt/conda/envs/ijepa/lib/python3.12/site-packages/torch/lib/libtorch_cuda.so)
frame #3: c10d::ProcessGroupNCCL::ncclCommWatchdog() + 0x14d (0x7f57d4fef26d in /opt/conda/envs/ijepa/lib/python3.12/site-packages/torch/lib/libtorch_cuda.so)
frame #4: <unknown function> + 0x145c0 (0x7f58373b05c0 in /opt/conda/envs/ijepa/lib/python3.12/site-packages/torch/lib/libtorch.so)
frame #5: <unknown function> + 0x7ea7 (0x7f5840d4bea7 in /lib/x86_64-linux-gnu/libpthread.so.0)
frame #6: clone + 0x3f (0x7f5840b1cadf in /lib/x86_64-linux-gnu/libc.so.6)

terminate called after throwing an instance of 'c10::DistBackendError'
  what():  [PG ID 0 PG GUID 0(default_pg) Rank 3] Process group watchdog thread terminated with exception: [Rank 3] Watchdog caught collective operation timeout: WorkNCCL(SeqNum=300230, OpType=ALLREDUCE, NumelIn=1, NumelOut=1, Timeout(ms)=600000) ran for 600036 milliseconds before timing out.
Exception raised from checkTimeout at /opt/conda/conda-bld/pytorch_1729647329220/work/torch/csrc/distributed/c10d/ProcessGroupNCCL.cpp:618 (most recent call first):
frame #0: c10::Error::Error(c10::SourceLocation, std::string) + 0x96 (0x7f57d3cc3446 in /opt/conda/envs/ijepa/lib/python3.12/site-packages/torch/lib/libc10.so)
frame #1: c10d::ProcessGroupNCCL::WorkNCCL::checkTimeout(std::optional<std::chrono::duration<long, std::ratio<1l, 1000l> > >) + 0x282 (0x7f57d4fe63c2 in /opt/conda/envs/ijepa/lib/python3.12/site-packages/torch/lib/libtorch_cuda.so)
frame #2: c10d::ProcessGroupNCCL::watchdogHandler() + 0x233 (0x7f57d4fed803 in /opt/conda/envs/ijepa/lib/python3.12/site-packages/torch/lib/libtorch_cuda.so)
frame #3: c10d::ProcessGroupNCCL::ncclCommWatchdog() + 0x14d (0x7f57d4fef26d in /opt/conda/envs/ijepa/lib/python3.12/site-packages/torch/lib/libtorch_cuda.so)
frame #4: <unknown function> + 0x145c0 (0x7f58373b05c0 in /opt/conda/envs/ijepa/lib/python3.12/site-packages/torch/lib/libtorch.so)
frame #5: <unknown function> + 0x7ea7 (0x7f5840d4bea7 in /lib/x86_64-linux-gnu/libpthread.so.0)
frame #6: clone + 0x3f (0x7f5840b1cadf in /lib/x86_64-linux-gnu/libc.so.6)

Exception raised from ncclCommWatchdog at /opt/conda/conda-bld/pytorch_1729647329220/work/torch/csrc/distributed/c10d/ProcessGroupNCCL.cpp:1601 (most recent call first):
frame #0: c10::Error::Error(c10::SourceLocation, std::string) + 0x96 (0x7f57d3cc3446 in /opt/conda/envs/ijepa/lib/python3.12/site-packages/torch/lib/libc10.so)
frame #1: <unknown function> + 0xe62867 (0x7f57d4c65867 in /opt/conda/envs/ijepa/lib/python3.12/site-packages/torch/lib/libtorch_cuda.so)
frame #2: <unknown function> + 0x145c0 (0x7f58373b05c0 in /opt/conda/envs/ijepa/lib/python3.12/site-packages/torch/lib/libtorch.so)
frame #3: <unknown function> + 0x7ea7 (0x7f5840d4bea7 in /lib/x86_64-linux-gnu/libpthread.so.0)
frame #4: clone + 0x3f (0x7f5840b1cadf in /lib/x86_64-linux-gnu/libc.so.6)

[rank1]:[E325 22:21:30.732513259 ProcessGroupNCCL.cpp:616] [Rank 1] Watchdog caught collective operation timeout: WorkNCCL(SeqNum=300230, OpType=ALLREDUCE, NumelIn=1, NumelOut=1, Timeout(ms)=600000) ran for 600092 milliseconds before timing out.
[rank1]:[E325 22:21:30.732653655 ProcessGroupNCCL.cpp:1785] [PG ID 0 PG GUID 0(default_pg) Rank 1] Exception (either an error or timeout) detected by watchdog at work: 300230, last enqueued NCCL work: 300242, last completed NCCL work: 300229.
[rank1]:[E325 22:21:30.732662290 ProcessGroupNCCL.cpp:1834] [PG ID 0 PG GUID 0(default_pg) Rank 1] Timeout at NCCL work: 300230, last enqueued NCCL work: 300242, last completed NCCL work: 300229.
[rank1]:[E325 22:21:30.732667639 ProcessGroupNCCL.cpp:630] [Rank 1] Some NCCL operations have failed or timed out. Due to the asynchronous nature of CUDA kernels, subsequent GPU operations might run on corrupted/incomplete data.
[rank1]:[E325 22:21:30.732682818 ProcessGroupNCCL.cpp:636] [Rank 1] To avoid data inconsistency, we are taking the entire process down.
[rank1]:[E325 22:21:30.734049787 ProcessGroupNCCL.cpp:1595] [PG ID 0 PG GUID 0(default_pg) Rank 1] Process group watchdog thread terminated with exception: [Rank 1] Watchdog caught collective operation timeout: WorkNCCL(SeqNum=300230, OpType=ALLREDUCE, NumelIn=1, NumelOut=1, Timeout(ms)=600000) ran for 600092 milliseconds before timing out.
Exception raised from checkTimeout at /opt/conda/conda-bld/pytorch_1729647329220/work/torch/csrc/distributed/c10d/ProcessGroupNCCL.cpp:618 (most recent call first):
frame #0: c10::Error::Error(c10::SourceLocation, std::string) + 0x96 (0x7f05a0616446 in /opt/conda/envs/ijepa/lib/python3.12/site-packages/torch/lib/libc10.so)
frame #1: c10d::ProcessGroupNCCL::WorkNCCL::checkTimeout(std::optional<std::chrono::duration<long, std::ratio<1l, 1000l> > >) + 0x282 (0x7f05a19393c2 in /opt/conda/envs/ijepa/lib/python3.12/site-packages/torch/lib/libtorch_cuda.so)
frame #2: c10d::ProcessGroupNCCL::watchdogHandler() + 0x233 (0x7f05a1940803 in /opt/conda/envs/ijepa/lib/python3.12/site-packages/torch/lib/libtorch_cuda.so)
frame #3: c10d::ProcessGroupNCCL::ncclCommWatchdog() + 0x14d (0x7f05a194226d in /opt/conda/envs/ijepa/lib/python3.12/site-packages/torch/lib/libtorch_cuda.so)
frame #4: <unknown function> + 0x145c0 (0x7f0603d035c0 in /opt/conda/envs/ijepa/lib/python3.12/site-packages/torch/lib/libtorch.so)
frame #5: <unknown function> + 0x7ea7 (0x7f060d69eea7 in /lib/x86_64-linux-gnu/libpthread.so.0)
frame #6: clone + 0x3f (0x7f060d46fadf in /lib/x86_64-linux-gnu/libc.so.6)

terminate called after throwing an instance of 'c10::DistBackendError'
  what():  [PG ID 0 PG GUID 0(default_pg) Rank 1] Process group watchdog thread terminated with exception: [Rank 1] Watchdog caught collective operation timeout: WorkNCCL(SeqNum=300230, OpType=ALLREDUCE, NumelIn=1, NumelOut=1, Timeout(ms)=600000) ran for 600092 milliseconds before timing out.
Exception raised from checkTimeout at /opt/conda/conda-bld/pytorch_1729647329220/work/torch/csrc/distributed/c10d/ProcessGroupNCCL.cpp:618 (most recent call first):
frame #0: c10::Error::Error(c10::SourceLocation, std::string) + 0x96 (0x7f05a0616446 in /opt/conda/envs/ijepa/lib/python3.12/site-packages/torch/lib/libc10.so)
frame #1: c10d::ProcessGroupNCCL::WorkNCCL::checkTimeout(std::optional<std::chrono::duration<long, std::ratio<1l, 1000l> > >) + 0x282 (0x7f05a19393c2 in /opt/conda/envs/ijepa/lib/python3.12/site-packages/torch/lib/libtorch_cuda.so)
frame #2: c10d::ProcessGroupNCCL::watchdogHandler() + 0x233 (0x7f05a1940803 in /opt/conda/envs/ijepa/lib/python3.12/site-packages/torch/lib/libtorch_cuda.so)
frame #3: c10d::ProcessGroupNCCL::ncclCommWatchdog() + 0x14d (0x7f05a194226d in /opt/conda/envs/ijepa/lib/python3.12/site-packages/torch/lib/libtorch_cuda.so)
frame #4: <unknown function> + 0x145c0 (0x7f0603d035c0 in /opt/conda/envs/ijepa/lib/python3.12/site-packages/torch/lib/libtorch.so)
frame #5: <unknown function> + 0x7ea7 (0x7f060d69eea7 in /lib/x86_64-linux-gnu/libpthread.so.0)
frame #6: clone + 0x3f (0x7f060d46fadf in /lib/x86_64-linux-gnu/libc.so.6)

Exception raised from ncclCommWatchdog at /opt/conda/conda-bld/pytorch_1729647329220/work/torch/csrc/distributed/c10d/ProcessGroupNCCL.cpp:1601 (most recent call first):
frame #0: c10::Error::Error(c10::SourceLocation, std::string) + 0x96 (0x7f05a0616446 in /opt/conda/envs/ijepa/lib/python3.12/site-packages/torch/lib/libc10.so)
frame #1: <unknown function> + 0xe62867 (0x7f05a15b8867 in /opt/conda/envs/ijepa/lib/python3.12/site-packages/torch/lib/libtorch_cuda.so)
frame #2: <unknown function> + 0x145c0 (0x7f0603d035c0 in /opt/conda/envs/ijepa/lib/python3.12/site-packages/torch/lib/libtorch.so)
frame #3: <unknown function> + 0x7ea7 (0x7f060d69eea7 in /lib/x86_64-linux-gnu/libpthread.so.0)
frame #4: clone + 0x3f (0x7f060d46fadf in /lib/x86_64-linux-gnu/libc.so.6)

[rank2]:[E325 22:21:32.286390076 ProcessGroupNCCL.cpp:616] [Rank 2] Watchdog caught collective operation timeout: WorkNCCL(SeqNum=300230, OpType=ALLREDUCE, NumelIn=1, NumelOut=1, Timeout(ms)=600000) ran for 600023 milliseconds before timing out.
[rank2]:[E325 22:21:32.286530610 ProcessGroupNCCL.cpp:1785] [PG ID 0 PG GUID 0(default_pg) Rank 2] Exception (either an error or timeout) detected by watchdog at work: 300230, last enqueued NCCL work: 300242, last completed NCCL work: 300229.
[rank2]:[E325 22:21:32.286538523 ProcessGroupNCCL.cpp:1834] [PG ID 0 PG GUID 0(default_pg) Rank 2] Timeout at NCCL work: 300230, last enqueued NCCL work: 300242, last completed NCCL work: 300229.
[rank2]:[E325 22:21:32.286543868 ProcessGroupNCCL.cpp:630] [Rank 2] Some NCCL operations have failed or timed out. Due to the asynchronous nature of CUDA kernels, subsequent GPU operations might run on corrupted/incomplete data.
[rank2]:[E325 22:21:32.286548194 ProcessGroupNCCL.cpp:636] [Rank 2] To avoid data inconsistency, we are taking the entire process down.
[rank2]:[E325 22:21:32.287913265 ProcessGroupNCCL.cpp:1595] [PG ID 0 PG GUID 0(default_pg) Rank 2] Process group watchdog thread terminated with exception: [Rank 2] Watchdog caught collective operation timeout: WorkNCCL(SeqNum=300230, OpType=ALLREDUCE, NumelIn=1, NumelOut=1, Timeout(ms)=600000) ran for 600023 milliseconds before timing out.
Exception raised from checkTimeout at /opt/conda/conda-bld/pytorch_1729647329220/work/torch/csrc/distributed/c10d/ProcessGroupNCCL.cpp:618 (most recent call first):
frame #0: c10::Error::Error(c10::SourceLocation, std::string) + 0x96 (0x7f072e191446 in /opt/conda/envs/ijepa/lib/python3.12/site-packages/torch/lib/libc10.so)
frame #1: c10d::ProcessGroupNCCL::WorkNCCL::checkTimeout(std::optional<std::chrono::duration<long, std::ratio<1l, 1000l> > >) + 0x282 (0x7f072f4b43c2 in /opt/conda/envs/ijepa/lib/python3.12/site-packages/torch/lib/libtorch_cuda.so)
frame #2: c10d::ProcessGroupNCCL::watchdogHandler() + 0x233 (0x7f072f4bb803 in /opt/conda/envs/ijepa/lib/python3.12/site-packages/torch/lib/libtorch_cuda.so)
frame #3: c10d::ProcessGroupNCCL::ncclCommWatchdog() + 0x14d (0x7f072f4bd26d in /opt/conda/envs/ijepa/lib/python3.12/site-packages/torch/lib/libtorch_cuda.so)
frame #4: <unknown function> + 0x145c0 (0x7f079187e5c0 in /opt/conda/envs/ijepa/lib/python3.12/site-packages/torch/lib/libtorch.so)
frame #5: <unknown function> + 0x7ea7 (0x7f079b219ea7 in /lib/x86_64-linux-gnu/libpthread.so.0)
frame #6: clone + 0x3f (0x7f079afeaadf in /lib/x86_64-linux-gnu/libc.so.6)

terminate called after throwing an instance of 'c10::DistBackendError'
  what():  [PG ID 0 PG GUID 0(default_pg) Rank 2] Process group watchdog thread terminated with exception: [Rank 2] Watchdog caught collective operation timeout: WorkNCCL(SeqNum=300230, OpType=ALLREDUCE, NumelIn=1, NumelOut=1, Timeout(ms)=600000) ran for 600023 milliseconds before timing out.
Exception raised from checkTimeout at /opt/conda/conda-bld/pytorch_1729647329220/work/torch/csrc/distributed/c10d/ProcessGroupNCCL.cpp:618 (most recent call first):
frame #0: c10::Error::Error(c10::SourceLocation, std::string) + 0x96 (0x7f072e191446 in /opt/conda/envs/ijepa/lib/python3.12/site-packages/torch/lib/libc10.so)
frame #1: c10d::ProcessGroupNCCL::WorkNCCL::checkTimeout(std::optional<std::chrono::duration<long, std::ratio<1l, 1000l> > >) + 0x282 (0x7f072f4b43c2 in /opt/conda/envs/ijepa/lib/python3.12/site-packages/torch/lib/libtorch_cuda.so)
frame #2: c10d::ProcessGroupNCCL::watchdogHandler() + 0x233 (0x7f072f4bb803 in /opt/conda/envs/ijepa/lib/python3.12/site-packages/torch/lib/libtorch_cuda.so)
frame #3: c10d::ProcessGroupNCCL::ncclCommWatchdog() + 0x14d (0x7f072f4bd26d in /opt/conda/envs/ijepa/lib/python3.12/site-packages/torch/lib/libtorch_cuda.so)
frame #4: <unknown function> + 0x145c0 (0x7f079187e5c0 in /opt/conda/envs/ijepa/lib/python3.12/site-packages/torch/lib/libtorch.so)
frame #5: <unknown function> + 0x7ea7 (0x7f079b219ea7 in /lib/x86_64-linux-gnu/libpthread.so.0)
frame #6: clone + 0x3f (0x7f079afeaadf in /lib/x86_64-linux-gnu/libc.so.6)

Exception raised from ncclCommWatchdog at /opt/conda/conda-bld/pytorch_1729647329220/work/torch/csrc/distributed/c10d/ProcessGroupNCCL.cpp:1601 (most recent call first):
frame #0: c10::Error::Error(c10::SourceLocation, std::string) + 0x96 (0x7f072e191446 in /opt/conda/envs/ijepa/lib/python3.12/site-packages/torch/lib/libc10.so)
frame #1: <unknown function> + 0xe62867 (0x7f072f133867 in /opt/conda/envs/ijepa/lib/python3.12/site-packages/torch/lib/libtorch_cuda.so)
frame #2: <unknown function> + 0x145c0 (0x7f079187e5c0 in /opt/conda/envs/ijepa/lib/python3.12/site-packages/torch/lib/libtorch.so)
frame #3: <unknown function> + 0x7ea7 (0x7f079b219ea7 in /lib/x86_64-linux-gnu/libpthread.so.0)
frame #4: clone + 0x3f (0x7f079afeaadf in /lib/x86_64-linux-gnu/libc.so.6)

INFO:root:	Epoch 20, KNN accuracy train: 4.68937e-01, KNN accuracy train: 2.22819e-01
INFO:root:time taken for epoch 0:27:07.342750
INFO:root:Epoch 21
/home/lazarosg/ijepa/src/train.py:470: FutureWarning: `torch.cuda.amp.autocast(args...)` is deprecated. Please use `torch.amp.autocast('cuda', args...)` instead.
  with torch.cuda.amp.autocast(dtype=torch.bfloat16, enabled=use_bfloat16):
[rank0]:[E325 22:42:49.808935248 ProcessGroupNCCL.cpp:1484] [PG ID 0 PG GUID 0(default_pg) Rank 0] ProcessGroupNCCL's watchdog got stuck for 480 seconds without making progress in monitoring enqueued collectives. This typically indicates a NCCL/CUDA API (e.g., CudaEventDestroy) hang blocking the watchdog, and could be triggered by another thread holding the GIL inside a CUDA api (for example, CudaEventDestroy), or other deadlock-prone behaviors.If you suspect the watchdog is not actually stuck and a longer timeout would help, you can either increase the timeout (TORCH_NCCL_HEARTBEAT_TIMEOUT_SEC) to a larger value or disable the heartbeat monitor (TORCH_NCCL_ENABLE_MONITORING=0).If either of aforementioned helps, feel free to file an issue to PyTorch about the short timeout or false positive abort; otherwise, please attempt to debug the hang. 
[rank0]:[F325 22:50:49.809456026 ProcessGroupNCCL.cpp:1306] [PG ID 0 PG GUID 0(default_pg) Rank 0] [PG ID 0 PG GUID 0(default_pg) Rank 0] Terminating the process after attempting to dump debug info, due to ProcessGroupNCCL watchdog hang.
/opt/conda/envs/ijepa/lib/python3.12/multiprocessing/resource_tracker.py:279: UserWarning: resource_tracker: There appear to be 156 leaked semaphore objects to clean up at shutdown
  warnings.warn('resource_tracker: There appear to be %d '
