VisionTransformer(
  (patch_embed): PatchEmbed(
    (proj): Conv2d(3, 768, kernel_size=(15, 15), stride=(15, 15))
  )
  (blocks): ModuleList(
    (0-11): 12 x Block(
      (norm1): LayerNorm((768,), eps=1e-06, elementwise_affine=True)
      (attn): Attention(
        (qkv): Linear(in_features=768, out_features=2304, bias=True)
        (attn_drop): Dropout(p=0.0, inplace=False)
        (proj): Linear(in_features=768, out_features=768, bias=True)
        (proj_drop): Dropout(p=0.0, inplace=False)
      )
      (drop_path): Identity()
      (norm2): LayerNorm((768,), eps=1e-06, elementwise_affine=True)
      (mlp): MLP(
        (fc1): Linear(in_features=768, out_features=3072, bias=True)
        (act): GELU(approximate='none')
        (fc2): Linear(in_features=3072, out_features=768, bias=True)
        (drop): Dropout(p=0.0, inplace=False)
      )
    )
  )
  (norm): LayerNorm((768,), eps=1e-06, elementwise_affine=True)
)
making imagenet data transforms
data-path datasets/iic/train/
Initialized ImageNet
ImageNet dataset created
ImageNet unsupervised data loader created
Using AdamW
loaded pretrained encoder from epoch 999 with msg: <All keys matched successfully>
loaded pretrained encoder from epoch 999 with msg: <All keys matched successfully>
loaded pretrained encoder from epoch 999 with msg: <All keys matched successfully>
loaded optimizers from epoch 999
read-path: logs_PKT_chunks/iic-train-l2-seed0-KNN-ep1000/jepa-iic-ep1000.pth.tar
Starting
Iteration: 0
Iteration: 5
Iteration: 10
Iteration: 15
Iteration: 20
Iteration: 25
Iteration: 30
Iteration: 35
Iteration: 40
Iteration: 45
Iteration: 50
Per-patch MSE tail analysis:
num_patches: 220160
total_loss: 60254.30859375
mean_loss: 0.27368417382240295
median_loss: 0.19836443662643433
max_loss: 3.025003433227539
top_1pct_loss_share: 0.05917493711387211
top_5pct_loss_share: 0.1977656810460196
top_10pct_loss_share: 0.31694465832740304


Per-patch representation-gradient-norm tail analysis:
grad_norm_num_patches: 220160
grad_norm_total_loss: 7608.9873046875
grad_norm_mean_loss: 0.034561172127723694
grad_norm_median_loss: 0.032142624258995056
grad_norm_max_loss: 0.12551982700824738
grad_norm_top_1pct_loss_share: 0.02645895684110189
grad_norm_top_5pct_loss_share: 0.107583309557738
grad_norm_top_10pct_loss_share: 0.19183926272937674
VisionTransformer(
  (patch_embed): PatchEmbed(
    (proj): Conv2d(3, 768, kernel_size=(15, 15), stride=(15, 15))
  )
  (blocks): ModuleList(
    (0-11): 12 x Block(
      (norm1): LayerNorm((768,), eps=1e-06, elementwise_affine=True)
      (attn): Attention(
        (qkv): Linear(in_features=768, out_features=2304, bias=True)
        (attn_drop): Dropout(p=0.0, inplace=False)
        (proj): Linear(in_features=768, out_features=768, bias=True)
        (proj_drop): Dropout(p=0.0, inplace=False)
      )
      (drop_path): Identity()
      (norm2): LayerNorm((768,), eps=1e-06, elementwise_affine=True)
      (mlp): MLP(
        (fc1): Linear(in_features=768, out_features=3072, bias=True)
        (act): GELU(approximate='none')
        (fc2): Linear(in_features=3072, out_features=768, bias=True)
        (drop): Dropout(p=0.0, inplace=False)
      )
    )
  )
  (norm): LayerNorm((768,), eps=1e-06, elementwise_affine=True)
)
making imagenet data transforms
data-path datasets/iic/train/
Initialized ImageNet
ImageNet dataset created
ImageNet unsupervised data loader created
Using AdamW
loaded pretrained encoder from epoch 999 with msg: <All keys matched successfully>
loaded pretrained encoder from epoch 999 with msg: <All keys matched successfully>
loaded pretrained encoder from epoch 999 with msg: <All keys matched successfully>
loaded optimizers from epoch 999
read-path: logs_PKT_chunks/iic-train-l2-seed0-KNN-ep1000/jepa-iic-ep1000.pth.tar
Starting
Iteration: 0
Iteration: 5
Iteration: 10
Iteration: 15
Iteration: 20
Iteration: 25
Iteration: 30
Iteration: 35
Iteration: 40
Iteration: 45
Iteration: 50
Per-patch MSE tail analysis:
num_patches: 220160
total_loss: 60254.30859375
mean_loss: 0.27368417382240295
median_loss: 0.19836443662643433
max_loss: 3.025003433227539
top_1pct_loss_share: 0.05917493711387211
top_5pct_loss_share: 0.1977656810460196
top_10pct_loss_share: 0.31694465832740304


Per-patch representation-gradient-norm tail analysis:
grad_norm_num_patches: 220160
grad_norm_total_loss: 7608.9873046875
grad_norm_mean_loss: 0.034561172127723694
grad_norm_median_loss: 0.032142624258995056
grad_norm_max_loss: 0.12551982700824738
grad_norm_top_1pct_loss_share: 0.02645895684110189
grad_norm_top_5pct_loss_share: 0.107583309557738
grad_norm_top_10pct_loss_share: 0.19183926272937674
VisionTransformer(
  (patch_embed): PatchEmbed(
    (proj): Conv2d(3, 768, kernel_size=(15, 15), stride=(15, 15))
  )
  (blocks): ModuleList(
    (0-11): 12 x Block(
      (norm1): LayerNorm((768,), eps=1e-06, elementwise_affine=True)
      (attn): Attention(
        (qkv): Linear(in_features=768, out_features=2304, bias=True)
        (attn_drop): Dropout(p=0.0, inplace=False)
        (proj): Linear(in_features=768, out_features=768, bias=True)
        (proj_drop): Dropout(p=0.0, inplace=False)
      )
      (drop_path): Identity()
      (norm2): LayerNorm((768,), eps=1e-06, elementwise_affine=True)
      (mlp): MLP(
        (fc1): Linear(in_features=768, out_features=3072, bias=True)
        (act): GELU(approximate='none')
        (fc2): Linear(in_features=3072, out_features=768, bias=True)
        (drop): Dropout(p=0.0, inplace=False)
      )
    )
  )
  (norm): LayerNorm((768,), eps=1e-06, elementwise_affine=True)
)
making imagenet data transforms
data-path datasets/iic/train/
Initialized ImageNet
ImageNet dataset created
ImageNet unsupervised data loader created
Using AdamW
loaded pretrained encoder from epoch 999 with msg: <All keys matched successfully>
loaded pretrained encoder from epoch 999 with msg: <All keys matched successfully>
loaded pretrained encoder from epoch 999 with msg: <All keys matched successfully>
loaded optimizers from epoch 999
read-path: logs_PKT_chunks/iic-train-l2-seed0-KNN-ep1000/jepa-iic-ep1000.pth.tar
Starting
Iteration: 0
Iteration: 5
Iteration: 10
Iteration: 15
Iteration: 20
Iteration: 25
Iteration: 30
Iteration: 35
Iteration: 40
Iteration: 45
Iteration: 50
Per-patch MSE tail analysis:
num_patches: 220160
total_loss: 60254.30859375
mean_loss: 0.27368417382240295
median_loss: 0.19836443662643433
max_loss: 3.025003433227539
top_1pct_loss_share: 0.05917493711387211
top_5pct_loss_share: 0.1977656810460196
top_10pct_loss_share: 0.31694465832740304


Per-patch representation-gradient-norm tail analysis:
grad_norm_num_patches: 220160
grad_norm_total_loss: 7608.9873046875
grad_norm_mean_loss: 0.034561172127723694
grad_norm_median_loss: 0.032142624258995056
grad_norm_max_loss: 0.12551982700824738
grad_norm_top_1pct_loss_share: 0.02645895684110189
grad_norm_top_5pct_loss_share: 0.107583309557738
grad_norm_top_10pct_loss_share: 0.19183926272937674
Saved ordered loss plot to: logs_PKT_chunks/iic-train-l2-seed0-KNN-ep1000/ordered-loss-ep1000.png
time taken for epoch 0:00:25.095598
Total pretraining time 0:00:25.095623
VisionTransformer(
  (patch_embed): PatchEmbed(
    (proj): Conv2d(3, 768, kernel_size=(15, 15), stride=(15, 15))
  )
  (blocks): ModuleList(
    (0-11): 12 x Block(
      (norm1): LayerNorm((768,), eps=1e-06, elementwise_affine=True)
      (attn): Attention(
        (qkv): Linear(in_features=768, out_features=2304, bias=True)
        (attn_drop): Dropout(p=0.0, inplace=False)
        (proj): Linear(in_features=768, out_features=768, bias=True)
        (proj_drop): Dropout(p=0.0, inplace=False)
      )
      (drop_path): Identity()
      (norm2): LayerNorm((768,), eps=1e-06, elementwise_affine=True)
      (mlp): MLP(
        (fc1): Linear(in_features=768, out_features=3072, bias=True)
        (act): GELU(approximate='none')
        (fc2): Linear(in_features=3072, out_features=768, bias=True)
        (drop): Dropout(p=0.0, inplace=False)
      )
    )
  )
  (norm): LayerNorm((768,), eps=1e-06, elementwise_affine=True)
)
making imagenet data transforms
data-path datasets/iic/train/
Initialized ImageNet
ImageNet dataset created
ImageNet unsupervised data loader created
Using AdamW
loaded pretrained encoder from epoch 999 with msg: <All keys matched successfully>
loaded pretrained encoder from epoch 999 with msg: <All keys matched successfully>
loaded pretrained encoder from epoch 999 with msg: <All keys matched successfully>
loaded optimizers from epoch 999
read-path: logs_PKT_chunks/iic-train-l2-seed0-KNN-ep1000/jepa-iic-ep1000.pth.tar
Starting
Iteration: 0
Iteration: 10
Iteration: 20
Iteration: 30
Iteration: 40
Iteration: 50
Iteration: 60
Iteration: 70
Iteration: 80
Iteration: 90
Iteration: 100
Per-patch MSE tail analysis:
num_patches: 444416
total_loss: 0.9814443588256836
mean_loss: 2.208391151725664e-06
median_loss: 2.7293012863083277e-06
max_loss: 0.00018643890507519245
top_1pct_loss_share: 0.27458504555838537
top_5pct_loss_share: 0.7284429084488772
top_10pct_loss_share: 1.0866187486578325


Per-patch representation-gradient-norm tail analysis:
grad_norm_num_patches: 444416
grad_norm_total_loss: 15000.4072265625
grad_norm_mean_loss: 0.03375307470560074
grad_norm_median_loss: 0.03106282651424408
grad_norm_max_loss: 0.12551982700824738
grad_norm_top_1pct_loss_share: 0.026407854438456977
grad_norm_top_5pct_loss_share: 0.10781637633926214
grad_norm_top_10pct_loss_share: 0.19279313836336603
Saved ordered loss plot to: logs_PKT_chunks/iic-train-l2-seed0-KNN-ep1000/ordered-loss-ep1000.png
time taken for epoch 0:00:32.680066
Total pretraining time 0:00:32.680092
VisionTransformer(
  (patch_embed): PatchEmbed(
    (proj): Conv2d(3, 768, kernel_size=(15, 15), stride=(15, 15))
  )
  (blocks): ModuleList(
    (0-11): 12 x Block(
      (norm1): LayerNorm((768,), eps=1e-06, elementwise_affine=True)
      (attn): Attention(
        (qkv): Linear(in_features=768, out_features=2304, bias=True)
        (attn_drop): Dropout(p=0.0, inplace=False)
        (proj): Linear(in_features=768, out_features=768, bias=True)
        (proj_drop): Dropout(p=0.0, inplace=False)
      )
      (drop_path): Identity()
      (norm2): LayerNorm((768,), eps=1e-06, elementwise_affine=True)
      (mlp): MLP(
        (fc1): Linear(in_features=768, out_features=3072, bias=True)
        (act): GELU(approximate='none')
        (fc2): Linear(in_features=3072, out_features=768, bias=True)
        (drop): Dropout(p=0.0, inplace=False)
      )
    )
  )
  (norm): LayerNorm((768,), eps=1e-06, elementwise_affine=True)
)
making imagenet data transforms
data-path datasets/iic/train/
Initialized ImageNet
ImageNet dataset created
ImageNet unsupervised data loader created
Using AdamW
loaded pretrained encoder from epoch 999 with msg: <All keys matched successfully>
loaded pretrained encoder from epoch 999 with msg: <All keys matched successfully>
loaded pretrained encoder from epoch 999 with msg: <All keys matched successfully>
loaded optimizers from epoch 999
read-path: logs_PKT_chunks/iic-train-l2-seed0-KNN-ep1000/jepa-iic-ep1000.pth.tar
Starting
Iteration: 0
Iteration: 10
Iteration: 20
Iteration: 30
Iteration: 40
Iteration: 50
Iteration: 60
Iteration: 70
Iteration: 80
Iteration: 90
Iteration: 100
Per-patch MSE tail analysis:
num_patches: 444416
total_loss: 116195.359375
mean_loss: 0.26145628094673157
median_loss: 0.18526065349578857
max_loss: 3.025003433227539
top_1pct_loss_share: 0.05883011309213484
top_5pct_loss_share: 0.19814630949520226
top_10pct_loss_share: 0.3191676921262588


Per-patch representation-gradient-norm tail analysis:
grad_norm_num_patches: 444416
grad_norm_total_loss: 15000.4072265625
grad_norm_mean_loss: 0.03375307470560074
grad_norm_median_loss: 0.03106282651424408
grad_norm_max_loss: 0.12551982700824738
grad_norm_top_1pct_loss_share: 0.026407854438456977
grad_norm_top_5pct_loss_share: 0.10781637633926214
grad_norm_top_10pct_loss_share: 0.19279313836336603
Saved ordered loss plot to: logs_PKT_chunks/iic-train-l2-seed0-KNN-ep1000/ordered-loss-ep1000.png
time taken for epoch 0:00:48.762526
Total pretraining time 0:00:48.762551
VisionTransformer(
  (patch_embed): PatchEmbed(
    (proj): Conv2d(3, 768, kernel_size=(15, 15), stride=(15, 15))
  )
  (blocks): ModuleList(
    (0-11): 12 x Block(
      (norm1): LayerNorm((768,), eps=1e-06, elementwise_affine=True)
      (attn): Attention(
        (qkv): Linear(in_features=768, out_features=2304, bias=True)
        (attn_drop): Dropout(p=0.0, inplace=False)
        (proj): Linear(in_features=768, out_features=768, bias=True)
        (proj_drop): Dropout(p=0.0, inplace=False)
      )
      (drop_path): Identity()
      (norm2): LayerNorm((768,), eps=1e-06, elementwise_affine=True)
      (mlp): MLP(
        (fc1): Linear(in_features=768, out_features=3072, bias=True)
        (act): GELU(approximate='none')
        (fc2): Linear(in_features=3072, out_features=768, bias=True)
        (drop): Dropout(p=0.0, inplace=False)
      )
    )
  )
  (norm): LayerNorm((768,), eps=1e-06, elementwise_affine=True)
)
making imagenet data transforms
data-path datasets/iic/train/
Initialized ImageNet
ImageNet dataset created
ImageNet unsupervised data loader created
Using AdamW
loaded pretrained encoder from epoch 999 with msg: <All keys matched successfully>
loaded pretrained encoder from epoch 999 with msg: <All keys matched successfully>
loaded pretrained encoder from epoch 999 with msg: <All keys matched successfully>
loaded optimizers from epoch 999
read-path: logs_PKT_chunks/iic-train-l2-seed0-KNN-ep1000/jepa-iic-ep1000.pth.tar
Starting
Iteration: 0
Iteration: 10
Iteration: 20
Iteration: 30
Iteration: 40
Iteration: 50
Iteration: 60
Iteration: 70
Iteration: 80
Iteration: 90
Iteration: 100
Per-patch MSE tail analysis:
num_patches: 100
total_loss: 25.771955490112305
mean_loss: 0.2577195465564728
median_loss: 0.27622172236442566
max_loss: 0.41867807507514954
top_1pct_loss_share: 0.016245491159403096
top_5pct_loss_share: 0.07562808213809917
top_10pct_loss_share: 0.1440448871578421


Per-patch representation-gradient-norm tail analysis:
grad_norm_num_patches: 444416
grad_norm_total_loss: 15000.4072265625
grad_norm_mean_loss: 0.03375307470560074
grad_norm_median_loss: 0.03106282651424408
grad_norm_max_loss: 0.12551982700824738
grad_norm_top_1pct_loss_share: 0.026407854438456977
grad_norm_top_5pct_loss_share: 0.10781637633926214
grad_norm_top_10pct_loss_share: 0.19279313836336603
Saved ordered loss plot to: logs_PKT_chunks/iic-train-l2-seed0-KNN-ep1000/ordered-loss-ep1000.png
time taken for epoch 0:00:36.706355
Total pretraining time 0:00:36.706382
VisionTransformer(
  (patch_embed): PatchEmbed(
    (proj): Conv2d(3, 768, kernel_size=(15, 15), stride=(15, 15))
  )
  (blocks): ModuleList(
    (0-11): 12 x Block(
      (norm1): LayerNorm((768,), eps=1e-06, elementwise_affine=True)
      (attn): Attention(
        (qkv): Linear(in_features=768, out_features=2304, bias=True)
        (attn_drop): Dropout(p=0.0, inplace=False)
        (proj): Linear(in_features=768, out_features=768, bias=True)
        (proj_drop): Dropout(p=0.0, inplace=False)
      )
      (drop_path): Identity()
      (norm2): LayerNorm((768,), eps=1e-06, elementwise_affine=True)
      (mlp): MLP(
        (fc1): Linear(in_features=768, out_features=3072, bias=True)
        (act): GELU(approximate='none')
        (fc2): Linear(in_features=3072, out_features=768, bias=True)
        (drop): Dropout(p=0.0, inplace=False)
      )
    )
  )
  (norm): LayerNorm((768,), eps=1e-06, elementwise_affine=True)
)
making imagenet data transforms
data-path datasets/iic/train/
Initialized ImageNet
ImageNet dataset created
ImageNet unsupervised data loader created
Using AdamW
loaded pretrained encoder from epoch 999 with msg: <All keys matched successfully>
loaded pretrained encoder from epoch 999 with msg: <All keys matched successfully>
loaded pretrained encoder from epoch 999 with msg: <All keys matched successfully>
loaded optimizers from epoch 999
read-path: logs_PKT_chunks/iic-train-l2-seed0-KNN-ep1000/jepa-iic-ep1000.pth.tar
Starting
Iteration: 0
Iteration: 10
Iteration: 20
Iteration: 30
Iteration: 40
Iteration: 50
Iteration: 60
Iteration: 70
Iteration: 80
Iteration: 90
Iteration: 100
Per-patch MSE tail analysis:
num_patches: 100
total_loss: 29.76656150817871
mean_loss: 0.29766562581062317
median_loss: 0.2934930920600891
max_loss: 0.4741330146789551
top_1pct_loss_share: 0.015928377033023498
top_5pct_loss_share: 0.06956987940281109
top_10pct_loss_share: 0.13294543000750147


Per-patch representation-gradient-norm tail analysis:
grad_norm_num_patches: 111104
grad_norm_total_loss: 4050.917724609375
grad_norm_mean_loss: 0.03646059334278107
grad_norm_median_loss: 0.03443455323576927
grad_norm_max_loss: 0.12858806550502777
grad_norm_top_1pct_loss_share: 0.025833439856986495
grad_norm_top_5pct_loss_share: 0.10544305583002597
grad_norm_top_10pct_loss_share: 0.18823630520162682
Saved ordered loss plot to: logs_PKT_chunks/iic-train-l2-seed0-KNN-ep1000/ordered-loss-ep1000.png
time taken for epoch 0:00:12.620712
Total pretraining time 0:00:12.620738
VisionTransformer(
  (patch_embed): PatchEmbed(
    (proj): Conv2d(3, 768, kernel_size=(15, 15), stride=(15, 15))
  )
  (blocks): ModuleList(
    (0-11): 12 x Block(
      (norm1): LayerNorm((768,), eps=1e-06, elementwise_affine=True)
      (attn): Attention(
        (qkv): Linear(in_features=768, out_features=2304, bias=True)
        (attn_drop): Dropout(p=0.0, inplace=False)
        (proj): Linear(in_features=768, out_features=768, bias=True)
        (proj_drop): Dropout(p=0.0, inplace=False)
      )
      (drop_path): Identity()
      (norm2): LayerNorm((768,), eps=1e-06, elementwise_affine=True)
      (mlp): MLP(
        (fc1): Linear(in_features=768, out_features=3072, bias=True)
        (act): GELU(approximate='none')
        (fc2): Linear(in_features=3072, out_features=768, bias=True)
        (drop): Dropout(p=0.0, inplace=False)
      )
    )
  )
  (norm): LayerNorm((768,), eps=1e-06, elementwise_affine=True)
)
making imagenet data transforms
data-path datasets/iic/train/
Initialized ImageNet
ImageNet dataset created
ImageNet unsupervised data loader created
Using AdamW
loaded pretrained encoder from epoch 999 with msg: <All keys matched successfully>
loaded pretrained encoder from epoch 999 with msg: <All keys matched successfully>
loaded pretrained encoder from epoch 999 with msg: <All keys matched successfully>
loaded optimizers from epoch 999
read-path: logs_PKT_chunks/iic-train-l2-seed0-KNN-ep1000/jepa-iic-ep1000.pth.tar
Starting
Iteration: 0
Iteration: 10
Iteration: 20
Iteration: 30
Iteration: 40
Iteration: 50
Iteration: 60
Iteration: 70
Iteration: 80
Iteration: 90
Iteration: 100
Per-patch MSE tail analysis:
num_patches: 100
total_loss: 25.771955490112305
mean_loss: 0.2577195465564728
median_loss: 0.27622172236442566
max_loss: 0.41867807507514954
top_1pct_loss_share: 0.016245491159403096
top_5pct_loss_share: 0.07562808213809917
top_10pct_loss_share: 0.1440448871578421


Per-patch representation-gradient-norm tail analysis:
grad_norm_num_patches: 444416
grad_norm_total_loss: 15000.4072265625
grad_norm_mean_loss: 0.03375307470560074
grad_norm_median_loss: 0.03106282651424408
grad_norm_max_loss: 0.12551982700824738
grad_norm_top_1pct_loss_share: 0.026407854438456977
grad_norm_top_5pct_loss_share: 0.10781637633926214
grad_norm_top_10pct_loss_share: 0.19279313836336603
Saved ordered loss plot to: logs_PKT_chunks/iic-train-l2-seed0-KNN-ep1000/ordered-loss-ep1000.png
time taken for epoch 0:00:29.047633
Total pretraining time 0:00:29.047662
VisionTransformer(
  (patch_embed): PatchEmbed(
    (proj): Conv2d(3, 768, kernel_size=(15, 15), stride=(15, 15))
  )
  (blocks): ModuleList(
    (0-11): 12 x Block(
      (norm1): LayerNorm((768,), eps=1e-06, elementwise_affine=True)
      (attn): Attention(
        (qkv): Linear(in_features=768, out_features=2304, bias=True)
        (attn_drop): Dropout(p=0.0, inplace=False)
        (proj): Linear(in_features=768, out_features=768, bias=True)
        (proj_drop): Dropout(p=0.0, inplace=False)
      )
      (drop_path): Identity()
      (norm2): LayerNorm((768,), eps=1e-06, elementwise_affine=True)
      (mlp): MLP(
        (fc1): Linear(in_features=768, out_features=3072, bias=True)
        (act): GELU(approximate='none')
        (fc2): Linear(in_features=3072, out_features=768, bias=True)
        (drop): Dropout(p=0.0, inplace=False)
      )
    )
  )
  (norm): LayerNorm((768,), eps=1e-06, elementwise_affine=True)
)
making imagenet data transforms
data-path datasets/iic/train/
Initialized ImageNet
ImageNet dataset created
ImageNet unsupervised data loader created
Using AdamW
loaded pretrained encoder from epoch 999 with msg: <All keys matched successfully>
loaded pretrained encoder from epoch 999 with msg: <All keys matched successfully>
loaded pretrained encoder from epoch 999 with msg: <All keys matched successfully>
loaded optimizers from epoch 999
read-path: logs_PKT_chunks/iic-train-l2-seed0-KNN-ep1000/jepa-iic-ep1000.pth.tar
Starting
Iteration: 0
Iteration: 10
Iteration: 20
Iteration: 30
Iteration: 40
Iteration: 50
Iteration: 60
Iteration: 70
Iteration: 80
Iteration: 90
Iteration: 100
Per-patch MSE tail analysis:
num_patches: 444416
total_loss: 116195.359375
mean_loss: 0.26145628094673157
median_loss: 0.18526065349578857
max_loss: 3.025003433227539
top_1pct_loss_share: 0.05883011309213484
top_5pct_loss_share: 0.19814630949520226
top_10pct_loss_share: 0.3191676921262588


Per-patch representation-gradient-norm tail analysis:
grad_norm_num_patches: 444416
grad_norm_total_loss: 15000.4072265625
grad_norm_mean_loss: 0.03375307470560074
grad_norm_median_loss: 0.03106282651424408
grad_norm_max_loss: 0.12551982700824738
grad_norm_top_1pct_loss_share: 0.026407854438456977
grad_norm_top_5pct_loss_share: 0.10781637633926214
grad_norm_top_10pct_loss_share: 0.19279313836336603
Saved ordered loss plot to: logs_PKT_chunks/iic-train-l2-seed0-KNN-ep1000/ordered-loss-ep1000.png
time taken for epoch 0:00:35.477999
Total pretraining time 0:00:35.478026
VisionTransformer(
  (patch_embed): PatchEmbed(
    (proj): Conv2d(3, 768, kernel_size=(15, 15), stride=(15, 15))
  )
  (blocks): ModuleList(
    (0-11): 12 x Block(
      (norm1): LayerNorm((768,), eps=1e-06, elementwise_affine=True)
      (attn): Attention(
        (qkv): Linear(in_features=768, out_features=2304, bias=True)
        (attn_drop): Dropout(p=0.0, inplace=False)
        (proj): Linear(in_features=768, out_features=768, bias=True)
        (proj_drop): Dropout(p=0.0, inplace=False)
      )
      (drop_path): Identity()
      (norm2): LayerNorm((768,), eps=1e-06, elementwise_affine=True)
      (mlp): MLP(
        (fc1): Linear(in_features=768, out_features=3072, bias=True)
        (act): GELU(approximate='none')
        (fc2): Linear(in_features=3072, out_features=768, bias=True)
        (drop): Dropout(p=0.0, inplace=False)
      )
    )
  )
  (norm): LayerNorm((768,), eps=1e-06, elementwise_affine=True)
)
making imagenet data transforms
data-path datasets/iic/train/
Initialized ImageNet
ImageNet dataset created
ImageNet unsupervised data loader created
Using AdamW
loaded pretrained encoder from epoch 999 with msg: <All keys matched successfully>
loaded pretrained encoder from epoch 999 with msg: <All keys matched successfully>
loaded pretrained encoder from epoch 999 with msg: <All keys matched successfully>
loaded optimizers from epoch 999
read-path: logs_PKT_chunks/iic-train-l2-seed0-KNN-ep1000/jepa-iic-ep1000.pth.tar
Starting
Iteration: 0
torch.Size([4096, 768])
torch.Size([5120, 768])
torch.Size([5120, 768])
torch.Size([3072, 768])
torch.Size([4096, 768])
torch.Size([5120, 768])
torch.Size([4096, 768])
torch.Size([4096, 768])
torch.Size([5120, 768])
torch.Size([5120, 768])
Iteration: 10
torch.Size([4096, 768])
torch.Size([4096, 768])
torch.Size([4096, 768])
torch.Size([4096, 768])
torch.Size([4096, 768])
torch.Size([4096, 768])
torch.Size([4096, 768])
VisionTransformer(
  (patch_embed): PatchEmbed(
    (proj): Conv2d(3, 768, kernel_size=(15, 15), stride=(15, 15))
  )
  (blocks): ModuleList(
    (0-11): 12 x Block(
      (norm1): LayerNorm((768,), eps=1e-06, elementwise_affine=True)
      (attn): Attention(
        (qkv): Linear(in_features=768, out_features=2304, bias=True)
        (attn_drop): Dropout(p=0.0, inplace=False)
        (proj): Linear(in_features=768, out_features=768, bias=True)
        (proj_drop): Dropout(p=0.0, inplace=False)
      )
      (drop_path): Identity()
      (norm2): LayerNorm((768,), eps=1e-06, elementwise_affine=True)
      (mlp): MLP(
        (fc1): Linear(in_features=768, out_features=3072, bias=True)
        (act): GELU(approximate='none')
        (fc2): Linear(in_features=3072, out_features=768, bias=True)
        (drop): Dropout(p=0.0, inplace=False)
      )
    )
  )
  (norm): LayerNorm((768,), eps=1e-06, elementwise_affine=True)
)
making imagenet data transforms
data-path datasets/iic/train/
Initialized ImageNet
ImageNet dataset created
ImageNet unsupervised data loader created
Using AdamW
loaded pretrained encoder from epoch 999 with msg: <All keys matched successfully>
loaded pretrained encoder from epoch 999 with msg: <All keys matched successfully>
loaded pretrained encoder from epoch 999 with msg: <All keys matched successfully>
loaded optimizers from epoch 999
read-path: logs_PKT_chunks/iic-train-l2-seed0-KNN-ep1000/jepa-iic-ep1000.pth.tar
Starting
Iteration: 0
torch.Size([4096])
torch.Size([5120])
torch.Size([5120])
torch.Size([3072])
torch.Size([4096])
torch.Size([5120])
torch.Size([4096])
torch.Size([4096])
torch.Size([5120])
torch.Size([5120])
Iteration: 10
torch.Size([4096])
torch.Size([4096])
torch.Size([4096])
torch.Size([4096])
torch.Size([4096])
torch.Size([4096])
torch.Size([4096])
torch.Size([4096])
torch.Size([4096])
torch.Size([5120])
Iteration: 20
torch.Size([4096])
torch.Size([4096])
torch.Size([4096])
torch.Size([4096])
torch.Size([5120])
torch.Size([5120])
torch.Size([5120])
torch.Size([5120])
torch.Size([5120])
torch.Size([4096])
Iteration: 30
torch.Size([5120])
torch.Size([4096])
torch.Size([5120])
torch.Size([5120])
torch.Size([5120])
torch.Size([4096])
torch.Size([4096])
torch.Size([5120])
torch.Size([4096])
torch.Size([3072])
Iteration: 40
torch.Size([4096])
torch.Size([4096])
torch.Size([5120])
torch.Size([4096])
torch.Size([5120])
torch.Size([4096])
torch.Size([5120])
torch.Size([3072])
torch.Size([4096])
torch.Size([3072])
Iteration: 50
torch.Size([5120])
torch.Size([5120])
torch.Size([5120])
torch.Size([5120])
torch.Size([4096])
torch.Size([5120])
torch.Size([5120])
torch.Size([4096])
torch.Size([4096])
torch.Size([4096])
Iteration: 60
torch.Size([3072])
torch.Size([3072])
torch.Size([5120])
torch.Size([5120])
torch.Size([3072])
torch.Size([5120])
torch.Size([4096])
torch.Size([5120])
torch.Size([4096])
torch.Size([5120])
Iteration: 70
torch.Size([4096])
torch.Size([4096])
torch.Size([4096])
torch.Size([4096])
torch.Size([5120])
torch.Size([5120])
torch.Size([4096])
torch.Size([4096])
torch.Size([4096])
torch.Size([4096])
Iteration: 80
torch.Size([5120])
torch.Size([5120])
torch.Size([4096])
torch.Size([5120])
torch.Size([5120])
torch.Size([5120])
torch.Size([5120])
torch.Size([3072])
torch.Size([5120])
torch.Size([5120])
Iteration: 90
torch.Size([4096])
torch.Size([4096])
torch.Size([5120])
torch.Size([4096])
torch.Size([4096])
torch.Size([4096])
torch.Size([5120])
torch.Size([4096])
torch.Size([4096])
torch.Size([4096])
Iteration: 100
Per-patch MSE tail analysis:
num_patches: 444416
total_loss: 116195.359375
mean_loss: 0.26145628094673157
median_loss: 0.18526065349578857
max_loss: 3.025003433227539
top_1pct_loss_share: 0.05883011309213484
top_5pct_loss_share: 0.19814630949520226
top_10pct_loss_share: 0.3191676921262588


Per-patch representation-gradient-norm tail analysis:
grad_norm_num_patches: 444416
grad_norm_total_loss: 15000.4072265625
grad_norm_mean_loss: 0.03375307470560074
grad_norm_median_loss: 0.03106282651424408
grad_norm_max_loss: 0.12551982700824738
grad_norm_top_1pct_loss_share: 0.026407854438456977
grad_norm_top_5pct_loss_share: 0.10781637633926214
grad_norm_top_10pct_loss_share: 0.19279313836336603
Saved ordered loss plot to: logs_PKT_chunks/iic-train-l2-seed0-KNN-ep1000/ordered-loss-ep1000.png
time taken for epoch 0:00:41.355283
Total pretraining time 0:00:41.355310
VisionTransformer(
  (patch_embed): PatchEmbed(
    (proj): Conv2d(3, 768, kernel_size=(15, 15), stride=(15, 15))
  )
  (blocks): ModuleList(
    (0-11): 12 x Block(
      (norm1): LayerNorm((768,), eps=1e-06, elementwise_affine=True)
      (attn): Attention(
        (qkv): Linear(in_features=768, out_features=2304, bias=True)
        (attn_drop): Dropout(p=0.0, inplace=False)
        (proj): Linear(in_features=768, out_features=768, bias=True)
        (proj_drop): Dropout(p=0.0, inplace=False)
      )
      (drop_path): Identity()
      (norm2): LayerNorm((768,), eps=1e-06, elementwise_affine=True)
      (mlp): MLP(
        (fc1): Linear(in_features=768, out_features=3072, bias=True)
        (act): GELU(approximate='none')
        (fc2): Linear(in_features=3072, out_features=768, bias=True)
        (drop): Dropout(p=0.0, inplace=False)
      )
    )
  )
  (norm): LayerNorm((768,), eps=1e-06, elementwise_affine=True)
)
making imagenet data transforms
data-path datasets/iic/train/
Initialized ImageNet
ImageNet dataset created
ImageNet unsupervised data loader created
Using AdamW
loaded pretrained encoder from epoch 999 with msg: <All keys matched successfully>
loaded pretrained encoder from epoch 999 with msg: <All keys matched successfully>
loaded pretrained encoder from epoch 999 with msg: <All keys matched successfully>
loaded optimizers from epoch 999
read-path: logs_PKT_chunks/iic-train-l2-seed0-KNN-ep1000/jepa-iic-ep1000.pth.tar
Starting
Iteration: 0
Iteration: 10
Iteration: 20
Iteration: 30
Iteration: 40
Iteration: 50
Iteration: 60
Iteration: 70
Iteration: 80
Iteration: 90
Iteration: 100
Per-patch MSE tail analysis:
num_patches: 100
total_loss: 25.771955490112305
mean_loss: 0.2577195465564728
median_loss: 0.27622172236442566
max_loss: 0.41867807507514954
top_1pct_loss_share: 0.016245491159403096
top_5pct_loss_share: 0.07562808213809917
top_10pct_loss_share: 0.1440448871578421


Per-patch representation-gradient-norm tail analysis:
grad_norm_num_patches: 444416
grad_norm_total_loss: 15000.4072265625
grad_norm_mean_loss: 0.03375307470560074
grad_norm_median_loss: 0.03106282651424408
grad_norm_max_loss: 0.12551982700824738
grad_norm_top_1pct_loss_share: 0.026407854438456977
grad_norm_top_5pct_loss_share: 0.10781637633926214
grad_norm_top_10pct_loss_share: 0.19279313836336603
Saved ordered loss plot to: logs_PKT_chunks/iic-train-l2-seed0-KNN-ep1000/ordered-loss-ep1000.png
time taken for epoch 0:00:44.298170
Total pretraining time 0:00:44.298196
VisionTransformer(
  (patch_embed): PatchEmbed(
    (proj): Conv2d(3, 768, kernel_size=(15, 15), stride=(15, 15))
  )
  (blocks): ModuleList(
    (0-11): 12 x Block(
      (norm1): LayerNorm((768,), eps=1e-06, elementwise_affine=True)
      (attn): Attention(
        (qkv): Linear(in_features=768, out_features=2304, bias=True)
        (attn_drop): Dropout(p=0.0, inplace=False)
        (proj): Linear(in_features=768, out_features=768, bias=True)
        (proj_drop): Dropout(p=0.0, inplace=False)
      )
      (drop_path): Identity()
      (norm2): LayerNorm((768,), eps=1e-06, elementwise_affine=True)
      (mlp): MLP(
        (fc1): Linear(in_features=768, out_features=3072, bias=True)
        (act): GELU(approximate='none')
        (fc2): Linear(in_features=3072, out_features=768, bias=True)
        (drop): Dropout(p=0.0, inplace=False)
      )
    )
  )
  (norm): LayerNorm((768,), eps=1e-06, elementwise_affine=True)
)
making imagenet data transforms
data-path datasets/iic/train/
Initialized ImageNet
ImageNet dataset created
ImageNet unsupervised data loader created
Using AdamW
Starting
Iteration: 0
Iteration: 10
Iteration: 20
Iteration: 30
Iteration: 40
Iteration: 50
Iteration: 60
Iteration: 70
Iteration: 80
Iteration: 90
Iteration: 100
Per-patch MSE tail analysis:
num_patches: 444416
total_loss: 507150.5625
mean_loss: 1.1411617994308472
median_loss: 1.141550064086914
max_loss: 1.2142119407653809
top_1pct_loss_share: 0.010323695478007086
top_5pct_loss_share: 0.05128931755843217
top_10pct_loss_share: 0.10223363155591492


Per-patch representation-gradient-norm tail analysis:
grad_norm_num_patches: 444416
grad_norm_total_loss: 34261.25390625
grad_norm_mean_loss: 0.07709275186061859
grad_norm_median_loss: 0.07710754126310349
grad_norm_max_loss: 0.0795237123966217
grad_norm_top_1pct_loss_share: 0.010160581360070899
grad_norm_top_5pct_loss_share: 0.050640640461317395
grad_norm_top_10pct_loss_share: 0.1011119065462181
Saved ordered loss plot to: logs_PKT_chunks/iic-train-l2-seed0-KNN-ep1000/ordered-loss-ep1000.png
time taken for epoch 0:00:43.075532
Total pretraining time 0:00:43.075558
VisionTransformer(
  (patch_embed): PatchEmbed(
    (proj): Conv2d(3, 768, kernel_size=(15, 15), stride=(15, 15))
  )
  (blocks): ModuleList(
    (0-11): 12 x Block(
      (norm1): LayerNorm((768,), eps=1e-06, elementwise_affine=True)
      (attn): Attention(
        (qkv): Linear(in_features=768, out_features=2304, bias=True)
        (attn_drop): Dropout(p=0.0, inplace=False)
        (proj): Linear(in_features=768, out_features=768, bias=True)
        (proj_drop): Dropout(p=0.0, inplace=False)
      )
      (drop_path): Identity()
      (norm2): LayerNorm((768,), eps=1e-06, elementwise_affine=True)
      (mlp): MLP(
        (fc1): Linear(in_features=768, out_features=3072, bias=True)
        (act): GELU(approximate='none')
        (fc2): Linear(in_features=3072, out_features=768, bias=True)
        (drop): Dropout(p=0.0, inplace=False)
      )
    )
  )
  (norm): LayerNorm((768,), eps=1e-06, elementwise_affine=True)
)
making imagenet data transforms
data-path datasets/iic/train/
Initialized ImageNet
ImageNet dataset created
ImageNet unsupervised data loader created
Using AdamW
Starting
Iteration: 0
Iteration: 10
Iteration: 20
Iteration: 30
Iteration: 40
Iteration: 50
Iteration: 60
Iteration: 70
Iteration: 80
Iteration: 90
Iteration: 100
VisionTransformer(
  (patch_embed): PatchEmbed(
    (proj): Conv2d(3, 768, kernel_size=(15, 15), stride=(15, 15))
  )
  (blocks): ModuleList(
    (0-11): 12 x Block(
      (norm1): LayerNorm((768,), eps=1e-06, elementwise_affine=True)
      (attn): Attention(
        (qkv): Linear(in_features=768, out_features=2304, bias=True)
        (attn_drop): Dropout(p=0.0, inplace=False)
        (proj): Linear(in_features=768, out_features=768, bias=True)
        (proj_drop): Dropout(p=0.0, inplace=False)
      )
      (drop_path): Identity()
      (norm2): LayerNorm((768,), eps=1e-06, elementwise_affine=True)
      (mlp): MLP(
        (fc1): Linear(in_features=768, out_features=3072, bias=True)
        (act): GELU(approximate='none')
        (fc2): Linear(in_features=3072, out_features=768, bias=True)
        (drop): Dropout(p=0.0, inplace=False)
      )
    )
  )
  (norm): LayerNorm((768,), eps=1e-06, elementwise_affine=True)
)
making imagenet data transforms
data-path datasets/iic/train/
Initialized ImageNet
ImageNet dataset created
ImageNet unsupervised data loader created
Using AdamW
Starting
Iteration: 0
Iteration: 10
Iteration: 20
Iteration: 30
Iteration: 40
Iteration: 50
Iteration: 60
Iteration: 70
Iteration: 80
Iteration: 90
Iteration: 100
Target-representation corruption sensitivity:
corruption_ratio, L2_clean, L2_corrupted, L2_relative_increase
0.000000, 1.141113, 1.141113, 0.000000
0.050000, 1.141113, 1.141117, 0.000003
0.100000, 1.141113, 1.141110, -0.000003
0.200000, 1.141113, 1.141113, 0.000000
0.300000, 1.141113, 1.141083, -0.000026
Saved target corruption sensitivity CSV to: logs_PKT_chunks/iic-train-l2-seed0-KNN-ep1000/target-corruption-sensitivity-ep1000.csv
Per-patch MSE tail analysis:
num_patches: 444416
total_loss: 507150.5625
mean_loss: 1.1411617994308472
median_loss: 1.141550064086914
max_loss: 1.2142119407653809
top_1pct_loss_share: 0.010323695478007086
top_5pct_loss_share: 0.05128931755843217
top_10pct_loss_share: 0.10223363155591492


Per-patch representation-gradient-norm tail analysis:
grad_norm_num_patches: 444416
grad_norm_total_loss: 34261.25390625
grad_norm_mean_loss: 0.07709275186061859
grad_norm_median_loss: 0.07710754126310349
grad_norm_max_loss: 0.0795237123966217
grad_norm_top_1pct_loss_share: 0.010160581360070899
grad_norm_top_5pct_loss_share: 0.050640640461317395
grad_norm_top_10pct_loss_share: 0.1011119065462181
time taken for epoch 0:00:36.216962
Total pretraining time 0:00:36.216987
VisionTransformer(
  (patch_embed): PatchEmbed(
    (proj): Conv2d(3, 768, kernel_size=(15, 15), stride=(15, 15))
  )
  (blocks): ModuleList(
    (0-11): 12 x Block(
      (norm1): LayerNorm((768,), eps=1e-06, elementwise_affine=True)
      (attn): Attention(
        (qkv): Linear(in_features=768, out_features=2304, bias=True)
        (attn_drop): Dropout(p=0.0, inplace=False)
        (proj): Linear(in_features=768, out_features=768, bias=True)
        (proj_drop): Dropout(p=0.0, inplace=False)
      )
      (drop_path): Identity()
      (norm2): LayerNorm((768,), eps=1e-06, elementwise_affine=True)
      (mlp): MLP(
        (fc1): Linear(in_features=768, out_features=3072, bias=True)
        (act): GELU(approximate='none')
        (fc2): Linear(in_features=3072, out_features=768, bias=True)
        (drop): Dropout(p=0.0, inplace=False)
      )
    )
  )
  (norm): LayerNorm((768,), eps=1e-06, elementwise_affine=True)
)
making imagenet data transforms
data-path datasets/iic/train/
Initialized ImageNet
ImageNet dataset created
ImageNet unsupervised data loader created
Using AdamW
loaded pretrained encoder from epoch 999 with msg: <All keys matched successfully>
loaded pretrained encoder from epoch 999 with msg: <All keys matched successfully>
loaded pretrained encoder from epoch 999 with msg: <All keys matched successfully>
loaded optimizers from epoch 999
read-path: logs_PKT_chunks/iic-train-l2-seed0-KNN-ep1000/jepa-iic-ep1000.pth.tar
Starting
Iteration: 0
Iteration: 10
Iteration: 20
Iteration: 30
Iteration: 40
Iteration: 50
Iteration: 60
Iteration: 70
Iteration: 80
Iteration: 90
Iteration: 100
Target-representation corruption sensitivity:
corruption_ratio, L2_clean, L2_corrupted, L2_relative_increase
0.000000, 0.257720, 0.257720, 0.000000
0.050000, 0.257720, 0.290742, 0.131379
0.100000, 0.257720, 0.323482, 0.261294
0.200000, 0.257720, 0.388590, 0.519083
0.300000, 0.257720, 0.454651, 0.781590
Saved target corruption sensitivity CSV to: logs_PKT_chunks/iic-train-l2-seed0-KNN-ep1000/target-corruption-sensitivity-ep1000.csv
Per-patch MSE tail analysis:
num_patches: 444416
total_loss: 116195.359375
mean_loss: 0.26145628094673157
median_loss: 0.18526065349578857
max_loss: 3.025003433227539
top_1pct_loss_share: 0.05883011309213484
top_5pct_loss_share: 0.19814630949520226
top_10pct_loss_share: 0.3191676921262588


Per-patch representation-gradient-norm tail analysis:
grad_norm_num_patches: 444416
grad_norm_total_loss: 15000.4072265625
grad_norm_mean_loss: 0.03375307470560074
grad_norm_median_loss: 0.03106282651424408
grad_norm_max_loss: 0.12551982700824738
grad_norm_top_1pct_loss_share: 0.026407854438456977
grad_norm_top_5pct_loss_share: 0.10781637633926214
grad_norm_top_10pct_loss_share: 0.19279313836336603
time taken for epoch 0:00:50.469352
Total pretraining time 0:00:50.469375
VisionTransformer(
  (patch_embed): PatchEmbed(
    (proj): Conv2d(3, 768, kernel_size=(15, 15), stride=(15, 15))
  )
  (blocks): ModuleList(
    (0-11): 12 x Block(
      (norm1): LayerNorm((768,), eps=1e-06, elementwise_affine=True)
      (attn): Attention(
        (qkv): Linear(in_features=768, out_features=2304, bias=True)
        (attn_drop): Dropout(p=0.0, inplace=False)
        (proj): Linear(in_features=768, out_features=768, bias=True)
        (proj_drop): Dropout(p=0.0, inplace=False)
      )
      (drop_path): Identity()
      (norm2): LayerNorm((768,), eps=1e-06, elementwise_affine=True)
      (mlp): MLP(
        (fc1): Linear(in_features=768, out_features=3072, bias=True)
        (act): GELU(approximate='none')
        (fc2): Linear(in_features=3072, out_features=768, bias=True)
        (drop): Dropout(p=0.0, inplace=False)
      )
    )
  )
  (norm): LayerNorm((768,), eps=1e-06, elementwise_affine=True)
)
making imagenet data transforms
data-path datasets/iic/train/
Initialized ImageNet
ImageNet dataset created
ImageNet unsupervised data loader created
Using AdamW
loaded pretrained encoder from epoch 999 with msg: <All keys matched successfully>
loaded pretrained encoder from epoch 999 with msg: <All keys matched successfully>
loaded pretrained encoder from epoch 999 with msg: <All keys matched successfully>
loaded optimizers from epoch 999
read-path: logs_PKT_chunks/iic-train-l2-seed0-KNN-ep1000/jepa-iic-ep1000.pth.tar
Starting
Iteration: 0
VisionTransformer(
  (patch_embed): PatchEmbed(
    (proj): Conv2d(3, 768, kernel_size=(15, 15), stride=(15, 15))
  )
  (blocks): ModuleList(
    (0-11): 12 x Block(
      (norm1): LayerNorm((768,), eps=1e-06, elementwise_affine=True)
      (attn): Attention(
        (qkv): Linear(in_features=768, out_features=2304, bias=True)
        (attn_drop): Dropout(p=0.0, inplace=False)
        (proj): Linear(in_features=768, out_features=768, bias=True)
        (proj_drop): Dropout(p=0.0, inplace=False)
      )
      (drop_path): Identity()
      (norm2): LayerNorm((768,), eps=1e-06, elementwise_affine=True)
      (mlp): MLP(
        (fc1): Linear(in_features=768, out_features=3072, bias=True)
        (act): GELU(approximate='none')
        (fc2): Linear(in_features=3072, out_features=768, bias=True)
        (drop): Dropout(p=0.0, inplace=False)
      )
    )
  )
  (norm): LayerNorm((768,), eps=1e-06, elementwise_affine=True)
)
making imagenet data transforms
data-path datasets/iic/train/
Initialized ImageNet
ImageNet dataset created
ImageNet unsupervised data loader created
Using AdamW
loaded pretrained encoder from epoch 999 with msg: <All keys matched successfully>
loaded pretrained encoder from epoch 999 with msg: <All keys matched successfully>
loaded pretrained encoder from epoch 999 with msg: <All keys matched successfully>
loaded optimizers from epoch 999
read-path: logs_PKT_chunks/iic-train-l2-seed0-KNN-ep1000/jepa-iic-ep1000.pth.tar
Starting
Iteration: 0
VisionTransformer(
  (patch_embed): PatchEmbed(
    (proj): Conv2d(3, 768, kernel_size=(15, 15), stride=(15, 15))
  )
  (blocks): ModuleList(
    (0-11): 12 x Block(
      (norm1): LayerNorm((768,), eps=1e-06, elementwise_affine=True)
      (attn): Attention(
        (qkv): Linear(in_features=768, out_features=2304, bias=True)
        (attn_drop): Dropout(p=0.0, inplace=False)
        (proj): Linear(in_features=768, out_features=768, bias=True)
        (proj_drop): Dropout(p=0.0, inplace=False)
      )
      (drop_path): Identity()
      (norm2): LayerNorm((768,), eps=1e-06, elementwise_affine=True)
      (mlp): MLP(
        (fc1): Linear(in_features=768, out_features=3072, bias=True)
        (act): GELU(approximate='none')
        (fc2): Linear(in_features=3072, out_features=768, bias=True)
        (drop): Dropout(p=0.0, inplace=False)
      )
    )
  )
  (norm): LayerNorm((768,), eps=1e-06, elementwise_affine=True)
)
making imagenet data transforms
data-path datasets/iic/train/
Initialized ImageNet
ImageNet dataset created
ImageNet unsupervised data loader created
Using AdamW
loaded pretrained encoder from epoch 999 with msg: <All keys matched successfully>
loaded pretrained encoder from epoch 999 with msg: <All keys matched successfully>
loaded pretrained encoder from epoch 999 with msg: <All keys matched successfully>
loaded optimizers from epoch 999
read-path: logs_PKT_chunks/iic-train-l2-seed0-KNN-ep1000/jepa-iic-ep1000.pth.tar
Starting
Iteration: 0
Iteration: 10
Iteration: 20
Iteration: 30
Iteration: 40
Iteration: 50
Iteration: 60
Iteration: 70
Iteration: 80
Iteration: 90
Iteration: 100
VisionTransformer(
  (patch_embed): PatchEmbed(
    (proj): Conv2d(3, 768, kernel_size=(15, 15), stride=(15, 15))
  )
  (blocks): ModuleList(
    (0-11): 12 x Block(
      (norm1): LayerNorm((768,), eps=1e-06, elementwise_affine=True)
      (attn): Attention(
        (qkv): Linear(in_features=768, out_features=2304, bias=True)
        (attn_drop): Dropout(p=0.0, inplace=False)
        (proj): Linear(in_features=768, out_features=768, bias=True)
        (proj_drop): Dropout(p=0.0, inplace=False)
      )
      (drop_path): Identity()
      (norm2): LayerNorm((768,), eps=1e-06, elementwise_affine=True)
      (mlp): MLP(
        (fc1): Linear(in_features=768, out_features=3072, bias=True)
        (act): GELU(approximate='none')
        (fc2): Linear(in_features=3072, out_features=768, bias=True)
        (drop): Dropout(p=0.0, inplace=False)
      )
    )
  )
  (norm): LayerNorm((768,), eps=1e-06, elementwise_affine=True)
)
making imagenet data transforms
data-path datasets/iic/train/
Initialized ImageNet
ImageNet dataset created
ImageNet unsupervised data loader created
Using AdamW
loaded pretrained encoder from epoch 999 with msg: <All keys matched successfully>
loaded pretrained encoder from epoch 999 with msg: <All keys matched successfully>
loaded pretrained encoder from epoch 999 with msg: <All keys matched successfully>
loaded optimizers from epoch 999
read-path: logs_PKT_chunks/iic-train-l2-seed0-KNN-ep1000/jepa-iic-ep1000.pth.tar
Starting
Iteration: 0
Iteration: 10
Iteration: 20
Iteration: 30
Iteration: 40
Iteration: 50
Iteration: 60
Iteration: 70
Iteration: 80
Iteration: 90
Iteration: 100
Target-representation corruption sensitivity:
corruption_ratio, L2_all_clean_mean, L2_all_corrupted_mean, L2_all_abs_delta_mean, L2_all_rel_delta_mean, L2_all_rel_delta_median, L2_all_rel_delta_p95, L2_all_rel_delta_p99, L2_corrupted_only_abs_delta_mean, L2_corrupted_only_abs_delta_median, L2_corrupted_only_abs_delta_p95, L2_corrupted_only_abs_delta_p99, L2_corrupted_only_rel_delta_mean, L2_corrupted_only_rel_delta_median, L2_corrupted_only_rel_delta_p95, L2_corrupted_only_rel_delta_p99, L2_num_patches, L2_num_corrupted_patches
0.000000, 0.257720, 0.257720, 0.000000, 0.000000, 0.000000, 0.000000, 0.000000, 0.000000, 0.000000, 0.000000, 0.000000, 0.000000, 0.000000, 0.000000, 0.000000, 444416, 0
0.050000, 0.257720, 0.290655, 0.032935, 0.345126, 0.000000, 0.000000, 9.292531, 0.658232, 0.556649, 1.741106, 2.234437, 6.897148, 2.916091, 27.453208, 56.057714, 444416, 22234
0.100000, 0.257720, 0.323123, 0.065403, 0.684842, 0.000000, 2.921676, 16.614499, 0.653716, 0.552318, 1.735065, 2.243868, 6.845130, 2.920181, 26.796469, 59.288151, 444416, 44460
0.200000, 0.257720, 0.389491, 0.131772, 1.389844, 0.000000, 7.389973, 27.690277, 0.658976, 0.554275, 1.754106, 2.281659, 6.950585, 2.924089, 27.709608, 62.654557, 444416, 88870
0.300000, 0.257720, 0.453577, 0.195857, 2.049433, 0.000000, 10.877678, 34.956293, 0.652780, 0.549292, 1.752978, 2.262003, 6.830542, 2.870224, 27.472248, 61.317300, 444416, 133338
Saved target corruption sensitivity CSV to: logs_PKT_chunks/iic-train-l2-seed0-KNN-ep1000/target-corruption-sensitivity-ep1000.csv
Per-patch MSE tail analysis:
num_patches: 444416
total_loss: 116195.359375
mean_loss: 0.26145628094673157
median_loss: 0.18526065349578857
max_loss: 3.025003433227539
top_1pct_loss_share: 0.05883011309213484
top_5pct_loss_share: 0.19814630949520226
top_10pct_loss_share: 0.3191676921262588


Per-patch representation-gradient-norm tail analysis:
grad_norm_num_patches: 444416
grad_norm_total_loss: 15000.4072265625
grad_norm_mean_loss: 0.03375307470560074
grad_norm_median_loss: 0.03106282651424408
grad_norm_max_loss: 0.12551982700824738
grad_norm_top_1pct_loss_share: 0.026407854438456977
grad_norm_top_5pct_loss_share: 0.10781637633926214
grad_norm_top_10pct_loss_share: 0.19279313836336603
time taken for epoch 0:00:47.567211
Total pretraining time 0:00:47.567231
VisionTransformer(
  (patch_embed): PatchEmbed(
    (proj): Conv2d(3, 768, kernel_size=(15, 15), stride=(15, 15))
  )
  (blocks): ModuleList(
    (0-11): 12 x Block(
      (norm1): LayerNorm((768,), eps=1e-06, elementwise_affine=True)
      (attn): Attention(
        (qkv): Linear(in_features=768, out_features=2304, bias=True)
        (attn_drop): Dropout(p=0.0, inplace=False)
        (proj): Linear(in_features=768, out_features=768, bias=True)
        (proj_drop): Dropout(p=0.0, inplace=False)
      )
      (drop_path): Identity()
      (norm2): LayerNorm((768,), eps=1e-06, elementwise_affine=True)
      (mlp): MLP(
        (fc1): Linear(in_features=768, out_features=3072, bias=True)
        (act): GELU(approximate='none')
        (fc2): Linear(in_features=3072, out_features=768, bias=True)
        (drop): Dropout(p=0.0, inplace=False)
      )
    )
  )
  (norm): LayerNorm((768,), eps=1e-06, elementwise_affine=True)
)
making imagenet data transforms
data-path datasets/iic/train/
Initialized ImageNet
ImageNet dataset created
ImageNet unsupervised data loader created
Using AdamW
loaded pretrained encoder from epoch 999 with msg: <All keys matched successfully>
loaded pretrained encoder from epoch 999 with msg: <All keys matched successfully>
loaded pretrained encoder from epoch 999 with msg: <All keys matched successfully>
loaded optimizers from epoch 999
read-path: logs_PKT_chunks/iic-train-l2-seed0-KNN-ep1000/jepa-iic-ep1000.pth.tar
Starting
Iteration: 0
Iteration: 10
Iteration: 20
Iteration: 30
Iteration: 40
Iteration: 50
Iteration: 60
Iteration: 70
Iteration: 80
Iteration: 90
Iteration: 100
Target-representation corruption sensitivity:
corruption_ratio, L2_all_clean_mean, L2_all_corrupted_mean, L2_all_abs_delta_mean, L2_all_rel_delta_mean, L2_all_rel_delta_median, L2_all_rel_delta_p95, L2_all_rel_delta_p99, L2_corrupted_only_abs_delta_mean, L2_corrupted_only_abs_delta_median, L2_corrupted_only_abs_delta_p95, L2_corrupted_only_abs_delta_p99, L2_corrupted_only_rel_delta_mean, L2_corrupted_only_rel_delta_median, L2_corrupted_only_rel_delta_p95, L2_corrupted_only_rel_delta_p99, L2_num_patches, L2_num_corrupted_patches
0.00000000e+00, 2.57719541e-01, 2.57719541e-01, 0.00000000e+00, 0.00000000e+00, 0.00000000e+00, 0.00000000e+00, 0.00000000e+00, 0.00000000e+00, 0.00000000e+00, 0.00000000e+00, 0.00000000e+00, 0.00000000e+00, 0.00000000e+00, 0.00000000e+00, 0.00000000e+00, 444416, 0
5.00000000e-02, 2.57719541e-01, 2.90671792e-01, 3.29522510e-02, 3.44581223e-01, 0.00000000e+00, 0.00000000e+00, 9.13721085e+00, 6.58568320e-01, 5.57798387e-01, 1.74051408e+00, 2.21709327e+00, 6.88611631e+00, 2.93500502e+00, 2.73248055e+01, 5.70652862e+01, 444416, 22234
1.00000000e-01, 2.57719541e-01, 3.23213664e-01, 6.54941224e-02, 6.92664881e-01, 0.00000000e+00, 2.84079984e+00, 1.69399506e+01, 6.54625396e-01, 5.46575215e-01, 1.76165751e+00, 2.23778357e+00, 6.92333108e+00, 2.83895529e+00, 2.78522176e+01, 6.00001139e+01, 444416, 44460
2.00000000e-01, 2.57719541e-01, 3.89084307e-01, 1.31364767e-01, 1.38252929e+00, 0.00000000e+00, 7.40150345e+00, 2.77656203e+01, 6.56941113e-01, 5.51276949e-01, 1.76036770e+00, 2.26644740e+00, 6.91400147e+00, 2.90106420e+00, 2.77850436e+01, 6.25199822e+01, 444416, 88870
3.00000000e-01, 2.57719541e-01, 4.54740142e-01, 1.97020604e-01, 2.06973532e+00, 0.00000000e+00, 1.09668713e+01, 3.51265427e+01, 6.56656778e-01, 5.53334761e-01, 1.75647685e+00, 2.27293504e+00, 6.89820820e+00, 2.90039865e+00, 2.75864022e+01, 6.22304210e+01, 444416, 133338
Saved target corruption sensitivity CSV to: logs_PKT_chunks/iic-train-l2-seed0-KNN-ep1000/target-corruption-sensitivity-ep1000.csv
Per-patch MSE tail analysis:
num_patches: 444416
total_loss: 116195.359375
mean_loss: 0.26145628094673157
median_loss: 0.18526065349578857
max_loss: 3.025003433227539
top_1pct_loss_share: 0.05883011309213484
top_5pct_loss_share: 0.19814630949520226
top_10pct_loss_share: 0.3191676921262588


Per-patch representation-gradient-norm tail analysis:
grad_norm_num_patches: 444416
grad_norm_total_loss: 15000.4072265625
grad_norm_mean_loss: 0.03375307470560074
grad_norm_median_loss: 0.03106282651424408
grad_norm_max_loss: 0.12551982700824738
grad_norm_top_1pct_loss_share: 0.026407854438456977
grad_norm_top_5pct_loss_share: 0.10781637633926214
grad_norm_top_10pct_loss_share: 0.19279313836336603
time taken for epoch 0:00:52.649556
Total pretraining time 0:00:52.649582
VisionTransformer(
  (patch_embed): PatchEmbed(
    (proj): Conv2d(3, 768, kernel_size=(15, 15), stride=(15, 15))
  )
  (blocks): ModuleList(
    (0-11): 12 x Block(
      (norm1): LayerNorm((768,), eps=1e-06, elementwise_affine=True)
      (attn): Attention(
        (qkv): Linear(in_features=768, out_features=2304, bias=True)
        (attn_drop): Dropout(p=0.0, inplace=False)
        (proj): Linear(in_features=768, out_features=768, bias=True)
        (proj_drop): Dropout(p=0.0, inplace=False)
      )
      (drop_path): Identity()
      (norm2): LayerNorm((768,), eps=1e-06, elementwise_affine=True)
      (mlp): MLP(
        (fc1): Linear(in_features=768, out_features=3072, bias=True)
        (act): GELU(approximate='none')
        (fc2): Linear(in_features=3072, out_features=768, bias=True)
        (drop): Dropout(p=0.0, inplace=False)
      )
    )
  )
  (norm): LayerNorm((768,), eps=1e-06, elementwise_affine=True)
)
making imagenet data transforms
data-path datasets/iic/train/
Initialized ImageNet
ImageNet dataset created
ImageNet unsupervised data loader created
Using AdamW
loaded pretrained encoder from epoch 999 with msg: <All keys matched successfully>
loaded pretrained encoder from epoch 999 with msg: <All keys matched successfully>
loaded pretrained encoder from epoch 999 with msg: <All keys matched successfully>
loaded optimizers from epoch 999
read-path: logs_PKT_chunks/iic-train-l2-seed0-KNN-ep1000/jepa-iic-ep1000.pth.tar
Starting
Iteration: 0
Iteration: 10
Iteration: 20
Iteration: 30
Iteration: 40
Iteration: 50
Iteration: 60
Iteration: 70
Iteration: 80
Iteration: 90
Iteration: 100
Target-representation corruption gradient-norm sensitivity:
corruption_ratio, L2_all_clean_mean, L2_all_corrupted_mean, L2_all_abs_delta_mean, L2_all_rel_delta_mean, L2_all_rel_delta_median, L2_all_rel_delta_p95, L2_all_rel_delta_p99, L2_corrupted_only_abs_delta_mean, L2_corrupted_only_abs_delta_median, L2_corrupted_only_abs_delta_p95, L2_corrupted_only_abs_delta_p99, L2_corrupted_only_rel_delta_mean, L2_corrupted_only_rel_delta_median, L2_corrupted_only_rel_delta_p95, L2_corrupted_only_rel_delta_p99, L2_num_patches, L2_num_corrupted_patches
0.00000000e+00, 3.34925593e-02, 3.34925593e-02, 0.00000000e+00, 0.00000000e+00, 0.00000000e+00, 0.00000000e+00, 0.00000000e+00, 0.00000000e+00, 0.00000000e+00, 0.00000000e+00, 0.00000000e+00, 0.00000000e+00, 0.00000000e+00, 0.00000000e+00, 0.00000000e+00, 444416, 0
5.00000000e-02, 3.34925593e-02, 3.50935345e-02, 1.60097532e-03, 6.82320069e-02, 0.00000000e+00, 0.00000000e+00, 2.17929228e+00, 3.19962039e-02, 3.01694978e-02, 7.45014961e-02, 8.91512389e-02, 1.36359270e+00, 9.52283708e-01, 4.20135628e+00, 6.50343578e+00, 444416, 22234
1.00000000e-01, 3.34925593e-02, 3.67173728e-02, 3.22481340e-03, 1.37748191e-01, 0.00000000e+00, 9.70376908e-01, 3.17738628e+00, 3.22330194e-02, 3.02485285e-02, 7.51552568e-02, 9.05243979e-02, 1.37685288e+00, 9.69868419e-01, 4.27198773e+00, 6.56296597e+00, 444416, 44460
2.00000000e-01, 3.34925593e-02, 3.98904273e-02, 6.39786812e-03, 2.74000257e-01, 0.00000000e+00, 1.87037107e+00, 4.29887640e+00, 3.19951874e-02, 3.01049657e-02, 7.54500965e-02, 9.09977628e-02, 1.37026429e+00, 9.64941784e-01, 4.30058777e+00, 6.72876465e+00, 444416, 88870
3.00000000e-01, 3.34925593e-02, 4.31402854e-02, 9.64772595e-03, 4.13126069e-01, 0.00000000e+00, 2.44925843e+00, 4.94306815e+00, 3.21551708e-02, 3.01444370e-02, 7.54747995e-02, 9.10863451e-02, 1.37691079e+00, 9.66067518e-01, 4.28968447e+00, 6.78855085e+00, 444416, 133338
Saved target corruption sensitivity CSV to: logs_PKT_chunks/iic-train-l2-seed0-KNN-ep1000/target-corruption-gradient-norm-sensitivity-ep1000.csv
Per-patch MSE tail analysis:
num_patches: 444416
total_loss: 116195.359375
mean_loss: 0.26145628094673157
median_loss: 0.18526065349578857
max_loss: 3.025003433227539
top_1pct_loss_share: 0.05883011309213484
top_5pct_loss_share: 0.19814630949520226
top_10pct_loss_share: 0.3191676921262588


Per-patch representation-gradient-norm tail analysis:
grad_norm_num_patches: 444416
grad_norm_total_loss: 15000.4072265625
grad_norm_mean_loss: 0.03375307470560074
grad_norm_median_loss: 0.03106282651424408
grad_norm_max_loss: 0.12551982700824738
grad_norm_top_1pct_loss_share: 0.026407854438456977
grad_norm_top_5pct_loss_share: 0.10781637633926214
grad_norm_top_10pct_loss_share: 0.19279313836336603
time taken for epoch 0:00:55.509880
Total pretraining time 0:00:55.509908
