Directory logs_PKT_chunks/iic-train-l2-seed0-KNN-ep750/classifiers for saving the classifiers is now present
VisionTransformer(
  (patch_embed): PatchEmbed(
    (proj): Conv2d(3, 768, kernel_size=(15, 15), stride=(15, 15))
  )
  (blocks): ModuleList(
    (0-11): 12 x Block(
      (norm1): LayerNorm((768,), eps=1e-06, elementwise_affine=True)
      (attn): Attention(
        (qkv): Linear(in_features=768, out_features=2304, bias=True)
        (attn_drop): Dropout(p=0.0, inplace=False)
        (proj): Linear(in_features=768, out_features=768, bias=True)
        (proj_drop): Dropout(p=0.0, inplace=False)
      )
      (drop_path): Identity()
      (norm2): LayerNorm((768,), eps=1e-06, elementwise_affine=True)
      (mlp): MLP(
        (fc1): Linear(in_features=768, out_features=3072, bias=True)
        (act): GELU(approximate='none')
        (fc2): Linear(in_features=3072, out_features=768, bias=True)
        (drop): Dropout(p=0.0, inplace=False)
      )
    )
  )
  (norm): LayerNorm((768,), eps=1e-06, elementwise_affine=True)
)
Extracting features and saving them in memory..
Extracting features...
Time taken to extract features: 24.185710846999427
Epoch: 1/200 Train accuracy: 4.36725e-01 Validation accuracy: 5.56000e-01 Training loss 1.17959e-02 Validation loss 1.00407e-02 Time taken: 0.14 seconds 
Epoch: 2/200 Train accuracy: 5.99330e-01 Validation accuracy: 6.10333e-01 Training loss 8.96381e-03 Validation loss 8.77835e-03 Time taken: 0.14 seconds 
Epoch: 3/200 Train accuracy: 6.32820e-01 Validation accuracy: 6.35000e-01 Training loss 8.09691e-03 Validation loss 8.15300e-03 Time taken: 0.14 seconds 
Epoch: 4/200 Train accuracy: 6.52487e-01 Validation accuracy: 6.48000e-01 Training loss 7.62838e-03 Validation loss 7.78294e-03 Time taken: 0.13 seconds 
Epoch: 5/200 Train accuracy: 6.60325e-01 Validation accuracy: 6.59000e-01 Training loss 7.32250e-03 Validation loss 7.53761e-03 Time taken: 0.14 seconds 
Epoch: 6/200 Train accuracy: 6.66809e-01 Validation accuracy: 6.65000e-01 Training loss 7.11123e-03 Validation loss 7.38162e-03 Time taken: 0.15 seconds 
Epoch: 7/200 Train accuracy: 6.71726e-01 Validation accuracy: 6.69667e-01 Training loss 6.95086e-03 Validation loss 7.22929e-03 Time taken: 0.14 seconds 
Epoch: 8/200 Train accuracy: 6.74220e-01 Validation accuracy: 6.72667e-01 Training loss 6.83731e-03 Validation loss 7.12218e-03 Time taken: 0.15 seconds 
Epoch: 9/200 Train accuracy: 6.76999e-01 Validation accuracy: 6.72000e-01 Training loss 6.73670e-03 Validation loss 7.04898e-03 Time taken: 0.14 seconds 
Epoch: 10/200 Train accuracy: 6.81060e-01 Validation accuracy: 6.75000e-01 Training loss 6.66013e-03 Validation loss 6.97009e-03 Time taken: 0.14 seconds 
Epoch: 11/200 Train accuracy: 6.84053e-01 Validation accuracy: 6.82333e-01 Training loss 6.60100e-03 Validation loss 6.91644e-03 Time taken: 0.15 seconds 
Epoch: 12/200 Train accuracy: 6.84409e-01 Validation accuracy: 6.84000e-01 Training loss 6.53695e-03 Validation loss 6.84127e-03 Time taken: 0.14 seconds 
Epoch: 13/200 Train accuracy: 6.89183e-01 Validation accuracy: 6.85667e-01 Training loss 6.48640e-03 Validation loss 6.80289e-03 Time taken: 0.13 seconds 
Epoch: 14/200 Train accuracy: 6.90894e-01 Validation accuracy: 6.89333e-01 Training loss 6.44328e-03 Validation loss 6.77625e-03 Time taken: 0.13 seconds 
Epoch: 15/200 Train accuracy: 6.93174e-01 Validation accuracy: 6.88333e-01 Training loss 6.40193e-03 Validation loss 6.75085e-03 Time taken: 0.14 seconds 
Epoch: 16/200 Train accuracy: 6.94314e-01 Validation accuracy: 6.90333e-01 Training loss 6.36486e-03 Validation loss 6.72022e-03 Time taken: 0.16 seconds 
Epoch: 17/200 Train accuracy: 6.97164e-01 Validation accuracy: 6.90333e-01 Training loss 6.34324e-03 Validation loss 6.66495e-03 Time taken: 0.14 seconds 
Epoch: 18/200 Train accuracy: 6.96665e-01 Validation accuracy: 6.94667e-01 Training loss 6.30860e-03 Validation loss 6.66195e-03 Time taken: 0.13 seconds 
Epoch: 19/200 Train accuracy: 6.98162e-01 Validation accuracy: 6.95333e-01 Training loss 6.28321e-03 Validation loss 6.61187e-03 Time taken: 0.15 seconds 
Epoch: 20/200 Train accuracy: 6.99658e-01 Validation accuracy: 6.94333e-01 Training loss 6.26475e-03 Validation loss 6.60619e-03 Time taken: 0.11 seconds 
Epoch: 21/200 Train accuracy: 6.99515e-01 Validation accuracy: 6.91333e-01 Training loss 6.24366e-03 Validation loss 6.58003e-03 Time taken: 0.08 seconds 
Epoch: 22/200 Train accuracy: 7.01226e-01 Validation accuracy: 6.91667e-01 Training loss 6.21991e-03 Validation loss 6.56566e-03 Time taken: 0.08 seconds 
Epoch: 23/200 Train accuracy: 7.00299e-01 Validation accuracy: 6.93667e-01 Training loss 6.20876e-03 Validation loss 6.55839e-03 Time taken: 0.08 seconds 
Epoch: 24/200 Train accuracy: 7.01511e-01 Validation accuracy: 6.95333e-01 Training loss 6.19252e-03 Validation loss 6.53898e-03 Time taken: 0.08 seconds 
Epoch: 25/200 Train accuracy: 7.03435e-01 Validation accuracy: 6.98333e-01 Training loss 6.18535e-03 Validation loss 6.53480e-03 Time taken: 0.08 seconds 
Epoch: 26/200 Train accuracy: 7.03933e-01 Validation accuracy: 6.99333e-01 Training loss 6.16222e-03 Validation loss 6.50126e-03 Time taken: 0.09 seconds 
Epoch: 27/200 Train accuracy: 7.05572e-01 Validation accuracy: 6.98667e-01 Training loss 6.14576e-03 Validation loss 6.49797e-03 Time taken: 0.08 seconds 
Epoch: 28/200 Train accuracy: 7.02936e-01 Validation accuracy: 6.99667e-01 Training loss 6.13532e-03 Validation loss 6.48291e-03 Time taken: 0.08 seconds 
Epoch: 29/200 Train accuracy: 7.05358e-01 Validation accuracy: 6.95667e-01 Training loss 6.11928e-03 Validation loss 6.45914e-03 Time taken: 0.08 seconds 
Epoch: 30/200 Train accuracy: 7.04218e-01 Validation accuracy: 6.97667e-01 Training loss 6.12591e-03 Validation loss 6.45183e-03 Time taken: 0.08 seconds 
Epoch: 31/200 Train accuracy: 7.04860e-01 Validation accuracy: 7.02333e-01 Training loss 6.10404e-03 Validation loss 6.43928e-03 Time taken: 0.08 seconds 
Epoch: 32/200 Train accuracy: 7.06356e-01 Validation accuracy: 6.96667e-01 Training loss 6.09046e-03 Validation loss 6.43199e-03 Time taken: 0.08 seconds 
Epoch: 33/200 Train accuracy: 7.07567e-01 Validation accuracy: 7.02000e-01 Training loss 6.08507e-03 Validation loss 6.44038e-03 Time taken: 0.08 seconds 
Epoch: 34/200 Train accuracy: 7.07567e-01 Validation accuracy: 7.00333e-01 Training loss 6.07067e-03 Validation loss 6.43246e-03 Time taken: 0.08 seconds 
Epoch: 35/200 Train accuracy: 7.07140e-01 Validation accuracy: 7.01667e-01 Training loss 6.06678e-03 Validation loss 6.41938e-03 Time taken: 0.08 seconds 
Epoch: 36/200 Train accuracy: 7.07496e-01 Validation accuracy: 6.98333e-01 Training loss 6.05893e-03 Validation loss 6.40483e-03 Time taken: 0.08 seconds 
Epoch: 37/200 Train accuracy: 7.08351e-01 Validation accuracy: 7.00667e-01 Training loss 6.04336e-03 Validation loss 6.40936e-03 Time taken: 0.08 seconds 
Epoch: 38/200 Train accuracy: 7.07639e-01 Validation accuracy: 7.01333e-01 Training loss 6.03900e-03 Validation loss 6.41479e-03 Time taken: 0.08 seconds 
Epoch: 39/200 Train accuracy: 7.11201e-01 Validation accuracy: 7.05333e-01 Training loss 6.03784e-03 Validation loss 6.45011e-03 Time taken: 0.08 seconds 
Epoch: 40/200 Train accuracy: 7.08280e-01 Validation accuracy: 7.01000e-01 Training loss 6.02418e-03 Validation loss 6.39665e-03 Time taken: 0.08 seconds 
Epoch: 41/200 Train accuracy: 7.11059e-01 Validation accuracy: 7.01667e-01 Training loss 6.02136e-03 Validation loss 6.36541e-03 Time taken: 0.08 seconds 
Epoch: 42/200 Train accuracy: 7.12484e-01 Validation accuracy: 7.01000e-01 Training loss 6.01516e-03 Validation loss 6.36651e-03 Time taken: 0.08 seconds 
Epoch: 43/200 Train accuracy: 7.10845e-01 Validation accuracy: 7.02000e-01 Training loss 6.01587e-03 Validation loss 6.36505e-03 Time taken: 0.08 seconds 
Epoch: 44/200 Train accuracy: 7.11985e-01 Validation accuracy: 7.00667e-01 Training loss 6.00552e-03 Validation loss 6.35523e-03 Time taken: 0.10 seconds 
Epoch: 45/200 Train accuracy: 7.11273e-01 Validation accuracy: 7.01333e-01 Training loss 6.00128e-03 Validation loss 6.37044e-03 Time taken: 0.08 seconds 
Epoch: 46/200 Train accuracy: 7.10560e-01 Validation accuracy: 7.03333e-01 Training loss 5.99859e-03 Validation loss 6.34930e-03 Time taken: 0.08 seconds 
Epoch: 47/200 Train accuracy: 7.14337e-01 Validation accuracy: 7.04333e-01 Training loss 5.99062e-03 Validation loss 6.36908e-03 Time taken: 0.08 seconds 
Epoch: 48/200 Train accuracy: 7.11486e-01 Validation accuracy: 7.00333e-01 Training loss 5.99040e-03 Validation loss 6.34447e-03 Time taken: 0.08 seconds 
Epoch: 49/200 Train accuracy: 7.10916e-01 Validation accuracy: 7.03667e-01 Training loss 5.98390e-03 Validation loss 6.32855e-03 Time taken: 0.08 seconds 
Epoch: 50/200 Train accuracy: 7.12555e-01 Validation accuracy: 7.03333e-01 Training loss 5.97872e-03 Validation loss 6.34916e-03 Time taken: 0.08 seconds 
Epoch: 51/200 Train accuracy: 7.14764e-01 Validation accuracy: 7.08000e-01 Training loss 5.96543e-03 Validation loss 6.34274e-03 Time taken: 0.08 seconds 
Epoch: 52/200 Train accuracy: 7.11415e-01 Validation accuracy: 7.07000e-01 Training loss 5.96890e-03 Validation loss 6.34153e-03 Time taken: 0.08 seconds 
Epoch: 53/200 Train accuracy: 7.15192e-01 Validation accuracy: 7.08667e-01 Training loss 5.96085e-03 Validation loss 6.32549e-03 Time taken: 0.08 seconds 
Epoch: 54/200 Train accuracy: 7.12199e-01 Validation accuracy: 7.08000e-01 Training loss 5.96137e-03 Validation loss 6.35057e-03 Time taken: 0.08 seconds 
Epoch: 55/200 Train accuracy: 7.13482e-01 Validation accuracy: 7.01333e-01 Training loss 5.96001e-03 Validation loss 6.31516e-03 Time taken: 0.08 seconds 
Epoch: 56/200 Train accuracy: 7.13838e-01 Validation accuracy: 7.07333e-01 Training loss 5.95218e-03 Validation loss 6.31963e-03 Time taken: 0.08 seconds 
Epoch: 57/200 Train accuracy: 7.15120e-01 Validation accuracy: 7.06000e-01 Training loss 5.94308e-03 Validation loss 6.32211e-03 Time taken: 0.08 seconds 
Epoch: 58/200 Train accuracy: 7.14835e-01 Validation accuracy: 7.06333e-01 Training loss 5.94926e-03 Validation loss 6.33176e-03 Time taken: 0.08 seconds 
Epoch: 59/200 Train accuracy: 7.13339e-01 Validation accuracy: 7.10000e-01 Training loss 5.94829e-03 Validation loss 6.30281e-03 Time taken: 0.08 seconds 
Epoch: 60/200 Train accuracy: 7.15049e-01 Validation accuracy: 7.05000e-01 Training loss 5.94373e-03 Validation loss 6.31307e-03 Time taken: 0.08 seconds 
Epoch: 61/200 Train accuracy: 7.14479e-01 Validation accuracy: 7.01667e-01 Training loss 5.92656e-03 Validation loss 6.30208e-03 Time taken: 0.08 seconds 
Epoch: 62/200 Train accuracy: 7.13838e-01 Validation accuracy: 7.06667e-01 Training loss 5.93401e-03 Validation loss 6.30904e-03 Time taken: 0.08 seconds 
Epoch: 63/200 Train accuracy: 7.17044e-01 Validation accuracy: 7.04333e-01 Training loss 5.93045e-03 Validation loss 6.28492e-03 Time taken: 0.08 seconds 
Epoch: 64/200 Train accuracy: 7.14550e-01 Validation accuracy: 7.07000e-01 Training loss 5.93216e-03 Validation loss 6.28821e-03 Time taken: 0.08 seconds 
Epoch: 65/200 Train accuracy: 7.15548e-01 Validation accuracy: 7.11000e-01 Training loss 5.93009e-03 Validation loss 6.29740e-03 Time taken: 0.08 seconds 
Epoch: 66/200 Train accuracy: 7.15619e-01 Validation accuracy: 7.06667e-01 Training loss 5.92132e-03 Validation loss 6.30573e-03 Time taken: 0.08 seconds 
Epoch: 67/200 Train accuracy: 7.17329e-01 Validation accuracy: 7.06667e-01 Training loss 5.92325e-03 Validation loss 6.28400e-03 Time taken: 0.08 seconds 
Epoch: 68/200 Train accuracy: 7.15120e-01 Validation accuracy: 7.08000e-01 Training loss 5.91788e-03 Validation loss 6.28025e-03 Time taken: 0.08 seconds 
Epoch: 69/200 Train accuracy: 7.17044e-01 Validation accuracy: 7.04667e-01 Training loss 5.92234e-03 Validation loss 6.27090e-03 Time taken: 0.08 seconds 
Epoch: 70/200 Train accuracy: 7.14978e-01 Validation accuracy: 7.08000e-01 Training loss 5.91812e-03 Validation loss 6.27356e-03 Time taken: 0.09 seconds 
Epoch: 71/200 Train accuracy: 7.17401e-01 Validation accuracy: 7.11000e-01 Training loss 5.91170e-03 Validation loss 6.29054e-03 Time taken: 0.09 seconds 
Epoch: 72/200 Train accuracy: 7.14907e-01 Validation accuracy: 7.08333e-01 Training loss 5.91233e-03 Validation loss 6.28330e-03 Time taken: 0.08 seconds 
Epoch: 73/200 Train accuracy: 7.15548e-01 Validation accuracy: 7.11667e-01 Training loss 5.91194e-03 Validation loss 6.27851e-03 Time taken: 0.08 seconds 
Epoch: 74/200 Train accuracy: 7.15762e-01 Validation accuracy: 7.12333e-01 Training loss 5.90324e-03 Validation loss 6.28598e-03 Time taken: 0.08 seconds 
Epoch: 75/200 Train accuracy: 7.18469e-01 Validation accuracy: 7.11333e-01 Training loss 5.89572e-03 Validation loss 6.25940e-03 Time taken: 0.08 seconds 
Epoch: 76/200 Train accuracy: 7.16047e-01 Validation accuracy: 7.09333e-01 Training loss 5.90361e-03 Validation loss 6.27269e-03 Time taken: 0.08 seconds 
Epoch: 77/200 Train accuracy: 7.20180e-01 Validation accuracy: 7.12000e-01 Training loss 5.89724e-03 Validation loss 6.29861e-03 Time taken: 0.08 seconds 
Epoch: 78/200 Train accuracy: 7.19467e-01 Validation accuracy: 7.10667e-01 Training loss 5.89702e-03 Validation loss 6.26487e-03 Time taken: 0.08 seconds 
Epoch: 79/200 Train accuracy: 7.17899e-01 Validation accuracy: 7.07000e-01 Training loss 5.89174e-03 Validation loss 6.26653e-03 Time taken: 0.08 seconds 
Epoch: 80/200 Train accuracy: 7.18897e-01 Validation accuracy: 7.04667e-01 Training loss 5.88792e-03 Validation loss 6.24676e-03 Time taken: 0.08 seconds 
Epoch: 81/200 Train accuracy: 7.16973e-01 Validation accuracy: 7.01333e-01 Training loss 5.89304e-03 Validation loss 6.24919e-03 Time taken: 0.08 seconds 
Epoch: 82/200 Train accuracy: 7.14835e-01 Validation accuracy: 7.09667e-01 Training loss 5.89390e-03 Validation loss 6.24705e-03 Time taken: 0.08 seconds 
Epoch: 83/200 Train accuracy: 7.19467e-01 Validation accuracy: 7.12667e-01 Training loss 5.88398e-03 Validation loss 6.26128e-03 Time taken: 0.08 seconds 
Epoch: 84/200 Train accuracy: 7.19324e-01 Validation accuracy: 7.08667e-01 Training loss 5.88816e-03 Validation loss 6.24192e-03 Time taken: 0.08 seconds 
Epoch: 85/200 Train accuracy: 7.20108e-01 Validation accuracy: 7.09667e-01 Training loss 5.87534e-03 Validation loss 6.28419e-03 Time taken: 0.08 seconds 
Epoch: 86/200 Train accuracy: 7.17971e-01 Validation accuracy: 7.12000e-01 Training loss 5.87706e-03 Validation loss 6.25642e-03 Time taken: 0.08 seconds 
Epoch: 87/200 Train accuracy: 7.17828e-01 Validation accuracy: 6.99667e-01 Training loss 5.87162e-03 Validation loss 6.26257e-03 Time taken: 0.08 seconds 
Epoch: 88/200 Train accuracy: 7.17899e-01 Validation accuracy: 7.03000e-01 Training loss 5.89112e-03 Validation loss 6.23901e-03 Time taken: 0.08 seconds 
Epoch: 89/200 Train accuracy: 7.18256e-01 Validation accuracy: 7.08000e-01 Training loss 5.87149e-03 Validation loss 6.24478e-03 Time taken: 0.09 seconds 
Epoch: 90/200 Train accuracy: 7.18612e-01 Validation accuracy: 7.13667e-01 Training loss 5.87757e-03 Validation loss 6.25088e-03 Time taken: 0.08 seconds 
Epoch: 91/200 Train accuracy: 7.20108e-01 Validation accuracy: 7.11667e-01 Training loss 5.88204e-03 Validation loss 6.24457e-03 Time taken: 0.08 seconds 
Epoch: 92/200 Train accuracy: 7.18256e-01 Validation accuracy: 7.12667e-01 Training loss 5.87129e-03 Validation loss 6.23250e-03 Time taken: 0.08 seconds 
Epoch: 93/200 Train accuracy: 7.20251e-01 Validation accuracy: 7.11667e-01 Training loss 5.87013e-03 Validation loss 6.22804e-03 Time taken: 0.08 seconds 
Epoch: 94/200 Train accuracy: 7.20678e-01 Validation accuracy: 7.09333e-01 Training loss 5.86409e-03 Validation loss 6.22019e-03 Time taken: 0.08 seconds 
Epoch: 95/200 Train accuracy: 7.21605e-01 Validation accuracy: 6.99667e-01 Training loss 5.86708e-03 Validation loss 6.23513e-03 Time taken: 0.08 seconds 
Epoch: 96/200 Train accuracy: 7.19467e-01 Validation accuracy: 7.12000e-01 Training loss 5.85991e-03 Validation loss 6.25141e-03 Time taken: 0.10 seconds 
Epoch: 97/200 Train accuracy: 7.20750e-01 Validation accuracy: 7.13333e-01 Training loss 5.86412e-03 Validation loss 6.24453e-03 Time taken: 0.08 seconds 
Epoch: 98/200 Train accuracy: 7.20750e-01 Validation accuracy: 7.11000e-01 Training loss 5.86085e-03 Validation loss 6.21318e-03 Time taken: 0.08 seconds 
Epoch: 99/200 Train accuracy: 7.18826e-01 Validation accuracy: 6.98667e-01 Training loss 5.85346e-03 Validation loss 6.24893e-03 Time taken: 0.08 seconds 
Epoch: 100/200 Train accuracy: 7.18897e-01 Validation accuracy: 7.10333e-01 Training loss 5.86089e-03 Validation loss 6.26207e-03 Time taken: 0.08 seconds 
Epoch: 101/200 Train accuracy: 7.19610e-01 Validation accuracy: 7.10000e-01 Training loss 5.86146e-03 Validation loss 6.21419e-03 Time taken: 0.08 seconds 
Epoch: 102/200 Train accuracy: 7.19681e-01 Validation accuracy: 7.12000e-01 Training loss 5.85119e-03 Validation loss 6.23303e-03 Time taken: 0.08 seconds 
Epoch: 103/200 Train accuracy: 7.21106e-01 Validation accuracy: 7.12667e-01 Training loss 5.84582e-03 Validation loss 6.21157e-03 Time taken: 0.08 seconds 
Epoch: 104/200 Train accuracy: 7.20750e-01 Validation accuracy: 7.13000e-01 Training loss 5.85499e-03 Validation loss 6.21256e-03 Time taken: 0.08 seconds 
Epoch: 105/200 Train accuracy: 7.21035e-01 Validation accuracy: 7.10667e-01 Training loss 5.84714e-03 Validation loss 6.28725e-03 Time taken: 0.08 seconds 
Epoch: 106/200 Train accuracy: 7.19752e-01 Validation accuracy: 7.13667e-01 Training loss 5.85740e-03 Validation loss 6.22618e-03 Time taken: 0.08 seconds 
Epoch: 107/200 Train accuracy: 7.18968e-01 Validation accuracy: 7.02667e-01 Training loss 5.84849e-03 Validation loss 6.22326e-03 Time taken: 0.08 seconds 
Epoch: 108/200 Train accuracy: 7.20322e-01 Validation accuracy: 7.07667e-01 Training loss 5.84845e-03 Validation loss 6.23280e-03 Time taken: 0.08 seconds 
Epoch: 109/200 Train accuracy: 7.21890e-01 Validation accuracy: 7.17667e-01 Training loss 5.84175e-03 Validation loss 6.21439e-03 Time taken: 0.08 seconds 
Epoch: 110/200 Train accuracy: 7.22602e-01 Validation accuracy: 7.15000e-01 Training loss 5.84570e-03 Validation loss 6.20534e-03 Time taken: 0.08 seconds 
Epoch: 111/200 Train accuracy: 7.21391e-01 Validation accuracy: 7.14000e-01 Training loss 5.84502e-03 Validation loss 6.24542e-03 Time taken: 0.08 seconds 
Epoch: 112/200 Train accuracy: 7.22602e-01 Validation accuracy: 7.16000e-01 Training loss 5.84124e-03 Validation loss 6.23176e-03 Time taken: 0.08 seconds 
Epoch: 113/200 Train accuracy: 7.22175e-01 Validation accuracy: 7.12667e-01 Training loss 5.83991e-03 Validation loss 6.26147e-03 Time taken: 0.08 seconds 
Epoch: 114/200 Train accuracy: 7.21818e-01 Validation accuracy: 7.11667e-01 Training loss 5.83937e-03 Validation loss 6.22229e-03 Time taken: 0.08 seconds 
Epoch: 115/200 Train accuracy: 7.20180e-01 Validation accuracy: 7.14667e-01 Training loss 5.83738e-03 Validation loss 6.20026e-03 Time taken: 0.08 seconds 
Epoch: 116/200 Train accuracy: 7.19610e-01 Validation accuracy: 7.09667e-01 Training loss 5.83595e-03 Validation loss 6.21022e-03 Time taken: 0.08 seconds 
Epoch: 117/200 Train accuracy: 7.21961e-01 Validation accuracy: 7.13000e-01 Training loss 5.83599e-03 Validation loss 6.21723e-03 Time taken: 0.11 seconds 
Epoch: 118/200 Train accuracy: 7.22103e-01 Validation accuracy: 7.16333e-01 Training loss 5.83024e-03 Validation loss 6.19810e-03 Time taken: 0.14 seconds 
Epoch: 119/200 Train accuracy: 7.21533e-01 Validation accuracy: 7.13000e-01 Training loss 5.83382e-03 Validation loss 6.19320e-03 Time taken: 0.14 seconds 
Epoch: 120/200 Train accuracy: 7.23600e-01 Validation accuracy: 7.13333e-01 Training loss 5.83296e-03 Validation loss 6.18170e-03 Time taken: 0.16 seconds 
Epoch: 121/200 Train accuracy: 7.20465e-01 Validation accuracy: 7.14667e-01 Training loss 5.82608e-03 Validation loss 6.19414e-03 Time taken: 0.14 seconds 
Epoch: 122/200 Train accuracy: 7.21462e-01 Validation accuracy: 7.13333e-01 Training loss 5.82751e-03 Validation loss 6.21030e-03 Time taken: 0.14 seconds 
Epoch: 123/200 Train accuracy: 7.21391e-01 Validation accuracy: 7.13333e-01 Training loss 5.82513e-03 Validation loss 6.20676e-03 Time taken: 0.08 seconds 
Epoch: 124/200 Train accuracy: 7.22674e-01 Validation accuracy: 7.14667e-01 Training loss 5.82312e-03 Validation loss 6.18131e-03 Time taken: 0.08 seconds 
Epoch: 125/200 Train accuracy: 7.22602e-01 Validation accuracy: 7.16667e-01 Training loss 5.83038e-03 Validation loss 6.18846e-03 Time taken: 0.08 seconds 
Epoch: 126/200 Train accuracy: 7.22175e-01 Validation accuracy: 7.14000e-01 Training loss 5.82644e-03 Validation loss 6.26194e-03 Time taken: 0.08 seconds 
Epoch: 127/200 Train accuracy: 7.24099e-01 Validation accuracy: 7.15333e-01 Training loss 5.81916e-03 Validation loss 6.19473e-03 Time taken: 0.08 seconds 
Epoch: 128/200 Train accuracy: 7.21818e-01 Validation accuracy: 7.10667e-01 Training loss 5.82440e-03 Validation loss 6.19927e-03 Time taken: 0.08 seconds 
Epoch: 129/200 Train accuracy: 7.22388e-01 Validation accuracy: 7.12000e-01 Training loss 5.82070e-03 Validation loss 6.19272e-03 Time taken: 0.08 seconds 
Epoch: 130/200 Train accuracy: 7.22887e-01 Validation accuracy: 7.08333e-01 Training loss 5.81958e-03 Validation loss 6.16621e-03 Time taken: 0.08 seconds 
Epoch: 131/200 Train accuracy: 7.22959e-01 Validation accuracy: 7.15333e-01 Training loss 5.81403e-03 Validation loss 6.21004e-03 Time taken: 0.08 seconds 
Epoch: 132/200 Train accuracy: 7.22531e-01 Validation accuracy: 7.13333e-01 Training loss 5.82089e-03 Validation loss 6.19316e-03 Time taken: 0.08 seconds 
Epoch: 133/200 Train accuracy: 7.22103e-01 Validation accuracy: 7.18000e-01 Training loss 5.81067e-03 Validation loss 6.19561e-03 Time taken: 0.08 seconds 
Epoch: 134/200 Train accuracy: 7.22317e-01 Validation accuracy: 7.16333e-01 Training loss 5.80946e-03 Validation loss 6.18346e-03 Time taken: 0.08 seconds 
Epoch: 135/200 Train accuracy: 7.23030e-01 Validation accuracy: 7.14667e-01 Training loss 5.80608e-03 Validation loss 6.16987e-03 Time taken: 0.09 seconds 
Epoch: 136/200 Train accuracy: 7.20322e-01 Validation accuracy: 7.15000e-01 Training loss 5.81574e-03 Validation loss 6.18163e-03 Time taken: 0.10 seconds 
Epoch: 137/200 Train accuracy: 7.22959e-01 Validation accuracy: 7.07000e-01 Training loss 5.81037e-03 Validation loss 6.18515e-03 Time taken: 0.08 seconds 
Epoch: 138/200 Train accuracy: 7.23956e-01 Validation accuracy: 7.15667e-01 Training loss 5.80893e-03 Validation loss 6.17197e-03 Time taken: 0.08 seconds 
Epoch: 139/200 Train accuracy: 7.21106e-01 Validation accuracy: 7.13000e-01 Training loss 5.80326e-03 Validation loss 6.22955e-03 Time taken: 0.08 seconds 
Epoch: 140/200 Train accuracy: 7.23671e-01 Validation accuracy: 7.17000e-01 Training loss 5.80942e-03 Validation loss 6.20054e-03 Time taken: 0.08 seconds 
Epoch: 141/200 Train accuracy: 7.23671e-01 Validation accuracy: 7.14000e-01 Training loss 5.80329e-03 Validation loss 6.17149e-03 Time taken: 0.08 seconds 
Epoch: 142/200 Train accuracy: 7.22460e-01 Validation accuracy: 7.16333e-01 Training loss 5.80416e-03 Validation loss 6.18155e-03 Time taken: 0.08 seconds 
Epoch: 143/200 Train accuracy: 7.23671e-01 Validation accuracy: 7.19000e-01 Training loss 5.80472e-03 Validation loss 6.20162e-03 Time taken: 0.11 seconds 
Epoch: 144/200 Train accuracy: 7.23101e-01 Validation accuracy: 7.16000e-01 Training loss 5.80176e-03 Validation loss 6.18234e-03 Time taken: 0.09 seconds 
Epoch: 145/200 Train accuracy: 7.23244e-01 Validation accuracy: 7.18000e-01 Training loss 5.80683e-03 Validation loss 6.17967e-03 Time taken: 0.08 seconds 
Epoch: 146/200 Train accuracy: 7.24597e-01 Validation accuracy: 7.16667e-01 Training loss 5.80333e-03 Validation loss 6.18141e-03 Time taken: 0.08 seconds 
Epoch: 147/200 Train accuracy: 7.24099e-01 Validation accuracy: 7.08333e-01 Training loss 5.80137e-03 Validation loss 6.16048e-03 Time taken: 0.08 seconds 
Epoch: 148/200 Train accuracy: 7.23671e-01 Validation accuracy: 7.14667e-01 Training loss 5.79563e-03 Validation loss 6.17833e-03 Time taken: 0.08 seconds 
Epoch: 149/200 Train accuracy: 7.24241e-01 Validation accuracy: 7.17667e-01 Training loss 5.79999e-03 Validation loss 6.18907e-03 Time taken: 0.08 seconds 
Epoch: 150/200 Train accuracy: 7.23600e-01 Validation accuracy: 7.07333e-01 Training loss 5.80034e-03 Validation loss 6.15609e-03 Time taken: 0.08 seconds 
Epoch: 151/200 Train accuracy: 7.24099e-01 Validation accuracy: 7.14667e-01 Training loss 5.79526e-03 Validation loss 6.15666e-03 Time taken: 0.08 seconds 
Epoch: 152/200 Train accuracy: 7.23885e-01 Validation accuracy: 7.16333e-01 Training loss 5.79764e-03 Validation loss 6.16056e-03 Time taken: 0.08 seconds 
Epoch: 153/200 Train accuracy: 7.22887e-01 Validation accuracy: 7.16000e-01 Training loss 5.79296e-03 Validation loss 6.16540e-03 Time taken: 0.08 seconds 
Epoch: 154/200 Train accuracy: 7.24882e-01 Validation accuracy: 7.12000e-01 Training loss 5.79314e-03 Validation loss 6.14712e-03 Time taken: 0.08 seconds 
Epoch: 155/200 Train accuracy: 7.23172e-01 Validation accuracy: 7.21000e-01 Training loss 5.79475e-03 Validation loss 6.18201e-03 Time taken: 0.08 seconds 
Epoch: 156/200 Train accuracy: 7.22460e-01 Validation accuracy: 7.04333e-01 Training loss 5.79619e-03 Validation loss 6.17245e-03 Time taken: 0.08 seconds 
Epoch: 157/200 Train accuracy: 7.23600e-01 Validation accuracy: 7.13667e-01 Training loss 5.79000e-03 Validation loss 6.20577e-03 Time taken: 0.08 seconds 
Epoch: 158/200 Train accuracy: 7.22674e-01 Validation accuracy: 7.16333e-01 Training loss 5.79775e-03 Validation loss 6.15636e-03 Time taken: 0.08 seconds 
Epoch: 159/200 Train accuracy: 7.24740e-01 Validation accuracy: 7.12333e-01 Training loss 5.79353e-03 Validation loss 6.14352e-03 Time taken: 0.08 seconds 
Epoch: 160/200 Train accuracy: 7.25239e-01 Validation accuracy: 7.17333e-01 Training loss 5.77835e-03 Validation loss 6.16329e-03 Time taken: 0.08 seconds 
Epoch: 161/200 Train accuracy: 7.23315e-01 Validation accuracy: 7.18333e-01 Training loss 5.78900e-03 Validation loss 6.14735e-03 Time taken: 0.08 seconds 
Epoch: 162/200 Train accuracy: 7.24526e-01 Validation accuracy: 7.16333e-01 Training loss 5.78168e-03 Validation loss 6.15333e-03 Time taken: 0.08 seconds 
Epoch: 163/200 Train accuracy: 7.25025e-01 Validation accuracy: 7.12667e-01 Training loss 5.78873e-03 Validation loss 6.16269e-03 Time taken: 0.08 seconds 
Epoch: 164/200 Train accuracy: 7.22246e-01 Validation accuracy: 7.16000e-01 Training loss 5.79217e-03 Validation loss 6.15424e-03 Time taken: 0.08 seconds 
Epoch: 165/200 Train accuracy: 7.23671e-01 Validation accuracy: 7.15667e-01 Training loss 5.78326e-03 Validation loss 6.16135e-03 Time taken: 0.08 seconds 
Epoch: 166/200 Train accuracy: 7.24241e-01 Validation accuracy: 7.19667e-01 Training loss 5.78476e-03 Validation loss 6.15006e-03 Time taken: 0.08 seconds 
Epoch: 167/200 Train accuracy: 7.26593e-01 Validation accuracy: 7.15000e-01 Training loss 5.78583e-03 Validation loss 6.13935e-03 Time taken: 0.08 seconds 
Epoch: 168/200 Train accuracy: 7.27946e-01 Validation accuracy: 7.17333e-01 Training loss 5.77817e-03 Validation loss 6.14266e-03 Time taken: 0.10 seconds 
Epoch: 169/200 Train accuracy: 7.25452e-01 Validation accuracy: 7.14667e-01 Training loss 5.77324e-03 Validation loss 6.18105e-03 Time taken: 0.12 seconds 
Epoch: 170/200 Train accuracy: 7.23030e-01 Validation accuracy: 7.12000e-01 Training loss 5.78234e-03 Validation loss 6.13517e-03 Time taken: 0.09 seconds 
Epoch: 171/200 Train accuracy: 7.24954e-01 Validation accuracy: 7.16667e-01 Training loss 5.77812e-03 Validation loss 6.14996e-03 Time taken: 0.08 seconds 
Epoch: 172/200 Train accuracy: 7.24312e-01 Validation accuracy: 7.19000e-01 Training loss 5.78043e-03 Validation loss 6.14350e-03 Time taken: 0.08 seconds 
Epoch: 173/200 Train accuracy: 7.24526e-01 Validation accuracy: 7.17333e-01 Training loss 5.77344e-03 Validation loss 6.14494e-03 Time taken: 0.08 seconds 
Epoch: 174/200 Train accuracy: 7.26735e-01 Validation accuracy: 7.15667e-01 Training loss 5.77146e-03 Validation loss 6.13822e-03 Time taken: 0.08 seconds 
Epoch: 175/200 Train accuracy: 7.26308e-01 Validation accuracy: 7.16667e-01 Training loss 5.76880e-03 Validation loss 6.14602e-03 Time taken: 0.08 seconds 
Epoch: 176/200 Train accuracy: 7.25310e-01 Validation accuracy: 7.18667e-01 Training loss 5.77095e-03 Validation loss 6.15481e-03 Time taken: 0.08 seconds 
Epoch: 177/200 Train accuracy: 7.23315e-01 Validation accuracy: 7.10667e-01 Training loss 5.77349e-03 Validation loss 6.17314e-03 Time taken: 0.08 seconds 
Epoch: 178/200 Train accuracy: 7.25310e-01 Validation accuracy: 7.16667e-01 Training loss 5.77056e-03 Validation loss 6.12705e-03 Time taken: 0.08 seconds 
Epoch: 179/200 Train accuracy: 7.24954e-01 Validation accuracy: 7.17333e-01 Training loss 5.77067e-03 Validation loss 6.13475e-03 Time taken: 0.08 seconds 
Epoch: 180/200 Train accuracy: 7.27305e-01 Validation accuracy: 7.19333e-01 Training loss 5.76703e-03 Validation loss 6.14124e-03 Time taken: 0.08 seconds 
Epoch: 181/200 Train accuracy: 7.26094e-01 Validation accuracy: 7.18000e-01 Training loss 5.76855e-03 Validation loss 6.15607e-03 Time taken: 0.08 seconds 
Epoch: 182/200 Train accuracy: 7.25595e-01 Validation accuracy: 7.09333e-01 Training loss 5.76219e-03 Validation loss 6.15051e-03 Time taken: 0.08 seconds 
Epoch: 183/200 Train accuracy: 7.24740e-01 Validation accuracy: 7.19667e-01 Training loss 5.77487e-03 Validation loss 6.12649e-03 Time taken: 0.08 seconds 
Epoch: 184/200 Train accuracy: 7.25951e-01 Validation accuracy: 7.17333e-01 Training loss 5.77173e-03 Validation loss 6.17964e-03 Time taken: 0.08 seconds 
Epoch: 185/200 Train accuracy: 7.25524e-01 Validation accuracy: 7.13000e-01 Training loss 5.76802e-03 Validation loss 6.13744e-03 Time taken: 0.08 seconds 
Epoch: 186/200 Train accuracy: 7.25951e-01 Validation accuracy: 7.17000e-01 Training loss 5.76628e-03 Validation loss 6.16832e-03 Time taken: 0.08 seconds 
Epoch: 187/200 Train accuracy: 7.25809e-01 Validation accuracy: 7.19667e-01 Training loss 5.76991e-03 Validation loss 6.13701e-03 Time taken: 0.08 seconds 
Epoch: 188/200 Train accuracy: 7.26023e-01 Validation accuracy: 7.15333e-01 Training loss 5.75976e-03 Validation loss 6.13654e-03 Time taken: 0.08 seconds 
Epoch: 189/200 Train accuracy: 7.24882e-01 Validation accuracy: 7.08000e-01 Training loss 5.76513e-03 Validation loss 6.17023e-03 Time taken: 0.08 seconds 
Epoch: 190/200 Train accuracy: 7.26379e-01 Validation accuracy: 7.20333e-01 Training loss 5.76086e-03 Validation loss 6.15564e-03 Time taken: 0.08 seconds 
Epoch: 191/200 Train accuracy: 7.25310e-01 Validation accuracy: 7.16000e-01 Training loss 5.76769e-03 Validation loss 6.14233e-03 Time taken: 0.08 seconds 
Epoch: 192/200 Train accuracy: 7.24241e-01 Validation accuracy: 7.14667e-01 Training loss 5.76068e-03 Validation loss 6.14646e-03 Time taken: 0.08 seconds 
Epoch: 193/200 Train accuracy: 7.26379e-01 Validation accuracy: 7.15667e-01 Training loss 5.76407e-03 Validation loss 6.13643e-03 Time taken: 0.10 seconds 
Epoch: 194/200 Train accuracy: 7.26236e-01 Validation accuracy: 7.15333e-01 Training loss 5.75722e-03 Validation loss 6.12335e-03 Time taken: 0.08 seconds 
Epoch: 195/200 Train accuracy: 7.25880e-01 Validation accuracy: 7.19000e-01 Training loss 5.75951e-03 Validation loss 6.12639e-03 Time taken: 0.08 seconds 
Epoch: 196/200 Train accuracy: 7.24811e-01 Validation accuracy: 7.17333e-01 Training loss 5.75367e-03 Validation loss 6.14194e-03 Time taken: 0.08 seconds 
Epoch: 197/200 Train accuracy: 7.26094e-01 Validation accuracy: 7.18333e-01 Training loss 5.75980e-03 Validation loss 6.12612e-03 Time taken: 0.08 seconds 
Epoch: 198/200 Train accuracy: 7.25666e-01 Validation accuracy: 7.17667e-01 Training loss 5.75876e-03 Validation loss 6.14026e-03 Time taken: 0.08 seconds 
Epoch: 199/200 Train accuracy: 7.27590e-01 Validation accuracy: 7.18000e-01 Training loss 5.75248e-03 Validation loss 6.13595e-03 Time taken: 0.08 seconds 
Epoch: 200/200 Train accuracy: 7.25310e-01 Validation accuracy: 7.17000e-01 Training loss 5.75286e-03 Validation loss 6.12108e-03 Time taken: 0.08 seconds 
Total time taken 0:00:17.780020
Cleaning up intermediate feature (.pt) files
Done


working on file logs_PKT_chunks/iic-train-l2-seed0-KNN-ep750/jepa-iic-ep500.pth.tar ...
Directory logs_PKT_chunks/iic-train-l2-seed0-KNN-ep750/classifiers for saving the classifiers is now present
VisionTransformer(
  (patch_embed): PatchEmbed(
    (proj): Conv2d(3, 768, kernel_size=(15, 15), stride=(15, 15))
  )
  (blocks): ModuleList(
    (0-11): 12 x Block(
      (norm1): LayerNorm((768,), eps=1e-06, elementwise_affine=True)
      (attn): Attention(
        (qkv): Linear(in_features=768, out_features=2304, bias=True)
        (attn_drop): Dropout(p=0.0, inplace=False)
        (proj): Linear(in_features=768, out_features=768, bias=True)
        (proj_drop): Dropout(p=0.0, inplace=False)
      )
      (drop_path): Identity()
      (norm2): LayerNorm((768,), eps=1e-06, elementwise_affine=True)
      (mlp): MLP(
        (fc1): Linear(in_features=768, out_features=3072, bias=True)
        (act): GELU(approximate='none')
        (fc2): Linear(in_features=3072, out_features=768, bias=True)
        (drop): Dropout(p=0.0, inplace=False)
      )
    )
  )
  (norm): LayerNorm((768,), eps=1e-06, elementwise_affine=True)
)
Extracting features and saving them in memory..
Extracting features...
Time taken to extract features: 25.12640277700848
Epoch: 1/200 Train accuracy: 4.70144e-01 Validation accuracy: 6.50000e-01 Training loss 1.16562e-02 Validation loss 8.70347e-03 Time taken: 0.08 seconds 
Epoch: 2/200 Train accuracy: 6.77498e-01 Validation accuracy: 6.98000e-01 Training loss 7.61655e-03 Validation loss 7.31200e-03 Time taken: 0.14 seconds 
Epoch: 3/200 Train accuracy: 7.07069e-01 Validation accuracy: 7.14667e-01 Training loss 6.70533e-03 Validation loss 6.72953e-03 Time taken: 0.14 seconds 
Epoch: 4/200 Train accuracy: 7.20536e-01 Validation accuracy: 7.31000e-01 Training loss 6.24971e-03 Validation loss 6.39982e-03 Time taken: 0.14 seconds 
Epoch: 5/200 Train accuracy: 7.29514e-01 Validation accuracy: 7.34667e-01 Training loss 5.97296e-03 Validation loss 6.12963e-03 Time taken: 0.14 seconds 
Epoch: 6/200 Train accuracy: 7.36497e-01 Validation accuracy: 7.41667e-01 Training loss 5.76778e-03 Validation loss 5.95616e-03 Time taken: 0.13 seconds 
Epoch: 7/200 Train accuracy: 7.45832e-01 Validation accuracy: 7.50667e-01 Training loss 5.60950e-03 Validation loss 5.82102e-03 Time taken: 0.14 seconds 
Epoch: 8/200 Train accuracy: 7.49109e-01 Validation accuracy: 7.52667e-01 Training loss 5.48539e-03 Validation loss 5.68140e-03 Time taken: 0.14 seconds 
Epoch: 9/200 Train accuracy: 7.53100e-01 Validation accuracy: 7.56333e-01 Training loss 5.38854e-03 Validation loss 5.58376e-03 Time taken: 0.15 seconds 
Epoch: 10/200 Train accuracy: 7.55309e-01 Validation accuracy: 7.56667e-01 Training loss 5.30396e-03 Validation loss 5.50913e-03 Time taken: 0.14 seconds 
Epoch: 11/200 Train accuracy: 7.59370e-01 Validation accuracy: 7.57667e-01 Training loss 5.23506e-03 Validation loss 5.44516e-03 Time taken: 0.16 seconds 
Epoch: 12/200 Train accuracy: 7.63075e-01 Validation accuracy: 7.57333e-01 Training loss 5.18104e-03 Validation loss 5.37531e-03 Time taken: 0.14 seconds 
Epoch: 13/200 Train accuracy: 7.64572e-01 Validation accuracy: 7.63667e-01 Training loss 5.12925e-03 Validation loss 5.33676e-03 Time taken: 0.15 seconds 
Epoch: 14/200 Train accuracy: 7.65498e-01 Validation accuracy: 7.61000e-01 Training loss 5.08897e-03 Validation loss 5.31218e-03 Time taken: 0.14 seconds 
Epoch: 15/200 Train accuracy: 7.68348e-01 Validation accuracy: 7.64667e-01 Training loss 5.04325e-03 Validation loss 5.25208e-03 Time taken: 0.09 seconds 
Epoch: 16/200 Train accuracy: 7.71412e-01 Validation accuracy: 7.66667e-01 Training loss 5.00682e-03 Validation loss 5.22638e-03 Time taken: 0.08 seconds 
Epoch: 17/200 Train accuracy: 7.72054e-01 Validation accuracy: 7.67667e-01 Training loss 4.97736e-03 Validation loss 5.16964e-03 Time taken: 0.08 seconds 
Epoch: 18/200 Train accuracy: 7.73550e-01 Validation accuracy: 7.68667e-01 Training loss 4.94825e-03 Validation loss 5.13995e-03 Time taken: 0.08 seconds 
Epoch: 19/200 Train accuracy: 7.74975e-01 Validation accuracy: 7.74667e-01 Training loss 4.91796e-03 Validation loss 5.15003e-03 Time taken: 0.08 seconds 
Epoch: 20/200 Train accuracy: 7.74405e-01 Validation accuracy: 7.71333e-01 Training loss 4.88692e-03 Validation loss 5.11770e-03 Time taken: 0.08 seconds 
Epoch: 21/200 Train accuracy: 7.75973e-01 Validation accuracy: 7.75667e-01 Training loss 4.87175e-03 Validation loss 5.08029e-03 Time taken: 0.08 seconds 
Epoch: 22/200 Train accuracy: 7.78395e-01 Validation accuracy: 7.74333e-01 Training loss 4.84699e-03 Validation loss 5.04459e-03 Time taken: 0.08 seconds 
Epoch: 23/200 Train accuracy: 7.79678e-01 Validation accuracy: 7.76333e-01 Training loss 4.82313e-03 Validation loss 5.06406e-03 Time taken: 0.08 seconds 
Epoch: 24/200 Train accuracy: 7.79678e-01 Validation accuracy: 7.75333e-01 Training loss 4.80557e-03 Validation loss 5.02119e-03 Time taken: 0.08 seconds 
Epoch: 25/200 Train accuracy: 7.80747e-01 Validation accuracy: 7.77000e-01 Training loss 4.78280e-03 Validation loss 4.98654e-03 Time taken: 0.08 seconds 
Epoch: 26/200 Train accuracy: 7.82172e-01 Validation accuracy: 7.79667e-01 Training loss 4.77299e-03 Validation loss 4.98385e-03 Time taken: 0.08 seconds 
Epoch: 27/200 Train accuracy: 7.83811e-01 Validation accuracy: 7.76000e-01 Training loss 4.75137e-03 Validation loss 4.96224e-03 Time taken: 0.08 seconds 
Epoch: 28/200 Train accuracy: 7.83312e-01 Validation accuracy: 7.76667e-01 Training loss 4.73518e-03 Validation loss 4.94385e-03 Time taken: 0.08 seconds 
Epoch: 29/200 Train accuracy: 7.83739e-01 Validation accuracy: 7.83333e-01 Training loss 4.71817e-03 Validation loss 4.92796e-03 Time taken: 0.08 seconds 
Epoch: 30/200 Train accuracy: 7.85307e-01 Validation accuracy: 7.76000e-01 Training loss 4.70851e-03 Validation loss 4.95937e-03 Time taken: 0.08 seconds 
Epoch: 31/200 Train accuracy: 7.84523e-01 Validation accuracy: 7.79667e-01 Training loss 4.70169e-03 Validation loss 4.93913e-03 Time taken: 0.08 seconds 
Epoch: 32/200 Train accuracy: 7.86518e-01 Validation accuracy: 7.79667e-01 Training loss 4.67718e-03 Validation loss 4.91659e-03 Time taken: 0.09 seconds 
Epoch: 33/200 Train accuracy: 7.86661e-01 Validation accuracy: 7.74667e-01 Training loss 4.67597e-03 Validation loss 4.89113e-03 Time taken: 0.09 seconds 
Epoch: 34/200 Train accuracy: 7.86946e-01 Validation accuracy: 7.79000e-01 Training loss 4.66053e-03 Validation loss 4.87309e-03 Time taken: 0.10 seconds 
Epoch: 35/200 Train accuracy: 7.87516e-01 Validation accuracy: 7.80667e-01 Training loss 4.65354e-03 Validation loss 4.87682e-03 Time taken: 0.09 seconds 
Epoch: 36/200 Train accuracy: 7.87017e-01 Validation accuracy: 7.82333e-01 Training loss 4.64112e-03 Validation loss 4.85748e-03 Time taken: 0.10 seconds 
Epoch: 37/200 Train accuracy: 7.88371e-01 Validation accuracy: 7.84333e-01 Training loss 4.62960e-03 Validation loss 4.83283e-03 Time taken: 0.08 seconds 
Epoch: 38/200 Train accuracy: 7.88656e-01 Validation accuracy: 7.81667e-01 Training loss 4.61349e-03 Validation loss 4.86876e-03 Time taken: 0.08 seconds 
Epoch: 39/200 Train accuracy: 7.89369e-01 Validation accuracy: 7.83667e-01 Training loss 4.60940e-03 Validation loss 4.84531e-03 Time taken: 0.08 seconds 
Epoch: 40/200 Train accuracy: 7.89939e-01 Validation accuracy: 7.85667e-01 Training loss 4.60246e-03 Validation loss 4.82717e-03 Time taken: 0.08 seconds 
Epoch: 41/200 Train accuracy: 7.90081e-01 Validation accuracy: 7.81667e-01 Training loss 4.59064e-03 Validation loss 4.81570e-03 Time taken: 0.08 seconds 
Epoch: 42/200 Train accuracy: 7.89440e-01 Validation accuracy: 7.84333e-01 Training loss 4.58156e-03 Validation loss 4.83812e-03 Time taken: 0.08 seconds 
Epoch: 43/200 Train accuracy: 7.90010e-01 Validation accuracy: 7.81000e-01 Training loss 4.57653e-03 Validation loss 4.78814e-03 Time taken: 0.08 seconds 
Epoch: 44/200 Train accuracy: 7.93074e-01 Validation accuracy: 7.82000e-01 Training loss 4.56546e-03 Validation loss 4.78227e-03 Time taken: 0.08 seconds 
Epoch: 45/200 Train accuracy: 7.92219e-01 Validation accuracy: 7.86667e-01 Training loss 4.55274e-03 Validation loss 4.78822e-03 Time taken: 0.08 seconds 
Epoch: 46/200 Train accuracy: 7.92646e-01 Validation accuracy: 7.82333e-01 Training loss 4.56194e-03 Validation loss 4.76641e-03 Time taken: 0.08 seconds 
Epoch: 47/200 Train accuracy: 7.91435e-01 Validation accuracy: 7.82667e-01 Training loss 4.55279e-03 Validation loss 4.78336e-03 Time taken: 0.08 seconds 
Epoch: 48/200 Train accuracy: 7.91221e-01 Validation accuracy: 7.86000e-01 Training loss 4.53545e-03 Validation loss 4.77898e-03 Time taken: 0.08 seconds 
Epoch: 49/200 Train accuracy: 7.93288e-01 Validation accuracy: 7.82333e-01 Training loss 4.52989e-03 Validation loss 4.75388e-03 Time taken: 0.08 seconds 
Epoch: 50/200 Train accuracy: 7.93858e-01 Validation accuracy: 7.84000e-01 Training loss 4.52593e-03 Validation loss 4.75637e-03 Time taken: 0.08 seconds 
Epoch: 51/200 Train accuracy: 7.94143e-01 Validation accuracy: 7.89000e-01 Training loss 4.52232e-03 Validation loss 4.73111e-03 Time taken: 0.09 seconds 
Epoch: 52/200 Train accuracy: 7.93359e-01 Validation accuracy: 7.83667e-01 Training loss 4.51355e-03 Validation loss 4.74456e-03 Time taken: 0.08 seconds 
Epoch: 53/200 Train accuracy: 7.93715e-01 Validation accuracy: 7.84000e-01 Training loss 4.50597e-03 Validation loss 4.73447e-03 Time taken: 0.08 seconds 
Epoch: 54/200 Train accuracy: 7.93573e-01 Validation accuracy: 7.89333e-01 Training loss 4.50710e-03 Validation loss 4.73003e-03 Time taken: 0.08 seconds 
Epoch: 55/200 Train accuracy: 7.96637e-01 Validation accuracy: 7.87000e-01 Training loss 4.48808e-03 Validation loss 4.72200e-03 Time taken: 0.08 seconds 
Epoch: 56/200 Train accuracy: 7.96209e-01 Validation accuracy: 7.92000e-01 Training loss 4.48829e-03 Validation loss 4.73006e-03 Time taken: 0.08 seconds 
Epoch: 57/200 Train accuracy: 7.95568e-01 Validation accuracy: 7.88333e-01 Training loss 4.48262e-03 Validation loss 4.71380e-03 Time taken: 0.08 seconds 
Epoch: 58/200 Train accuracy: 7.96209e-01 Validation accuracy: 7.88000e-01 Training loss 4.47599e-03 Validation loss 4.68994e-03 Time taken: 0.08 seconds 
Epoch: 59/200 Train accuracy: 7.95924e-01 Validation accuracy: 7.91667e-01 Training loss 4.47818e-03 Validation loss 4.69721e-03 Time taken: 0.09 seconds 
Epoch: 60/200 Train accuracy: 7.94143e-01 Validation accuracy: 7.90333e-01 Training loss 4.47008e-03 Validation loss 4.69831e-03 Time taken: 0.08 seconds 
Epoch: 61/200 Train accuracy: 7.94998e-01 Validation accuracy: 7.91667e-01 Training loss 4.46376e-03 Validation loss 4.68277e-03 Time taken: 0.08 seconds 
Epoch: 62/200 Train accuracy: 7.96209e-01 Validation accuracy: 7.89333e-01 Training loss 4.46000e-03 Validation loss 4.68719e-03 Time taken: 0.08 seconds 
Epoch: 63/200 Train accuracy: 7.97634e-01 Validation accuracy: 7.91000e-01 Training loss 4.44938e-03 Validation loss 4.68079e-03 Time taken: 0.08 seconds 
Epoch: 64/200 Train accuracy: 7.95140e-01 Validation accuracy: 7.91667e-01 Training loss 4.45188e-03 Validation loss 4.67645e-03 Time taken: 0.08 seconds 
Epoch: 65/200 Train accuracy: 7.98133e-01 Validation accuracy: 7.88667e-01 Training loss 4.45155e-03 Validation loss 4.66558e-03 Time taken: 0.08 seconds 
Epoch: 66/200 Train accuracy: 7.96209e-01 Validation accuracy: 7.91333e-01 Training loss 4.43895e-03 Validation loss 4.67005e-03 Time taken: 0.08 seconds 
Epoch: 67/200 Train accuracy: 7.97991e-01 Validation accuracy: 7.91333e-01 Training loss 4.43288e-03 Validation loss 4.66471e-03 Time taken: 0.08 seconds 
Epoch: 68/200 Train accuracy: 7.97136e-01 Validation accuracy: 7.93333e-01 Training loss 4.43044e-03 Validation loss 4.65344e-03 Time taken: 0.08 seconds 
Epoch: 69/200 Train accuracy: 7.97207e-01 Validation accuracy: 7.92333e-01 Training loss 4.42954e-03 Validation loss 4.67293e-03 Time taken: 0.08 seconds 
Epoch: 70/200 Train accuracy: 7.98632e-01 Validation accuracy: 7.90000e-01 Training loss 4.42443e-03 Validation loss 4.68277e-03 Time taken: 0.08 seconds 
Epoch: 71/200 Train accuracy: 7.98347e-01 Validation accuracy: 7.93667e-01 Training loss 4.42417e-03 Validation loss 4.64720e-03 Time taken: 0.08 seconds 
Epoch: 72/200 Train accuracy: 7.97349e-01 Validation accuracy: 7.93333e-01 Training loss 4.41568e-03 Validation loss 4.64930e-03 Time taken: 0.08 seconds 
Epoch: 73/200 Train accuracy: 7.98988e-01 Validation accuracy: 7.90000e-01 Training loss 4.41482e-03 Validation loss 4.64818e-03 Time taken: 0.08 seconds 
Epoch: 74/200 Train accuracy: 7.98062e-01 Validation accuracy: 7.91333e-01 Training loss 4.40791e-03 Validation loss 4.66710e-03 Time taken: 0.08 seconds 
Epoch: 75/200 Train accuracy: 7.99558e-01 Validation accuracy: 7.91667e-01 Training loss 4.40843e-03 Validation loss 4.64020e-03 Time taken: 0.08 seconds 
Epoch: 76/200 Train accuracy: 7.98988e-01 Validation accuracy: 7.91667e-01 Training loss 4.40155e-03 Validation loss 4.62244e-03 Time taken: 0.08 seconds 
Epoch: 77/200 Train accuracy: 7.99059e-01 Validation accuracy: 7.90667e-01 Training loss 4.39313e-03 Validation loss 4.62209e-03 Time taken: 0.08 seconds 
Epoch: 78/200 Train accuracy: 7.99131e-01 Validation accuracy: 7.91333e-01 Training loss 4.39882e-03 Validation loss 4.65770e-03 Time taken: 0.10 seconds 
Epoch: 79/200 Train accuracy: 7.97634e-01 Validation accuracy: 7.92667e-01 Training loss 4.39059e-03 Validation loss 4.61594e-03 Time taken: 0.13 seconds 
Epoch: 80/200 Train accuracy: 8.00983e-01 Validation accuracy: 7.93333e-01 Training loss 4.38005e-03 Validation loss 4.62792e-03 Time taken: 0.13 seconds 
Epoch: 81/200 Train accuracy: 7.99344e-01 Validation accuracy: 7.94333e-01 Training loss 4.37707e-03 Validation loss 4.62395e-03 Time taken: 0.14 seconds 
Epoch: 82/200 Train accuracy: 8.00271e-01 Validation accuracy: 7.94667e-01 Training loss 4.38329e-03 Validation loss 4.60260e-03 Time taken: 0.14 seconds 
Epoch: 83/200 Train accuracy: 8.01625e-01 Validation accuracy: 7.95333e-01 Training loss 4.37272e-03 Validation loss 4.63726e-03 Time taken: 0.14 seconds 
Epoch: 84/200 Train accuracy: 8.00841e-01 Validation accuracy: 7.92000e-01 Training loss 4.36948e-03 Validation loss 4.59764e-03 Time taken: 0.16 seconds 
Epoch: 85/200 Train accuracy: 7.98846e-01 Validation accuracy: 7.94667e-01 Training loss 4.36731e-03 Validation loss 4.59895e-03 Time taken: 0.15 seconds 
Epoch: 86/200 Train accuracy: 8.00200e-01 Validation accuracy: 7.94333e-01 Training loss 4.36148e-03 Validation loss 4.62589e-03 Time taken: 0.14 seconds 
Epoch: 87/200 Train accuracy: 8.00912e-01 Validation accuracy: 7.95333e-01 Training loss 4.36743e-03 Validation loss 4.59872e-03 Time taken: 0.12 seconds 
Epoch: 88/200 Train accuracy: 8.01197e-01 Validation accuracy: 7.94333e-01 Training loss 4.35745e-03 Validation loss 4.59320e-03 Time taken: 0.08 seconds 
Epoch: 89/200 Train accuracy: 8.01197e-01 Validation accuracy: 7.94333e-01 Training loss 4.36162e-03 Validation loss 4.60044e-03 Time taken: 0.08 seconds 
Epoch: 90/200 Train accuracy: 7.99344e-01 Validation accuracy: 7.94667e-01 Training loss 4.35881e-03 Validation loss 4.59534e-03 Time taken: 0.08 seconds 
Epoch: 91/200 Train accuracy: 8.00841e-01 Validation accuracy: 7.97333e-01 Training loss 4.35004e-03 Validation loss 4.58813e-03 Time taken: 0.08 seconds 
Epoch: 92/200 Train accuracy: 8.01268e-01 Validation accuracy: 7.96667e-01 Training loss 4.35449e-03 Validation loss 4.58520e-03 Time taken: 0.08 seconds 
Epoch: 93/200 Train accuracy: 7.99202e-01 Validation accuracy: 7.97333e-01 Training loss 4.34667e-03 Validation loss 4.57817e-03 Time taken: 0.08 seconds 
Epoch: 94/200 Train accuracy: 7.99772e-01 Validation accuracy: 7.95000e-01 Training loss 4.34418e-03 Validation loss 4.57756e-03 Time taken: 0.08 seconds 
Epoch: 95/200 Train accuracy: 8.01197e-01 Validation accuracy: 7.96667e-01 Training loss 4.34249e-03 Validation loss 4.57459e-03 Time taken: 0.15 seconds 
Epoch: 96/200 Train accuracy: 8.00556e-01 Validation accuracy: 7.97000e-01 Training loss 4.34226e-03 Validation loss 4.58196e-03 Time taken: 0.14 seconds 
Epoch: 97/200 Train accuracy: 8.01838e-01 Validation accuracy: 7.94667e-01 Training loss 4.33804e-03 Validation loss 4.58208e-03 Time taken: 0.14 seconds 
Epoch: 98/200 Train accuracy: 8.00271e-01 Validation accuracy: 7.95000e-01 Training loss 4.33561e-03 Validation loss 4.57476e-03 Time taken: 0.15 seconds 
Epoch: 99/200 Train accuracy: 8.01696e-01 Validation accuracy: 7.96667e-01 Training loss 4.33996e-03 Validation loss 4.57453e-03 Time taken: 0.15 seconds 
Epoch: 100/200 Train accuracy: 8.03192e-01 Validation accuracy: 7.96333e-01 Training loss 4.32455e-03 Validation loss 4.58590e-03 Time taken: 0.13 seconds 
Epoch: 101/200 Train accuracy: 8.03192e-01 Validation accuracy: 7.96000e-01 Training loss 4.32887e-03 Validation loss 4.58158e-03 Time taken: 0.10 seconds 
Epoch: 102/200 Train accuracy: 8.02836e-01 Validation accuracy: 7.97000e-01 Training loss 4.33009e-03 Validation loss 4.57007e-03 Time taken: 0.08 seconds 
Epoch: 103/200 Train accuracy: 8.01625e-01 Validation accuracy: 7.98667e-01 Training loss 4.32069e-03 Validation loss 4.56834e-03 Time taken: 0.08 seconds 
Epoch: 104/200 Train accuracy: 8.03905e-01 Validation accuracy: 7.96333e-01 Training loss 4.31645e-03 Validation loss 4.56418e-03 Time taken: 0.08 seconds 
Epoch: 105/200 Train accuracy: 8.02337e-01 Validation accuracy: 7.94333e-01 Training loss 4.31665e-03 Validation loss 4.56543e-03 Time taken: 0.08 seconds 
Epoch: 106/200 Train accuracy: 8.02408e-01 Validation accuracy: 7.93667e-01 Training loss 4.31768e-03 Validation loss 4.60887e-03 Time taken: 0.08 seconds 
Epoch: 107/200 Train accuracy: 8.02693e-01 Validation accuracy: 7.97333e-01 Training loss 4.31752e-03 Validation loss 4.55103e-03 Time taken: 0.09 seconds 
Epoch: 108/200 Train accuracy: 8.02836e-01 Validation accuracy: 7.97667e-01 Training loss 4.31044e-03 Validation loss 4.56182e-03 Time taken: 0.08 seconds 
Epoch: 109/200 Train accuracy: 8.03050e-01 Validation accuracy: 7.95667e-01 Training loss 4.30513e-03 Validation loss 4.57234e-03 Time taken: 0.08 seconds 
Epoch: 110/200 Train accuracy: 8.04475e-01 Validation accuracy: 7.98667e-01 Training loss 4.30843e-03 Validation loss 4.54198e-03 Time taken: 0.08 seconds 
Epoch: 111/200 Train accuracy: 8.02337e-01 Validation accuracy: 7.92667e-01 Training loss 4.29599e-03 Validation loss 4.59691e-03 Time taken: 0.08 seconds 
Epoch: 112/200 Train accuracy: 8.04190e-01 Validation accuracy: 7.99000e-01 Training loss 4.30083e-03 Validation loss 4.54275e-03 Time taken: 0.08 seconds 
Epoch: 113/200 Train accuracy: 8.03976e-01 Validation accuracy: 7.96667e-01 Training loss 4.30496e-03 Validation loss 4.53988e-03 Time taken: 0.08 seconds 
Epoch: 114/200 Train accuracy: 8.01981e-01 Validation accuracy: 8.00667e-01 Training loss 4.30281e-03 Validation loss 4.54665e-03 Time taken: 0.08 seconds 
Epoch: 115/200 Train accuracy: 8.04546e-01 Validation accuracy: 8.02333e-01 Training loss 4.29847e-03 Validation loss 4.53121e-03 Time taken: 0.08 seconds 
Epoch: 116/200 Train accuracy: 8.02765e-01 Validation accuracy: 8.00000e-01 Training loss 4.29167e-03 Validation loss 4.53978e-03 Time taken: 0.08 seconds 
Epoch: 117/200 Train accuracy: 8.03620e-01 Validation accuracy: 8.00000e-01 Training loss 4.28778e-03 Validation loss 4.53208e-03 Time taken: 0.08 seconds 
Epoch: 118/200 Train accuracy: 8.02195e-01 Validation accuracy: 7.96667e-01 Training loss 4.28940e-03 Validation loss 4.52716e-03 Time taken: 0.08 seconds 
Epoch: 119/200 Train accuracy: 8.02836e-01 Validation accuracy: 7.97000e-01 Training loss 4.29574e-03 Validation loss 4.53874e-03 Time taken: 0.08 seconds 
Epoch: 120/200 Train accuracy: 8.04261e-01 Validation accuracy: 8.01667e-01 Training loss 4.28476e-03 Validation loss 4.52699e-03 Time taken: 0.08 seconds 
Epoch: 121/200 Train accuracy: 8.03477e-01 Validation accuracy: 8.00667e-01 Training loss 4.28429e-03 Validation loss 4.52454e-03 Time taken: 0.08 seconds 
Epoch: 122/200 Train accuracy: 8.03121e-01 Validation accuracy: 7.99333e-01 Training loss 4.28195e-03 Validation loss 4.54178e-03 Time taken: 0.08 seconds 
Epoch: 123/200 Train accuracy: 8.03620e-01 Validation accuracy: 7.99667e-01 Training loss 4.27151e-03 Validation loss 4.54256e-03 Time taken: 0.08 seconds 
Epoch: 124/200 Train accuracy: 8.03905e-01 Validation accuracy: 8.00000e-01 Training loss 4.27370e-03 Validation loss 4.51890e-03 Time taken: 0.09 seconds 
Epoch: 125/200 Train accuracy: 8.04760e-01 Validation accuracy: 8.00000e-01 Training loss 4.27659e-03 Validation loss 4.51766e-03 Time taken: 0.08 seconds 
Epoch: 126/200 Train accuracy: 8.03762e-01 Validation accuracy: 7.98667e-01 Training loss 4.27824e-03 Validation loss 4.51135e-03 Time taken: 0.08 seconds 
Epoch: 127/200 Train accuracy: 8.02480e-01 Validation accuracy: 7.99667e-01 Training loss 4.27450e-03 Validation loss 4.51978e-03 Time taken: 0.10 seconds 
Epoch: 128/200 Train accuracy: 8.03121e-01 Validation accuracy: 7.99667e-01 Training loss 4.27639e-03 Validation loss 4.51118e-03 Time taken: 0.08 seconds 
Epoch: 129/200 Train accuracy: 8.02765e-01 Validation accuracy: 7.98000e-01 Training loss 4.26936e-03 Validation loss 4.50579e-03 Time taken: 0.08 seconds 
Epoch: 130/200 Train accuracy: 8.05757e-01 Validation accuracy: 7.97000e-01 Training loss 4.26597e-03 Validation loss 4.54494e-03 Time taken: 0.08 seconds 
Epoch: 131/200 Train accuracy: 8.02836e-01 Validation accuracy: 8.01667e-01 Training loss 4.28307e-03 Validation loss 4.50569e-03 Time taken: 0.08 seconds 
Epoch: 132/200 Train accuracy: 8.03905e-01 Validation accuracy: 7.99667e-01 Training loss 4.26686e-03 Validation loss 4.51142e-03 Time taken: 0.08 seconds 
Epoch: 133/200 Train accuracy: 8.04617e-01 Validation accuracy: 7.98667e-01 Training loss 4.26285e-03 Validation loss 4.50559e-03 Time taken: 0.08 seconds 
Epoch: 134/200 Train accuracy: 8.04404e-01 Validation accuracy: 7.97667e-01 Training loss 4.26211e-03 Validation loss 4.52780e-03 Time taken: 0.08 seconds 
Epoch: 135/200 Train accuracy: 8.04617e-01 Validation accuracy: 7.99000e-01 Training loss 4.26582e-03 Validation loss 4.49633e-03 Time taken: 0.08 seconds 
Epoch: 136/200 Train accuracy: 8.05187e-01 Validation accuracy: 8.01333e-01 Training loss 4.26438e-03 Validation loss 4.49787e-03 Time taken: 0.08 seconds 
Epoch: 137/200 Train accuracy: 8.05615e-01 Validation accuracy: 7.99333e-01 Training loss 4.25462e-03 Validation loss 4.50528e-03 Time taken: 0.08 seconds 
Epoch: 138/200 Train accuracy: 8.05259e-01 Validation accuracy: 8.02333e-01 Training loss 4.25471e-03 Validation loss 4.48723e-03 Time taken: 0.08 seconds 
Epoch: 139/200 Train accuracy: 8.05330e-01 Validation accuracy: 8.01667e-01 Training loss 4.25275e-03 Validation loss 4.49497e-03 Time taken: 0.08 seconds 
Epoch: 140/200 Train accuracy: 8.04475e-01 Validation accuracy: 7.99667e-01 Training loss 4.25872e-03 Validation loss 4.51358e-03 Time taken: 0.08 seconds 
Epoch: 141/200 Train accuracy: 8.04261e-01 Validation accuracy: 8.01667e-01 Training loss 4.25185e-03 Validation loss 4.49226e-03 Time taken: 0.08 seconds 
Epoch: 142/200 Train accuracy: 8.05259e-01 Validation accuracy: 8.02333e-01 Training loss 4.25161e-03 Validation loss 4.48338e-03 Time taken: 0.08 seconds 
Epoch: 143/200 Train accuracy: 8.05472e-01 Validation accuracy: 7.99667e-01 Training loss 4.24465e-03 Validation loss 4.50526e-03 Time taken: 0.08 seconds 
Epoch: 144/200 Train accuracy: 8.04261e-01 Validation accuracy: 7.95667e-01 Training loss 4.24649e-03 Validation loss 4.50451e-03 Time taken: 0.08 seconds 
Epoch: 145/200 Train accuracy: 8.04332e-01 Validation accuracy: 8.00667e-01 Training loss 4.24448e-03 Validation loss 4.48667e-03 Time taken: 0.08 seconds 
Epoch: 146/200 Train accuracy: 8.03976e-01 Validation accuracy: 8.03667e-01 Training loss 4.24683e-03 Validation loss 4.48202e-03 Time taken: 0.08 seconds 
Epoch: 147/200 Train accuracy: 8.07254e-01 Validation accuracy: 8.01667e-01 Training loss 4.23761e-03 Validation loss 4.48211e-03 Time taken: 0.08 seconds 
Epoch: 148/200 Train accuracy: 8.06613e-01 Validation accuracy: 7.99333e-01 Training loss 4.23984e-03 Validation loss 4.49596e-03 Time taken: 0.08 seconds 
Epoch: 149/200 Train accuracy: 8.04974e-01 Validation accuracy: 8.02333e-01 Training loss 4.23264e-03 Validation loss 4.50603e-03 Time taken: 0.08 seconds 
Epoch: 150/200 Train accuracy: 8.06114e-01 Validation accuracy: 7.98333e-01 Training loss 4.23418e-03 Validation loss 4.48890e-03 Time taken: 0.08 seconds 
Epoch: 151/200 Train accuracy: 8.06185e-01 Validation accuracy: 8.01333e-01 Training loss 4.24225e-03 Validation loss 4.49851e-03 Time taken: 0.08 seconds 
Epoch: 152/200 Train accuracy: 8.07183e-01 Validation accuracy: 8.01333e-01 Training loss 4.23708e-03 Validation loss 4.49551e-03 Time taken: 0.08 seconds 
Epoch: 153/200 Train accuracy: 8.06969e-01 Validation accuracy: 7.97667e-01 Training loss 4.23212e-03 Validation loss 4.48951e-03 Time taken: 0.08 seconds 
Epoch: 154/200 Train accuracy: 8.05045e-01 Validation accuracy: 7.98000e-01 Training loss 4.22942e-03 Validation loss 4.52269e-03 Time taken: 0.08 seconds 
Epoch: 155/200 Train accuracy: 8.06470e-01 Validation accuracy: 7.99333e-01 Training loss 4.23475e-03 Validation loss 4.48953e-03 Time taken: 0.08 seconds 
Epoch: 156/200 Train accuracy: 8.05116e-01 Validation accuracy: 8.01000e-01 Training loss 4.23340e-03 Validation loss 4.47606e-03 Time taken: 0.08 seconds 
Epoch: 157/200 Train accuracy: 8.06613e-01 Validation accuracy: 8.01333e-01 Training loss 4.22072e-03 Validation loss 4.47630e-03 Time taken: 0.08 seconds 
Epoch: 158/200 Train accuracy: 8.08109e-01 Validation accuracy: 8.00000e-01 Training loss 4.23328e-03 Validation loss 4.47712e-03 Time taken: 0.08 seconds 
Epoch: 159/200 Train accuracy: 8.07824e-01 Validation accuracy: 8.02000e-01 Training loss 4.22603e-03 Validation loss 4.48164e-03 Time taken: 0.08 seconds 
Epoch: 160/200 Train accuracy: 8.06826e-01 Validation accuracy: 8.02000e-01 Training loss 4.21614e-03 Validation loss 4.48200e-03 Time taken: 0.08 seconds 
Epoch: 161/200 Train accuracy: 8.07325e-01 Validation accuracy: 8.02667e-01 Training loss 4.22638e-03 Validation loss 4.48042e-03 Time taken: 0.08 seconds 
Epoch: 162/200 Train accuracy: 8.06969e-01 Validation accuracy: 8.01667e-01 Training loss 4.21731e-03 Validation loss 4.47945e-03 Time taken: 0.08 seconds 
Epoch: 163/200 Train accuracy: 8.08323e-01 Validation accuracy: 8.01333e-01 Training loss 4.21613e-03 Validation loss 4.46896e-03 Time taken: 0.08 seconds 
Epoch: 164/200 Train accuracy: 8.06114e-01 Validation accuracy: 7.99667e-01 Training loss 4.21620e-03 Validation loss 4.47471e-03 Time taken: 0.08 seconds 
Epoch: 165/200 Train accuracy: 8.07183e-01 Validation accuracy: 8.01333e-01 Training loss 4.21838e-03 Validation loss 4.47206e-03 Time taken: 0.08 seconds 
Epoch: 166/200 Train accuracy: 8.07753e-01 Validation accuracy: 8.00667e-01 Training loss 4.21463e-03 Validation loss 4.47651e-03 Time taken: 0.08 seconds 
Epoch: 167/200 Train accuracy: 8.08180e-01 Validation accuracy: 8.04000e-01 Training loss 4.21444e-03 Validation loss 4.46815e-03 Time taken: 0.08 seconds 
Epoch: 168/200 Train accuracy: 8.07325e-01 Validation accuracy: 8.02000e-01 Training loss 4.21562e-03 Validation loss 4.46103e-03 Time taken: 0.08 seconds 
Epoch: 169/200 Train accuracy: 8.05259e-01 Validation accuracy: 8.02333e-01 Training loss 4.21121e-03 Validation loss 4.45904e-03 Time taken: 0.08 seconds 
Epoch: 170/200 Train accuracy: 8.06898e-01 Validation accuracy: 8.02667e-01 Training loss 4.20931e-03 Validation loss 4.46234e-03 Time taken: 0.08 seconds 
Epoch: 171/200 Train accuracy: 8.07111e-01 Validation accuracy: 8.01000e-01 Training loss 4.21581e-03 Validation loss 4.48292e-03 Time taken: 0.08 seconds 
Epoch: 172/200 Train accuracy: 8.08251e-01 Validation accuracy: 7.98667e-01 Training loss 4.21103e-03 Validation loss 4.48737e-03 Time taken: 0.08 seconds 
Epoch: 173/200 Train accuracy: 8.06399e-01 Validation accuracy: 8.04667e-01 Training loss 4.21784e-03 Validation loss 4.44830e-03 Time taken: 0.08 seconds 
Epoch: 174/200 Train accuracy: 8.06969e-01 Validation accuracy: 8.00000e-01 Training loss 4.20273e-03 Validation loss 4.46935e-03 Time taken: 0.08 seconds 
Epoch: 175/200 Train accuracy: 8.09463e-01 Validation accuracy: 8.01667e-01 Training loss 4.20284e-03 Validation loss 4.48158e-03 Time taken: 0.10 seconds 
Epoch: 176/200 Train accuracy: 8.08893e-01 Validation accuracy: 8.00333e-01 Training loss 4.20261e-03 Validation loss 4.46782e-03 Time taken: 0.08 seconds 
Epoch: 177/200 Train accuracy: 8.08180e-01 Validation accuracy: 8.03000e-01 Training loss 4.20596e-03 Validation loss 4.45931e-03 Time taken: 0.08 seconds 
Epoch: 178/200 Train accuracy: 8.07753e-01 Validation accuracy: 8.03000e-01 Training loss 4.19913e-03 Validation loss 4.44888e-03 Time taken: 0.08 seconds 
Epoch: 179/200 Train accuracy: 8.07681e-01 Validation accuracy: 8.03333e-01 Training loss 4.20463e-03 Validation loss 4.45580e-03 Time taken: 0.08 seconds 
Epoch: 180/200 Train accuracy: 8.08893e-01 Validation accuracy: 8.05667e-01 Training loss 4.19890e-03 Validation loss 4.44638e-03 Time taken: 0.08 seconds 
Epoch: 181/200 Train accuracy: 8.08679e-01 Validation accuracy: 8.04000e-01 Training loss 4.18926e-03 Validation loss 4.46806e-03 Time taken: 0.08 seconds 
Epoch: 182/200 Train accuracy: 8.09106e-01 Validation accuracy: 8.03000e-01 Training loss 4.20109e-03 Validation loss 4.45624e-03 Time taken: 0.08 seconds 
Epoch: 183/200 Train accuracy: 8.08251e-01 Validation accuracy: 8.02667e-01 Training loss 4.19065e-03 Validation loss 4.44886e-03 Time taken: 0.08 seconds 
Epoch: 184/200 Train accuracy: 8.07753e-01 Validation accuracy: 8.00667e-01 Training loss 4.19351e-03 Validation loss 4.45754e-03 Time taken: 0.08 seconds 
Epoch: 185/200 Train accuracy: 8.07966e-01 Validation accuracy: 8.03333e-01 Training loss 4.19316e-03 Validation loss 4.46013e-03 Time taken: 0.08 seconds 
Epoch: 186/200 Train accuracy: 8.07753e-01 Validation accuracy: 8.03667e-01 Training loss 4.19134e-03 Validation loss 4.43819e-03 Time taken: 0.08 seconds 
Epoch: 187/200 Train accuracy: 8.07539e-01 Validation accuracy: 8.02667e-01 Training loss 4.19572e-03 Validation loss 4.44885e-03 Time taken: 0.08 seconds 
Epoch: 188/200 Train accuracy: 8.08251e-01 Validation accuracy: 8.00333e-01 Training loss 4.18914e-03 Validation loss 4.47302e-03 Time taken: 0.08 seconds 
Epoch: 189/200 Train accuracy: 8.08323e-01 Validation accuracy: 8.03667e-01 Training loss 4.19261e-03 Validation loss 4.45859e-03 Time taken: 0.08 seconds 
Epoch: 190/200 Train accuracy: 8.08750e-01 Validation accuracy: 8.00333e-01 Training loss 4.18566e-03 Validation loss 4.44639e-03 Time taken: 0.08 seconds 
Epoch: 191/200 Train accuracy: 8.07610e-01 Validation accuracy: 8.04000e-01 Training loss 4.18241e-03 Validation loss 4.44783e-03 Time taken: 0.08 seconds 
Epoch: 192/200 Train accuracy: 8.05401e-01 Validation accuracy: 8.02000e-01 Training loss 4.18779e-03 Validation loss 4.45134e-03 Time taken: 0.08 seconds 
Epoch: 193/200 Train accuracy: 8.09249e-01 Validation accuracy: 8.03333e-01 Training loss 4.18368e-03 Validation loss 4.42992e-03 Time taken: 0.08 seconds 
Epoch: 194/200 Train accuracy: 8.08109e-01 Validation accuracy: 8.05333e-01 Training loss 4.18704e-03 Validation loss 4.43349e-03 Time taken: 0.08 seconds 
Epoch: 195/200 Train accuracy: 8.08608e-01 Validation accuracy: 8.05000e-01 Training loss 4.17937e-03 Validation loss 4.45347e-03 Time taken: 0.08 seconds 
Epoch: 196/200 Train accuracy: 8.10175e-01 Validation accuracy: 8.05667e-01 Training loss 4.18231e-03 Validation loss 4.42195e-03 Time taken: 0.08 seconds 
Epoch: 197/200 Train accuracy: 8.09249e-01 Validation accuracy: 8.02667e-01 Training loss 4.18253e-03 Validation loss 4.44038e-03 Time taken: 0.08 seconds 
Epoch: 198/200 Train accuracy: 8.07539e-01 Validation accuracy: 8.04333e-01 Training loss 4.18256e-03 Validation loss 4.44560e-03 Time taken: 0.08 seconds 
Epoch: 199/200 Train accuracy: 8.09391e-01 Validation accuracy: 8.05000e-01 Training loss 4.16969e-03 Validation loss 4.42603e-03 Time taken: 0.08 seconds 
Epoch: 200/200 Train accuracy: 8.08679e-01 Validation accuracy: 8.04000e-01 Training loss 4.18313e-03 Validation loss 4.41700e-03 Time taken: 0.08 seconds 
Total time taken 0:00:18.055871
Cleaning up intermediate feature (.pt) files
Done


working on file logs_PKT_chunks/iic-train-l2-seed0-KNN-ep750/jepa-iic-ep750.pth.tar ...
Directory logs_PKT_chunks/iic-train-l2-seed0-KNN-ep750/classifiers for saving the classifiers is now present
VisionTransformer(
  (patch_embed): PatchEmbed(
    (proj): Conv2d(3, 768, kernel_size=(15, 15), stride=(15, 15))
  )
  (blocks): ModuleList(
    (0-11): 12 x Block(
      (norm1): LayerNorm((768,), eps=1e-06, elementwise_affine=True)
      (attn): Attention(
        (qkv): Linear(in_features=768, out_features=2304, bias=True)
        (attn_drop): Dropout(p=0.0, inplace=False)
        (proj): Linear(in_features=768, out_features=768, bias=True)
        (proj_drop): Dropout(p=0.0, inplace=False)
      )
      (drop_path): Identity()
      (norm2): LayerNorm((768,), eps=1e-06, elementwise_affine=True)
      (mlp): MLP(
        (fc1): Linear(in_features=768, out_features=3072, bias=True)
        (act): GELU(approximate='none')
        (fc2): Linear(in_features=3072, out_features=768, bias=True)
        (drop): Dropout(p=0.0, inplace=False)
      )
    )
  )
  (norm): LayerNorm((768,), eps=1e-06, elementwise_affine=True)
)
Extracting features and saving them in memory..
Extracting features...
Time taken to extract features: 24.091161363001447
Epoch: 1/200 Train accuracy: 4.22973e-01 Validation accuracy: 6.55000e-01 Training loss 1.25012e-02 Validation loss 9.48280e-03 Time taken: 0.09 seconds 
Epoch: 2/200 Train accuracy: 7.07425e-01 Validation accuracy: 7.37000e-01 Training loss 7.94101e-03 Validation loss 7.27698e-03 Time taken: 0.08 seconds 
Epoch: 3/200 Train accuracy: 7.47470e-01 Validation accuracy: 7.61667e-01 Training loss 6.51212e-03 Validation loss 6.33192e-03 Time taken: 0.08 seconds 
Epoch: 4/200 Train accuracy: 7.69417e-01 Validation accuracy: 7.74333e-01 Training loss 5.80881e-03 Validation loss 5.78370e-03 Time taken: 0.08 seconds 
Epoch: 5/200 Train accuracy: 7.83098e-01 Validation accuracy: 7.83333e-01 Training loss 5.38834e-03 Validation loss 5.43870e-03 Time taken: 0.08 seconds 
Epoch: 6/200 Train accuracy: 7.90723e-01 Validation accuracy: 7.89000e-01 Training loss 5.10050e-03 Validation loss 5.20297e-03 Time taken: 0.08 seconds 
Epoch: 7/200 Train accuracy: 7.95853e-01 Validation accuracy: 7.97000e-01 Training loss 4.89479e-03 Validation loss 5.00744e-03 Time taken: 0.08 seconds 
Epoch: 8/200 Train accuracy: 8.02693e-01 Validation accuracy: 8.01333e-01 Training loss 4.73452e-03 Validation loss 4.86307e-03 Time taken: 0.08 seconds 
Epoch: 9/200 Train accuracy: 8.05116e-01 Validation accuracy: 8.02000e-01 Training loss 4.60780e-03 Validation loss 4.75355e-03 Time taken: 0.08 seconds 
Epoch: 10/200 Train accuracy: 8.08038e-01 Validation accuracy: 8.05667e-01 Training loss 4.50926e-03 Validation loss 4.66821e-03 Time taken: 0.08 seconds 
Epoch: 11/200 Train accuracy: 8.11885e-01 Validation accuracy: 8.10000e-01 Training loss 4.42267e-03 Validation loss 4.57846e-03 Time taken: 0.08 seconds 
Epoch: 12/200 Train accuracy: 8.12669e-01 Validation accuracy: 8.09667e-01 Training loss 4.35008e-03 Validation loss 4.53911e-03 Time taken: 0.08 seconds 
Epoch: 13/200 Train accuracy: 8.14308e-01 Validation accuracy: 8.11667e-01 Training loss 4.29306e-03 Validation loss 4.46456e-03 Time taken: 0.08 seconds 
Epoch: 14/200 Train accuracy: 8.16232e-01 Validation accuracy: 8.09000e-01 Training loss 4.23805e-03 Validation loss 4.41409e-03 Time taken: 0.10 seconds 
Epoch: 15/200 Train accuracy: 8.16446e-01 Validation accuracy: 8.12333e-01 Training loss 4.19247e-03 Validation loss 4.36433e-03 Time taken: 0.08 seconds 
Epoch: 16/200 Train accuracy: 8.17158e-01 Validation accuracy: 8.14667e-01 Training loss 4.15253e-03 Validation loss 4.34375e-03 Time taken: 0.09 seconds 
Epoch: 17/200 Train accuracy: 8.19439e-01 Validation accuracy: 8.13000e-01 Training loss 4.11602e-03 Validation loss 4.29998e-03 Time taken: 0.08 seconds 
Epoch: 18/200 Train accuracy: 8.19866e-01 Validation accuracy: 8.13333e-01 Training loss 4.07982e-03 Validation loss 4.27780e-03 Time taken: 0.08 seconds 
Epoch: 19/200 Train accuracy: 8.19296e-01 Validation accuracy: 8.15000e-01 Training loss 4.05357e-03 Validation loss 4.24131e-03 Time taken: 0.08 seconds 
Epoch: 20/200 Train accuracy: 8.20864e-01 Validation accuracy: 8.17667e-01 Training loss 4.02667e-03 Validation loss 4.22275e-03 Time taken: 0.08 seconds 
Epoch: 21/200 Train accuracy: 8.21434e-01 Validation accuracy: 8.12667e-01 Training loss 4.00602e-03 Validation loss 4.18434e-03 Time taken: 0.08 seconds 
Epoch: 22/200 Train accuracy: 8.24498e-01 Validation accuracy: 8.15667e-01 Training loss 3.97465e-03 Validation loss 4.16577e-03 Time taken: 0.08 seconds 
Epoch: 23/200 Train accuracy: 8.22716e-01 Validation accuracy: 8.13667e-01 Training loss 3.95676e-03 Validation loss 4.15118e-03 Time taken: 0.09 seconds 
Epoch: 24/200 Train accuracy: 8.24141e-01 Validation accuracy: 8.17667e-01 Training loss 3.93688e-03 Validation loss 4.13455e-03 Time taken: 0.08 seconds 
Epoch: 25/200 Train accuracy: 8.25210e-01 Validation accuracy: 8.17667e-01 Training loss 3.91966e-03 Validation loss 4.10852e-03 Time taken: 0.08 seconds 
Epoch: 26/200 Train accuracy: 8.27277e-01 Validation accuracy: 8.19333e-01 Training loss 3.90713e-03 Validation loss 4.10056e-03 Time taken: 0.08 seconds 
Epoch: 27/200 Train accuracy: 8.26065e-01 Validation accuracy: 8.20667e-01 Training loss 3.88713e-03 Validation loss 4.09478e-03 Time taken: 0.08 seconds 
Epoch: 28/200 Train accuracy: 8.26849e-01 Validation accuracy: 8.22333e-01 Training loss 3.87176e-03 Validation loss 4.10642e-03 Time taken: 0.08 seconds 
Epoch: 29/200 Train accuracy: 8.27775e-01 Validation accuracy: 8.19667e-01 Training loss 3.85616e-03 Validation loss 4.06418e-03 Time taken: 0.08 seconds 
Epoch: 30/200 Train accuracy: 8.27775e-01 Validation accuracy: 8.21333e-01 Training loss 3.84445e-03 Validation loss 4.05628e-03 Time taken: 0.08 seconds 
Epoch: 31/200 Train accuracy: 8.29272e-01 Validation accuracy: 8.20000e-01 Training loss 3.82681e-03 Validation loss 4.04811e-03 Time taken: 0.08 seconds 
Epoch: 32/200 Train accuracy: 8.28915e-01 Validation accuracy: 8.22333e-01 Training loss 3.82402e-03 Validation loss 4.04353e-03 Time taken: 0.08 seconds 
Epoch: 33/200 Train accuracy: 8.29842e-01 Validation accuracy: 8.19667e-01 Training loss 3.81433e-03 Validation loss 4.03879e-03 Time taken: 0.08 seconds 
Epoch: 34/200 Train accuracy: 8.30768e-01 Validation accuracy: 8.23667e-01 Training loss 3.79561e-03 Validation loss 3.99838e-03 Time taken: 0.08 seconds 
Epoch: 35/200 Train accuracy: 8.29272e-01 Validation accuracy: 8.20667e-01 Training loss 3.79012e-03 Validation loss 3.99555e-03 Time taken: 0.08 seconds 
Epoch: 36/200 Train accuracy: 8.31979e-01 Validation accuracy: 8.22000e-01 Training loss 3.77987e-03 Validation loss 3.99428e-03 Time taken: 0.08 seconds 
Epoch: 37/200 Train accuracy: 8.31267e-01 Validation accuracy: 8.20000e-01 Training loss 3.76523e-03 Validation loss 3.98496e-03 Time taken: 0.08 seconds 
Epoch: 38/200 Train accuracy: 8.32906e-01 Validation accuracy: 8.28000e-01 Training loss 3.76329e-03 Validation loss 3.97979e-03 Time taken: 0.09 seconds 
Epoch: 39/200 Train accuracy: 8.34260e-01 Validation accuracy: 8.27000e-01 Training loss 3.74678e-03 Validation loss 3.98747e-03 Time taken: 0.08 seconds 
Epoch: 40/200 Train accuracy: 8.32550e-01 Validation accuracy: 8.30333e-01 Training loss 3.73693e-03 Validation loss 3.95824e-03 Time taken: 0.09 seconds 
Epoch: 41/200 Train accuracy: 8.33761e-01 Validation accuracy: 8.25667e-01 Training loss 3.73339e-03 Validation loss 3.95708e-03 Time taken: 0.14 seconds 
Epoch: 42/200 Train accuracy: 8.33476e-01 Validation accuracy: 8.29000e-01 Training loss 3.72674e-03 Validation loss 3.94136e-03 Time taken: 0.14 seconds 
Epoch: 43/200 Train accuracy: 8.33832e-01 Validation accuracy: 8.26000e-01 Training loss 3.71799e-03 Validation loss 3.94344e-03 Time taken: 0.15 seconds 
Epoch: 44/200 Train accuracy: 8.33547e-01 Validation accuracy: 8.26333e-01 Training loss 3.71155e-03 Validation loss 3.93683e-03 Time taken: 0.17 seconds 
Epoch: 45/200 Train accuracy: 8.34830e-01 Validation accuracy: 8.25667e-01 Training loss 3.70269e-03 Validation loss 3.93397e-03 Time taken: 0.11 seconds 
Epoch: 46/200 Train accuracy: 8.34117e-01 Validation accuracy: 8.27000e-01 Training loss 3.69671e-03 Validation loss 3.91862e-03 Time taken: 0.08 seconds 
Epoch: 47/200 Train accuracy: 8.33547e-01 Validation accuracy: 8.31333e-01 Training loss 3.69275e-03 Validation loss 3.91900e-03 Time taken: 0.08 seconds 
Epoch: 48/200 Train accuracy: 8.35685e-01 Validation accuracy: 8.26333e-01 Training loss 3.67985e-03 Validation loss 3.90756e-03 Time taken: 0.08 seconds 
Epoch: 49/200 Train accuracy: 8.35614e-01 Validation accuracy: 8.31333e-01 Training loss 3.67513e-03 Validation loss 3.91668e-03 Time taken: 0.08 seconds 
Epoch: 50/200 Train accuracy: 8.36041e-01 Validation accuracy: 8.30000e-01 Training loss 3.67053e-03 Validation loss 3.88862e-03 Time taken: 0.08 seconds 
Epoch: 51/200 Train accuracy: 8.35328e-01 Validation accuracy: 8.31333e-01 Training loss 3.66245e-03 Validation loss 3.88562e-03 Time taken: 0.08 seconds 
Epoch: 52/200 Train accuracy: 8.36825e-01 Validation accuracy: 8.31333e-01 Training loss 3.66383e-03 Validation loss 3.90356e-03 Time taken: 0.08 seconds 
Epoch: 53/200 Train accuracy: 8.38963e-01 Validation accuracy: 8.33333e-01 Training loss 3.65064e-03 Validation loss 3.87833e-03 Time taken: 0.08 seconds 
Epoch: 54/200 Train accuracy: 8.36326e-01 Validation accuracy: 8.31667e-01 Training loss 3.64673e-03 Validation loss 3.88851e-03 Time taken: 0.08 seconds 
Epoch: 55/200 Train accuracy: 8.38036e-01 Validation accuracy: 8.31000e-01 Training loss 3.63943e-03 Validation loss 3.88716e-03 Time taken: 0.08 seconds 
Epoch: 56/200 Train accuracy: 8.37181e-01 Validation accuracy: 8.32000e-01 Training loss 3.63860e-03 Validation loss 3.86447e-03 Time taken: 0.08 seconds 
Epoch: 57/200 Train accuracy: 8.36825e-01 Validation accuracy: 8.34667e-01 Training loss 3.63068e-03 Validation loss 3.86704e-03 Time taken: 0.08 seconds 
Epoch: 58/200 Train accuracy: 8.37395e-01 Validation accuracy: 8.32000e-01 Training loss 3.62765e-03 Validation loss 3.86921e-03 Time taken: 0.08 seconds 
Epoch: 59/200 Train accuracy: 8.37466e-01 Validation accuracy: 8.33333e-01 Training loss 3.61937e-03 Validation loss 3.87575e-03 Time taken: 0.08 seconds 
Epoch: 60/200 Train accuracy: 8.37822e-01 Validation accuracy: 8.33333e-01 Training loss 3.62183e-03 Validation loss 3.85111e-03 Time taken: 0.08 seconds 
Epoch: 61/200 Train accuracy: 8.38321e-01 Validation accuracy: 8.33667e-01 Training loss 3.61771e-03 Validation loss 3.84904e-03 Time taken: 0.08 seconds 
Epoch: 62/200 Train accuracy: 8.39034e-01 Validation accuracy: 8.33000e-01 Training loss 3.61482e-03 Validation loss 3.85531e-03 Time taken: 0.11 seconds 
Epoch: 63/200 Train accuracy: 8.38392e-01 Validation accuracy: 8.32667e-01 Training loss 3.61170e-03 Validation loss 3.85153e-03 Time taken: 0.10 seconds 
Epoch: 64/200 Train accuracy: 8.38749e-01 Validation accuracy: 8.33667e-01 Training loss 3.59494e-03 Validation loss 3.83401e-03 Time taken: 0.08 seconds 
Epoch: 65/200 Train accuracy: 8.38677e-01 Validation accuracy: 8.37000e-01 Training loss 3.59720e-03 Validation loss 3.85329e-03 Time taken: 0.08 seconds 
Epoch: 66/200 Train accuracy: 8.39390e-01 Validation accuracy: 8.28333e-01 Training loss 3.59411e-03 Validation loss 3.84138e-03 Time taken: 0.08 seconds 
Epoch: 67/200 Train accuracy: 8.39248e-01 Validation accuracy: 8.36000e-01 Training loss 3.58867e-03 Validation loss 3.82554e-03 Time taken: 0.08 seconds 
Epoch: 68/200 Train accuracy: 8.39533e-01 Validation accuracy: 8.34667e-01 Training loss 3.58422e-03 Validation loss 3.82916e-03 Time taken: 0.08 seconds 
Epoch: 69/200 Train accuracy: 8.40388e-01 Validation accuracy: 8.34000e-01 Training loss 3.57796e-03 Validation loss 3.81995e-03 Time taken: 0.08 seconds 
Epoch: 70/200 Train accuracy: 8.39034e-01 Validation accuracy: 8.35000e-01 Training loss 3.57956e-03 Validation loss 3.82572e-03 Time taken: 0.08 seconds 
Epoch: 71/200 Train accuracy: 8.39533e-01 Validation accuracy: 8.33333e-01 Training loss 3.57851e-03 Validation loss 3.81865e-03 Time taken: 0.08 seconds 
Epoch: 72/200 Train accuracy: 8.39461e-01 Validation accuracy: 8.34333e-01 Training loss 3.57634e-03 Validation loss 3.81333e-03 Time taken: 0.08 seconds 
Epoch: 73/200 Train accuracy: 8.39960e-01 Validation accuracy: 8.31667e-01 Training loss 3.56699e-03 Validation loss 3.86210e-03 Time taken: 0.08 seconds 
Epoch: 74/200 Train accuracy: 8.41456e-01 Validation accuracy: 8.33000e-01 Training loss 3.56588e-03 Validation loss 3.81322e-03 Time taken: 0.08 seconds 
Epoch: 75/200 Train accuracy: 8.40388e-01 Validation accuracy: 8.34667e-01 Training loss 3.56332e-03 Validation loss 3.80553e-03 Time taken: 0.08 seconds 
Epoch: 76/200 Train accuracy: 8.41599e-01 Validation accuracy: 8.34333e-01 Training loss 3.55832e-03 Validation loss 3.81967e-03 Time taken: 0.08 seconds 
Epoch: 77/200 Train accuracy: 8.41456e-01 Validation accuracy: 8.36000e-01 Training loss 3.55329e-03 Validation loss 3.79493e-03 Time taken: 0.08 seconds 
Epoch: 78/200 Train accuracy: 8.39889e-01 Validation accuracy: 8.34333e-01 Training loss 3.54895e-03 Validation loss 3.79784e-03 Time taken: 0.08 seconds 
Epoch: 79/200 Train accuracy: 8.40031e-01 Validation accuracy: 8.34000e-01 Training loss 3.55018e-03 Validation loss 3.80129e-03 Time taken: 0.08 seconds 
Epoch: 80/200 Train accuracy: 8.42312e-01 Validation accuracy: 8.35000e-01 Training loss 3.54002e-03 Validation loss 3.80157e-03 Time taken: 0.08 seconds 
Epoch: 81/200 Train accuracy: 8.42668e-01 Validation accuracy: 8.35000e-01 Training loss 3.53972e-03 Validation loss 3.79047e-03 Time taken: 0.08 seconds 
Epoch: 82/200 Train accuracy: 8.41528e-01 Validation accuracy: 8.33000e-01 Training loss 3.53366e-03 Validation loss 3.79567e-03 Time taken: 0.08 seconds 
Epoch: 83/200 Train accuracy: 8.41670e-01 Validation accuracy: 8.35667e-01 Training loss 3.53406e-03 Validation loss 3.79900e-03 Time taken: 0.08 seconds 
Epoch: 84/200 Train accuracy: 8.41599e-01 Validation accuracy: 8.37333e-01 Training loss 3.52824e-03 Validation loss 3.77646e-03 Time taken: 0.08 seconds 
Epoch: 85/200 Train accuracy: 8.41528e-01 Validation accuracy: 8.36667e-01 Training loss 3.53000e-03 Validation loss 3.77467e-03 Time taken: 0.08 seconds 
Epoch: 86/200 Train accuracy: 8.42312e-01 Validation accuracy: 8.38333e-01 Training loss 3.52661e-03 Validation loss 3.78268e-03 Time taken: 0.08 seconds 
Epoch: 87/200 Train accuracy: 8.41813e-01 Validation accuracy: 8.36000e-01 Training loss 3.52798e-03 Validation loss 3.78815e-03 Time taken: 0.08 seconds 
Epoch: 88/200 Train accuracy: 8.42240e-01 Validation accuracy: 8.39333e-01 Training loss 3.51691e-03 Validation loss 3.77549e-03 Time taken: 0.09 seconds 
Epoch: 89/200 Train accuracy: 8.42383e-01 Validation accuracy: 8.32667e-01 Training loss 3.51721e-03 Validation loss 3.77236e-03 Time taken: 0.08 seconds 
Epoch: 90/200 Train accuracy: 8.42098e-01 Validation accuracy: 8.37667e-01 Training loss 3.51956e-03 Validation loss 3.77806e-03 Time taken: 0.08 seconds 
Epoch: 91/200 Train accuracy: 8.42525e-01 Validation accuracy: 8.34333e-01 Training loss 3.50785e-03 Validation loss 3.79461e-03 Time taken: 0.08 seconds 
Epoch: 92/200 Train accuracy: 8.43024e-01 Validation accuracy: 8.40000e-01 Training loss 3.50505e-03 Validation loss 3.77287e-03 Time taken: 0.08 seconds 
Epoch: 93/200 Train accuracy: 8.41813e-01 Validation accuracy: 8.33000e-01 Training loss 3.50825e-03 Validation loss 3.76850e-03 Time taken: 0.08 seconds 
Epoch: 94/200 Train accuracy: 8.43665e-01 Validation accuracy: 8.36333e-01 Training loss 3.50324e-03 Validation loss 3.75868e-03 Time taken: 0.08 seconds 
Epoch: 95/200 Train accuracy: 8.44164e-01 Validation accuracy: 8.35667e-01 Training loss 3.50546e-03 Validation loss 3.75236e-03 Time taken: 0.08 seconds 
Epoch: 96/200 Train accuracy: 8.42739e-01 Validation accuracy: 8.37000e-01 Training loss 3.49633e-03 Validation loss 3.76026e-03 Time taken: 0.08 seconds 
Epoch: 97/200 Train accuracy: 8.42525e-01 Validation accuracy: 8.38333e-01 Training loss 3.49536e-03 Validation loss 3.79696e-03 Time taken: 0.08 seconds 
Epoch: 98/200 Train accuracy: 8.43523e-01 Validation accuracy: 8.39000e-01 Training loss 3.50028e-03 Validation loss 3.74789e-03 Time taken: 0.08 seconds 
Epoch: 99/200 Train accuracy: 8.43238e-01 Validation accuracy: 8.36333e-01 Training loss 3.49254e-03 Validation loss 3.75751e-03 Time taken: 0.08 seconds 
Epoch: 100/200 Train accuracy: 8.43594e-01 Validation accuracy: 8.39000e-01 Training loss 3.48585e-03 Validation loss 3.82128e-03 Time taken: 0.08 seconds 
Epoch: 101/200 Train accuracy: 8.43665e-01 Validation accuracy: 8.34000e-01 Training loss 3.49629e-03 Validation loss 3.76381e-03 Time taken: 0.08 seconds 
Epoch: 102/200 Train accuracy: 8.43523e-01 Validation accuracy: 8.34667e-01 Training loss 3.48521e-03 Validation loss 3.74240e-03 Time taken: 0.08 seconds 
Epoch: 103/200 Train accuracy: 8.44592e-01 Validation accuracy: 8.34667e-01 Training loss 3.48705e-03 Validation loss 3.74701e-03 Time taken: 0.08 seconds 
Epoch: 104/200 Train accuracy: 8.44592e-01 Validation accuracy: 8.40333e-01 Training loss 3.48568e-03 Validation loss 3.75357e-03 Time taken: 0.08 seconds 
Epoch: 105/200 Train accuracy: 8.44022e-01 Validation accuracy: 8.35000e-01 Training loss 3.47977e-03 Validation loss 3.74316e-03 Time taken: 0.08 seconds 
Epoch: 106/200 Train accuracy: 8.44948e-01 Validation accuracy: 8.35333e-01 Training loss 3.47571e-03 Validation loss 3.73985e-03 Time taken: 0.08 seconds 
Epoch: 107/200 Train accuracy: 8.43238e-01 Validation accuracy: 8.38000e-01 Training loss 3.47739e-03 Validation loss 3.74492e-03 Time taken: 0.08 seconds 
Epoch: 108/200 Train accuracy: 8.44520e-01 Validation accuracy: 8.38667e-01 Training loss 3.47159e-03 Validation loss 3.73816e-03 Time taken: 0.08 seconds 
Epoch: 109/200 Train accuracy: 8.45162e-01 Validation accuracy: 8.36333e-01 Training loss 3.47560e-03 Validation loss 3.72273e-03 Time taken: 0.08 seconds 
Epoch: 110/200 Train accuracy: 8.43808e-01 Validation accuracy: 8.36333e-01 Training loss 3.46925e-03 Validation loss 3.75494e-03 Time taken: 0.08 seconds 
Epoch: 111/200 Train accuracy: 8.43665e-01 Validation accuracy: 8.39000e-01 Training loss 3.47328e-03 Validation loss 3.73233e-03 Time taken: 0.08 seconds 
Epoch: 112/200 Train accuracy: 8.45376e-01 Validation accuracy: 8.36667e-01 Training loss 3.46212e-03 Validation loss 3.74200e-03 Time taken: 0.08 seconds 
Epoch: 113/200 Train accuracy: 8.44663e-01 Validation accuracy: 8.36667e-01 Training loss 3.46193e-03 Validation loss 3.73438e-03 Time taken: 0.08 seconds 
Epoch: 114/200 Train accuracy: 8.43452e-01 Validation accuracy: 8.36333e-01 Training loss 3.46336e-03 Validation loss 3.72299e-03 Time taken: 0.09 seconds 
Epoch: 115/200 Train accuracy: 8.45233e-01 Validation accuracy: 8.36000e-01 Training loss 3.46833e-03 Validation loss 3.75175e-03 Time taken: 0.08 seconds 
Epoch: 116/200 Train accuracy: 8.44592e-01 Validation accuracy: 8.38000e-01 Training loss 3.45991e-03 Validation loss 3.73969e-03 Time taken: 0.08 seconds 
Epoch: 117/200 Train accuracy: 8.45732e-01 Validation accuracy: 8.35667e-01 Training loss 3.46219e-03 Validation loss 3.73494e-03 Time taken: 0.08 seconds 
Epoch: 118/200 Train accuracy: 8.46373e-01 Validation accuracy: 8.41667e-01 Training loss 3.45439e-03 Validation loss 3.72827e-03 Time taken: 0.08 seconds 
Epoch: 119/200 Train accuracy: 8.44592e-01 Validation accuracy: 8.40000e-01 Training loss 3.45208e-03 Validation loss 3.72191e-03 Time taken: 0.08 seconds 
Epoch: 120/200 Train accuracy: 8.46302e-01 Validation accuracy: 8.38000e-01 Training loss 3.45301e-03 Validation loss 3.71670e-03 Time taken: 0.08 seconds 
Epoch: 121/200 Train accuracy: 8.45019e-01 Validation accuracy: 8.41333e-01 Training loss 3.44952e-03 Validation loss 3.71364e-03 Time taken: 0.08 seconds 
Epoch: 122/200 Train accuracy: 8.45019e-01 Validation accuracy: 8.36000e-01 Training loss 3.45266e-03 Validation loss 3.71487e-03 Time taken: 0.08 seconds 
Epoch: 123/200 Train accuracy: 8.45874e-01 Validation accuracy: 8.35333e-01 Training loss 3.45218e-03 Validation loss 3.70762e-03 Time taken: 0.08 seconds 
Epoch: 124/200 Train accuracy: 8.46373e-01 Validation accuracy: 8.35333e-01 Training loss 3.44374e-03 Validation loss 3.72345e-03 Time taken: 0.08 seconds 
Epoch: 125/200 Train accuracy: 8.45803e-01 Validation accuracy: 8.37000e-01 Training loss 3.43819e-03 Validation loss 3.71934e-03 Time taken: 0.08 seconds 
Epoch: 126/200 Train accuracy: 8.45732e-01 Validation accuracy: 8.42000e-01 Training loss 3.43617e-03 Validation loss 3.71329e-03 Time taken: 0.08 seconds 
Epoch: 127/200 Train accuracy: 8.46658e-01 Validation accuracy: 8.39000e-01 Training loss 3.43562e-03 Validation loss 3.71402e-03 Time taken: 0.08 seconds 
Epoch: 128/200 Train accuracy: 8.46159e-01 Validation accuracy: 8.40667e-01 Training loss 3.43382e-03 Validation loss 3.70586e-03 Time taken: 0.08 seconds 
Epoch: 129/200 Train accuracy: 8.47086e-01 Validation accuracy: 8.40667e-01 Training loss 3.43196e-03 Validation loss 3.70437e-03 Time taken: 0.08 seconds 
Epoch: 130/200 Train accuracy: 8.46373e-01 Validation accuracy: 8.41667e-01 Training loss 3.43579e-03 Validation loss 3.69356e-03 Time taken: 0.08 seconds 
Epoch: 131/200 Train accuracy: 8.46231e-01 Validation accuracy: 8.41000e-01 Training loss 3.43258e-03 Validation loss 3.70395e-03 Time taken: 0.08 seconds 
Epoch: 132/200 Train accuracy: 8.44663e-01 Validation accuracy: 8.38000e-01 Training loss 3.43220e-03 Validation loss 3.68545e-03 Time taken: 0.08 seconds 
Epoch: 133/200 Train accuracy: 8.45946e-01 Validation accuracy: 8.41667e-01 Training loss 3.42931e-03 Validation loss 3.71323e-03 Time taken: 0.08 seconds 
Epoch: 134/200 Train accuracy: 8.45518e-01 Validation accuracy: 8.35667e-01 Training loss 3.43174e-03 Validation loss 3.69630e-03 Time taken: 0.08 seconds 
Epoch: 135/200 Train accuracy: 8.46159e-01 Validation accuracy: 8.39333e-01 Training loss 3.42251e-03 Validation loss 3.70695e-03 Time taken: 0.08 seconds 
Epoch: 136/200 Train accuracy: 8.47513e-01 Validation accuracy: 8.38667e-01 Training loss 3.42312e-03 Validation loss 3.69709e-03 Time taken: 0.08 seconds 
Epoch: 137/200 Train accuracy: 8.46088e-01 Validation accuracy: 8.37333e-01 Training loss 3.42920e-03 Validation loss 3.69636e-03 Time taken: 0.08 seconds 
Epoch: 138/200 Train accuracy: 8.47941e-01 Validation accuracy: 8.39000e-01 Training loss 3.42404e-03 Validation loss 3.68358e-03 Time taken: 0.08 seconds 
Epoch: 139/200 Train accuracy: 8.45589e-01 Validation accuracy: 8.34667e-01 Training loss 3.41623e-03 Validation loss 3.68803e-03 Time taken: 0.08 seconds 
Epoch: 140/200 Train accuracy: 8.46088e-01 Validation accuracy: 8.40667e-01 Training loss 3.41484e-03 Validation loss 3.68588e-03 Time taken: 0.09 seconds 
Epoch: 141/200 Train accuracy: 8.45874e-01 Validation accuracy: 8.35667e-01 Training loss 3.41663e-03 Validation loss 3.68955e-03 Time taken: 0.09 seconds 
Epoch: 142/200 Train accuracy: 8.46729e-01 Validation accuracy: 8.39333e-01 Training loss 3.41304e-03 Validation loss 3.68972e-03 Time taken: 0.08 seconds 
Epoch: 143/200 Train accuracy: 8.46231e-01 Validation accuracy: 8.40333e-01 Training loss 3.41302e-03 Validation loss 3.71448e-03 Time taken: 0.08 seconds 
Epoch: 144/200 Train accuracy: 8.46943e-01 Validation accuracy: 8.36000e-01 Training loss 3.41110e-03 Validation loss 3.69163e-03 Time taken: 0.08 seconds 
Epoch: 145/200 Train accuracy: 8.47584e-01 Validation accuracy: 8.40667e-01 Training loss 3.41347e-03 Validation loss 3.68310e-03 Time taken: 0.08 seconds 
Epoch: 146/200 Train accuracy: 8.46516e-01 Validation accuracy: 8.42000e-01 Training loss 3.40658e-03 Validation loss 3.69389e-03 Time taken: 0.08 seconds 
Epoch: 147/200 Train accuracy: 8.48012e-01 Validation accuracy: 8.38333e-01 Training loss 3.40174e-03 Validation loss 3.69050e-03 Time taken: 0.08 seconds 
Epoch: 148/200 Train accuracy: 8.45661e-01 Validation accuracy: 8.38333e-01 Training loss 3.40688e-03 Validation loss 3.67477e-03 Time taken: 0.08 seconds 
Epoch: 149/200 Train accuracy: 8.46373e-01 Validation accuracy: 8.36333e-01 Training loss 3.41137e-03 Validation loss 3.70833e-03 Time taken: 0.08 seconds 
Epoch: 150/200 Train accuracy: 8.48938e-01 Validation accuracy: 8.42667e-01 Training loss 3.39921e-03 Validation loss 3.71867e-03 Time taken: 0.08 seconds 
Epoch: 151/200 Train accuracy: 8.47157e-01 Validation accuracy: 8.39667e-01 Training loss 3.40293e-03 Validation loss 3.66840e-03 Time taken: 0.08 seconds 
Epoch: 152/200 Train accuracy: 8.47513e-01 Validation accuracy: 8.39667e-01 Training loss 3.39424e-03 Validation loss 3.69212e-03 Time taken: 0.08 seconds 
Epoch: 153/200 Train accuracy: 8.46017e-01 Validation accuracy: 8.38667e-01 Training loss 3.40041e-03 Validation loss 3.69687e-03 Time taken: 0.08 seconds 
Epoch: 154/200 Train accuracy: 8.47014e-01 Validation accuracy: 8.36000e-01 Training loss 3.39882e-03 Validation loss 3.68943e-03 Time taken: 0.08 seconds 
Epoch: 155/200 Train accuracy: 8.47584e-01 Validation accuracy: 8.36667e-01 Training loss 3.39706e-03 Validation loss 3.68239e-03 Time taken: 0.08 seconds 
Epoch: 156/200 Train accuracy: 8.48653e-01 Validation accuracy: 8.38333e-01 Training loss 3.39625e-03 Validation loss 3.66647e-03 Time taken: 0.08 seconds 
Epoch: 157/200 Train accuracy: 8.46658e-01 Validation accuracy: 8.39667e-01 Training loss 3.39480e-03 Validation loss 3.66865e-03 Time taken: 0.08 seconds 
Epoch: 158/200 Train accuracy: 8.47228e-01 Validation accuracy: 8.41667e-01 Training loss 3.39092e-03 Validation loss 3.66207e-03 Time taken: 0.08 seconds 
Epoch: 159/200 Train accuracy: 8.46516e-01 Validation accuracy: 8.41000e-01 Training loss 3.38736e-03 Validation loss 3.66464e-03 Time taken: 0.08 seconds 
Epoch: 160/200 Train accuracy: 8.47584e-01 Validation accuracy: 8.40667e-01 Training loss 3.39178e-03 Validation loss 3.65515e-03 Time taken: 0.08 seconds 
Epoch: 161/200 Train accuracy: 8.47299e-01 Validation accuracy: 8.42000e-01 Training loss 3.39166e-03 Validation loss 3.66704e-03 Time taken: 0.08 seconds 
Epoch: 162/200 Train accuracy: 8.47371e-01 Validation accuracy: 8.38667e-01 Training loss 3.38517e-03 Validation loss 3.65912e-03 Time taken: 0.08 seconds 
Epoch: 163/200 Train accuracy: 8.47513e-01 Validation accuracy: 8.40333e-01 Training loss 3.38731e-03 Validation loss 3.65808e-03 Time taken: 0.08 seconds 
Epoch: 164/200 Train accuracy: 8.47157e-01 Validation accuracy: 8.40000e-01 Training loss 3.39106e-03 Validation loss 3.67327e-03 Time taken: 0.08 seconds 
Epoch: 165/200 Train accuracy: 8.48796e-01 Validation accuracy: 8.42333e-01 Training loss 3.38164e-03 Validation loss 3.66019e-03 Time taken: 0.08 seconds 
Epoch: 166/200 Train accuracy: 8.49223e-01 Validation accuracy: 8.41667e-01 Training loss 3.38361e-03 Validation loss 3.65631e-03 Time taken: 0.08 seconds 
Epoch: 167/200 Train accuracy: 8.48154e-01 Validation accuracy: 8.38000e-01 Training loss 3.38540e-03 Validation loss 3.65475e-03 Time taken: 0.08 seconds 
Epoch: 168/200 Train accuracy: 8.46801e-01 Validation accuracy: 8.42000e-01 Training loss 3.38326e-03 Validation loss 3.64787e-03 Time taken: 0.08 seconds 
Epoch: 169/200 Train accuracy: 8.47798e-01 Validation accuracy: 8.39667e-01 Training loss 3.37437e-03 Validation loss 3.66098e-03 Time taken: 0.08 seconds 
Epoch: 170/200 Train accuracy: 8.47798e-01 Validation accuracy: 8.40667e-01 Training loss 3.38149e-03 Validation loss 3.65913e-03 Time taken: 0.08 seconds 
Epoch: 171/200 Train accuracy: 8.50007e-01 Validation accuracy: 8.42000e-01 Training loss 3.37356e-03 Validation loss 3.67631e-03 Time taken: 0.08 seconds 
Epoch: 172/200 Train accuracy: 8.47584e-01 Validation accuracy: 8.37000e-01 Training loss 3.37884e-03 Validation loss 3.67189e-03 Time taken: 0.08 seconds 
Epoch: 173/200 Train accuracy: 8.47869e-01 Validation accuracy: 8.41667e-01 Training loss 3.37658e-03 Validation loss 3.65823e-03 Time taken: 0.08 seconds 
Epoch: 174/200 Train accuracy: 8.50221e-01 Validation accuracy: 8.40333e-01 Training loss 3.37586e-03 Validation loss 3.65178e-03 Time taken: 0.08 seconds 
Epoch: 175/200 Train accuracy: 8.49223e-01 Validation accuracy: 8.40000e-01 Training loss 3.37238e-03 Validation loss 3.64789e-03 Time taken: 0.08 seconds 
Epoch: 176/200 Train accuracy: 8.48083e-01 Validation accuracy: 8.39667e-01 Training loss 3.36541e-03 Validation loss 3.65284e-03 Time taken: 0.08 seconds 
Epoch: 177/200 Train accuracy: 8.48368e-01 Validation accuracy: 8.42000e-01 Training loss 3.37438e-03 Validation loss 3.64659e-03 Time taken: 0.08 seconds 
Epoch: 178/200 Train accuracy: 8.47371e-01 Validation accuracy: 8.40333e-01 Training loss 3.37088e-03 Validation loss 3.64577e-03 Time taken: 0.08 seconds 
Epoch: 179/200 Train accuracy: 8.48796e-01 Validation accuracy: 8.40000e-01 Training loss 3.36735e-03 Validation loss 3.66831e-03 Time taken: 0.08 seconds 
Epoch: 180/200 Train accuracy: 8.48511e-01 Validation accuracy: 8.36333e-01 Training loss 3.36445e-03 Validation loss 3.66814e-03 Time taken: 0.08 seconds 
Epoch: 181/200 Train accuracy: 8.48867e-01 Validation accuracy: 8.38000e-01 Training loss 3.36285e-03 Validation loss 3.65452e-03 Time taken: 0.08 seconds 
Epoch: 182/200 Train accuracy: 8.48154e-01 Validation accuracy: 8.40000e-01 Training loss 3.36433e-03 Validation loss 3.63548e-03 Time taken: 0.08 seconds 
Epoch: 183/200 Train accuracy: 8.47584e-01 Validation accuracy: 8.40000e-01 Training loss 3.37211e-03 Validation loss 3.63594e-03 Time taken: 0.08 seconds 
Epoch: 184/200 Train accuracy: 8.48012e-01 Validation accuracy: 8.43000e-01 Training loss 3.36940e-03 Validation loss 3.66005e-03 Time taken: 0.08 seconds 
Epoch: 185/200 Train accuracy: 8.50007e-01 Validation accuracy: 8.38333e-01 Training loss 3.36243e-03 Validation loss 3.64976e-03 Time taken: 0.08 seconds 
Epoch: 186/200 Train accuracy: 8.48653e-01 Validation accuracy: 8.40333e-01 Training loss 3.35823e-03 Validation loss 3.65788e-03 Time taken: 0.08 seconds 
Epoch: 187/200 Train accuracy: 8.49081e-01 Validation accuracy: 8.42000e-01 Training loss 3.35612e-03 Validation loss 3.63830e-03 Time taken: 0.08 seconds 
Epoch: 188/200 Train accuracy: 8.48582e-01 Validation accuracy: 8.40667e-01 Training loss 3.35568e-03 Validation loss 3.64187e-03 Time taken: 0.08 seconds 
Epoch: 189/200 Train accuracy: 8.48582e-01 Validation accuracy: 8.42667e-01 Training loss 3.35968e-03 Validation loss 3.64302e-03 Time taken: 0.08 seconds 
Epoch: 190/200 Train accuracy: 8.48511e-01 Validation accuracy: 8.44000e-01 Training loss 3.35990e-03 Validation loss 3.63164e-03 Time taken: 0.08 seconds 
Epoch: 191/200 Train accuracy: 8.48938e-01 Validation accuracy: 8.40000e-01 Training loss 3.35479e-03 Validation loss 3.63954e-03 Time taken: 0.08 seconds 
Epoch: 192/200 Train accuracy: 8.48867e-01 Validation accuracy: 8.42333e-01 Training loss 3.35408e-03 Validation loss 3.63131e-03 Time taken: 0.08 seconds 
Epoch: 193/200 Train accuracy: 8.48938e-01 Validation accuracy: 8.39000e-01 Training loss 3.35500e-03 Validation loss 3.63561e-03 Time taken: 0.09 seconds 
Epoch: 194/200 Train accuracy: 8.49295e-01 Validation accuracy: 8.41667e-01 Training loss 3.35626e-03 Validation loss 3.66333e-03 Time taken: 0.09 seconds 
Epoch: 195/200 Train accuracy: 8.47727e-01 Validation accuracy: 8.41667e-01 Training loss 3.35548e-03 Validation loss 3.66297e-03 Time taken: 0.08 seconds 
Epoch: 196/200 Train accuracy: 8.48867e-01 Validation accuracy: 8.42000e-01 Training loss 3.35884e-03 Validation loss 3.66865e-03 Time taken: 0.08 seconds 
Epoch: 197/200 Train accuracy: 8.47228e-01 Validation accuracy: 8.41000e-01 Training loss 3.35756e-03 Validation loss 3.63909e-03 Time taken: 0.08 seconds 
Epoch: 198/200 Train accuracy: 8.48796e-01 Validation accuracy: 8.40000e-01 Training loss 3.34576e-03 Validation loss 3.65647e-03 Time taken: 0.08 seconds 
Epoch: 199/200 Train accuracy: 8.49437e-01 Validation accuracy: 8.42667e-01 Training loss 3.35200e-03 Validation loss 3.62620e-03 Time taken: 0.08 seconds 
Epoch: 200/200 Train accuracy: 8.49651e-01 Validation accuracy: 8.41333e-01 Training loss 3.34492e-03 Validation loss 3.63556e-03 Time taken: 0.08 seconds 
Total time taken 0:00:16.499647
Cleaning up intermediate feature (.pt) files
Done


working on file logs_PKT_chunks/iic-train-l2-seed0-KNN-ep1000/jepa-iic-ep1000.pth.tar ...
