Directory logs_PKT_chunks/iic-train-l2-pkt-chunks-seed0-KNN-ep750/classifiers for saving the classifiers is now present
VisionTransformer(
  (patch_embed): PatchEmbed(
    (proj): Conv2d(3, 768, kernel_size=(15, 15), stride=(15, 15))
  )
  (blocks): ModuleList(
    (0-11): 12 x Block(
      (norm1): LayerNorm((768,), eps=1e-06, elementwise_affine=True)
      (attn): Attention(
        (qkv): Linear(in_features=768, out_features=2304, bias=True)
        (attn_drop): Dropout(p=0.0, inplace=False)
        (proj): Linear(in_features=768, out_features=768, bias=True)
        (proj_drop): Dropout(p=0.0, inplace=False)
      )
      (drop_path): Identity()
      (norm2): LayerNorm((768,), eps=1e-06, elementwise_affine=True)
      (mlp): MLP(
        (fc1): Linear(in_features=768, out_features=3072, bias=True)
        (act): GELU(approximate='none')
        (fc2): Linear(in_features=3072, out_features=768, bias=True)
        (drop): Dropout(p=0.0, inplace=False)
      )
    )
  )
  (norm): LayerNorm((768,), eps=1e-06, elementwise_affine=True)
)
Extracting features and saving them in memory..
Extracting features...
Time taken to extract features: 25.178053677023854
Epoch: 1/200 Train accuracy: 4.52401e-01 Validation accuracy: 5.83000e-01 Training loss 1.22075e-02 Validation loss 9.68249e-03 Time taken: 0.08 seconds 
Epoch: 2/200 Train accuracy: 6.29329e-01 Validation accuracy: 6.40000e-01 Training loss 8.53350e-03 Validation loss 8.18055e-03 Time taken: 0.08 seconds 
Epoch: 3/200 Train accuracy: 6.74505e-01 Validation accuracy: 6.77000e-01 Training loss 7.50403e-03 Validation loss 7.51752e-03 Time taken: 0.08 seconds 
Epoch: 4/200 Train accuracy: 6.93744e-01 Validation accuracy: 6.92667e-01 Training loss 6.97305e-03 Validation loss 7.11198e-03 Time taken: 0.08 seconds 
Epoch: 5/200 Train accuracy: 7.02152e-01 Validation accuracy: 6.99667e-01 Training loss 6.64768e-03 Validation loss 6.83974e-03 Time taken: 0.08 seconds 
Epoch: 6/200 Train accuracy: 7.06997e-01 Validation accuracy: 7.06667e-01 Training loss 6.42032e-03 Validation loss 6.63874e-03 Time taken: 0.08 seconds 
Epoch: 7/200 Train accuracy: 7.14337e-01 Validation accuracy: 7.11333e-01 Training loss 6.25406e-03 Validation loss 6.47970e-03 Time taken: 0.08 seconds 
Epoch: 8/200 Train accuracy: 7.20251e-01 Validation accuracy: 7.12000e-01 Training loss 6.13530e-03 Validation loss 6.38157e-03 Time taken: 0.08 seconds 
Epoch: 9/200 Train accuracy: 7.21533e-01 Validation accuracy: 7.21000e-01 Training loss 6.02144e-03 Validation loss 6.33527e-03 Time taken: 0.08 seconds 
Epoch: 10/200 Train accuracy: 7.23885e-01 Validation accuracy: 7.20667e-01 Training loss 5.93550e-03 Validation loss 6.18512e-03 Time taken: 0.08 seconds 
Epoch: 11/200 Train accuracy: 7.27875e-01 Validation accuracy: 7.20333e-01 Training loss 5.85558e-03 Validation loss 6.12879e-03 Time taken: 0.08 seconds 
Epoch: 12/200 Train accuracy: 7.30440e-01 Validation accuracy: 7.22333e-01 Training loss 5.79603e-03 Validation loss 6.07951e-03 Time taken: 0.08 seconds 
Epoch: 13/200 Train accuracy: 7.31010e-01 Validation accuracy: 7.25000e-01 Training loss 5.73747e-03 Validation loss 6.03006e-03 Time taken: 0.08 seconds 
Epoch: 14/200 Train accuracy: 7.35072e-01 Validation accuracy: 7.25000e-01 Training loss 5.69289e-03 Validation loss 5.96634e-03 Time taken: 0.08 seconds 
Epoch: 15/200 Train accuracy: 7.33219e-01 Validation accuracy: 7.30000e-01 Training loss 5.66052e-03 Validation loss 5.93214e-03 Time taken: 0.08 seconds 
Epoch: 16/200 Train accuracy: 7.35571e-01 Validation accuracy: 7.28667e-01 Training loss 5.60821e-03 Validation loss 5.88844e-03 Time taken: 0.09 seconds 
Epoch: 17/200 Train accuracy: 7.37708e-01 Validation accuracy: 7.31000e-01 Training loss 5.58369e-03 Validation loss 5.90182e-03 Time taken: 0.09 seconds 
Epoch: 18/200 Train accuracy: 7.38706e-01 Validation accuracy: 7.33000e-01 Training loss 5.54794e-03 Validation loss 5.84279e-03 Time taken: 0.08 seconds 
Epoch: 19/200 Train accuracy: 7.40487e-01 Validation accuracy: 7.35000e-01 Training loss 5.52548e-03 Validation loss 5.80471e-03 Time taken: 0.08 seconds 
Epoch: 20/200 Train accuracy: 7.39419e-01 Validation accuracy: 7.33000e-01 Training loss 5.50014e-03 Validation loss 5.81773e-03 Time taken: 0.09 seconds 
Epoch: 21/200 Train accuracy: 7.41414e-01 Validation accuracy: 7.32000e-01 Training loss 5.47456e-03 Validation loss 5.74773e-03 Time taken: 0.14 seconds 
Epoch: 22/200 Train accuracy: 7.40915e-01 Validation accuracy: 7.36667e-01 Training loss 5.45537e-03 Validation loss 5.74748e-03 Time taken: 0.14 seconds 
Epoch: 23/200 Train accuracy: 7.43836e-01 Validation accuracy: 7.34000e-01 Training loss 5.43939e-03 Validation loss 5.73096e-03 Time taken: 0.13 seconds 
Epoch: 24/200 Train accuracy: 7.43480e-01 Validation accuracy: 7.36000e-01 Training loss 5.41715e-03 Validation loss 5.71831e-03 Time taken: 0.08 seconds 
Epoch: 25/200 Train accuracy: 7.42839e-01 Validation accuracy: 7.39333e-01 Training loss 5.41107e-03 Validation loss 5.70236e-03 Time taken: 0.08 seconds 
Epoch: 26/200 Train accuracy: 7.44406e-01 Validation accuracy: 7.38000e-01 Training loss 5.38312e-03 Validation loss 5.67393e-03 Time taken: 0.08 seconds 
Epoch: 27/200 Train accuracy: 7.43979e-01 Validation accuracy: 7.39000e-01 Training loss 5.37666e-03 Validation loss 5.68068e-03 Time taken: 0.08 seconds 
Epoch: 28/200 Train accuracy: 7.45689e-01 Validation accuracy: 7.41000e-01 Training loss 5.36525e-03 Validation loss 5.67618e-03 Time taken: 0.08 seconds 
Epoch: 29/200 Train accuracy: 7.45832e-01 Validation accuracy: 7.38667e-01 Training loss 5.35722e-03 Validation loss 5.63373e-03 Time taken: 0.08 seconds 
Epoch: 30/200 Train accuracy: 7.45832e-01 Validation accuracy: 7.38000e-01 Training loss 5.34076e-03 Validation loss 5.65952e-03 Time taken: 0.08 seconds 
Epoch: 31/200 Train accuracy: 7.45832e-01 Validation accuracy: 7.38333e-01 Training loss 5.33708e-03 Validation loss 5.61668e-03 Time taken: 0.08 seconds 
Epoch: 32/200 Train accuracy: 7.46900e-01 Validation accuracy: 7.35667e-01 Training loss 5.31350e-03 Validation loss 5.63383e-03 Time taken: 0.08 seconds 
Epoch: 33/200 Train accuracy: 7.47542e-01 Validation accuracy: 7.40667e-01 Training loss 5.32057e-03 Validation loss 5.62461e-03 Time taken: 0.08 seconds 
Epoch: 34/200 Train accuracy: 7.47185e-01 Validation accuracy: 7.37000e-01 Training loss 5.30362e-03 Validation loss 5.60276e-03 Time taken: 0.08 seconds 
Epoch: 35/200 Train accuracy: 7.47969e-01 Validation accuracy: 7.40000e-01 Training loss 5.29635e-03 Validation loss 5.57851e-03 Time taken: 0.08 seconds 
Epoch: 36/200 Train accuracy: 7.47898e-01 Validation accuracy: 7.38667e-01 Training loss 5.28628e-03 Validation loss 5.57763e-03 Time taken: 0.08 seconds 
Epoch: 37/200 Train accuracy: 7.48896e-01 Validation accuracy: 7.37667e-01 Training loss 5.28112e-03 Validation loss 5.58414e-03 Time taken: 0.08 seconds 
Epoch: 38/200 Train accuracy: 7.50107e-01 Validation accuracy: 7.40333e-01 Training loss 5.27653e-03 Validation loss 5.62554e-03 Time taken: 0.08 seconds 
Epoch: 39/200 Train accuracy: 7.48539e-01 Validation accuracy: 7.41667e-01 Training loss 5.26927e-03 Validation loss 5.55886e-03 Time taken: 0.08 seconds 
Epoch: 40/200 Train accuracy: 7.48611e-01 Validation accuracy: 7.39000e-01 Training loss 5.26263e-03 Validation loss 5.55632e-03 Time taken: 0.08 seconds 
Epoch: 41/200 Train accuracy: 7.49109e-01 Validation accuracy: 7.41667e-01 Training loss 5.25403e-03 Validation loss 5.58154e-03 Time taken: 0.08 seconds 
Epoch: 42/200 Train accuracy: 7.50178e-01 Validation accuracy: 7.40333e-01 Training loss 5.24304e-03 Validation loss 5.56591e-03 Time taken: 0.08 seconds 
Epoch: 43/200 Train accuracy: 7.49252e-01 Validation accuracy: 7.41333e-01 Training loss 5.23597e-03 Validation loss 5.57326e-03 Time taken: 0.08 seconds 
Epoch: 44/200 Train accuracy: 7.49964e-01 Validation accuracy: 7.40667e-01 Training loss 5.23071e-03 Validation loss 5.55643e-03 Time taken: 0.08 seconds 
Epoch: 45/200 Train accuracy: 7.49181e-01 Validation accuracy: 7.41333e-01 Training loss 5.23419e-03 Validation loss 5.52982e-03 Time taken: 0.11 seconds 
Epoch: 46/200 Train accuracy: 7.49608e-01 Validation accuracy: 7.41667e-01 Training loss 5.22238e-03 Validation loss 5.57554e-03 Time taken: 0.10 seconds 
Epoch: 47/200 Train accuracy: 7.50392e-01 Validation accuracy: 7.40667e-01 Training loss 5.22140e-03 Validation loss 5.52441e-03 Time taken: 0.08 seconds 
Epoch: 48/200 Train accuracy: 7.50178e-01 Validation accuracy: 7.42000e-01 Training loss 5.22270e-03 Validation loss 5.51910e-03 Time taken: 0.11 seconds 
Epoch: 49/200 Train accuracy: 7.51318e-01 Validation accuracy: 7.42667e-01 Training loss 5.22096e-03 Validation loss 5.51050e-03 Time taken: 0.14 seconds 
Epoch: 50/200 Train accuracy: 7.51176e-01 Validation accuracy: 7.44333e-01 Training loss 5.20673e-03 Validation loss 5.52231e-03 Time taken: 0.14 seconds 
Epoch: 51/200 Train accuracy: 7.50463e-01 Validation accuracy: 7.43000e-01 Training loss 5.21195e-03 Validation loss 5.49871e-03 Time taken: 0.15 seconds 
Epoch: 52/200 Train accuracy: 7.49109e-01 Validation accuracy: 7.41000e-01 Training loss 5.19914e-03 Validation loss 5.50619e-03 Time taken: 0.15 seconds 
Epoch: 53/200 Train accuracy: 7.50321e-01 Validation accuracy: 7.41333e-01 Training loss 5.19044e-03 Validation loss 5.50178e-03 Time taken: 0.14 seconds 
Epoch: 54/200 Train accuracy: 7.51033e-01 Validation accuracy: 7.43000e-01 Training loss 5.18620e-03 Validation loss 5.49196e-03 Time taken: 0.14 seconds 
Epoch: 55/200 Train accuracy: 7.51318e-01 Validation accuracy: 7.41667e-01 Training loss 5.19059e-03 Validation loss 5.49900e-03 Time taken: 0.14 seconds 
Epoch: 56/200 Train accuracy: 7.52458e-01 Validation accuracy: 7.44333e-01 Training loss 5.18537e-03 Validation loss 5.49959e-03 Time taken: 0.11 seconds 
Epoch: 57/200 Train accuracy: 7.51389e-01 Validation accuracy: 7.41333e-01 Training loss 5.18223e-03 Validation loss 5.49719e-03 Time taken: 0.10 seconds 
Epoch: 58/200 Train accuracy: 7.51318e-01 Validation accuracy: 7.42667e-01 Training loss 5.17198e-03 Validation loss 5.49194e-03 Time taken: 0.10 seconds 
Epoch: 59/200 Train accuracy: 7.54026e-01 Validation accuracy: 7.46667e-01 Training loss 5.17807e-03 Validation loss 5.50884e-03 Time taken: 0.08 seconds 
Epoch: 60/200 Train accuracy: 7.53385e-01 Validation accuracy: 7.44333e-01 Training loss 5.16374e-03 Validation loss 5.49307e-03 Time taken: 0.08 seconds 
Epoch: 61/200 Train accuracy: 7.53741e-01 Validation accuracy: 7.44333e-01 Training loss 5.17184e-03 Validation loss 5.48437e-03 Time taken: 0.08 seconds 
Epoch: 62/200 Train accuracy: 7.52672e-01 Validation accuracy: 7.46000e-01 Training loss 5.16387e-03 Validation loss 5.47595e-03 Time taken: 0.08 seconds 
Epoch: 63/200 Train accuracy: 7.54240e-01 Validation accuracy: 7.47667e-01 Training loss 5.15716e-03 Validation loss 5.50452e-03 Time taken: 0.08 seconds 
Epoch: 64/200 Train accuracy: 7.54453e-01 Validation accuracy: 7.43333e-01 Training loss 5.15615e-03 Validation loss 5.46447e-03 Time taken: 0.08 seconds 
Epoch: 65/200 Train accuracy: 7.55024e-01 Validation accuracy: 7.47000e-01 Training loss 5.14906e-03 Validation loss 5.47583e-03 Time taken: 0.08 seconds 
Epoch: 66/200 Train accuracy: 7.53883e-01 Validation accuracy: 7.44000e-01 Training loss 5.15136e-03 Validation loss 5.48561e-03 Time taken: 0.08 seconds 
Epoch: 67/200 Train accuracy: 7.53456e-01 Validation accuracy: 7.46000e-01 Training loss 5.14255e-03 Validation loss 5.47249e-03 Time taken: 0.08 seconds 
Epoch: 68/200 Train accuracy: 7.53670e-01 Validation accuracy: 7.46000e-01 Training loss 5.14012e-03 Validation loss 5.46366e-03 Time taken: 0.08 seconds 
Epoch: 69/200 Train accuracy: 7.52601e-01 Validation accuracy: 7.48333e-01 Training loss 5.14322e-03 Validation loss 5.47138e-03 Time taken: 0.08 seconds 
Epoch: 70/200 Train accuracy: 7.55166e-01 Validation accuracy: 7.44000e-01 Training loss 5.13765e-03 Validation loss 5.46116e-03 Time taken: 0.08 seconds 
Epoch: 71/200 Train accuracy: 7.54453e-01 Validation accuracy: 7.45667e-01 Training loss 5.13484e-03 Validation loss 5.47898e-03 Time taken: 0.08 seconds 
Epoch: 72/200 Train accuracy: 7.55594e-01 Validation accuracy: 7.46667e-01 Training loss 5.13495e-03 Validation loss 5.45870e-03 Time taken: 0.08 seconds 
Epoch: 73/200 Train accuracy: 7.55380e-01 Validation accuracy: 7.43667e-01 Training loss 5.12598e-03 Validation loss 5.46036e-03 Time taken: 0.08 seconds 
Epoch: 74/200 Train accuracy: 7.54738e-01 Validation accuracy: 7.41667e-01 Training loss 5.12754e-03 Validation loss 5.47209e-03 Time taken: 0.09 seconds 
Epoch: 75/200 Train accuracy: 7.54382e-01 Validation accuracy: 7.42667e-01 Training loss 5.12635e-03 Validation loss 5.44447e-03 Time taken: 0.14 seconds 
Epoch: 76/200 Train accuracy: 7.54453e-01 Validation accuracy: 7.46333e-01 Training loss 5.11802e-03 Validation loss 5.46157e-03 Time taken: 0.14 seconds 
Epoch: 77/200 Train accuracy: 7.54525e-01 Validation accuracy: 7.45333e-01 Training loss 5.11897e-03 Validation loss 5.45602e-03 Time taken: 0.08 seconds 
Epoch: 78/200 Train accuracy: 7.55380e-01 Validation accuracy: 7.44667e-01 Training loss 5.11364e-03 Validation loss 5.47250e-03 Time taken: 0.08 seconds 
Epoch: 79/200 Train accuracy: 7.55380e-01 Validation accuracy: 7.46000e-01 Training loss 5.11102e-03 Validation loss 5.43362e-03 Time taken: 0.08 seconds 
Epoch: 80/200 Train accuracy: 7.57161e-01 Validation accuracy: 7.48000e-01 Training loss 5.10186e-03 Validation loss 5.45757e-03 Time taken: 0.08 seconds 
Epoch: 81/200 Train accuracy: 7.54453e-01 Validation accuracy: 7.47333e-01 Training loss 5.10956e-03 Validation loss 5.44508e-03 Time taken: 0.11 seconds 
Epoch: 82/200 Train accuracy: 7.55665e-01 Validation accuracy: 7.44000e-01 Training loss 5.11180e-03 Validation loss 5.47413e-03 Time taken: 0.12 seconds 
Epoch: 83/200 Train accuracy: 7.56449e-01 Validation accuracy: 7.46333e-01 Training loss 5.10595e-03 Validation loss 5.43520e-03 Time taken: 0.15 seconds 
Epoch: 84/200 Train accuracy: 7.56235e-01 Validation accuracy: 7.46667e-01 Training loss 5.09721e-03 Validation loss 5.43533e-03 Time taken: 0.15 seconds 
Epoch: 85/200 Train accuracy: 7.55807e-01 Validation accuracy: 7.47667e-01 Training loss 5.10858e-03 Validation loss 5.44093e-03 Time taken: 0.14 seconds 
Epoch: 86/200 Train accuracy: 7.56805e-01 Validation accuracy: 7.47667e-01 Training loss 5.09713e-03 Validation loss 5.43680e-03 Time taken: 0.16 seconds 
Epoch: 87/200 Train accuracy: 7.54453e-01 Validation accuracy: 7.49333e-01 Training loss 5.09170e-03 Validation loss 5.43140e-03 Time taken: 0.16 seconds 
Epoch: 88/200 Train accuracy: 7.57517e-01 Validation accuracy: 7.52000e-01 Training loss 5.09536e-03 Validation loss 5.45316e-03 Time taken: 0.16 seconds 
Epoch: 89/200 Train accuracy: 7.54952e-01 Validation accuracy: 7.46667e-01 Training loss 5.08962e-03 Validation loss 5.43419e-03 Time taken: 0.11 seconds 
Epoch: 90/200 Train accuracy: 7.54596e-01 Validation accuracy: 7.50000e-01 Training loss 5.09243e-03 Validation loss 5.45360e-03 Time taken: 0.08 seconds 
Epoch: 91/200 Train accuracy: 7.58444e-01 Validation accuracy: 7.44333e-01 Training loss 5.08357e-03 Validation loss 5.45667e-03 Time taken: 0.08 seconds 
Epoch: 92/200 Train accuracy: 7.55950e-01 Validation accuracy: 7.47333e-01 Training loss 5.08705e-03 Validation loss 5.42921e-03 Time taken: 0.08 seconds 
Epoch: 93/200 Train accuracy: 7.56164e-01 Validation accuracy: 7.45667e-01 Training loss 5.09136e-03 Validation loss 5.41248e-03 Time taken: 0.08 seconds 
Epoch: 94/200 Train accuracy: 7.57161e-01 Validation accuracy: 7.49000e-01 Training loss 5.08301e-03 Validation loss 5.40962e-03 Time taken: 0.08 seconds 
Epoch: 95/200 Train accuracy: 7.57660e-01 Validation accuracy: 7.45667e-01 Training loss 5.08002e-03 Validation loss 5.43522e-03 Time taken: 0.08 seconds 
Epoch: 96/200 Train accuracy: 7.58729e-01 Validation accuracy: 7.46000e-01 Training loss 5.07956e-03 Validation loss 5.44207e-03 Time taken: 0.10 seconds 
Epoch: 97/200 Train accuracy: 7.56520e-01 Validation accuracy: 7.47333e-01 Training loss 5.07912e-03 Validation loss 5.42176e-03 Time taken: 0.12 seconds 
Epoch: 98/200 Train accuracy: 7.56805e-01 Validation accuracy: 7.49000e-01 Training loss 5.08503e-03 Validation loss 5.42603e-03 Time taken: 0.08 seconds 
Epoch: 99/200 Train accuracy: 7.56591e-01 Validation accuracy: 7.45333e-01 Training loss 5.07202e-03 Validation loss 5.43468e-03 Time taken: 0.08 seconds 
Epoch: 100/200 Train accuracy: 7.57232e-01 Validation accuracy: 7.46333e-01 Training loss 5.06998e-03 Validation loss 5.41107e-03 Time taken: 0.11 seconds 
Epoch: 101/200 Train accuracy: 7.58586e-01 Validation accuracy: 7.44000e-01 Training loss 5.07670e-03 Validation loss 5.39331e-03 Time taken: 0.08 seconds 
Epoch: 102/200 Train accuracy: 7.57589e-01 Validation accuracy: 7.47000e-01 Training loss 5.07077e-03 Validation loss 5.39533e-03 Time taken: 0.08 seconds 
Epoch: 103/200 Train accuracy: 7.56947e-01 Validation accuracy: 7.48667e-01 Training loss 5.06520e-03 Validation loss 5.40224e-03 Time taken: 0.08 seconds 
Epoch: 104/200 Train accuracy: 7.58230e-01 Validation accuracy: 7.46000e-01 Training loss 5.05636e-03 Validation loss 5.39902e-03 Time taken: 0.08 seconds 
Epoch: 105/200 Train accuracy: 7.57232e-01 Validation accuracy: 7.48333e-01 Training loss 5.06036e-03 Validation loss 5.42996e-03 Time taken: 0.08 seconds 
Epoch: 106/200 Train accuracy: 7.58729e-01 Validation accuracy: 7.47667e-01 Training loss 5.05714e-03 Validation loss 5.39150e-03 Time taken: 0.08 seconds 
Epoch: 107/200 Train accuracy: 7.59441e-01 Validation accuracy: 7.47667e-01 Training loss 5.05850e-03 Validation loss 5.38861e-03 Time taken: 0.08 seconds 
Epoch: 108/200 Train accuracy: 7.57660e-01 Validation accuracy: 7.50000e-01 Training loss 5.06040e-03 Validation loss 5.40819e-03 Time taken: 0.08 seconds 
Epoch: 109/200 Train accuracy: 7.58800e-01 Validation accuracy: 7.49667e-01 Training loss 5.05303e-03 Validation loss 5.43368e-03 Time taken: 0.08 seconds 
Epoch: 110/200 Train accuracy: 7.59513e-01 Validation accuracy: 7.46000e-01 Training loss 5.05407e-03 Validation loss 5.38477e-03 Time taken: 0.08 seconds 
Epoch: 111/200 Train accuracy: 7.59156e-01 Validation accuracy: 7.48333e-01 Training loss 5.04868e-03 Validation loss 5.38614e-03 Time taken: 0.08 seconds 
Epoch: 112/200 Train accuracy: 7.58871e-01 Validation accuracy: 7.47667e-01 Training loss 5.04394e-03 Validation loss 5.40132e-03 Time taken: 0.08 seconds 
Epoch: 113/200 Train accuracy: 7.58658e-01 Validation accuracy: 7.46667e-01 Training loss 5.05344e-03 Validation loss 5.38329e-03 Time taken: 0.08 seconds 
Epoch: 114/200 Train accuracy: 7.57517e-01 Validation accuracy: 7.50667e-01 Training loss 5.06527e-03 Validation loss 5.41827e-03 Time taken: 0.08 seconds 
Epoch: 115/200 Train accuracy: 7.56876e-01 Validation accuracy: 7.45000e-01 Training loss 5.05008e-03 Validation loss 5.38968e-03 Time taken: 0.08 seconds 
Epoch: 116/200 Train accuracy: 7.60083e-01 Validation accuracy: 7.51333e-01 Training loss 5.04272e-03 Validation loss 5.40122e-03 Time taken: 0.08 seconds 
Epoch: 117/200 Train accuracy: 7.59655e-01 Validation accuracy: 7.47667e-01 Training loss 5.04549e-03 Validation loss 5.40289e-03 Time taken: 0.08 seconds 
Epoch: 118/200 Train accuracy: 7.59370e-01 Validation accuracy: 7.46667e-01 Training loss 5.04935e-03 Validation loss 5.40500e-03 Time taken: 0.08 seconds 
Epoch: 119/200 Train accuracy: 7.58016e-01 Validation accuracy: 7.48667e-01 Training loss 5.04012e-03 Validation loss 5.39323e-03 Time taken: 0.08 seconds 
Epoch: 120/200 Train accuracy: 7.59655e-01 Validation accuracy: 7.47667e-01 Training loss 5.03543e-03 Validation loss 5.37501e-03 Time taken: 0.08 seconds 
Epoch: 121/200 Train accuracy: 7.61508e-01 Validation accuracy: 7.52333e-01 Training loss 5.03544e-03 Validation loss 5.40767e-03 Time taken: 0.08 seconds 
Epoch: 122/200 Train accuracy: 7.61223e-01 Validation accuracy: 7.46333e-01 Training loss 5.03281e-03 Validation loss 5.37257e-03 Time taken: 0.08 seconds 
Epoch: 123/200 Train accuracy: 7.59940e-01 Validation accuracy: 7.46667e-01 Training loss 5.03630e-03 Validation loss 5.41119e-03 Time taken: 0.08 seconds 
Epoch: 124/200 Train accuracy: 7.59869e-01 Validation accuracy: 7.51333e-01 Training loss 5.02684e-03 Validation loss 5.36980e-03 Time taken: 0.08 seconds 
Epoch: 125/200 Train accuracy: 7.60225e-01 Validation accuracy: 7.47667e-01 Training loss 5.02994e-03 Validation loss 5.39975e-03 Time taken: 0.08 seconds 
Epoch: 126/200 Train accuracy: 7.59869e-01 Validation accuracy: 7.52000e-01 Training loss 5.03010e-03 Validation loss 5.38394e-03 Time taken: 0.10 seconds 
Epoch: 127/200 Train accuracy: 7.59798e-01 Validation accuracy: 7.52000e-01 Training loss 5.03318e-03 Validation loss 5.40080e-03 Time taken: 0.08 seconds 
Epoch: 128/200 Train accuracy: 7.59869e-01 Validation accuracy: 7.48333e-01 Training loss 5.02848e-03 Validation loss 5.37254e-03 Time taken: 0.09 seconds 
Epoch: 129/200 Train accuracy: 7.59726e-01 Validation accuracy: 7.52667e-01 Training loss 5.03031e-03 Validation loss 5.38463e-03 Time taken: 0.08 seconds 
Epoch: 130/200 Train accuracy: 7.61793e-01 Validation accuracy: 7.48000e-01 Training loss 5.01826e-03 Validation loss 5.42358e-03 Time taken: 0.08 seconds 
Epoch: 131/200 Train accuracy: 7.58871e-01 Validation accuracy: 7.47667e-01 Training loss 5.02664e-03 Validation loss 5.37643e-03 Time taken: 0.08 seconds 
Epoch: 132/200 Train accuracy: 7.60581e-01 Validation accuracy: 7.47667e-01 Training loss 5.02087e-03 Validation loss 5.38304e-03 Time taken: 0.08 seconds 
Epoch: 133/200 Train accuracy: 7.58800e-01 Validation accuracy: 7.49000e-01 Training loss 5.01749e-03 Validation loss 5.38483e-03 Time taken: 0.08 seconds 
Epoch: 134/200 Train accuracy: 7.61009e-01 Validation accuracy: 7.48667e-01 Training loss 5.01756e-03 Validation loss 5.38598e-03 Time taken: 0.08 seconds 
Epoch: 135/200 Train accuracy: 7.60225e-01 Validation accuracy: 7.46000e-01 Training loss 5.01679e-03 Validation loss 5.36408e-03 Time taken: 0.08 seconds 
Epoch: 136/200 Train accuracy: 7.59441e-01 Validation accuracy: 7.53333e-01 Training loss 5.01860e-03 Validation loss 5.39796e-03 Time taken: 0.08 seconds 
Epoch: 137/200 Train accuracy: 7.59726e-01 Validation accuracy: 7.50000e-01 Training loss 5.01288e-03 Validation loss 5.36795e-03 Time taken: 0.08 seconds 
Epoch: 138/200 Train accuracy: 7.59940e-01 Validation accuracy: 7.49333e-01 Training loss 5.01446e-03 Validation loss 5.36630e-03 Time taken: 0.08 seconds 
Epoch: 139/200 Train accuracy: 7.62149e-01 Validation accuracy: 7.47667e-01 Training loss 5.02653e-03 Validation loss 5.38269e-03 Time taken: 0.08 seconds 
Epoch: 140/200 Train accuracy: 7.60724e-01 Validation accuracy: 7.48667e-01 Training loss 5.01553e-03 Validation loss 5.36854e-03 Time taken: 0.08 seconds 
Epoch: 141/200 Train accuracy: 7.60083e-01 Validation accuracy: 7.47667e-01 Training loss 5.01361e-03 Validation loss 5.38392e-03 Time taken: 0.08 seconds 
Epoch: 142/200 Train accuracy: 7.60510e-01 Validation accuracy: 7.47000e-01 Training loss 5.00631e-03 Validation loss 5.37313e-03 Time taken: 0.08 seconds 
Epoch: 143/200 Train accuracy: 7.60011e-01 Validation accuracy: 7.49667e-01 Training loss 5.01432e-03 Validation loss 5.38882e-03 Time taken: 0.08 seconds 
Epoch: 144/200 Train accuracy: 7.60653e-01 Validation accuracy: 7.49000e-01 Training loss 5.00547e-03 Validation loss 5.35679e-03 Time taken: 0.08 seconds 
Epoch: 145/200 Train accuracy: 7.61437e-01 Validation accuracy: 7.48333e-01 Training loss 5.00469e-03 Validation loss 5.36786e-03 Time taken: 0.08 seconds 
Epoch: 146/200 Train accuracy: 7.60866e-01 Validation accuracy: 7.49667e-01 Training loss 5.00429e-03 Validation loss 5.41985e-03 Time taken: 0.08 seconds 
Epoch: 147/200 Train accuracy: 7.61294e-01 Validation accuracy: 7.49667e-01 Training loss 5.00522e-03 Validation loss 5.34687e-03 Time taken: 0.08 seconds 
Epoch: 148/200 Train accuracy: 7.61935e-01 Validation accuracy: 7.51000e-01 Training loss 4.99808e-03 Validation loss 5.37697e-03 Time taken: 0.08 seconds 
Epoch: 149/200 Train accuracy: 7.61151e-01 Validation accuracy: 7.47333e-01 Training loss 5.00216e-03 Validation loss 5.35276e-03 Time taken: 0.08 seconds 
Epoch: 150/200 Train accuracy: 7.60296e-01 Validation accuracy: 7.49333e-01 Training loss 5.00368e-03 Validation loss 5.36049e-03 Time taken: 0.08 seconds 
Epoch: 151/200 Train accuracy: 7.61793e-01 Validation accuracy: 7.51333e-01 Training loss 4.98908e-03 Validation loss 5.36181e-03 Time taken: 0.10 seconds 
Epoch: 152/200 Train accuracy: 7.61579e-01 Validation accuracy: 7.49000e-01 Training loss 4.99269e-03 Validation loss 5.35659e-03 Time taken: 0.09 seconds 
Epoch: 153/200 Train accuracy: 7.60083e-01 Validation accuracy: 7.47000e-01 Training loss 4.99289e-03 Validation loss 5.35432e-03 Time taken: 0.08 seconds 
Epoch: 154/200 Train accuracy: 7.62434e-01 Validation accuracy: 7.51000e-01 Training loss 4.99642e-03 Validation loss 5.36849e-03 Time taken: 0.08 seconds 
Epoch: 155/200 Train accuracy: 7.59726e-01 Validation accuracy: 7.55333e-01 Training loss 4.99448e-03 Validation loss 5.38747e-03 Time taken: 0.08 seconds 
Epoch: 156/200 Train accuracy: 7.62007e-01 Validation accuracy: 7.50667e-01 Training loss 4.99217e-03 Validation loss 5.37350e-03 Time taken: 0.08 seconds 
Epoch: 157/200 Train accuracy: 7.59940e-01 Validation accuracy: 7.48000e-01 Training loss 4.98822e-03 Validation loss 5.34596e-03 Time taken: 0.08 seconds 
Epoch: 158/200 Train accuracy: 7.63147e-01 Validation accuracy: 7.49667e-01 Training loss 4.99318e-03 Validation loss 5.34945e-03 Time taken: 0.08 seconds 
Epoch: 159/200 Train accuracy: 7.61793e-01 Validation accuracy: 7.49333e-01 Training loss 4.99270e-03 Validation loss 5.34512e-03 Time taken: 0.08 seconds 
Epoch: 160/200 Train accuracy: 7.62790e-01 Validation accuracy: 7.50000e-01 Training loss 4.99146e-03 Validation loss 5.34500e-03 Time taken: 0.08 seconds 
Epoch: 161/200 Train accuracy: 7.61864e-01 Validation accuracy: 7.49667e-01 Training loss 4.98366e-03 Validation loss 5.34104e-03 Time taken: 0.08 seconds 
Epoch: 162/200 Train accuracy: 7.61294e-01 Validation accuracy: 7.49667e-01 Training loss 4.98987e-03 Validation loss 5.34165e-03 Time taken: 0.12 seconds 
Epoch: 163/200 Train accuracy: 7.64287e-01 Validation accuracy: 7.48000e-01 Training loss 4.98793e-03 Validation loss 5.34993e-03 Time taken: 0.14 seconds 
Epoch: 164/200 Train accuracy: 7.64002e-01 Validation accuracy: 7.52000e-01 Training loss 4.98884e-03 Validation loss 5.35678e-03 Time taken: 0.12 seconds 
Epoch: 165/200 Train accuracy: 7.60154e-01 Validation accuracy: 7.47667e-01 Training loss 4.98981e-03 Validation loss 5.36003e-03 Time taken: 0.13 seconds 
Epoch: 166/200 Train accuracy: 7.63859e-01 Validation accuracy: 7.49000e-01 Training loss 4.98509e-03 Validation loss 5.35212e-03 Time taken: 0.14 seconds 
Epoch: 167/200 Train accuracy: 7.63147e-01 Validation accuracy: 7.50333e-01 Training loss 4.97860e-03 Validation loss 5.33401e-03 Time taken: 0.11 seconds 
Epoch: 168/200 Train accuracy: 7.61579e-01 Validation accuracy: 7.51667e-01 Training loss 4.98347e-03 Validation loss 5.34305e-03 Time taken: 0.13 seconds 
Epoch: 169/200 Train accuracy: 7.62933e-01 Validation accuracy: 7.48333e-01 Training loss 4.97726e-03 Validation loss 5.34882e-03 Time taken: 0.15 seconds 
Epoch: 170/200 Train accuracy: 7.60154e-01 Validation accuracy: 7.49333e-01 Training loss 4.98054e-03 Validation loss 5.35167e-03 Time taken: 0.10 seconds 
Epoch: 171/200 Train accuracy: 7.62648e-01 Validation accuracy: 7.50000e-01 Training loss 4.98125e-03 Validation loss 5.40189e-03 Time taken: 0.10 seconds 
Epoch: 172/200 Train accuracy: 7.63503e-01 Validation accuracy: 7.50667e-01 Training loss 4.98338e-03 Validation loss 5.32952e-03 Time taken: 0.08 seconds 
Epoch: 173/200 Train accuracy: 7.64287e-01 Validation accuracy: 7.47000e-01 Training loss 4.98121e-03 Validation loss 5.33557e-03 Time taken: 0.08 seconds 
Epoch: 174/200 Train accuracy: 7.62149e-01 Validation accuracy: 7.51000e-01 Training loss 4.98252e-03 Validation loss 5.35069e-03 Time taken: 0.08 seconds 
Epoch: 175/200 Train accuracy: 7.63075e-01 Validation accuracy: 7.55000e-01 Training loss 4.97963e-03 Validation loss 5.37089e-03 Time taken: 0.08 seconds 
Epoch: 176/200 Train accuracy: 7.62862e-01 Validation accuracy: 7.48000e-01 Training loss 4.97585e-03 Validation loss 5.33984e-03 Time taken: 0.08 seconds 
Epoch: 177/200 Train accuracy: 7.61508e-01 Validation accuracy: 7.49333e-01 Training loss 4.97146e-03 Validation loss 5.37378e-03 Time taken: 0.08 seconds 
Epoch: 178/200 Train accuracy: 7.64215e-01 Validation accuracy: 7.52333e-01 Training loss 4.96804e-03 Validation loss 5.34509e-03 Time taken: 0.08 seconds 
Epoch: 179/200 Train accuracy: 7.64643e-01 Validation accuracy: 7.49667e-01 Training loss 4.97292e-03 Validation loss 5.33154e-03 Time taken: 0.08 seconds 
Epoch: 180/200 Train accuracy: 7.63432e-01 Validation accuracy: 7.51333e-01 Training loss 4.97345e-03 Validation loss 5.32557e-03 Time taken: 0.08 seconds 
Epoch: 181/200 Train accuracy: 7.61935e-01 Validation accuracy: 7.52000e-01 Training loss 4.96710e-03 Validation loss 5.32915e-03 Time taken: 0.08 seconds 
Epoch: 182/200 Train accuracy: 7.62862e-01 Validation accuracy: 7.50333e-01 Training loss 4.96577e-03 Validation loss 5.33069e-03 Time taken: 0.08 seconds 
Epoch: 183/200 Train accuracy: 7.60724e-01 Validation accuracy: 7.49333e-01 Training loss 4.97006e-03 Validation loss 5.32572e-03 Time taken: 0.08 seconds 
Epoch: 184/200 Train accuracy: 7.64073e-01 Validation accuracy: 7.48667e-01 Training loss 4.96222e-03 Validation loss 5.34964e-03 Time taken: 0.08 seconds 
Epoch: 185/200 Train accuracy: 7.64358e-01 Validation accuracy: 7.53333e-01 Training loss 4.96481e-03 Validation loss 5.35366e-03 Time taken: 0.08 seconds 
Epoch: 186/200 Train accuracy: 7.65569e-01 Validation accuracy: 7.55333e-01 Training loss 4.96578e-03 Validation loss 5.34571e-03 Time taken: 0.08 seconds 
Epoch: 187/200 Train accuracy: 7.64572e-01 Validation accuracy: 7.50333e-01 Training loss 4.96585e-03 Validation loss 5.34101e-03 Time taken: 0.08 seconds 
Epoch: 188/200 Train accuracy: 7.63788e-01 Validation accuracy: 7.52333e-01 Training loss 4.96165e-03 Validation loss 5.32102e-03 Time taken: 0.08 seconds 
Epoch: 189/200 Train accuracy: 7.64215e-01 Validation accuracy: 7.51333e-01 Training loss 4.96739e-03 Validation loss 5.33203e-03 Time taken: 0.08 seconds 
Epoch: 190/200 Train accuracy: 7.63574e-01 Validation accuracy: 7.50333e-01 Training loss 4.96318e-03 Validation loss 5.32167e-03 Time taken: 0.08 seconds 
Epoch: 191/200 Train accuracy: 7.63574e-01 Validation accuracy: 7.47333e-01 Training loss 4.96143e-03 Validation loss 5.33775e-03 Time taken: 0.08 seconds 
Epoch: 192/200 Train accuracy: 7.62933e-01 Validation accuracy: 7.52667e-01 Training loss 4.96139e-03 Validation loss 5.32360e-03 Time taken: 0.08 seconds 
Epoch: 193/200 Train accuracy: 7.62719e-01 Validation accuracy: 7.49667e-01 Training loss 4.96150e-03 Validation loss 5.33992e-03 Time taken: 0.08 seconds 
Epoch: 194/200 Train accuracy: 7.62505e-01 Validation accuracy: 7.50333e-01 Training loss 4.96012e-03 Validation loss 5.33748e-03 Time taken: 0.08 seconds 
Epoch: 195/200 Train accuracy: 7.64857e-01 Validation accuracy: 7.52667e-01 Training loss 4.95700e-03 Validation loss 5.31269e-03 Time taken: 0.08 seconds 
Epoch: 196/200 Train accuracy: 7.63432e-01 Validation accuracy: 7.46667e-01 Training loss 4.95616e-03 Validation loss 5.34294e-03 Time taken: 0.08 seconds 
Epoch: 197/200 Train accuracy: 7.64857e-01 Validation accuracy: 7.51667e-01 Training loss 4.95708e-03 Validation loss 5.31236e-03 Time taken: 0.10 seconds 
Epoch: 198/200 Train accuracy: 7.65142e-01 Validation accuracy: 7.49667e-01 Training loss 4.96017e-03 Validation loss 5.32285e-03 Time taken: 0.08 seconds 
Epoch: 199/200 Train accuracy: 7.63503e-01 Validation accuracy: 7.48000e-01 Training loss 4.96791e-03 Validation loss 5.34783e-03 Time taken: 0.08 seconds 
Epoch: 200/200 Train accuracy: 7.65569e-01 Validation accuracy: 7.51667e-01 Training loss 4.95795e-03 Validation loss 5.32069e-03 Time taken: 0.08 seconds 
Total time taken 0:00:18.160724
Cleaning up intermediate feature (.pt) files
Done


working on file logs_PKT_chunks/iic-train-l2-pkt-chunks-seed0-KNN-ep750/jepa-iic-ep500.pth.tar ...
Directory logs_PKT_chunks/iic-train-l2-pkt-chunks-seed0-KNN-ep750/classifiers for saving the classifiers is now present
VisionTransformer(
  (patch_embed): PatchEmbed(
    (proj): Conv2d(3, 768, kernel_size=(15, 15), stride=(15, 15))
  )
  (blocks): ModuleList(
    (0-11): 12 x Block(
      (norm1): LayerNorm((768,), eps=1e-06, elementwise_affine=True)
      (attn): Attention(
        (qkv): Linear(in_features=768, out_features=2304, bias=True)
        (attn_drop): Dropout(p=0.0, inplace=False)
        (proj): Linear(in_features=768, out_features=768, bias=True)
        (proj_drop): Dropout(p=0.0, inplace=False)
      )
      (drop_path): Identity()
      (norm2): LayerNorm((768,), eps=1e-06, elementwise_affine=True)
      (mlp): MLP(
        (fc1): Linear(in_features=768, out_features=3072, bias=True)
        (act): GELU(approximate='none')
        (fc2): Linear(in_features=3072, out_features=768, bias=True)
        (drop): Dropout(p=0.0, inplace=False)
      )
    )
  )
  (norm): LayerNorm((768,), eps=1e-06, elementwise_affine=True)
)
Extracting features and saving them in memory..
Extracting features...
Time taken to extract features: 24.981751641986193
Epoch: 1/200 Train accuracy: 5.35628e-01 Validation accuracy: 6.98000e-01 Training loss 1.06460e-02 Validation loss 7.99671e-03 Time taken: 0.08 seconds 
Epoch: 2/200 Train accuracy: 7.27020e-01 Validation accuracy: 7.43000e-01 Training loss 6.82060e-03 Validation loss 6.49489e-03 Time taken: 0.08 seconds 
Epoch: 3/200 Train accuracy: 7.53171e-01 Validation accuracy: 7.57000e-01 Training loss 5.88885e-03 Validation loss 5.88001e-03 Time taken: 0.08 seconds 
Epoch: 4/200 Train accuracy: 7.64287e-01 Validation accuracy: 7.68333e-01 Training loss 5.43399e-03 Validation loss 5.54295e-03 Time taken: 0.08 seconds 
Epoch: 5/200 Train accuracy: 7.73051e-01 Validation accuracy: 7.75000e-01 Training loss 5.16591e-03 Validation loss 5.32768e-03 Time taken: 0.08 seconds 
Epoch: 6/200 Train accuracy: 7.80034e-01 Validation accuracy: 7.80000e-01 Training loss 4.98630e-03 Validation loss 5.16451e-03 Time taken: 0.08 seconds 
Epoch: 7/200 Train accuracy: 7.83526e-01 Validation accuracy: 7.82667e-01 Training loss 4.84319e-03 Validation loss 5.04500e-03 Time taken: 0.08 seconds 
Epoch: 8/200 Train accuracy: 7.85806e-01 Validation accuracy: 7.85333e-01 Training loss 4.73516e-03 Validation loss 4.97962e-03 Time taken: 0.08 seconds 
Epoch: 9/200 Train accuracy: 7.89369e-01 Validation accuracy: 7.92000e-01 Training loss 4.66392e-03 Validation loss 4.87160e-03 Time taken: 0.08 seconds 
Epoch: 10/200 Train accuracy: 7.89939e-01 Validation accuracy: 7.91000e-01 Training loss 4.59375e-03 Validation loss 4.81706e-03 Time taken: 0.08 seconds 
Epoch: 11/200 Train accuracy: 7.94642e-01 Validation accuracy: 7.90667e-01 Training loss 4.53286e-03 Validation loss 4.78817e-03 Time taken: 0.08 seconds 
Epoch: 12/200 Train accuracy: 7.93929e-01 Validation accuracy: 7.93000e-01 Training loss 4.49244e-03 Validation loss 4.71682e-03 Time taken: 0.08 seconds 
Epoch: 13/200 Train accuracy: 7.96565e-01 Validation accuracy: 7.95333e-01 Training loss 4.44956e-03 Validation loss 4.67429e-03 Time taken: 0.08 seconds 
Epoch: 14/200 Train accuracy: 7.98133e-01 Validation accuracy: 7.97667e-01 Training loss 4.42156e-03 Validation loss 4.64210e-03 Time taken: 0.08 seconds 
Epoch: 15/200 Train accuracy: 7.98133e-01 Validation accuracy: 7.99667e-01 Training loss 4.38676e-03 Validation loss 4.62652e-03 Time taken: 0.08 seconds 
Epoch: 16/200 Train accuracy: 7.99059e-01 Validation accuracy: 7.99667e-01 Training loss 4.36004e-03 Validation loss 4.58866e-03 Time taken: 0.08 seconds 
Epoch: 17/200 Train accuracy: 8.00770e-01 Validation accuracy: 7.98000e-01 Training loss 4.33365e-03 Validation loss 4.57607e-03 Time taken: 0.08 seconds 
Epoch: 18/200 Train accuracy: 8.01981e-01 Validation accuracy: 8.02333e-01 Training loss 4.31442e-03 Validation loss 4.54036e-03 Time taken: 0.08 seconds 
Epoch: 19/200 Train accuracy: 8.02765e-01 Validation accuracy: 8.00333e-01 Training loss 4.29102e-03 Validation loss 4.52906e-03 Time taken: 0.08 seconds 
Epoch: 20/200 Train accuracy: 8.04617e-01 Validation accuracy: 7.97333e-01 Training loss 4.28062e-03 Validation loss 4.52681e-03 Time taken: 0.08 seconds 
Epoch: 21/200 Train accuracy: 8.03335e-01 Validation accuracy: 8.02333e-01 Training loss 4.25425e-03 Validation loss 4.49324e-03 Time taken: 0.08 seconds 
Epoch: 22/200 Train accuracy: 8.04332e-01 Validation accuracy: 7.97667e-01 Training loss 4.23475e-03 Validation loss 4.50616e-03 Time taken: 0.08 seconds 
Epoch: 23/200 Train accuracy: 8.06042e-01 Validation accuracy: 8.02333e-01 Training loss 4.22976e-03 Validation loss 4.48345e-03 Time taken: 0.08 seconds 
Epoch: 24/200 Train accuracy: 8.05615e-01 Validation accuracy: 7.98667e-01 Training loss 4.21639e-03 Validation loss 4.47012e-03 Time taken: 0.09 seconds 
Epoch: 25/200 Train accuracy: 8.05544e-01 Validation accuracy: 8.02333e-01 Training loss 4.19696e-03 Validation loss 4.45543e-03 Time taken: 0.08 seconds 
Epoch: 26/200 Train accuracy: 8.07895e-01 Validation accuracy: 8.05667e-01 Training loss 4.18595e-03 Validation loss 4.42355e-03 Time taken: 0.09 seconds 
Epoch: 27/200 Train accuracy: 8.05686e-01 Validation accuracy: 8.00667e-01 Training loss 4.17663e-03 Validation loss 4.43169e-03 Time taken: 0.08 seconds 
Epoch: 28/200 Train accuracy: 8.07753e-01 Validation accuracy: 8.03333e-01 Training loss 4.16616e-03 Validation loss 4.39764e-03 Time taken: 0.08 seconds 
Epoch: 29/200 Train accuracy: 8.07325e-01 Validation accuracy: 8.07000e-01 Training loss 4.16044e-03 Validation loss 4.42676e-03 Time taken: 0.08 seconds 
Epoch: 30/200 Train accuracy: 8.07824e-01 Validation accuracy: 8.04667e-01 Training loss 4.14486e-03 Validation loss 4.41057e-03 Time taken: 0.08 seconds 
Epoch: 31/200 Train accuracy: 8.07183e-01 Validation accuracy: 8.05667e-01 Training loss 4.14288e-03 Validation loss 4.38057e-03 Time taken: 0.08 seconds 
Epoch: 32/200 Train accuracy: 8.10247e-01 Validation accuracy: 8.04000e-01 Training loss 4.13177e-03 Validation loss 4.38327e-03 Time taken: 0.08 seconds 
Epoch: 33/200 Train accuracy: 8.09748e-01 Validation accuracy: 8.06000e-01 Training loss 4.12013e-03 Validation loss 4.37103e-03 Time taken: 0.08 seconds 
Epoch: 34/200 Train accuracy: 8.09391e-01 Validation accuracy: 8.04667e-01 Training loss 4.11129e-03 Validation loss 4.37458e-03 Time taken: 0.08 seconds 
Epoch: 35/200 Train accuracy: 8.09819e-01 Validation accuracy: 8.07333e-01 Training loss 4.11023e-03 Validation loss 4.36544e-03 Time taken: 0.08 seconds 
Epoch: 36/200 Train accuracy: 8.12242e-01 Validation accuracy: 8.06000e-01 Training loss 4.09778e-03 Validation loss 4.36026e-03 Time taken: 0.08 seconds 
Epoch: 37/200 Train accuracy: 8.11030e-01 Validation accuracy: 8.08667e-01 Training loss 4.08568e-03 Validation loss 4.33873e-03 Time taken: 0.08 seconds 
Epoch: 38/200 Train accuracy: 8.11529e-01 Validation accuracy: 8.06333e-01 Training loss 4.08730e-03 Validation loss 4.33077e-03 Time taken: 0.08 seconds 
Epoch: 39/200 Train accuracy: 8.10104e-01 Validation accuracy: 8.08333e-01 Training loss 4.07767e-03 Validation loss 4.32841e-03 Time taken: 0.08 seconds 
Epoch: 40/200 Train accuracy: 8.11600e-01 Validation accuracy: 8.10000e-01 Training loss 4.07217e-03 Validation loss 4.31036e-03 Time taken: 0.08 seconds 
Epoch: 41/200 Train accuracy: 8.11244e-01 Validation accuracy: 8.08667e-01 Training loss 4.06552e-03 Validation loss 4.32039e-03 Time taken: 0.08 seconds 
Epoch: 42/200 Train accuracy: 8.12099e-01 Validation accuracy: 8.07667e-01 Training loss 4.05737e-03 Validation loss 4.33194e-03 Time taken: 0.08 seconds 
Epoch: 43/200 Train accuracy: 8.13168e-01 Validation accuracy: 8.09667e-01 Training loss 4.04865e-03 Validation loss 4.30937e-03 Time taken: 0.08 seconds 
Epoch: 44/200 Train accuracy: 8.13311e-01 Validation accuracy: 8.11667e-01 Training loss 4.04524e-03 Validation loss 4.30929e-03 Time taken: 0.08 seconds 
Epoch: 45/200 Train accuracy: 8.11244e-01 Validation accuracy: 8.07000e-01 Training loss 4.04068e-03 Validation loss 4.34420e-03 Time taken: 0.08 seconds 
Epoch: 46/200 Train accuracy: 8.12242e-01 Validation accuracy: 8.07667e-01 Training loss 4.03052e-03 Validation loss 4.28673e-03 Time taken: 0.08 seconds 
Epoch: 47/200 Train accuracy: 8.13952e-01 Validation accuracy: 8.11000e-01 Training loss 4.02893e-03 Validation loss 4.28318e-03 Time taken: 0.08 seconds 
Epoch: 48/200 Train accuracy: 8.13738e-01 Validation accuracy: 8.09667e-01 Training loss 4.02078e-03 Validation loss 4.27830e-03 Time taken: 0.08 seconds 
Epoch: 49/200 Train accuracy: 8.13596e-01 Validation accuracy: 8.07667e-01 Training loss 4.02020e-03 Validation loss 4.32140e-03 Time taken: 0.08 seconds 
Epoch: 50/200 Train accuracy: 8.14379e-01 Validation accuracy: 8.10667e-01 Training loss 4.01164e-03 Validation loss 4.29611e-03 Time taken: 0.08 seconds 
Epoch: 51/200 Train accuracy: 8.15306e-01 Validation accuracy: 8.11667e-01 Training loss 4.00788e-03 Validation loss 4.26056e-03 Time taken: 0.09 seconds 
Epoch: 52/200 Train accuracy: 8.14593e-01 Validation accuracy: 8.09000e-01 Training loss 4.00189e-03 Validation loss 4.27426e-03 Time taken: 0.08 seconds 
Epoch: 53/200 Train accuracy: 8.14949e-01 Validation accuracy: 8.11333e-01 Training loss 3.99665e-03 Validation loss 4.24520e-03 Time taken: 0.08 seconds 
Epoch: 54/200 Train accuracy: 8.16161e-01 Validation accuracy: 8.09333e-01 Training loss 3.99915e-03 Validation loss 4.26596e-03 Time taken: 0.08 seconds 
Epoch: 55/200 Train accuracy: 8.14094e-01 Validation accuracy: 8.12667e-01 Training loss 3.99428e-03 Validation loss 4.24071e-03 Time taken: 0.08 seconds 
Epoch: 56/200 Train accuracy: 8.14593e-01 Validation accuracy: 8.11000e-01 Training loss 3.99084e-03 Validation loss 4.25038e-03 Time taken: 0.08 seconds 
Epoch: 57/200 Train accuracy: 8.15163e-01 Validation accuracy: 8.10000e-01 Training loss 3.98079e-03 Validation loss 4.26046e-03 Time taken: 0.08 seconds 
Epoch: 58/200 Train accuracy: 8.16232e-01 Validation accuracy: 8.13667e-01 Training loss 3.97528e-03 Validation loss 4.23278e-03 Time taken: 0.08 seconds 
Epoch: 59/200 Train accuracy: 8.15163e-01 Validation accuracy: 8.06667e-01 Training loss 3.97666e-03 Validation loss 4.28091e-03 Time taken: 0.08 seconds 
Epoch: 60/200 Train accuracy: 8.17372e-01 Validation accuracy: 8.13333e-01 Training loss 3.97691e-03 Validation loss 4.22597e-03 Time taken: 0.08 seconds 
Epoch: 61/200 Train accuracy: 8.17087e-01 Validation accuracy: 8.12667e-01 Training loss 3.97104e-03 Validation loss 4.23405e-03 Time taken: 0.08 seconds 
Epoch: 62/200 Train accuracy: 8.17158e-01 Validation accuracy: 8.12667e-01 Training loss 3.96430e-03 Validation loss 4.23214e-03 Time taken: 0.08 seconds 
Epoch: 63/200 Train accuracy: 8.17016e-01 Validation accuracy: 8.12667e-01 Training loss 3.95775e-03 Validation loss 4.21758e-03 Time taken: 0.08 seconds 
Epoch: 64/200 Train accuracy: 8.15947e-01 Validation accuracy: 8.11667e-01 Training loss 3.95535e-03 Validation loss 4.23028e-03 Time taken: 0.08 seconds 
Epoch: 65/200 Train accuracy: 8.17515e-01 Validation accuracy: 8.14333e-01 Training loss 3.95788e-03 Validation loss 4.20691e-03 Time taken: 0.08 seconds 
Epoch: 66/200 Train accuracy: 8.17942e-01 Validation accuracy: 8.10000e-01 Training loss 3.94709e-03 Validation loss 4.22833e-03 Time taken: 0.08 seconds 
Epoch: 67/200 Train accuracy: 8.16232e-01 Validation accuracy: 8.09667e-01 Training loss 3.94730e-03 Validation loss 4.21476e-03 Time taken: 0.08 seconds 
Epoch: 68/200 Train accuracy: 8.18013e-01 Validation accuracy: 8.12000e-01 Training loss 3.94624e-03 Validation loss 4.20067e-03 Time taken: 0.08 seconds 
Epoch: 69/200 Train accuracy: 8.18298e-01 Validation accuracy: 8.14000e-01 Training loss 3.93432e-03 Validation loss 4.21055e-03 Time taken: 0.08 seconds 
Epoch: 70/200 Train accuracy: 8.18156e-01 Validation accuracy: 8.14333e-01 Training loss 3.93867e-03 Validation loss 4.19044e-03 Time taken: 0.08 seconds 
Epoch: 71/200 Train accuracy: 8.19082e-01 Validation accuracy: 8.14333e-01 Training loss 3.93279e-03 Validation loss 4.18541e-03 Time taken: 0.08 seconds 
Epoch: 72/200 Train accuracy: 8.18868e-01 Validation accuracy: 8.11000e-01 Training loss 3.92622e-03 Validation loss 4.17396e-03 Time taken: 0.08 seconds 
Epoch: 73/200 Train accuracy: 8.19937e-01 Validation accuracy: 8.11000e-01 Training loss 3.92141e-03 Validation loss 4.18476e-03 Time taken: 0.08 seconds 
Epoch: 74/200 Train accuracy: 8.18868e-01 Validation accuracy: 8.12000e-01 Training loss 3.92711e-03 Validation loss 4.18551e-03 Time taken: 0.08 seconds 
Epoch: 75/200 Train accuracy: 8.18868e-01 Validation accuracy: 8.13333e-01 Training loss 3.92741e-03 Validation loss 4.17098e-03 Time taken: 0.08 seconds 
Epoch: 76/200 Train accuracy: 8.19439e-01 Validation accuracy: 8.10667e-01 Training loss 3.92231e-03 Validation loss 4.17478e-03 Time taken: 0.08 seconds 
Epoch: 77/200 Train accuracy: 8.19367e-01 Validation accuracy: 8.15000e-01 Training loss 3.91872e-03 Validation loss 4.17403e-03 Time taken: 0.09 seconds 
Epoch: 78/200 Train accuracy: 8.17728e-01 Validation accuracy: 8.16333e-01 Training loss 3.91748e-03 Validation loss 4.16981e-03 Time taken: 0.08 seconds 
Epoch: 79/200 Train accuracy: 8.19296e-01 Validation accuracy: 8.13000e-01 Training loss 3.91172e-03 Validation loss 4.17017e-03 Time taken: 0.13 seconds 
Epoch: 80/200 Train accuracy: 8.18512e-01 Validation accuracy: 8.13000e-01 Training loss 3.90381e-03 Validation loss 4.15547e-03 Time taken: 0.16 seconds 
Epoch: 81/200 Train accuracy: 8.20294e-01 Validation accuracy: 8.15333e-01 Training loss 3.90719e-03 Validation loss 4.15635e-03 Time taken: 0.14 seconds 
Epoch: 82/200 Train accuracy: 8.20436e-01 Validation accuracy: 8.16333e-01 Training loss 3.89910e-03 Validation loss 4.16184e-03 Time taken: 0.12 seconds 
Epoch: 83/200 Train accuracy: 8.19795e-01 Validation accuracy: 8.17000e-01 Training loss 3.89824e-03 Validation loss 4.16183e-03 Time taken: 0.08 seconds 
Epoch: 84/200 Train accuracy: 8.20151e-01 Validation accuracy: 8.15000e-01 Training loss 3.90201e-03 Validation loss 4.15311e-03 Time taken: 0.08 seconds 
Epoch: 85/200 Train accuracy: 8.20792e-01 Validation accuracy: 8.15000e-01 Training loss 3.89509e-03 Validation loss 4.14812e-03 Time taken: 0.08 seconds 
Epoch: 86/200 Train accuracy: 8.19296e-01 Validation accuracy: 8.12667e-01 Training loss 3.89307e-03 Validation loss 4.14780e-03 Time taken: 0.08 seconds 
Epoch: 87/200 Train accuracy: 8.19866e-01 Validation accuracy: 8.11667e-01 Training loss 3.88941e-03 Validation loss 4.16305e-03 Time taken: 0.08 seconds 
Epoch: 88/200 Train accuracy: 8.20579e-01 Validation accuracy: 8.14667e-01 Training loss 3.88643e-03 Validation loss 4.13555e-03 Time taken: 0.08 seconds 
Epoch: 89/200 Train accuracy: 8.21291e-01 Validation accuracy: 8.15000e-01 Training loss 3.88149e-03 Validation loss 4.13684e-03 Time taken: 0.08 seconds 
Epoch: 90/200 Train accuracy: 8.20436e-01 Validation accuracy: 8.17000e-01 Training loss 3.88138e-03 Validation loss 4.13926e-03 Time taken: 0.08 seconds 
Epoch: 91/200 Train accuracy: 8.20436e-01 Validation accuracy: 8.13000e-01 Training loss 3.88792e-03 Validation loss 4.15022e-03 Time taken: 0.08 seconds 
Epoch: 92/200 Train accuracy: 8.21505e-01 Validation accuracy: 8.14667e-01 Training loss 3.87293e-03 Validation loss 4.13593e-03 Time taken: 0.08 seconds 
Epoch: 93/200 Train accuracy: 8.20507e-01 Validation accuracy: 8.15333e-01 Training loss 3.87945e-03 Validation loss 4.17843e-03 Time taken: 0.08 seconds 
Epoch: 94/200 Train accuracy: 8.20436e-01 Validation accuracy: 8.15667e-01 Training loss 3.86908e-03 Validation loss 4.15098e-03 Time taken: 0.08 seconds 
Epoch: 95/200 Train accuracy: 8.20864e-01 Validation accuracy: 8.14333e-01 Training loss 3.86428e-03 Validation loss 4.16999e-03 Time taken: 0.08 seconds 
Epoch: 96/200 Train accuracy: 8.21149e-01 Validation accuracy: 8.16000e-01 Training loss 3.86789e-03 Validation loss 4.11024e-03 Time taken: 0.08 seconds 
Epoch: 97/200 Train accuracy: 8.20579e-01 Validation accuracy: 8.17000e-01 Training loss 3.86918e-03 Validation loss 4.12470e-03 Time taken: 0.08 seconds 
Epoch: 98/200 Train accuracy: 8.22930e-01 Validation accuracy: 8.17000e-01 Training loss 3.86321e-03 Validation loss 4.12300e-03 Time taken: 0.08 seconds 
Epoch: 99/200 Train accuracy: 8.21576e-01 Validation accuracy: 8.15333e-01 Training loss 3.86059e-03 Validation loss 4.11481e-03 Time taken: 0.08 seconds 
Epoch: 100/200 Train accuracy: 8.20721e-01 Validation accuracy: 8.16000e-01 Training loss 3.85821e-03 Validation loss 4.12534e-03 Time taken: 0.08 seconds 
Epoch: 101/200 Train accuracy: 8.20294e-01 Validation accuracy: 8.15667e-01 Training loss 3.85582e-03 Validation loss 4.11053e-03 Time taken: 0.09 seconds 
Epoch: 102/200 Train accuracy: 8.22502e-01 Validation accuracy: 8.16000e-01 Training loss 3.84817e-03 Validation loss 4.11532e-03 Time taken: 0.08 seconds 
Epoch: 103/200 Train accuracy: 8.21719e-01 Validation accuracy: 8.14667e-01 Training loss 3.85085e-03 Validation loss 4.12901e-03 Time taken: 0.08 seconds 
Epoch: 104/200 Train accuracy: 8.22146e-01 Validation accuracy: 8.15333e-01 Training loss 3.84978e-03 Validation loss 4.09995e-03 Time taken: 0.08 seconds 
Epoch: 105/200 Train accuracy: 8.22360e-01 Validation accuracy: 8.22000e-01 Training loss 3.85117e-03 Validation loss 4.11164e-03 Time taken: 0.08 seconds 
Epoch: 106/200 Train accuracy: 8.21505e-01 Validation accuracy: 8.17333e-01 Training loss 3.84024e-03 Validation loss 4.12248e-03 Time taken: 0.08 seconds 
Epoch: 107/200 Train accuracy: 8.21932e-01 Validation accuracy: 8.16333e-01 Training loss 3.84187e-03 Validation loss 4.10201e-03 Time taken: 0.08 seconds 
Epoch: 108/200 Train accuracy: 8.22004e-01 Validation accuracy: 8.19333e-01 Training loss 3.83678e-03 Validation loss 4.09687e-03 Time taken: 0.08 seconds 
Epoch: 109/200 Train accuracy: 8.21719e-01 Validation accuracy: 8.18000e-01 Training loss 3.83695e-03 Validation loss 4.10576e-03 Time taken: 0.08 seconds 
Epoch: 110/200 Train accuracy: 8.22930e-01 Validation accuracy: 8.18667e-01 Training loss 3.83885e-03 Validation loss 4.09795e-03 Time taken: 0.08 seconds 
Epoch: 111/200 Train accuracy: 8.21647e-01 Validation accuracy: 8.20000e-01 Training loss 3.83771e-03 Validation loss 4.08850e-03 Time taken: 0.08 seconds 
Epoch: 112/200 Train accuracy: 8.22289e-01 Validation accuracy: 8.22000e-01 Training loss 3.84098e-03 Validation loss 4.08971e-03 Time taken: 0.08 seconds 
Epoch: 113/200 Train accuracy: 8.22217e-01 Validation accuracy: 8.17333e-01 Training loss 3.83576e-03 Validation loss 4.09681e-03 Time taken: 0.08 seconds 
Epoch: 114/200 Train accuracy: 8.24141e-01 Validation accuracy: 8.17667e-01 Training loss 3.83260e-03 Validation loss 4.07421e-03 Time taken: 0.08 seconds 
Epoch: 115/200 Train accuracy: 8.22930e-01 Validation accuracy: 8.16667e-01 Training loss 3.82993e-03 Validation loss 4.08504e-03 Time taken: 0.08 seconds 
Epoch: 116/200 Train accuracy: 8.23144e-01 Validation accuracy: 8.20000e-01 Training loss 3.82511e-03 Validation loss 4.08891e-03 Time taken: 0.08 seconds 
Epoch: 117/200 Train accuracy: 8.22574e-01 Validation accuracy: 8.17000e-01 Training loss 3.82798e-03 Validation loss 4.07472e-03 Time taken: 0.08 seconds 
Epoch: 118/200 Train accuracy: 8.22289e-01 Validation accuracy: 8.21667e-01 Training loss 3.82779e-03 Validation loss 4.07598e-03 Time taken: 0.08 seconds 
Epoch: 119/200 Train accuracy: 8.22360e-01 Validation accuracy: 8.17667e-01 Training loss 3.82221e-03 Validation loss 4.08844e-03 Time taken: 0.08 seconds 
Epoch: 120/200 Train accuracy: 8.23073e-01 Validation accuracy: 8.22333e-01 Training loss 3.81894e-03 Validation loss 4.06714e-03 Time taken: 0.08 seconds 
Epoch: 121/200 Train accuracy: 8.24569e-01 Validation accuracy: 8.19333e-01 Training loss 3.81631e-03 Validation loss 4.08838e-03 Time taken: 0.08 seconds 
Epoch: 122/200 Train accuracy: 8.22788e-01 Validation accuracy: 8.20000e-01 Training loss 3.81467e-03 Validation loss 4.07941e-03 Time taken: 0.08 seconds 
Epoch: 123/200 Train accuracy: 8.24213e-01 Validation accuracy: 8.23667e-01 Training loss 3.81402e-03 Validation loss 4.07742e-03 Time taken: 0.08 seconds 
Epoch: 124/200 Train accuracy: 8.22574e-01 Validation accuracy: 8.20000e-01 Training loss 3.80938e-03 Validation loss 4.07738e-03 Time taken: 0.08 seconds 
Epoch: 125/200 Train accuracy: 8.24284e-01 Validation accuracy: 8.16333e-01 Training loss 3.81482e-03 Validation loss 4.08854e-03 Time taken: 0.08 seconds 
Epoch: 126/200 Train accuracy: 8.23001e-01 Validation accuracy: 8.19333e-01 Training loss 3.80880e-03 Validation loss 4.08661e-03 Time taken: 0.08 seconds 
Epoch: 127/200 Train accuracy: 8.22930e-01 Validation accuracy: 8.20333e-01 Training loss 3.80383e-03 Validation loss 4.05735e-03 Time taken: 0.08 seconds 
Epoch: 128/200 Train accuracy: 8.24925e-01 Validation accuracy: 8.18333e-01 Training loss 3.80574e-03 Validation loss 4.10902e-03 Time taken: 0.08 seconds 
Epoch: 129/200 Train accuracy: 8.23999e-01 Validation accuracy: 8.23000e-01 Training loss 3.79653e-03 Validation loss 4.06881e-03 Time taken: 0.08 seconds 
Epoch: 130/200 Train accuracy: 8.24070e-01 Validation accuracy: 8.20333e-01 Training loss 3.81147e-03 Validation loss 4.07945e-03 Time taken: 0.08 seconds 
Epoch: 131/200 Train accuracy: 8.24711e-01 Validation accuracy: 8.17333e-01 Training loss 3.80641e-03 Validation loss 4.06638e-03 Time taken: 0.08 seconds 
Epoch: 132/200 Train accuracy: 8.25139e-01 Validation accuracy: 8.21000e-01 Training loss 3.80003e-03 Validation loss 4.06709e-03 Time taken: 0.08 seconds 
Epoch: 133/200 Train accuracy: 8.24355e-01 Validation accuracy: 8.19333e-01 Training loss 3.80099e-03 Validation loss 4.05750e-03 Time taken: 0.08 seconds 
Epoch: 134/200 Train accuracy: 8.23571e-01 Validation accuracy: 8.17667e-01 Training loss 3.79327e-03 Validation loss 4.05825e-03 Time taken: 0.08 seconds 
Epoch: 135/200 Train accuracy: 8.23928e-01 Validation accuracy: 8.23667e-01 Training loss 3.79854e-03 Validation loss 4.05722e-03 Time taken: 0.08 seconds 
Epoch: 136/200 Train accuracy: 8.24426e-01 Validation accuracy: 8.25000e-01 Training loss 3.79384e-03 Validation loss 4.05050e-03 Time taken: 0.08 seconds 
Epoch: 137/200 Train accuracy: 8.24996e-01 Validation accuracy: 8.20667e-01 Training loss 3.79293e-03 Validation loss 4.04139e-03 Time taken: 0.08 seconds 
Epoch: 138/200 Train accuracy: 8.25281e-01 Validation accuracy: 8.22667e-01 Training loss 3.78754e-03 Validation loss 4.05501e-03 Time taken: 0.08 seconds 
Epoch: 139/200 Train accuracy: 8.26778e-01 Validation accuracy: 8.23000e-01 Training loss 3.79350e-03 Validation loss 4.05354e-03 Time taken: 0.08 seconds 
Epoch: 140/200 Train accuracy: 8.25709e-01 Validation accuracy: 8.19000e-01 Training loss 3.78992e-03 Validation loss 4.06255e-03 Time taken: 0.08 seconds 
Epoch: 141/200 Train accuracy: 8.25068e-01 Validation accuracy: 8.24333e-01 Training loss 3.78747e-03 Validation loss 4.04632e-03 Time taken: 0.08 seconds 
Epoch: 142/200 Train accuracy: 8.25139e-01 Validation accuracy: 8.23000e-01 Training loss 3.77882e-03 Validation loss 4.04090e-03 Time taken: 0.08 seconds 
Epoch: 143/200 Train accuracy: 8.26137e-01 Validation accuracy: 8.22667e-01 Training loss 3.78941e-03 Validation loss 4.04145e-03 Time taken: 0.08 seconds 
Epoch: 144/200 Train accuracy: 8.25566e-01 Validation accuracy: 8.22333e-01 Training loss 3.77909e-03 Validation loss 4.04102e-03 Time taken: 0.08 seconds 
Epoch: 145/200 Train accuracy: 8.26707e-01 Validation accuracy: 8.19333e-01 Training loss 3.78500e-03 Validation loss 4.04902e-03 Time taken: 0.08 seconds 
Epoch: 146/200 Train accuracy: 8.26849e-01 Validation accuracy: 8.17667e-01 Training loss 3.78017e-03 Validation loss 4.04572e-03 Time taken: 0.08 seconds 
Epoch: 147/200 Train accuracy: 8.25281e-01 Validation accuracy: 8.24667e-01 Training loss 3.77294e-03 Validation loss 4.03160e-03 Time taken: 0.08 seconds 
Epoch: 148/200 Train accuracy: 8.26635e-01 Validation accuracy: 8.21000e-01 Training loss 3.77235e-03 Validation loss 4.06766e-03 Time taken: 0.08 seconds 
Epoch: 149/200 Train accuracy: 8.25852e-01 Validation accuracy: 8.22667e-01 Training loss 3.77201e-03 Validation loss 4.03051e-03 Time taken: 0.08 seconds 
Epoch: 150/200 Train accuracy: 8.27063e-01 Validation accuracy: 8.24333e-01 Training loss 3.76800e-03 Validation loss 4.03900e-03 Time taken: 0.08 seconds 
Epoch: 151/200 Train accuracy: 8.26564e-01 Validation accuracy: 8.23667e-01 Training loss 3.76936e-03 Validation loss 4.03157e-03 Time taken: 0.08 seconds 
Epoch: 152/200 Train accuracy: 8.26493e-01 Validation accuracy: 8.22667e-01 Training loss 3.76849e-03 Validation loss 4.03109e-03 Time taken: 0.09 seconds 
Epoch: 153/200 Train accuracy: 8.24498e-01 Validation accuracy: 8.24000e-01 Training loss 3.77452e-03 Validation loss 4.02560e-03 Time taken: 0.08 seconds 
Epoch: 154/200 Train accuracy: 8.26635e-01 Validation accuracy: 8.23000e-01 Training loss 3.76688e-03 Validation loss 4.04015e-03 Time taken: 0.08 seconds 
Epoch: 155/200 Train accuracy: 8.26635e-01 Validation accuracy: 8.24000e-01 Training loss 3.77067e-03 Validation loss 4.04947e-03 Time taken: 0.08 seconds 
Epoch: 156/200 Train accuracy: 8.25638e-01 Validation accuracy: 8.24667e-01 Training loss 3.77109e-03 Validation loss 4.01448e-03 Time taken: 0.08 seconds 
Epoch: 157/200 Train accuracy: 8.26422e-01 Validation accuracy: 8.23667e-01 Training loss 3.77162e-03 Validation loss 4.03000e-03 Time taken: 0.08 seconds 
Epoch: 158/200 Train accuracy: 8.26208e-01 Validation accuracy: 8.20000e-01 Training loss 3.75480e-03 Validation loss 4.02766e-03 Time taken: 0.08 seconds 
Epoch: 159/200 Train accuracy: 8.26065e-01 Validation accuracy: 8.24667e-01 Training loss 3.76603e-03 Validation loss 4.02873e-03 Time taken: 0.08 seconds 
Epoch: 160/200 Train accuracy: 8.25638e-01 Validation accuracy: 8.22000e-01 Training loss 3.76091e-03 Validation loss 4.03533e-03 Time taken: 0.08 seconds 
Epoch: 161/200 Train accuracy: 8.26635e-01 Validation accuracy: 8.23000e-01 Training loss 3.75468e-03 Validation loss 4.01440e-03 Time taken: 0.08 seconds 
Epoch: 162/200 Train accuracy: 8.26564e-01 Validation accuracy: 8.18333e-01 Training loss 3.75749e-03 Validation loss 4.03297e-03 Time taken: 0.08 seconds 
Epoch: 163/200 Train accuracy: 8.26350e-01 Validation accuracy: 8.24667e-01 Training loss 3.76093e-03 Validation loss 4.01569e-03 Time taken: 0.08 seconds 
Epoch: 164/200 Train accuracy: 8.26707e-01 Validation accuracy: 8.24333e-01 Training loss 3.75961e-03 Validation loss 4.02509e-03 Time taken: 0.08 seconds 
Epoch: 165/200 Train accuracy: 8.26422e-01 Validation accuracy: 8.22000e-01 Training loss 3.75217e-03 Validation loss 4.02917e-03 Time taken: 0.08 seconds 
Epoch: 166/200 Train accuracy: 8.27134e-01 Validation accuracy: 8.26000e-01 Training loss 3.74882e-03 Validation loss 4.01926e-03 Time taken: 0.08 seconds 
Epoch: 167/200 Train accuracy: 8.25566e-01 Validation accuracy: 8.26000e-01 Training loss 3.75158e-03 Validation loss 4.01438e-03 Time taken: 0.08 seconds 
Epoch: 168/200 Train accuracy: 8.26137e-01 Validation accuracy: 8.26333e-01 Training loss 3.74564e-03 Validation loss 4.00679e-03 Time taken: 0.08 seconds 
Epoch: 169/200 Train accuracy: 8.27633e-01 Validation accuracy: 8.23000e-01 Training loss 3.74748e-03 Validation loss 4.02373e-03 Time taken: 0.08 seconds 
Epoch: 170/200 Train accuracy: 8.26208e-01 Validation accuracy: 8.24333e-01 Training loss 3.75322e-03 Validation loss 4.01007e-03 Time taken: 0.08 seconds 
Epoch: 171/200 Train accuracy: 8.27704e-01 Validation accuracy: 8.23667e-01 Training loss 3.74242e-03 Validation loss 4.00402e-03 Time taken: 0.08 seconds 
Epoch: 172/200 Train accuracy: 8.28203e-01 Validation accuracy: 8.19333e-01 Training loss 3.75313e-03 Validation loss 4.00863e-03 Time taken: 0.08 seconds 
Epoch: 173/200 Train accuracy: 8.28132e-01 Validation accuracy: 8.19000e-01 Training loss 3.74832e-03 Validation loss 4.01049e-03 Time taken: 0.08 seconds 
Epoch: 174/200 Train accuracy: 8.26350e-01 Validation accuracy: 8.23667e-01 Training loss 3.74418e-03 Validation loss 4.01376e-03 Time taken: 0.08 seconds 
Epoch: 175/200 Train accuracy: 8.27775e-01 Validation accuracy: 8.20000e-01 Training loss 3.75015e-03 Validation loss 4.01561e-03 Time taken: 0.08 seconds 
Epoch: 176/200 Train accuracy: 8.27348e-01 Validation accuracy: 8.24333e-01 Training loss 3.74382e-03 Validation loss 4.01688e-03 Time taken: 0.08 seconds 
Epoch: 177/200 Train accuracy: 8.27633e-01 Validation accuracy: 8.25000e-01 Training loss 3.73732e-03 Validation loss 4.00151e-03 Time taken: 0.08 seconds 
Epoch: 178/200 Train accuracy: 8.27348e-01 Validation accuracy: 8.21000e-01 Training loss 3.74078e-03 Validation loss 4.00856e-03 Time taken: 0.08 seconds 
Epoch: 179/200 Train accuracy: 8.28132e-01 Validation accuracy: 8.24667e-01 Training loss 3.73953e-03 Validation loss 4.00629e-03 Time taken: 0.09 seconds 
Epoch: 180/200 Train accuracy: 8.26992e-01 Validation accuracy: 8.26000e-01 Training loss 3.73775e-03 Validation loss 4.00683e-03 Time taken: 0.08 seconds 
Epoch: 181/200 Train accuracy: 8.27134e-01 Validation accuracy: 8.22667e-01 Training loss 3.73683e-03 Validation loss 4.00741e-03 Time taken: 0.08 seconds 
Epoch: 182/200 Train accuracy: 8.29201e-01 Validation accuracy: 8.19667e-01 Training loss 3.73262e-03 Validation loss 4.01650e-03 Time taken: 0.08 seconds 
Epoch: 183/200 Train accuracy: 8.28773e-01 Validation accuracy: 8.24667e-01 Training loss 3.73979e-03 Validation loss 3.99994e-03 Time taken: 0.08 seconds 
Epoch: 184/200 Train accuracy: 8.27918e-01 Validation accuracy: 8.19333e-01 Training loss 3.72567e-03 Validation loss 4.01407e-03 Time taken: 0.08 seconds 
Epoch: 185/200 Train accuracy: 8.28630e-01 Validation accuracy: 8.25000e-01 Training loss 3.73327e-03 Validation loss 3.99946e-03 Time taken: 0.08 seconds 
Epoch: 186/200 Train accuracy: 8.28702e-01 Validation accuracy: 8.21667e-01 Training loss 3.73400e-03 Validation loss 4.01724e-03 Time taken: 0.08 seconds 
Epoch: 187/200 Train accuracy: 8.28488e-01 Validation accuracy: 8.25333e-01 Training loss 3.72809e-03 Validation loss 4.00655e-03 Time taken: 0.08 seconds 
Epoch: 188/200 Train accuracy: 8.27348e-01 Validation accuracy: 8.23667e-01 Training loss 3.73578e-03 Validation loss 4.01930e-03 Time taken: 0.08 seconds 
Epoch: 189/200 Train accuracy: 8.27918e-01 Validation accuracy: 8.24667e-01 Training loss 3.72989e-03 Validation loss 3.99018e-03 Time taken: 0.08 seconds 
Epoch: 190/200 Train accuracy: 8.28915e-01 Validation accuracy: 8.24000e-01 Training loss 3.72730e-03 Validation loss 3.98767e-03 Time taken: 0.08 seconds 
Epoch: 191/200 Train accuracy: 8.28488e-01 Validation accuracy: 8.25333e-01 Training loss 3.72928e-03 Validation loss 3.98442e-03 Time taken: 0.08 seconds 
Epoch: 192/200 Train accuracy: 8.28274e-01 Validation accuracy: 8.26667e-01 Training loss 3.72165e-03 Validation loss 3.99009e-03 Time taken: 0.08 seconds 
Epoch: 193/200 Train accuracy: 8.28915e-01 Validation accuracy: 8.24667e-01 Training loss 3.72335e-03 Validation loss 4.00190e-03 Time taken: 0.08 seconds 
Epoch: 194/200 Train accuracy: 8.28630e-01 Validation accuracy: 8.22333e-01 Training loss 3.73421e-03 Validation loss 3.99002e-03 Time taken: 0.08 seconds 
Epoch: 195/200 Train accuracy: 8.28702e-01 Validation accuracy: 8.24333e-01 Training loss 3.72489e-03 Validation loss 3.98548e-03 Time taken: 0.08 seconds 
Epoch: 196/200 Train accuracy: 8.30056e-01 Validation accuracy: 8.25000e-01 Training loss 3.71300e-03 Validation loss 3.99620e-03 Time taken: 0.08 seconds 
Epoch: 197/200 Train accuracy: 8.27348e-01 Validation accuracy: 8.26333e-01 Training loss 3.72344e-03 Validation loss 3.99531e-03 Time taken: 0.08 seconds 
Epoch: 198/200 Train accuracy: 8.29201e-01 Validation accuracy: 8.24333e-01 Training loss 3.71722e-03 Validation loss 3.98683e-03 Time taken: 0.08 seconds 
Epoch: 199/200 Train accuracy: 8.28559e-01 Validation accuracy: 8.23667e-01 Training loss 3.71892e-03 Validation loss 4.00157e-03 Time taken: 0.08 seconds 
Epoch: 200/200 Train accuracy: 8.28987e-01 Validation accuracy: 8.21667e-01 Training loss 3.71752e-03 Validation loss 4.00664e-03 Time taken: 0.08 seconds 
Total time taken 0:00:16.052285
Cleaning up intermediate feature (.pt) files
Done


working on file logs_PKT_chunks/iic-train-l2-pkt-chunks-seed0-KNN-ep750/jepa-iic-ep750.pth.tar ...
Directory logs_PKT_chunks/iic-train-l2-pkt-chunks-seed0-KNN-ep750/classifiers for saving the classifiers is now present
VisionTransformer(
  (patch_embed): PatchEmbed(
    (proj): Conv2d(3, 768, kernel_size=(15, 15), stride=(15, 15))
  )
  (blocks): ModuleList(
    (0-11): 12 x Block(
      (norm1): LayerNorm((768,), eps=1e-06, elementwise_affine=True)
      (attn): Attention(
        (qkv): Linear(in_features=768, out_features=2304, bias=True)
        (attn_drop): Dropout(p=0.0, inplace=False)
        (proj): Linear(in_features=768, out_features=768, bias=True)
        (proj_drop): Dropout(p=0.0, inplace=False)
      )
      (drop_path): Identity()
      (norm2): LayerNorm((768,), eps=1e-06, elementwise_affine=True)
      (mlp): MLP(
        (fc1): Linear(in_features=768, out_features=3072, bias=True)
        (act): GELU(approximate='none')
        (fc2): Linear(in_features=3072, out_features=768, bias=True)
        (drop): Dropout(p=0.0, inplace=False)
      )
    )
  )
  (norm): LayerNorm((768,), eps=1e-06, elementwise_affine=True)
)
Extracting features and saving them in memory..
Extracting features...
Time taken to extract features: 25.11245426099049
Epoch: 1/200 Train accuracy: 5.27077e-01 Validation accuracy: 7.45000e-01 Training loss 1.09065e-02 Validation loss 8.04207e-03 Time taken: 0.09 seconds 
Epoch: 2/200 Train accuracy: 7.79963e-01 Validation accuracy: 7.86000e-01 Training loss 6.62578e-03 Validation loss 6.04611e-03 Time taken: 0.08 seconds 
Epoch: 3/200 Train accuracy: 8.04546e-01 Validation accuracy: 8.05000e-01 Training loss 5.37244e-03 Validation loss 5.26074e-03 Time taken: 0.08 seconds 
Epoch: 4/200 Train accuracy: 8.15306e-01 Validation accuracy: 8.16000e-01 Training loss 4.80449e-03 Validation loss 4.83733e-03 Time taken: 0.08 seconds 
Epoch: 5/200 Train accuracy: 8.22574e-01 Validation accuracy: 8.17667e-01 Training loss 4.46979e-03 Validation loss 4.56136e-03 Time taken: 0.13 seconds 
Epoch: 6/200 Train accuracy: 8.24355e-01 Validation accuracy: 8.23333e-01 Training loss 4.25854e-03 Validation loss 4.39142e-03 Time taken: 0.14 seconds 
Epoch: 7/200 Train accuracy: 8.29699e-01 Validation accuracy: 8.23667e-01 Training loss 4.11621e-03 Validation loss 4.25316e-03 Time taken: 0.14 seconds 
Epoch: 8/200 Train accuracy: 8.31908e-01 Validation accuracy: 8.25667e-01 Training loss 4.00832e-03 Validation loss 4.16618e-03 Time taken: 0.15 seconds 
Epoch: 9/200 Train accuracy: 8.34117e-01 Validation accuracy: 8.21667e-01 Training loss 3.92222e-03 Validation loss 4.09671e-03 Time taken: 0.14 seconds 
Epoch: 10/200 Train accuracy: 8.35685e-01 Validation accuracy: 8.29667e-01 Training loss 3.85237e-03 Validation loss 4.03117e-03 Time taken: 0.14 seconds 
Epoch: 11/200 Train accuracy: 8.36255e-01 Validation accuracy: 8.25333e-01 Training loss 3.80087e-03 Validation loss 3.97501e-03 Time taken: 0.15 seconds 
Epoch: 12/200 Train accuracy: 8.37965e-01 Validation accuracy: 8.29667e-01 Training loss 3.75111e-03 Validation loss 3.93501e-03 Time taken: 0.13 seconds 
Epoch: 13/200 Train accuracy: 8.39889e-01 Validation accuracy: 8.31667e-01 Training loss 3.71692e-03 Validation loss 3.88916e-03 Time taken: 0.14 seconds 
Epoch: 14/200 Train accuracy: 8.41385e-01 Validation accuracy: 8.32333e-01 Training loss 3.67820e-03 Validation loss 3.85793e-03 Time taken: 0.14 seconds 
Epoch: 15/200 Train accuracy: 8.41741e-01 Validation accuracy: 8.33333e-01 Training loss 3.64967e-03 Validation loss 3.85254e-03 Time taken: 0.14 seconds 
Epoch: 16/200 Train accuracy: 8.42739e-01 Validation accuracy: 8.33667e-01 Training loss 3.62273e-03 Validation loss 3.81639e-03 Time taken: 0.13 seconds 
Epoch: 17/200 Train accuracy: 8.42953e-01 Validation accuracy: 8.39333e-01 Training loss 3.60059e-03 Validation loss 3.78332e-03 Time taken: 0.10 seconds 
Epoch: 18/200 Train accuracy: 8.43808e-01 Validation accuracy: 8.37667e-01 Training loss 3.57711e-03 Validation loss 3.76898e-03 Time taken: 0.08 seconds 
Epoch: 19/200 Train accuracy: 8.45732e-01 Validation accuracy: 8.40000e-01 Training loss 3.55476e-03 Validation loss 3.74269e-03 Time taken: 0.08 seconds 
Epoch: 20/200 Train accuracy: 8.45874e-01 Validation accuracy: 8.35667e-01 Training loss 3.54581e-03 Validation loss 3.75880e-03 Time taken: 0.08 seconds 
Epoch: 21/200 Train accuracy: 8.45946e-01 Validation accuracy: 8.39667e-01 Training loss 3.52066e-03 Validation loss 3.73898e-03 Time taken: 0.08 seconds 
Epoch: 22/200 Train accuracy: 8.45661e-01 Validation accuracy: 8.37333e-01 Training loss 3.50561e-03 Validation loss 3.71822e-03 Time taken: 0.08 seconds 
Epoch: 23/200 Train accuracy: 8.48440e-01 Validation accuracy: 8.40000e-01 Training loss 3.50001e-03 Validation loss 3.70825e-03 Time taken: 0.08 seconds 
Epoch: 24/200 Train accuracy: 8.47584e-01 Validation accuracy: 8.38000e-01 Training loss 3.47997e-03 Validation loss 3.68434e-03 Time taken: 0.08 seconds 
Epoch: 25/200 Train accuracy: 8.49366e-01 Validation accuracy: 8.44667e-01 Training loss 3.46971e-03 Validation loss 3.66364e-03 Time taken: 0.08 seconds 
Epoch: 26/200 Train accuracy: 8.47941e-01 Validation accuracy: 8.44000e-01 Training loss 3.44867e-03 Validation loss 3.65187e-03 Time taken: 0.08 seconds 
Epoch: 27/200 Train accuracy: 8.48582e-01 Validation accuracy: 8.38667e-01 Training loss 3.44291e-03 Validation loss 3.66623e-03 Time taken: 0.08 seconds 
Epoch: 28/200 Train accuracy: 8.48226e-01 Validation accuracy: 8.40333e-01 Training loss 3.42536e-03 Validation loss 3.64546e-03 Time taken: 0.08 seconds 
Epoch: 29/200 Train accuracy: 8.48582e-01 Validation accuracy: 8.41667e-01 Training loss 3.41622e-03 Validation loss 3.63741e-03 Time taken: 0.08 seconds 
Epoch: 30/200 Train accuracy: 8.49793e-01 Validation accuracy: 8.40667e-01 Training loss 3.41118e-03 Validation loss 3.63341e-03 Time taken: 0.08 seconds 
Epoch: 31/200 Train accuracy: 8.49437e-01 Validation accuracy: 8.45667e-01 Training loss 3.39635e-03 Validation loss 3.60849e-03 Time taken: 0.08 seconds 
Epoch: 32/200 Train accuracy: 8.50862e-01 Validation accuracy: 8.41667e-01 Training loss 3.39055e-03 Validation loss 3.62031e-03 Time taken: 0.08 seconds 
Epoch: 33/200 Train accuracy: 8.52929e-01 Validation accuracy: 8.44000e-01 Training loss 3.37928e-03 Validation loss 3.59751e-03 Time taken: 0.08 seconds 
Epoch: 34/200 Train accuracy: 8.49366e-01 Validation accuracy: 8.43333e-01 Training loss 3.37342e-03 Validation loss 3.59077e-03 Time taken: 0.08 seconds 
Epoch: 35/200 Train accuracy: 8.50791e-01 Validation accuracy: 8.40667e-01 Training loss 3.36336e-03 Validation loss 3.62329e-03 Time taken: 0.08 seconds 
Epoch: 36/200 Train accuracy: 8.52216e-01 Validation accuracy: 8.43333e-01 Training loss 3.35923e-03 Validation loss 3.57821e-03 Time taken: 0.08 seconds 
Epoch: 37/200 Train accuracy: 8.53071e-01 Validation accuracy: 8.46667e-01 Training loss 3.34975e-03 Validation loss 3.57753e-03 Time taken: 0.08 seconds 
Epoch: 38/200 Train accuracy: 8.52857e-01 Validation accuracy: 8.44667e-01 Training loss 3.33950e-03 Validation loss 3.58011e-03 Time taken: 0.08 seconds 
Epoch: 39/200 Train accuracy: 8.51361e-01 Validation accuracy: 8.42333e-01 Training loss 3.33773e-03 Validation loss 3.57378e-03 Time taken: 0.08 seconds 
Epoch: 40/200 Train accuracy: 8.52430e-01 Validation accuracy: 8.43000e-01 Training loss 3.33492e-03 Validation loss 3.57021e-03 Time taken: 0.08 seconds 
Epoch: 41/200 Train accuracy: 8.53997e-01 Validation accuracy: 8.43000e-01 Training loss 3.32132e-03 Validation loss 3.55530e-03 Time taken: 0.08 seconds 
Epoch: 42/200 Train accuracy: 8.52359e-01 Validation accuracy: 8.47333e-01 Training loss 3.32257e-03 Validation loss 3.54324e-03 Time taken: 0.08 seconds 
Epoch: 43/200 Train accuracy: 8.53641e-01 Validation accuracy: 8.45333e-01 Training loss 3.30956e-03 Validation loss 3.54551e-03 Time taken: 0.08 seconds 
Epoch: 44/200 Train accuracy: 8.54853e-01 Validation accuracy: 8.47667e-01 Training loss 3.30859e-03 Validation loss 3.54129e-03 Time taken: 0.08 seconds 
Epoch: 45/200 Train accuracy: 8.53855e-01 Validation accuracy: 8.42333e-01 Training loss 3.30001e-03 Validation loss 3.54082e-03 Time taken: 0.08 seconds 
Epoch: 46/200 Train accuracy: 8.54853e-01 Validation accuracy: 8.47000e-01 Training loss 3.29680e-03 Validation loss 3.52513e-03 Time taken: 0.08 seconds 
Epoch: 47/200 Train accuracy: 8.53712e-01 Validation accuracy: 8.43333e-01 Training loss 3.29240e-03 Validation loss 3.55018e-03 Time taken: 0.08 seconds 
Epoch: 48/200 Train accuracy: 8.54995e-01 Validation accuracy: 8.47667e-01 Training loss 3.28366e-03 Validation loss 3.52211e-03 Time taken: 0.08 seconds 
Epoch: 49/200 Train accuracy: 8.55209e-01 Validation accuracy: 8.49000e-01 Training loss 3.27661e-03 Validation loss 3.51231e-03 Time taken: 0.08 seconds 
Epoch: 50/200 Train accuracy: 8.55921e-01 Validation accuracy: 8.47000e-01 Training loss 3.27483e-03 Validation loss 3.50871e-03 Time taken: 0.08 seconds 
Epoch: 51/200 Train accuracy: 8.55850e-01 Validation accuracy: 8.45667e-01 Training loss 3.26906e-03 Validation loss 3.51439e-03 Time taken: 0.09 seconds 
Epoch: 52/200 Train accuracy: 8.56064e-01 Validation accuracy: 8.45667e-01 Training loss 3.26125e-03 Validation loss 3.50589e-03 Time taken: 0.08 seconds 
Epoch: 53/200 Train accuracy: 8.55636e-01 Validation accuracy: 8.46000e-01 Training loss 3.25578e-03 Validation loss 3.51508e-03 Time taken: 0.08 seconds 
Epoch: 54/200 Train accuracy: 8.55779e-01 Validation accuracy: 8.47000e-01 Training loss 3.25257e-03 Validation loss 3.51560e-03 Time taken: 0.08 seconds 
Epoch: 55/200 Train accuracy: 8.56990e-01 Validation accuracy: 8.48000e-01 Training loss 3.24711e-03 Validation loss 3.50777e-03 Time taken: 0.09 seconds 
Epoch: 56/200 Train accuracy: 8.55921e-01 Validation accuracy: 8.48667e-01 Training loss 3.24856e-03 Validation loss 3.50369e-03 Time taken: 0.09 seconds 
Epoch: 57/200 Train accuracy: 8.56776e-01 Validation accuracy: 8.49667e-01 Training loss 3.23423e-03 Validation loss 3.49787e-03 Time taken: 0.08 seconds 
Epoch: 58/200 Train accuracy: 8.56206e-01 Validation accuracy: 8.48000e-01 Training loss 3.23970e-03 Validation loss 3.48389e-03 Time taken: 0.08 seconds 
Epoch: 59/200 Train accuracy: 8.55850e-01 Validation accuracy: 8.44000e-01 Training loss 3.23170e-03 Validation loss 3.49315e-03 Time taken: 0.08 seconds 
Epoch: 60/200 Train accuracy: 8.56848e-01 Validation accuracy: 8.48000e-01 Training loss 3.22422e-03 Validation loss 3.47297e-03 Time taken: 0.08 seconds 
Epoch: 61/200 Train accuracy: 8.57560e-01 Validation accuracy: 8.48333e-01 Training loss 3.22453e-03 Validation loss 3.46776e-03 Time taken: 0.08 seconds 
Epoch: 62/200 Train accuracy: 8.57916e-01 Validation accuracy: 8.45000e-01 Training loss 3.21647e-03 Validation loss 3.49463e-03 Time taken: 0.08 seconds 
Epoch: 63/200 Train accuracy: 8.58843e-01 Validation accuracy: 8.46333e-01 Training loss 3.21835e-03 Validation loss 3.46719e-03 Time taken: 0.08 seconds 
Epoch: 64/200 Train accuracy: 8.59128e-01 Validation accuracy: 8.48000e-01 Training loss 3.21363e-03 Validation loss 3.46625e-03 Time taken: 0.08 seconds 
Epoch: 65/200 Train accuracy: 8.57489e-01 Validation accuracy: 8.47333e-01 Training loss 3.20537e-03 Validation loss 3.46143e-03 Time taken: 0.08 seconds 
Epoch: 66/200 Train accuracy: 8.58558e-01 Validation accuracy: 8.49333e-01 Training loss 3.20713e-03 Validation loss 3.45640e-03 Time taken: 0.08 seconds 
Epoch: 67/200 Train accuracy: 8.57774e-01 Validation accuracy: 8.51333e-01 Training loss 3.19795e-03 Validation loss 3.45460e-03 Time taken: 0.08 seconds 
Epoch: 68/200 Train accuracy: 8.58130e-01 Validation accuracy: 8.45333e-01 Training loss 3.19765e-03 Validation loss 3.46821e-03 Time taken: 0.08 seconds 
Epoch: 69/200 Train accuracy: 8.59128e-01 Validation accuracy: 8.52000e-01 Training loss 3.19241e-03 Validation loss 3.46157e-03 Time taken: 0.08 seconds 
Epoch: 70/200 Train accuracy: 8.59057e-01 Validation accuracy: 8.50667e-01 Training loss 3.19220e-03 Validation loss 3.44799e-03 Time taken: 0.08 seconds 
Epoch: 71/200 Train accuracy: 8.59627e-01 Validation accuracy: 8.50667e-01 Training loss 3.18533e-03 Validation loss 3.44878e-03 Time taken: 0.08 seconds 
Epoch: 72/200 Train accuracy: 8.57916e-01 Validation accuracy: 8.48000e-01 Training loss 3.18603e-03 Validation loss 3.44979e-03 Time taken: 0.08 seconds 
Epoch: 73/200 Train accuracy: 8.59840e-01 Validation accuracy: 8.49333e-01 Training loss 3.17817e-03 Validation loss 3.45045e-03 Time taken: 0.08 seconds 
Epoch: 74/200 Train accuracy: 8.60125e-01 Validation accuracy: 8.50333e-01 Training loss 3.17925e-03 Validation loss 3.43183e-03 Time taken: 0.08 seconds 
Epoch: 75/200 Train accuracy: 8.59484e-01 Validation accuracy: 8.53333e-01 Training loss 3.17148e-03 Validation loss 3.45426e-03 Time taken: 0.08 seconds 
Epoch: 76/200 Train accuracy: 8.58558e-01 Validation accuracy: 8.51333e-01 Training loss 3.17157e-03 Validation loss 3.43414e-03 Time taken: 0.08 seconds 
Epoch: 77/200 Train accuracy: 8.60410e-01 Validation accuracy: 8.50667e-01 Training loss 3.17124e-03 Validation loss 3.43542e-03 Time taken: 0.08 seconds 
Epoch: 78/200 Train accuracy: 8.60553e-01 Validation accuracy: 8.48333e-01 Training loss 3.16550e-03 Validation loss 3.42703e-03 Time taken: 0.08 seconds 
Epoch: 79/200 Train accuracy: 8.59270e-01 Validation accuracy: 8.48333e-01 Training loss 3.16284e-03 Validation loss 3.43627e-03 Time taken: 0.08 seconds 
Epoch: 80/200 Train accuracy: 8.61408e-01 Validation accuracy: 8.52333e-01 Training loss 3.16263e-03 Validation loss 3.42342e-03 Time taken: 0.08 seconds 
Epoch: 81/200 Train accuracy: 8.60624e-01 Validation accuracy: 8.49667e-01 Training loss 3.15981e-03 Validation loss 3.41507e-03 Time taken: 0.08 seconds 
Epoch: 82/200 Train accuracy: 8.60980e-01 Validation accuracy: 8.52333e-01 Training loss 3.15828e-03 Validation loss 3.43190e-03 Time taken: 0.08 seconds 
Epoch: 83/200 Train accuracy: 8.59912e-01 Validation accuracy: 8.54000e-01 Training loss 3.15539e-03 Validation loss 3.41242e-03 Time taken: 0.08 seconds 
Epoch: 84/200 Train accuracy: 8.60624e-01 Validation accuracy: 8.48333e-01 Training loss 3.15217e-03 Validation loss 3.42494e-03 Time taken: 0.08 seconds 
Epoch: 85/200 Train accuracy: 8.60125e-01 Validation accuracy: 8.50333e-01 Training loss 3.14996e-03 Validation loss 3.42661e-03 Time taken: 0.08 seconds 
Epoch: 86/200 Train accuracy: 8.61337e-01 Validation accuracy: 8.51667e-01 Training loss 3.14450e-03 Validation loss 3.41521e-03 Time taken: 0.08 seconds 
Epoch: 87/200 Train accuracy: 8.60695e-01 Validation accuracy: 8.47333e-01 Training loss 3.13318e-03 Validation loss 3.41318e-03 Time taken: 0.08 seconds 
Epoch: 88/200 Train accuracy: 8.59698e-01 Validation accuracy: 8.50667e-01 Training loss 3.15048e-03 Validation loss 3.41148e-03 Time taken: 0.08 seconds 
Epoch: 89/200 Train accuracy: 8.60980e-01 Validation accuracy: 8.52333e-01 Training loss 3.13597e-03 Validation loss 3.41252e-03 Time taken: 0.08 seconds 
Epoch: 90/200 Train accuracy: 8.60553e-01 Validation accuracy: 8.51333e-01 Training loss 3.13166e-03 Validation loss 3.40119e-03 Time taken: 0.08 seconds 
Epoch: 91/200 Train accuracy: 8.62263e-01 Validation accuracy: 8.52000e-01 Training loss 3.12863e-03 Validation loss 3.40173e-03 Time taken: 0.08 seconds 
Epoch: 92/200 Train accuracy: 8.62477e-01 Validation accuracy: 8.52000e-01 Training loss 3.13406e-03 Validation loss 3.40038e-03 Time taken: 0.08 seconds 
Epoch: 93/200 Train accuracy: 8.61836e-01 Validation accuracy: 8.45333e-01 Training loss 3.12751e-03 Validation loss 3.43052e-03 Time taken: 0.08 seconds 
Epoch: 94/200 Train accuracy: 8.62619e-01 Validation accuracy: 8.52667e-01 Training loss 3.12809e-03 Validation loss 3.39548e-03 Time taken: 0.08 seconds 
Epoch: 95/200 Train accuracy: 8.62049e-01 Validation accuracy: 8.48333e-01 Training loss 3.12715e-03 Validation loss 3.40281e-03 Time taken: 0.08 seconds 
Epoch: 96/200 Train accuracy: 8.61978e-01 Validation accuracy: 8.51667e-01 Training loss 3.11916e-03 Validation loss 3.40480e-03 Time taken: 0.08 seconds 
Epoch: 97/200 Train accuracy: 8.61194e-01 Validation accuracy: 8.52667e-01 Training loss 3.11568e-03 Validation loss 3.38539e-03 Time taken: 0.08 seconds 
Epoch: 98/200 Train accuracy: 8.61836e-01 Validation accuracy: 8.49667e-01 Training loss 3.11455e-03 Validation loss 3.40058e-03 Time taken: 0.08 seconds 
Epoch: 99/200 Train accuracy: 8.61764e-01 Validation accuracy: 8.52333e-01 Training loss 3.11515e-03 Validation loss 3.38439e-03 Time taken: 0.08 seconds 
Epoch: 100/200 Train accuracy: 8.61836e-01 Validation accuracy: 8.50000e-01 Training loss 3.10885e-03 Validation loss 3.38594e-03 Time taken: 0.08 seconds 
Epoch: 101/200 Train accuracy: 8.61907e-01 Validation accuracy: 8.52333e-01 Training loss 3.10787e-03 Validation loss 3.38072e-03 Time taken: 0.10 seconds 
Epoch: 102/200 Train accuracy: 8.62833e-01 Validation accuracy: 8.54000e-01 Training loss 3.10120e-03 Validation loss 3.40056e-03 Time taken: 0.08 seconds 
Epoch: 103/200 Train accuracy: 8.61551e-01 Validation accuracy: 8.52000e-01 Training loss 3.10408e-03 Validation loss 3.39457e-03 Time taken: 0.08 seconds 
Epoch: 104/200 Train accuracy: 8.63403e-01 Validation accuracy: 8.52000e-01 Training loss 3.09550e-03 Validation loss 3.37443e-03 Time taken: 0.08 seconds 
Epoch: 105/200 Train accuracy: 8.63118e-01 Validation accuracy: 8.51000e-01 Training loss 3.09816e-03 Validation loss 3.37170e-03 Time taken: 0.08 seconds 
Epoch: 106/200 Train accuracy: 8.62619e-01 Validation accuracy: 8.55667e-01 Training loss 3.09864e-03 Validation loss 3.39634e-03 Time taken: 0.08 seconds 
Epoch: 107/200 Train accuracy: 8.62406e-01 Validation accuracy: 8.50000e-01 Training loss 3.09291e-03 Validation loss 3.38325e-03 Time taken: 0.08 seconds 
Epoch: 108/200 Train accuracy: 8.61836e-01 Validation accuracy: 8.54000e-01 Training loss 3.10150e-03 Validation loss 3.36068e-03 Time taken: 0.08 seconds 
Epoch: 109/200 Train accuracy: 8.62334e-01 Validation accuracy: 8.56667e-01 Training loss 3.09532e-03 Validation loss 3.38248e-03 Time taken: 0.08 seconds 
Epoch: 110/200 Train accuracy: 8.63474e-01 Validation accuracy: 8.54667e-01 Training loss 3.08657e-03 Validation loss 3.40450e-03 Time taken: 0.08 seconds 
Epoch: 111/200 Train accuracy: 8.63403e-01 Validation accuracy: 8.55667e-01 Training loss 3.08096e-03 Validation loss 3.36759e-03 Time taken: 0.10 seconds 
Epoch: 112/200 Train accuracy: 8.63403e-01 Validation accuracy: 8.55667e-01 Training loss 3.08622e-03 Validation loss 3.36543e-03 Time taken: 0.14 seconds 
Epoch: 113/200 Train accuracy: 8.63617e-01 Validation accuracy: 8.53000e-01 Training loss 3.07896e-03 Validation loss 3.37134e-03 Time taken: 0.15 seconds 
Epoch: 114/200 Train accuracy: 8.63189e-01 Validation accuracy: 8.53333e-01 Training loss 3.08255e-03 Validation loss 3.35904e-03 Time taken: 0.14 seconds 
Epoch: 115/200 Train accuracy: 8.63546e-01 Validation accuracy: 8.55000e-01 Training loss 3.07901e-03 Validation loss 3.37379e-03 Time taken: 0.15 seconds 
Epoch: 116/200 Train accuracy: 8.65683e-01 Validation accuracy: 8.52667e-01 Training loss 3.07317e-03 Validation loss 3.36747e-03 Time taken: 0.14 seconds 
Epoch: 117/200 Train accuracy: 8.63617e-01 Validation accuracy: 8.53667e-01 Training loss 3.07273e-03 Validation loss 3.37546e-03 Time taken: 0.16 seconds 
Epoch: 118/200 Train accuracy: 8.64116e-01 Validation accuracy: 8.52000e-01 Training loss 3.07753e-03 Validation loss 3.36294e-03 Time taken: 0.15 seconds 
Epoch: 119/200 Train accuracy: 8.63403e-01 Validation accuracy: 8.55667e-01 Training loss 3.07587e-03 Validation loss 3.36368e-03 Time taken: 0.14 seconds 
Epoch: 120/200 Train accuracy: 8.63189e-01 Validation accuracy: 8.52667e-01 Training loss 3.06857e-03 Validation loss 3.34726e-03 Time taken: 0.15 seconds 
Epoch: 121/200 Train accuracy: 8.65042e-01 Validation accuracy: 8.52333e-01 Training loss 3.07319e-03 Validation loss 3.35030e-03 Time taken: 0.16 seconds 
Epoch: 122/200 Train accuracy: 8.63118e-01 Validation accuracy: 8.55667e-01 Training loss 3.06924e-03 Validation loss 3.34608e-03 Time taken: 0.14 seconds 
Epoch: 123/200 Train accuracy: 8.62904e-01 Validation accuracy: 8.54667e-01 Training loss 3.06100e-03 Validation loss 3.39147e-03 Time taken: 0.14 seconds 
Epoch: 124/200 Train accuracy: 8.64757e-01 Validation accuracy: 8.53000e-01 Training loss 3.06456e-03 Validation loss 3.34463e-03 Time taken: 0.14 seconds 
Epoch: 125/200 Train accuracy: 8.63831e-01 Validation accuracy: 8.51333e-01 Training loss 3.05587e-03 Validation loss 3.35351e-03 Time taken: 0.13 seconds 
Epoch: 126/200 Train accuracy: 8.65541e-01 Validation accuracy: 8.55333e-01 Training loss 3.05953e-03 Validation loss 3.34341e-03 Time taken: 0.08 seconds 
Epoch: 127/200 Train accuracy: 8.63403e-01 Validation accuracy: 8.52333e-01 Training loss 3.05367e-03 Validation loss 3.34733e-03 Time taken: 0.08 seconds 
Epoch: 128/200 Train accuracy: 8.64615e-01 Validation accuracy: 8.54000e-01 Training loss 3.05412e-03 Validation loss 3.33934e-03 Time taken: 0.08 seconds 
Epoch: 129/200 Train accuracy: 8.65185e-01 Validation accuracy: 8.57333e-01 Training loss 3.04885e-03 Validation loss 3.37017e-03 Time taken: 0.08 seconds 
Epoch: 130/200 Train accuracy: 8.64757e-01 Validation accuracy: 8.53000e-01 Training loss 3.05083e-03 Validation loss 3.33715e-03 Time taken: 0.08 seconds 
Epoch: 131/200 Train accuracy: 8.63902e-01 Validation accuracy: 8.56333e-01 Training loss 3.04959e-03 Validation loss 3.34714e-03 Time taken: 0.08 seconds 
Epoch: 132/200 Train accuracy: 8.65826e-01 Validation accuracy: 8.54667e-01 Training loss 3.04953e-03 Validation loss 3.34591e-03 Time taken: 0.12 seconds 
Epoch: 133/200 Train accuracy: 8.65042e-01 Validation accuracy: 8.59333e-01 Training loss 3.04663e-03 Validation loss 3.35171e-03 Time taken: 0.12 seconds 
Epoch: 134/200 Train accuracy: 8.64900e-01 Validation accuracy: 8.52667e-01 Training loss 3.04845e-03 Validation loss 3.34852e-03 Time taken: 0.12 seconds 
Epoch: 135/200 Train accuracy: 8.64543e-01 Validation accuracy: 8.55667e-01 Training loss 3.04133e-03 Validation loss 3.32815e-03 Time taken: 0.15 seconds 
Epoch: 136/200 Train accuracy: 8.65327e-01 Validation accuracy: 8.52333e-01 Training loss 3.04404e-03 Validation loss 3.34312e-03 Time taken: 0.14 seconds 
Epoch: 137/200 Train accuracy: 8.64686e-01 Validation accuracy: 8.54333e-01 Training loss 3.04282e-03 Validation loss 3.32813e-03 Time taken: 0.16 seconds 
Epoch: 138/200 Train accuracy: 8.64329e-01 Validation accuracy: 8.57000e-01 Training loss 3.04308e-03 Validation loss 3.34867e-03 Time taken: 0.13 seconds 
Epoch: 139/200 Train accuracy: 8.66182e-01 Validation accuracy: 8.55667e-01 Training loss 3.04387e-03 Validation loss 3.32891e-03 Time taken: 0.11 seconds 
Epoch: 140/200 Train accuracy: 8.64044e-01 Validation accuracy: 8.58333e-01 Training loss 3.03445e-03 Validation loss 3.32636e-03 Time taken: 0.16 seconds 
Epoch: 141/200 Train accuracy: 8.64828e-01 Validation accuracy: 8.53333e-01 Training loss 3.03846e-03 Validation loss 3.32711e-03 Time taken: 0.15 seconds 
Epoch: 142/200 Train accuracy: 8.66325e-01 Validation accuracy: 8.54000e-01 Training loss 3.03890e-03 Validation loss 3.33568e-03 Time taken: 0.10 seconds 
Epoch: 143/200 Train accuracy: 8.65541e-01 Validation accuracy: 8.55333e-01 Training loss 3.03592e-03 Validation loss 3.32618e-03 Time taken: 0.08 seconds 
Epoch: 144/200 Train accuracy: 8.66040e-01 Validation accuracy: 8.54667e-01 Training loss 3.03028e-03 Validation loss 3.31574e-03 Time taken: 0.08 seconds 
Epoch: 145/200 Train accuracy: 8.66111e-01 Validation accuracy: 8.59333e-01 Training loss 3.02669e-03 Validation loss 3.32527e-03 Time taken: 0.11 seconds 
Epoch: 146/200 Train accuracy: 8.65185e-01 Validation accuracy: 8.57333e-01 Training loss 3.03016e-03 Validation loss 3.31338e-03 Time taken: 0.14 seconds 
Epoch: 147/200 Train accuracy: 8.65470e-01 Validation accuracy: 8.59333e-01 Training loss 3.02602e-03 Validation loss 3.31520e-03 Time taken: 0.12 seconds 
Epoch: 148/200 Train accuracy: 8.63688e-01 Validation accuracy: 8.53000e-01 Training loss 3.02157e-03 Validation loss 3.32311e-03 Time taken: 0.08 seconds 
Epoch: 149/200 Train accuracy: 8.65897e-01 Validation accuracy: 8.56333e-01 Training loss 3.02317e-03 Validation loss 3.30824e-03 Time taken: 0.08 seconds 
Epoch: 150/200 Train accuracy: 8.65185e-01 Validation accuracy: 8.55667e-01 Training loss 3.02603e-03 Validation loss 3.31442e-03 Time taken: 0.08 seconds 
Epoch: 151/200 Train accuracy: 8.65897e-01 Validation accuracy: 8.59667e-01 Training loss 3.02636e-03 Validation loss 3.31277e-03 Time taken: 0.08 seconds 
Epoch: 152/200 Train accuracy: 8.64971e-01 Validation accuracy: 8.54667e-01 Training loss 3.01739e-03 Validation loss 3.32013e-03 Time taken: 0.08 seconds 
Epoch: 153/200 Train accuracy: 8.66253e-01 Validation accuracy: 8.59333e-01 Training loss 3.01861e-03 Validation loss 3.31139e-03 Time taken: 0.08 seconds 
Epoch: 154/200 Train accuracy: 8.66752e-01 Validation accuracy: 8.52667e-01 Training loss 3.01896e-03 Validation loss 3.31563e-03 Time taken: 0.08 seconds 
Epoch: 155/200 Train accuracy: 8.66895e-01 Validation accuracy: 8.59000e-01 Training loss 3.02213e-03 Validation loss 3.30541e-03 Time taken: 0.08 seconds 
Epoch: 156/200 Train accuracy: 8.66111e-01 Validation accuracy: 8.59667e-01 Training loss 3.00925e-03 Validation loss 3.30787e-03 Time taken: 0.08 seconds 
Epoch: 157/200 Train accuracy: 8.65897e-01 Validation accuracy: 8.56667e-01 Training loss 3.01330e-03 Validation loss 3.30468e-03 Time taken: 0.08 seconds 
Epoch: 158/200 Train accuracy: 8.67251e-01 Validation accuracy: 8.57333e-01 Training loss 3.01346e-03 Validation loss 3.30073e-03 Time taken: 0.08 seconds 
Epoch: 159/200 Train accuracy: 8.65683e-01 Validation accuracy: 8.55667e-01 Training loss 3.01200e-03 Validation loss 3.29617e-03 Time taken: 0.08 seconds 
Epoch: 160/200 Train accuracy: 8.66752e-01 Validation accuracy: 8.56667e-01 Training loss 3.00231e-03 Validation loss 3.32944e-03 Time taken: 0.08 seconds 
Epoch: 161/200 Train accuracy: 8.66040e-01 Validation accuracy: 8.57333e-01 Training loss 3.01216e-03 Validation loss 3.30869e-03 Time taken: 0.08 seconds 
Epoch: 162/200 Train accuracy: 8.65755e-01 Validation accuracy: 8.59333e-01 Training loss 3.01407e-03 Validation loss 3.31368e-03 Time taken: 0.08 seconds 
Epoch: 163/200 Train accuracy: 8.66610e-01 Validation accuracy: 8.55333e-01 Training loss 3.00610e-03 Validation loss 3.30003e-03 Time taken: 0.08 seconds 
Epoch: 164/200 Train accuracy: 8.66610e-01 Validation accuracy: 8.54333e-01 Training loss 3.00047e-03 Validation loss 3.30821e-03 Time taken: 0.08 seconds 
Epoch: 165/200 Train accuracy: 8.67108e-01 Validation accuracy: 8.54667e-01 Training loss 3.01083e-03 Validation loss 3.30254e-03 Time taken: 0.08 seconds 
Epoch: 166/200 Train accuracy: 8.66538e-01 Validation accuracy: 8.54333e-01 Training loss 3.00237e-03 Validation loss 3.30826e-03 Time taken: 0.08 seconds 
Epoch: 167/200 Train accuracy: 8.67037e-01 Validation accuracy: 8.56667e-01 Training loss 3.00488e-03 Validation loss 3.32925e-03 Time taken: 0.08 seconds 
Epoch: 168/200 Train accuracy: 8.67322e-01 Validation accuracy: 8.55667e-01 Training loss 3.00019e-03 Validation loss 3.29107e-03 Time taken: 0.08 seconds 
Epoch: 169/200 Train accuracy: 8.67964e-01 Validation accuracy: 8.57000e-01 Training loss 2.99452e-03 Validation loss 3.29241e-03 Time taken: 0.08 seconds 
Epoch: 170/200 Train accuracy: 8.66325e-01 Validation accuracy: 8.55000e-01 Training loss 3.00092e-03 Validation loss 3.28912e-03 Time taken: 0.08 seconds 
Epoch: 171/200 Train accuracy: 8.66895e-01 Validation accuracy: 8.58667e-01 Training loss 2.99461e-03 Validation loss 3.30098e-03 Time taken: 0.08 seconds 
Epoch: 172/200 Train accuracy: 8.66966e-01 Validation accuracy: 8.57667e-01 Training loss 2.99351e-03 Validation loss 3.28843e-03 Time taken: 0.08 seconds 
Epoch: 173/200 Train accuracy: 8.67750e-01 Validation accuracy: 8.57333e-01 Training loss 2.99525e-03 Validation loss 3.28809e-03 Time taken: 0.08 seconds 
Epoch: 174/200 Train accuracy: 8.67465e-01 Validation accuracy: 8.57000e-01 Training loss 2.99526e-03 Validation loss 3.29349e-03 Time taken: 0.08 seconds 
Epoch: 175/200 Train accuracy: 8.67607e-01 Validation accuracy: 8.61000e-01 Training loss 2.99619e-03 Validation loss 3.28609e-03 Time taken: 0.08 seconds 
Epoch: 176/200 Train accuracy: 8.68177e-01 Validation accuracy: 8.56000e-01 Training loss 2.99057e-03 Validation loss 3.28743e-03 Time taken: 0.08 seconds 
Epoch: 177/200 Train accuracy: 8.67108e-01 Validation accuracy: 8.59000e-01 Training loss 2.98853e-03 Validation loss 3.29887e-03 Time taken: 0.08 seconds 
Epoch: 178/200 Train accuracy: 8.67821e-01 Validation accuracy: 8.61667e-01 Training loss 2.99460e-03 Validation loss 3.29184e-03 Time taken: 0.08 seconds 
Epoch: 179/200 Train accuracy: 8.68035e-01 Validation accuracy: 8.55333e-01 Training loss 2.98697e-03 Validation loss 3.28762e-03 Time taken: 0.08 seconds 
Epoch: 180/200 Train accuracy: 8.67964e-01 Validation accuracy: 8.60333e-01 Training loss 2.98815e-03 Validation loss 3.29509e-03 Time taken: 0.08 seconds 
Epoch: 181/200 Train accuracy: 8.67180e-01 Validation accuracy: 8.56667e-01 Training loss 2.98409e-03 Validation loss 3.27923e-03 Time taken: 0.08 seconds 
Epoch: 182/200 Train accuracy: 8.67964e-01 Validation accuracy: 8.54667e-01 Training loss 2.98265e-03 Validation loss 3.28135e-03 Time taken: 0.08 seconds 
Epoch: 183/200 Train accuracy: 8.66325e-01 Validation accuracy: 8.56000e-01 Training loss 2.99252e-03 Validation loss 3.28154e-03 Time taken: 0.10 seconds 
Epoch: 184/200 Train accuracy: 8.67180e-01 Validation accuracy: 8.57000e-01 Training loss 2.97703e-03 Validation loss 3.28388e-03 Time taken: 0.08 seconds 
Epoch: 185/200 Train accuracy: 8.67465e-01 Validation accuracy: 8.54667e-01 Training loss 2.97535e-03 Validation loss 3.30079e-03 Time taken: 0.08 seconds 
Epoch: 186/200 Train accuracy: 8.67322e-01 Validation accuracy: 8.57333e-01 Training loss 2.97982e-03 Validation loss 3.27254e-03 Time taken: 0.08 seconds 
Epoch: 187/200 Train accuracy: 8.68177e-01 Validation accuracy: 8.57667e-01 Training loss 2.97823e-03 Validation loss 3.27127e-03 Time taken: 0.08 seconds 
Epoch: 188/200 Train accuracy: 8.68462e-01 Validation accuracy: 8.56000e-01 Training loss 2.97764e-03 Validation loss 3.28714e-03 Time taken: 0.08 seconds 
Epoch: 189/200 Train accuracy: 8.67964e-01 Validation accuracy: 8.57000e-01 Training loss 2.98102e-03 Validation loss 3.27349e-03 Time taken: 0.08 seconds 
Epoch: 190/200 Train accuracy: 8.68605e-01 Validation accuracy: 8.59000e-01 Training loss 2.97406e-03 Validation loss 3.28993e-03 Time taken: 0.08 seconds 
Epoch: 191/200 Train accuracy: 8.68605e-01 Validation accuracy: 8.60000e-01 Training loss 2.97576e-03 Validation loss 3.28922e-03 Time taken: 0.08 seconds 
Epoch: 192/200 Train accuracy: 8.67322e-01 Validation accuracy: 8.60667e-01 Training loss 2.97560e-03 Validation loss 3.27328e-03 Time taken: 0.08 seconds 
Epoch: 193/200 Train accuracy: 8.68676e-01 Validation accuracy: 8.57667e-01 Training loss 2.97409e-03 Validation loss 3.26625e-03 Time taken: 0.08 seconds 
Epoch: 194/200 Train accuracy: 8.68676e-01 Validation accuracy: 8.57667e-01 Training loss 2.97248e-03 Validation loss 3.27443e-03 Time taken: 0.08 seconds 
Epoch: 195/200 Train accuracy: 8.67892e-01 Validation accuracy: 8.61000e-01 Training loss 2.97037e-03 Validation loss 3.28280e-03 Time taken: 0.08 seconds 
Epoch: 196/200 Train accuracy: 8.67251e-01 Validation accuracy: 8.54000e-01 Training loss 2.97106e-03 Validation loss 3.30016e-03 Time taken: 0.08 seconds 
Epoch: 197/200 Train accuracy: 8.68320e-01 Validation accuracy: 8.60667e-01 Training loss 2.97375e-03 Validation loss 3.26728e-03 Time taken: 0.09 seconds 
Epoch: 198/200 Train accuracy: 8.68249e-01 Validation accuracy: 8.57000e-01 Training loss 2.96455e-03 Validation loss 3.26901e-03 Time taken: 0.09 seconds 
Epoch: 199/200 Train accuracy: 8.69032e-01 Validation accuracy: 8.58000e-01 Training loss 2.96594e-03 Validation loss 3.26435e-03 Time taken: 0.08 seconds 
Epoch: 200/200 Train accuracy: 8.68391e-01 Validation accuracy: 8.59333e-01 Training loss 2.97269e-03 Validation loss 3.27472e-03 Time taken: 0.08 seconds 
Total time taken 0:00:18.721455
Cleaning up intermediate feature (.pt) files
Done


working on file logs_PKT_chunks/iic-train-l2-pkt-chunks-seed0-KNN-ep1000/jepa-iic-ep1000.pth.tar ...
