VisionTransformer(
  (patch_embed): PatchEmbed(
    (proj): Conv2d(3, 768, kernel_size=(15, 15), stride=(15, 15))
  )
  (blocks): ModuleList(
    (0-11): 12 x Block(
      (norm1): LayerNorm((768,), eps=1e-06, elementwise_affine=True)
      (attn): Attention(
        (qkv): Linear(in_features=768, out_features=2304, bias=True)
        (attn_drop): Dropout(p=0.0, inplace=False)
        (proj): Linear(in_features=768, out_features=768, bias=True)
        (proj_drop): Dropout(p=0.0, inplace=False)
      )
      (drop_path): Identity()
      (norm2): LayerNorm((768,), eps=1e-06, elementwise_affine=True)
      (mlp): MLP(
        (fc1): Linear(in_features=768, out_features=3072, bias=True)
        (act): GELU(approximate='none')
        (fc2): Linear(in_features=3072, out_features=768, bias=True)
        (drop): Dropout(p=0.0, inplace=False)
      )
    )
  )
  (norm): LayerNorm((768,), eps=1e-06, elementwise_affine=True)
)
making imagenet data transforms
data-path datasets/iic/train/
Initialized ImageNet
ImageNet dataset created
ImageNet unsupervised data loader created
Using AdamW
loaded pretrained encoder from epoch 749 with msg: <All keys matched successfully>
loaded pretrained encoder from epoch 749 with msg: <All keys matched successfully>
loaded pretrained encoder from epoch 749 with msg: <All keys matched successfully>
loaded optimizers from epoch 749
read-path: logs_PKT_chunks/iic-train-l2-pkt-chunks-seed0-KNN-ep750/jepa-iic-ep750.pth.tar
Starting
Iteration: 0
Iteration: 1
Iteration: 2
Iteration: 3
Iteration: 4
Iteration: 5
Iteration: 6
Iteration: 7
Iteration: 8
Iteration: 9
Iteration: 10
Iteration: 11
Iteration: 12
Iteration: 13
Iteration: 14
Iteration: 15
Iteration: 16
Iteration: 17
Iteration: 18
Iteration: 19
Iteration: 20
Iteration: 21
Iteration: 22
Iteration: 23
Iteration: 24
Iteration: 25
Iteration: 26
Iteration: 27
Iteration: 28
Iteration: 29
Iteration: 30
Iteration: 31
Iteration: 32
Iteration: 33
Iteration: 34
Iteration: 35
Iteration: 36
Iteration: 37
Iteration: 38
Iteration: 39
Iteration: 40
Iteration: 41
Iteration: 42
Iteration: 43
Iteration: 44
Iteration: 45
Iteration: 46
Iteration: 47
Iteration: 48
Iteration: 49
Iteration: 50
Iteration: 51
Iteration: 52
Iteration: 53
Iteration: 54
Iteration: 55
Iteration: 56
Iteration: 57
Iteration: 58
Iteration: 59
Iteration: 60
Iteration: 61
Iteration: 62
Iteration: 63
Iteration: 64
Iteration: 65
Iteration: 66
Iteration: 67
Iteration: 68
Iteration: 69
Iteration: 70
Iteration: 71
Iteration: 72
Iteration: 73
Iteration: 74
Iteration: 75
Iteration: 76
Iteration: 77
Iteration: 78
Iteration: 79
Iteration: 80
Iteration: 81
Iteration: 82
Iteration: 83
Iteration: 84
Iteration: 85
Iteration: 86
Iteration: 87
Iteration: 88
Iteration: 89
Iteration: 90
Iteration: 91
Iteration: 92
Iteration: 93
Iteration: 94
Iteration: 95
Iteration: 96
Iteration: 97
Iteration: 98
Iteration: 99
Iteration: 100
Iteration: 101
Iteration: 102
Iteration: 103
Iteration: 104
Iteration: 105
Iteration: 106
Iteration: 107
Iteration: 108
Iteration: 109
Iteration: 110
Iteration: 111
Iteration: 112
Iteration: 113
Iteration: 114
Iteration: 115
Iteration: 116
Iteration: 117
Iteration: 118
Iteration: 119
Iteration: 120
Iteration: 121
Iteration: 122
Iteration: 123
Iteration: 124
Iteration: 125
Iteration: 126
Iteration: 127
Iteration: 128
Iteration: 129
Iteration: 130
Iteration: 131
Iteration: 132
Iteration: 133
Iteration: 134
Iteration: 135
Iteration: 136
Iteration: 137
Iteration: 138
Iteration: 139
Iteration: 140
Iteration: 141
Iteration: 142
Iteration: 143
Iteration: 144
Iteration: 145
Iteration: 146
Iteration: 147
Iteration: 148
Iteration: 149
Iteration: 150
Iteration: 151
Iteration: 152
Iteration: 153
Iteration: 154
Iteration: 155
Iteration: 156
Iteration: 157
Iteration: 158
Iteration: 159
Iteration: 160
Iteration: 161
Iteration: 162
Iteration: 163
Iteration: 164
Iteration: 165
Iteration: 166
Iteration: 167
Iteration: 168
Iteration: 169
Iteration: 170
Iteration: 171
Iteration: 172
Iteration: 173
Iteration: 174
Iteration: 175
Iteration: 176
Iteration: 177
Iteration: 178
Iteration: 179
Iteration: 180
Iteration: 181
Iteration: 182
Iteration: 183
Iteration: 184
Iteration: 185
Iteration: 186
Iteration: 187
Iteration: 188
Iteration: 189
Iteration: 190
Iteration: 191
Iteration: 192
Iteration: 193
Iteration: 194
Iteration: 195
Iteration: 196
Iteration: 197
Iteration: 198
Iteration: 199
Iteration: 200
Z shape: torch.Size([886784, 768])
Context Encoder: VNE=2.0346 NormVNE=0.3062 EffRank=7.6489 NormEffRank=0.0100
Target Encoder: VNE=2.5112 NormVNE=0.3780 EffRank=12.3192 NormEffRank=0.0160
time taken for epoch 0:00:31.908570
Total pretraining time 0:00:31.908594
VisionTransformer(
  (patch_embed): PatchEmbed(
    (proj): Conv2d(3, 768, kernel_size=(15, 15), stride=(15, 15))
  )
  (blocks): ModuleList(
    (0-11): 12 x Block(
      (norm1): LayerNorm((768,), eps=1e-06, elementwise_affine=True)
      (attn): Attention(
        (qkv): Linear(in_features=768, out_features=2304, bias=True)
        (attn_drop): Dropout(p=0.0, inplace=False)
        (proj): Linear(in_features=768, out_features=768, bias=True)
        (proj_drop): Dropout(p=0.0, inplace=False)
      )
      (drop_path): Identity()
      (norm2): LayerNorm((768,), eps=1e-06, elementwise_affine=True)
      (mlp): MLP(
        (fc1): Linear(in_features=768, out_features=3072, bias=True)
        (act): GELU(approximate='none')
        (fc2): Linear(in_features=3072, out_features=768, bias=True)
        (drop): Dropout(p=0.0, inplace=False)
      )
    )
  )
  (norm): LayerNorm((768,), eps=1e-06, elementwise_affine=True)
)
making imagenet data transforms
data-path datasets/iic/train/
Initialized ImageNet
ImageNet dataset created
ImageNet unsupervised data loader created
Using AdamW
loaded pretrained encoder from epoch 749 with msg: <All keys matched successfully>
loaded pretrained encoder from epoch 749 with msg: <All keys matched successfully>
loaded pretrained encoder from epoch 749 with msg: <All keys matched successfully>
loaded optimizers from epoch 749
read-path: logs_PKT_chunks/iic-train-l2-pkt-chunks-seed0-KNN-ep750/jepa-iic-ep750.pth.tar
Starting
Iteration: 0
Iteration: 1
Iteration: 2
Iteration: 3
Iteration: 4
Iteration: 5
Iteration: 6
Iteration: 7
Iteration: 8
Iteration: 9
Iteration: 10
Iteration: 11
Iteration: 12
Iteration: 13
Iteration: 14
Iteration: 15
Iteration: 16
Iteration: 17
Iteration: 18
Iteration: 19
Iteration: 20
Iteration: 21
Iteration: 22
Iteration: 23
Iteration: 24
Iteration: 25
Iteration: 26
Iteration: 27
Iteration: 28
Iteration: 29
Iteration: 30
Iteration: 31
Iteration: 32
Iteration: 33
Iteration: 34
Iteration: 35
Iteration: 36
Iteration: 37
Iteration: 38
Iteration: 39
Iteration: 40
Iteration: 41
Iteration: 42
Iteration: 43
Iteration: 44
Iteration: 45
Iteration: 46
Iteration: 47
Iteration: 48
Iteration: 49
Iteration: 50
Iteration: 51
Iteration: 52
Iteration: 53
Iteration: 54
Iteration: 55
Iteration: 56
Iteration: 57
Iteration: 58
Iteration: 59
Iteration: 60
Iteration: 61
Iteration: 62
Iteration: 63
Iteration: 64
Iteration: 65
Iteration: 66
Iteration: 67
Iteration: 68
Iteration: 69
Iteration: 70
Iteration: 71
Iteration: 72
Iteration: 73
Iteration: 74
Iteration: 75
Iteration: 76
Iteration: 77
Iteration: 78
Iteration: 79
Iteration: 80
Iteration: 81
Iteration: 82
Iteration: 83
Iteration: 84
Iteration: 85
Iteration: 86
Iteration: 87
Iteration: 88
Iteration: 89
Iteration: 90
Iteration: 91
Iteration: 92
Iteration: 93
Iteration: 94
Iteration: 95
Iteration: 96
Iteration: 97
Iteration: 98
Iteration: 99
Iteration: 100
Iteration: 101
Iteration: 102
Iteration: 103
Iteration: 104
Iteration: 105
Iteration: 106
Iteration: 107
Iteration: 108
Iteration: 109
Iteration: 110
Iteration: 111
Iteration: 112
Iteration: 113
Iteration: 114
Iteration: 115
Iteration: 116
Iteration: 117
Iteration: 118
Iteration: 119
Iteration: 120
Iteration: 121
Iteration: 122
Iteration: 123
Iteration: 124
Iteration: 125
Iteration: 126
Iteration: 127
Iteration: 128
Iteration: 129
Iteration: 130
Iteration: 131
Iteration: 132
Iteration: 133
Iteration: 134
Iteration: 135
Iteration: 136
Iteration: 137
Iteration: 138
Iteration: 139
Iteration: 140
Iteration: 141
Iteration: 142
Iteration: 143
Iteration: 144
Iteration: 145
Iteration: 146
Iteration: 147
Iteration: 148
Iteration: 149
Iteration: 150
Iteration: 151
Iteration: 152
Iteration: 153
Iteration: 154
Iteration: 155
Iteration: 156
Iteration: 157
Iteration: 158
Iteration: 159
Iteration: 160
Iteration: 161
Iteration: 162
Iteration: 163
Iteration: 164
Iteration: 165
Iteration: 166
Iteration: 167
Iteration: 168
Iteration: 169
Iteration: 170
Iteration: 171
Iteration: 172
Iteration: 173
Iteration: 174
Iteration: 175
Iteration: 176
Iteration: 177
Iteration: 178
Iteration: 179
Iteration: 180
Iteration: 181
Iteration: 182
Iteration: 183
Iteration: 184
Iteration: 185
Iteration: 186
Iteration: 187
Iteration: 188
Iteration: 189
Iteration: 190
Iteration: 191
Iteration: 192
Iteration: 193
Iteration: 194
Iteration: 195
Iteration: 196
Iteration: 197
Iteration: 198
Iteration: 199
Iteration: 200
Iteration: 201
Iteration: 202
Iteration: 203
Iteration: 204
Iteration: 205
Iteration: 206
Iteration: 207
Iteration: 208
Iteration: 209
Iteration: 210
Iteration: 211
Iteration: 212
Iteration: 213
Iteration: 214
Iteration: 215
Iteration: 216
Iteration: 217
Iteration: 218
Z shape: torch.Size([968704, 768])
Context Encoder: VNE=2.0382 NormVNE=0.3068 EffRank=7.6771 NormEffRank=0.0100
Target Encoder: VNE=2.5230 NormVNE=0.3798 EffRank=12.4661 NormEffRank=0.0162
time taken for epoch 0:00:35.404968
Total pretraining time 0:00:35.404993
VisionTransformer(
  (patch_embed): PatchEmbed(
    (proj): Conv2d(3, 768, kernel_size=(15, 15), stride=(15, 15))
  )
  (blocks): ModuleList(
    (0-11): 12 x Block(
      (norm1): LayerNorm((768,), eps=1e-06, elementwise_affine=True)
      (attn): Attention(
        (qkv): Linear(in_features=768, out_features=2304, bias=True)
        (attn_drop): Dropout(p=0.0, inplace=False)
        (proj): Linear(in_features=768, out_features=768, bias=True)
        (proj_drop): Dropout(p=0.0, inplace=False)
      )
      (drop_path): Identity()
      (norm2): LayerNorm((768,), eps=1e-06, elementwise_affine=True)
      (mlp): MLP(
        (fc1): Linear(in_features=768, out_features=3072, bias=True)
        (act): GELU(approximate='none')
        (fc2): Linear(in_features=3072, out_features=768, bias=True)
        (drop): Dropout(p=0.0, inplace=False)
      )
    )
  )
  (norm): LayerNorm((768,), eps=1e-06, elementwise_affine=True)
)
making imagenet data transforms
data-path datasets/iic/train/
Initialized ImageNet
ImageNet dataset created
ImageNet unsupervised data loader created
Using AdamW
loaded pretrained encoder from epoch 749 with msg: <All keys matched successfully>
loaded pretrained encoder from epoch 749 with msg: <All keys matched successfully>
loaded pretrained encoder from epoch 749 with msg: <All keys matched successfully>
loaded optimizers from epoch 749
read-path: logs_PKT_chunks/iic-train-l2-pkt-chunks-seed0-KNN-ep750/jepa-iic-ep750.pth.tar
Starting
Iteration: 0
Iteration: 1
Iteration: 2
Iteration: 3
Iteration: 4
Iteration: 5
Iteration: 6
Iteration: 7
Iteration: 8
Iteration: 9
Iteration: 10
Iteration: 11
Iteration: 12
Iteration: 13
Iteration: 14
Iteration: 15
Iteration: 16
Iteration: 17
Iteration: 18
Iteration: 19
Iteration: 20
Iteration: 21
Iteration: 22
Iteration: 23
Iteration: 24
Iteration: 25
Iteration: 26
Iteration: 27
Iteration: 28
Iteration: 29
Iteration: 30
Iteration: 31
Iteration: 32
Iteration: 33
Iteration: 34
Iteration: 35
Iteration: 36
Iteration: 37
Iteration: 38
Iteration: 39
Iteration: 40
Iteration: 41
Iteration: 42
Iteration: 43
Iteration: 44
Iteration: 45
Iteration: 46
Iteration: 47
Iteration: 48
Iteration: 49
Iteration: 50
Iteration: 51
Iteration: 52
Iteration: 53
Iteration: 54
Iteration: 55
Iteration: 56
Iteration: 57
Iteration: 58
Iteration: 59
Iteration: 60
Iteration: 61
Iteration: 62
Iteration: 63
Iteration: 64
Iteration: 65
Iteration: 66
Iteration: 67
Iteration: 68
Iteration: 69
Iteration: 70
Iteration: 71
Iteration: 72
Iteration: 73
Iteration: 74
Iteration: 75
Iteration: 76
Iteration: 77
Iteration: 78
Iteration: 79
Iteration: 80
Iteration: 81
Iteration: 82
Iteration: 83
Iteration: 84
Iteration: 85
Iteration: 86
Iteration: 87
Iteration: 88
Iteration: 89
Iteration: 90
Iteration: 91
Iteration: 92
Iteration: 93
Iteration: 94
Iteration: 95
Iteration: 96
Iteration: 97
Iteration: 98
Iteration: 99
Iteration: 100
Iteration: 101
Iteration: 102
Iteration: 103
Iteration: 104
Iteration: 105
Iteration: 106
Iteration: 107
Iteration: 108
Iteration: 109
Iteration: 110
Iteration: 111
Iteration: 112
Iteration: 113
Iteration: 114
Iteration: 115
Iteration: 116
Iteration: 117
Iteration: 118
Iteration: 119
Iteration: 120
Iteration: 121
Iteration: 122
Iteration: 123
Iteration: 124
Iteration: 125
Iteration: 126
Iteration: 127
Iteration: 128
Iteration: 129
Iteration: 130
Iteration: 131
Iteration: 132
Iteration: 133
Iteration: 134
Iteration: 135
Iteration: 136
Iteration: 137
Iteration: 138
Iteration: 139
Iteration: 140
Iteration: 141
Iteration: 142
Iteration: 143
Iteration: 144
Iteration: 145
Iteration: 146
Iteration: 147
Iteration: 148
Iteration: 149
Iteration: 150
Iteration: 151
Iteration: 152
Iteration: 153
Iteration: 154
Iteration: 155
Iteration: 156
Iteration: 157
Iteration: 158
Iteration: 159
Iteration: 160
Iteration: 161
Iteration: 162
Iteration: 163
Iteration: 164
Iteration: 165
Iteration: 166
Iteration: 167
Iteration: 168
Iteration: 169
Iteration: 170
Iteration: 171
Iteration: 172
Iteration: 173
Iteration: 174
Iteration: 175
Iteration: 176
Iteration: 177
Iteration: 178
Iteration: 179
Iteration: 180
Iteration: 181
Iteration: 182
Iteration: 183
Iteration: 184
Iteration: 185
Iteration: 186
Iteration: 187
Iteration: 188
Iteration: 189
Iteration: 190
Iteration: 191
Iteration: 192
Iteration: 193
Iteration: 194
Iteration: 195
Iteration: 196
Iteration: 197
Iteration: 198
Iteration: 199
Iteration: 200
Iteration: 201
Iteration: 202
Iteration: 203
Iteration: 204
Iteration: 205
Iteration: 206
Iteration: 207
Iteration: 208
Iteration: 209
Iteration: 210
Iteration: 211
Iteration: 212
Iteration: 213
Iteration: 214
Iteration: 215
Iteration: 216
Iteration: 217
Iteration: 218
Z shape: torch.Size([968704, 768])
Context Encoder: VNE=2.0382 NormVNE=0.3068 EffRank=7.6771 NormEffRank=0.0100
Target Encoder: VNE=2.5230 NormVNE=0.3798 EffRank=12.4661 NormEffRank=0.0162
time taken for epoch 0:00:34.809750
Total pretraining time 0:00:34.809774
